<?xml version="1.0" encoding="utf-8"?><testsuites name="pytest tests"><testsuite name="pytest" errors="0" failures="1" skipped="0" tests="37" time="17.473" timestamp="2025-12-26T10:44:12.759270+02:00" hostname="dee-pc"><testcase classname="tests.test_bounty_integration.TestBountyIntegration" name="test_bounty_assessment_basic" time="0.277" /><testcase classname="tests.test_bounty_integration.TestBountyIntegration" name="test_bounty_solution_generation" time="0.268"><failure message="AssertionError: Command failed: Analysis error: Bounty analysis failed: 'NoneType' object has no attribute 'get'&#10;  Details: {'error': &quot;'NoneType' object has no attribute 'get'&quot;}&#10;  &#10;assert 1 == 0&#10; +  where 1 = CompletedProcess(args=['/home/dee/.pyenv/versions/3.11.9/bin/python3', '-m', 'src.cli', 'bounty', '/tmp/pytest-of-dee/... \'NoneType\' object has no attribute \'get\'\nDetails: {\'error\': &quot;\'NoneType\' object has no attribute \'get\'&quot;}\n').returncode">self = &lt;test_bounty_integration.TestBountyIntegration object at 0x73df5e78ec90&gt;, test_repo = PosixPath('/tmp/pytest-of-dee/pytest-2/test_bounty_solution_generatio0/test_repo')
sample_bounty_data = {'description': 'Implement comprehensive logging throughout the application', 'difficulty': 'medium', 'id': 'test-boun...equirements': ['Add logging configuration', 'Implement structured logging', 'Add log levels', 'Create log files'], ...}
sample_solution_code = {'code_changes': [{'changes': 'Add logging import and initialization', 'file': 'src/main.py'}], 'implementation': {'fi...', 'src/__init__.py'], 'new_files': ['src/logger.py', 'config/logging.yaml'], 'test_files': ['tests/test_logging.py']}}
tmp_path = PosixPath('/tmp/pytest-of-dee/pytest-2/test_bounty_solution_generatio0')

    def test_bounty_solution_generation(self, test_repo, sample_bounty_data, sample_solution_code, tmp_path):
        """Test bounty solution generation with PR content."""
        output_dir = tmp_path / "output"
        output_dir.mkdir()
    
        result = self.run_bounty_command(
            test_repo, sample_bounty_data, output_dir,
            generate_solution=True, solution_code=sample_solution_code
        )
    
&gt;       assert result.returncode == 0, f"Command failed: {result.stderr}"
E       AssertionError: Command failed: Analysis error: Bounty analysis failed: 'NoneType' object has no attribute 'get'
E         Details: {'error': "'NoneType' object has no attribute 'get'"}
E         
E       assert 1 == 0
E        +  where 1 = CompletedProcess(args=['/home/dee/.pyenv/versions/3.11.9/bin/python3', '-m', 'src.cli', 'bounty', '/tmp/pytest-of-dee/... \'NoneType\' object has no attribute \'get\'\nDetails: {\'error\': "\'NoneType\' object has no attribute \'get\'"}\n').returncode

tests/test_bounty_integration.py:171: AssertionError</failure></testcase><testcase classname="tests.test_bounty_integration.TestBountyIntegration" name="test_bounty_validation" time="0.298" /><testcase classname="tests.test_bounty_integration.TestBountyIntegration" name="test_bounty_invalid_data" time="0.284" /><testcase classname="tests.test_bounty_integration.TestBountyIntegration" name="test_bounty_missing_solution_code" time="0.381" /><testcase classname="tests.test_bounty_integration.TestBountyIntegration" name="test_bounty_nonexistent_repo" time="0.336" /><testcase classname="tests.test_bounty_integration.TestBountyIntegration" name="test_bounty_file_as_repo" time="0.337" /><testcase classname="tests.test_cross_platform.TestCrossPlatform" name="test_path_handling" time="0.099" /><testcase classname="tests.test_cross_platform.TestCrossPlatform" name="test_environment_variables" time="0.089" /><testcase classname="tests.test_cross_platform.TestCrossPlatform" name="test_file_permissions" time="0.088" /><testcase classname="tests.test_cross_platform.TestCrossPlatform" name="test_unicode_filenames" time="0.082" /><testcase classname="tests.test_determinism" name="test_determinism_multiple_runs" time="0.868" /><testcase classname="tests.test_determinism" name="test_determinism_different_output_dirs" time="0.610" /><testcase classname="tests.test_determinism" name="test_determinism_repository_content" time="0.589" /><testcase classname="tests.test_determinism" name="test_determinism_json_canonical_sorting" time="0.291" /><testcase classname="tests.test_determinism" name="test_determinism_no_timestamps" time="0.269" /><testcase classname="tests.test_determinism" name="test_determinism_file_ordering" time="0.272" /><testcase classname="tests.test_integration_5nines.TestFiveNinesValidation" name="test_differential_logic_oracle_backtesting" time="0.063" /><testcase classname="tests.test_integration_5nines.TestFiveNinesValidation" name="test_contextual_grafting_audit" time="0.215" /><testcase classname="tests.test_integration_5nines.TestFiveNinesValidation" name="test_build_lock_integrity_sandbox" time="0.011" /><testcase classname="tests.test_integration_5nines.TestFiveNinesValidation" name="test_reputation_roi_monitor_validation" time="0.001" /><testcase classname="tests.test_integration_5nines.TestFiveNinesValidation" name="test_star_loss_trigger_simulation" time="0.001" /><testcase classname="tests.test_integration_5nines.TestFiveNinesValidation" name="test_latency_accuracy_validation" time="0.002" /><testcase classname="tests.test_integration_5nines.TestFiveNinesValidation" name="test_ethical_transparency_audit" time="0.006" /><testcase classname="tests.test_integration_5nines.TestFiveNinesValidation" name="test_integrity_footer_generation" time="0.001" /><testcase classname="tests.test_integration_5nines.TestFiveNinesValidation" name="test_platform_compliance_validation" time="0.001" /><testcase classname="tests.test_integration_5nines.TestFiveNinesValidation" name="test_end_to_end_5nines_validation" time="0.212" /><testcase classname="tests.test_output_contract" name="test_generate_primary_report_basic" time="0.001" /><testcase classname="tests.test_output_contract" name="test_generate_primary_report_fallback" time="0.001" /><testcase classname="tests.test_output_contract" name="test_generate_machine_output_basic" time="0.001" /><testcase classname="tests.test_output_contract" name="test_generate_machine_output_fallback" time="0.002" /><testcase classname="tests.test_output_contract" name="test_machine_output_json_serializable" time="0.001" /><testcase classname="tests.test_output_contract" name="test_machine_output_schema_compliance" time="0.001" /><testcase classname="tests.test_output_contract" name="test_generate_executive_verdict_pass" time="0.001" /><testcase classname="tests.test_output_contract" name="test_generate_executive_verdict_fail" time="0.001" /><testcase classname="tests.test_output_contract" name="test_generate_executive_verdict_insufficient_evidence" time="0.001" /><testcase classname="tests.test_output_contract" name="test_generate_executive_verdict_word_limit" time="0.002" /><testcase time="0.001" /></testsuite></testsuites>