<?xml version="1.0" encoding="utf-8"?><testsuites name="pytest tests"><testsuite name="pytest" errors="1079" failures="0" skipped="0" tests="1079" time="61.248" timestamp="2025-12-31T12:00:20.987715+02:00" hostname="dee-pc"><testcase classname="" name="validation_data.repositories.django_django.tests.admin_changelist.test_date_hierarchy" time="0.000"><error message="collection failure">ImportError while importing test module '/home/dee/workspace/AI/Repo-Scanner/validation_data/repositories/django_django/tests/admin_changelist/test_date_hierarchy.py'.
Hint: make sure your test modules/packages have valid Python names.
Traceback:
../../../.pyenv/versions/3.11.9/lib/python3.11/importlib/__init__.py:126: in import_module
    return _bootstrap._gcd_import(name[level:], package, level)
           ^^^^^^^^^^^^^^^^^^^^^^^^^^^^^^^^^^^^^^^^^^^^^^^^^^^^
validation_data/repositories/django_django/tests/admin_changelist/test_date_hierarchy.py:3: in &lt;module&gt;
    from django.contrib.admin.options import IncorrectLookupParameters
E   ModuleNotFoundError: No module named 'django'</error></testcase><testcase classname="" name="validation_data.repositories.django_django.tests.admin_docs.test_middleware" time="0.000"><error message="collection failure">ImportError while importing test module '/home/dee/workspace/AI/Repo-Scanner/validation_data/repositories/django_django/tests/admin_docs/test_middleware.py'.
Hint: make sure your test modules/packages have valid Python names.
Traceback:
../../../.pyenv/versions/3.11.9/lib/python3.11/importlib/__init__.py:126: in import_module
    return _bootstrap._gcd_import(name[level:], package, level)
           ^^^^^^^^^^^^^^^^^^^^^^^^^^^^^^^^^^^^^^^^^^^^^^^^^^^^
validation_data/repositories/django_django/tests/admin_docs/test_middleware.py:1: in &lt;module&gt;
    from django.contrib.auth.models import User
E   ModuleNotFoundError: No module named 'django'</error></testcase><testcase classname="" name="validation_data.repositories.django_django.tests.admin_docs.test_utils" time="0.000"><error message="collection failure">ImportError while importing test module '/home/dee/workspace/AI/Repo-Scanner/validation_data/repositories/django_django/tests/admin_docs/test_utils.py'.
Hint: make sure your test modules/packages have valid Python names.
Traceback:
../../../.pyenv/versions/3.11.9/lib/python3.11/importlib/__init__.py:126: in import_module
    return _bootstrap._gcd_import(name[level:], package, level)
           ^^^^^^^^^^^^^^^^^^^^^^^^^^^^^^^^^^^^^^^^^^^^^^^^^^^^
validation_data/repositories/django_django/tests/admin_docs/test_utils.py:3: in &lt;module&gt;
    from django.contrib.admindocs.utils import (
E   ModuleNotFoundError: No module named 'django'</error></testcase><testcase classname="" name="validation_data.repositories.django_django.tests.admin_docs.test_views" time="0.000"><error message="collection failure">ImportError while importing test module '/home/dee/workspace/AI/Repo-Scanner/validation_data/repositories/django_django/tests/admin_docs/test_views.py'.
Hint: make sure your test modules/packages have valid Python names.
Traceback:
../../../.pyenv/versions/3.11.9/lib/python3.11/importlib/__init__.py:126: in import_module
    return _bootstrap._gcd_import(name[level:], package, level)
           ^^^^^^^^^^^^^^^^^^^^^^^^^^^^^^^^^^^^^^^^^^^^^^^^^^^^
validation_data/repositories/django_django/tests/admin_docs/test_views.py:4: in &lt;module&gt;
    from django.conf import settings
E   ModuleNotFoundError: No module named 'django'</error></testcase><testcase classname="" name="validation_data.repositories.django_django.tests.admin_inlines.test_templates" time="0.000"><error message="collection failure">ImportError while importing test module '/home/dee/workspace/AI/Repo-Scanner/validation_data/repositories/django_django/tests/admin_inlines/test_templates.py'.
Hint: make sure your test modules/packages have valid Python names.
Traceback:
../../../.pyenv/versions/3.11.9/lib/python3.11/importlib/__init__.py:126: in import_module
    return _bootstrap._gcd_import(name[level:], package, level)
           ^^^^^^^^^^^^^^^^^^^^^^^^^^^^^^^^^^^^^^^^^^^^^^^^^^^^
validation_data/repositories/django_django/tests/admin_inlines/test_templates.py:3: in &lt;module&gt;
    from django.template.loader import render_to_string
E   ModuleNotFoundError: No module named 'django'</error></testcase><testcase classname="" name="validation_data.repositories.django_django.tests.admin_utils.test_logentry" time="0.000"><error message="collection failure">ImportError while importing test module '/home/dee/workspace/AI/Repo-Scanner/validation_data/repositories/django_django/tests/admin_utils/test_logentry.py'.
Hint: make sure your test modules/packages have valid Python names.
Traceback:
../../../.pyenv/versions/3.11.9/lib/python3.11/importlib/__init__.py:126: in import_module
    return _bootstrap._gcd_import(name[level:], package, level)
           ^^^^^^^^^^^^^^^^^^^^^^^^^^^^^^^^^^^^^^^^^^^^^^^^^^^^
validation_data/repositories/django_django/tests/admin_utils/test_logentry.py:4: in &lt;module&gt;
    from django.contrib.admin.models import ADDITION, CHANGE, DELETION, LogEntry
E   ModuleNotFoundError: No module named 'django'</error></testcase><testcase classname="" name="validation_data.repositories.django_django.tests.admin_views.test_actions" time="0.000"><error message="collection failure">ImportError while importing test module '/home/dee/workspace/AI/Repo-Scanner/validation_data/repositories/django_django/tests/admin_views/test_actions.py'.
Hint: make sure your test modules/packages have valid Python names.
Traceback:
../../../.pyenv/versions/3.11.9/lib/python3.11/importlib/__init__.py:126: in import_module
    return _bootstrap._gcd_import(name[level:], package, level)
           ^^^^^^^^^^^^^^^^^^^^^^^^^^^^^^^^^^^^^^^^^^^^^^^^^^^^
validation_data/repositories/django_django/tests/admin_views/test_actions.py:3: in &lt;module&gt;
    from django.contrib.admin.helpers import ACTION_CHECKBOX_NAME
E   ModuleNotFoundError: No module named 'django'</error></testcase><testcase classname="" name="validation_data.repositories.django_django.tests.admin_views.test_adminsite" time="0.000"><error message="collection failure">ImportError while importing test module '/home/dee/workspace/AI/Repo-Scanner/validation_data/repositories/django_django/tests/admin_views/test_adminsite.py'.
Hint: make sure your test modules/packages have valid Python names.
Traceback:
../../../.pyenv/versions/3.11.9/lib/python3.11/importlib/__init__.py:126: in import_module
    return _bootstrap._gcd_import(name[level:], package, level)
           ^^^^^^^^^^^^^^^^^^^^^^^^^^^^^^^^^^^^^^^^^^^^^^^^^^^^
validation_data/repositories/django_django/tests/admin_views/test_adminsite.py:1: in &lt;module&gt;
    from django.contrib import admin
E   ModuleNotFoundError: No module named 'django'</error></testcase><testcase classname="" name="validation_data.repositories.django_django.tests.admin_views.test_autocomplete_view" time="0.000"><error message="collection failure">ImportError while importing test module '/home/dee/workspace/AI/Repo-Scanner/validation_data/repositories/django_django/tests/admin_views/test_autocomplete_view.py'.
Hint: make sure your test modules/packages have valid Python names.
Traceback:
../../../.pyenv/versions/3.11.9/lib/python3.11/importlib/__init__.py:126: in import_module
    return _bootstrap._gcd_import(name[level:], package, level)
           ^^^^^^^^^^^^^^^^^^^^^^^^^^^^^^^^^^^^^^^^^^^^^^^^^^^^
validation_data/repositories/django_django/tests/admin_views/test_autocomplete_view.py:5: in &lt;module&gt;
    from django.contrib import admin
E   ModuleNotFoundError: No module named 'django'</error></testcase><testcase classname="" name="validation_data.repositories.django_django.tests.admin_views.test_breadcrumbs" time="0.000"><error message="collection failure">ImportError while importing test module '/home/dee/workspace/AI/Repo-Scanner/validation_data/repositories/django_django/tests/admin_views/test_breadcrumbs.py'.
Hint: make sure your test modules/packages have valid Python names.
Traceback:
../../../.pyenv/versions/3.11.9/lib/python3.11/importlib/__init__.py:126: in import_module
    return _bootstrap._gcd_import(name[level:], package, level)
           ^^^^^^^^^^^^^^^^^^^^^^^^^^^^^^^^^^^^^^^^^^^^^^^^^^^^
validation_data/repositories/django_django/tests/admin_views/test_breadcrumbs.py:1: in &lt;module&gt;
    from django.contrib.auth.models import User
E   ModuleNotFoundError: No module named 'django'</error></testcase><testcase classname="" name="validation_data.repositories.django_django.tests.admin_views.test_forms" time="0.000"><error message="collection failure">ImportError while importing test module '/home/dee/workspace/AI/Repo-Scanner/validation_data/repositories/django_django/tests/admin_views/test_forms.py'.
Hint: make sure your test modules/packages have valid Python names.
Traceback:
../../../.pyenv/versions/3.11.9/lib/python3.11/importlib/__init__.py:126: in import_module
    return _bootstrap._gcd_import(name[level:], package, level)
           ^^^^^^^^^^^^^^^^^^^^^^^^^^^^^^^^^^^^^^^^^^^^^^^^^^^^
validation_data/repositories/django_django/tests/admin_views/test_forms.py:1: in &lt;module&gt;
    from django.contrib.admin.forms import AdminAuthenticationForm
E   ModuleNotFoundError: No module named 'django'</error></testcase><testcase classname="" name="validation_data.repositories.django_django.tests.admin_views.test_history_view" time="0.000"><error message="collection failure">ImportError while importing test module '/home/dee/workspace/AI/Repo-Scanner/validation_data/repositories/django_django/tests/admin_views/test_history_view.py'.
Hint: make sure your test modules/packages have valid Python names.
Traceback:
../../../.pyenv/versions/3.11.9/lib/python3.11/importlib/__init__.py:126: in import_module
    return _bootstrap._gcd_import(name[level:], package, level)
           ^^^^^^^^^^^^^^^^^^^^^^^^^^^^^^^^^^^^^^^^^^^^^^^^^^^^
validation_data/repositories/django_django/tests/admin_views/test_history_view.py:1: in &lt;module&gt;
    from django.contrib.admin.models import CHANGE, LogEntry
E   ModuleNotFoundError: No module named 'django'</error></testcase><testcase classname="" name="validation_data.repositories.django_django.tests.admin_views.test_multidb" time="0.000"><error message="collection failure">ImportError while importing test module '/home/dee/workspace/AI/Repo-Scanner/validation_data/repositories/django_django/tests/admin_views/test_multidb.py'.
Hint: make sure your test modules/packages have valid Python names.
Traceback:
../../../.pyenv/versions/3.11.9/lib/python3.11/importlib/__init__.py:126: in import_module
    return _bootstrap._gcd_import(name[level:], package, level)
           ^^^^^^^^^^^^^^^^^^^^^^^^^^^^^^^^^^^^^^^^^^^^^^^^^^^^
validation_data/repositories/django_django/tests/admin_views/test_multidb.py:3: in &lt;module&gt;
    from django.contrib import admin
E   ModuleNotFoundError: No module named 'django'</error></testcase><testcase classname="" name="validation_data.repositories.django_django.tests.admin_views.test_nav_sidebar" time="0.000"><error message="collection failure">ImportError while importing test module '/home/dee/workspace/AI/Repo-Scanner/validation_data/repositories/django_django/tests/admin_views/test_nav_sidebar.py'.
Hint: make sure your test modules/packages have valid Python names.
Traceback:
../../../.pyenv/versions/3.11.9/lib/python3.11/importlib/__init__.py:126: in import_module
    return _bootstrap._gcd_import(name[level:], package, level)
           ^^^^^^^^^^^^^^^^^^^^^^^^^^^^^^^^^^^^^^^^^^^^^^^^^^^^
validation_data/repositories/django_django/tests/admin_views/test_nav_sidebar.py:1: in &lt;module&gt;
    from django.contrib import admin
E   ModuleNotFoundError: No module named 'django'</error></testcase><testcase classname="" name="validation_data.repositories.django_django.tests.admin_views.test_password_form" time="0.000"><error message="collection failure">ImportError while importing test module '/home/dee/workspace/AI/Repo-Scanner/validation_data/repositories/django_django/tests/admin_views/test_password_form.py'.
Hint: make sure your test modules/packages have valid Python names.
Traceback:
../../../.pyenv/versions/3.11.9/lib/python3.11/importlib/__init__.py:126: in import_module
    return _bootstrap._gcd_import(name[level:], package, level)
           ^^^^^^^^^^^^^^^^^^^^^^^^^^^^^^^^^^^^^^^^^^^^^^^^^^^^
validation_data/repositories/django_django/tests/admin_views/test_password_form.py:1: in &lt;module&gt;
    from django.contrib.admin.tests import AdminSeleniumTestCase
E   ModuleNotFoundError: No module named 'django'</error></testcase><testcase classname="" name="validation_data.repositories.django_django.tests.admin_views.test_related_object_lookups" time="0.000"><error message="collection failure">ImportError while importing test module '/home/dee/workspace/AI/Repo-Scanner/validation_data/repositories/django_django/tests/admin_views/test_related_object_lookups.py'.
Hint: make sure your test modules/packages have valid Python names.
Traceback:
../../../.pyenv/versions/3.11.9/lib/python3.11/importlib/__init__.py:126: in import_module
    return _bootstrap._gcd_import(name[level:], package, level)
           ^^^^^^^^^^^^^^^^^^^^^^^^^^^^^^^^^^^^^^^^^^^^^^^^^^^^
validation_data/repositories/django_django/tests/admin_views/test_related_object_lookups.py:1: in &lt;module&gt;
    from django.contrib.admin.tests import AdminSeleniumTestCase
E   ModuleNotFoundError: No module named 'django'</error></testcase><testcase classname="" name="validation_data.repositories.django_django.tests.admin_views.test_skip_link_to_content" time="0.000"><error message="collection failure">ImportError while importing test module '/home/dee/workspace/AI/Repo-Scanner/validation_data/repositories/django_django/tests/admin_views/test_skip_link_to_content.py'.
Hint: make sure your test modules/packages have valid Python names.
Traceback:
../../../.pyenv/versions/3.11.9/lib/python3.11/importlib/__init__.py:126: in import_module
    return _bootstrap._gcd_import(name[level:], package, level)
           ^^^^^^^^^^^^^^^^^^^^^^^^^^^^^^^^^^^^^^^^^^^^^^^^^^^^
validation_data/repositories/django_django/tests/admin_views/test_skip_link_to_content.py:1: in &lt;module&gt;
    from django.contrib.admin.tests import AdminSeleniumTestCase
E   ModuleNotFoundError: No module named 'django'</error></testcase><testcase classname="" name="validation_data.repositories.django_django.tests.admin_views.test_templatetags" time="0.000"><error message="collection failure">ImportError while importing test module '/home/dee/workspace/AI/Repo-Scanner/validation_data/repositories/django_django/tests/admin_views/test_templatetags.py'.
Hint: make sure your test modules/packages have valid Python names.
Traceback:
../../../.pyenv/versions/3.11.9/lib/python3.11/importlib/__init__.py:126: in import_module
    return _bootstrap._gcd_import(name[level:], package, level)
           ^^^^^^^^^^^^^^^^^^^^^^^^^^^^^^^^^^^^^^^^^^^^^^^^^^^^
validation_data/repositories/django_django/tests/admin_views/test_templatetags.py:4: in &lt;module&gt;
    from django.contrib.admin import ModelAdmin
E   ModuleNotFoundError: No module named 'django'</error></testcase><testcase classname="" name="validation_data.repositories.django_django.tests.admin_widgets.test_autocomplete_widget" time="0.000"><error message="collection failure">ImportError while importing test module '/home/dee/workspace/AI/Repo-Scanner/validation_data/repositories/django_django/tests/admin_widgets/test_autocomplete_widget.py'.
Hint: make sure your test modules/packages have valid Python names.
Traceback:
../../../.pyenv/versions/3.11.9/lib/python3.11/importlib/__init__.py:126: in import_module
    return _bootstrap._gcd_import(name[level:], package, level)
           ^^^^^^^^^^^^^^^^^^^^^^^^^^^^^^^^^^^^^^^^^^^^^^^^^^^^
validation_data/repositories/django_django/tests/admin_widgets/test_autocomplete_widget.py:1: in &lt;module&gt;
    from django import forms
E   ModuleNotFoundError: No module named 'django'</error></testcase><testcase classname="" name="validation_data.repositories.django_django.tests.aggregation.test_filter_argument" time="0.000"><error message="collection failure">ImportError while importing test module '/home/dee/workspace/AI/Repo-Scanner/validation_data/repositories/django_django/tests/aggregation/test_filter_argument.py'.
Hint: make sure your test modules/packages have valid Python names.
Traceback:
../../../.pyenv/versions/3.11.9/lib/python3.11/importlib/__init__.py:126: in import_module
    return _bootstrap._gcd_import(name[level:], package, level)
           ^^^^^^^^^^^^^^^^^^^^^^^^^^^^^^^^^^^^^^^^^^^^^^^^^^^^
validation_data/repositories/django_django/tests/aggregation/test_filter_argument.py:4: in &lt;module&gt;
    from django.db.models import (
E   ModuleNotFoundError: No module named 'django'</error></testcase><testcase classname="" name="validation_data.repositories.django_django.tests.async.test_async_auth" time="0.000"><error message="collection failure">ImportError while importing test module '/home/dee/workspace/AI/Repo-Scanner/validation_data/repositories/django_django/tests/async/test_async_auth.py'.
Hint: make sure your test modules/packages have valid Python names.
Traceback:
../../../.pyenv/versions/3.11.9/lib/python3.11/importlib/__init__.py:126: in import_module
    return _bootstrap._gcd_import(name[level:], package, level)
           ^^^^^^^^^^^^^^^^^^^^^^^^^^^^^^^^^^^^^^^^^^^^^^^^^^^^
validation_data/repositories/django_django/tests/async/test_async_auth.py:1: in &lt;module&gt;
    from django.contrib.auth import (
E   ModuleNotFoundError: No module named 'django'</error></testcase><testcase classname="" name="validation_data.repositories.django_django.tests.async.test_async_model_methods" time="0.000"><error message="collection failure">ImportError while importing test module '/home/dee/workspace/AI/Repo-Scanner/validation_data/repositories/django_django/tests/async/test_async_model_methods.py'.
Hint: make sure your test modules/packages have valid Python names.
Traceback:
../../../.pyenv/versions/3.11.9/lib/python3.11/importlib/__init__.py:126: in import_module
    return _bootstrap._gcd_import(name[level:], package, level)
           ^^^^^^^^^^^^^^^^^^^^^^^^^^^^^^^^^^^^^^^^^^^^^^^^^^^^
validation_data/repositories/django_django/tests/async/test_async_model_methods.py:1: in &lt;module&gt;
    from django.test import TestCase
E   ModuleNotFoundError: No module named 'django'</error></testcase><testcase classname="" name="validation_data.repositories.django_django.tests.async.test_async_queryset" time="0.000"><error message="collection failure">ImportError while importing test module '/home/dee/workspace/AI/Repo-Scanner/validation_data/repositories/django_django/tests/async/test_async_queryset.py'.
Hint: make sure your test modules/packages have valid Python names.
Traceback:
../../../.pyenv/versions/3.11.9/lib/python3.11/importlib/__init__.py:126: in import_module
    return _bootstrap._gcd_import(name[level:], package, level)
           ^^^^^^^^^^^^^^^^^^^^^^^^^^^^^^^^^^^^^^^^^^^^^^^^^^^^
validation_data/repositories/django_django/tests/async/test_async_queryset.py:7: in &lt;module&gt;
    from django.db import NotSupportedError, connection
E   ModuleNotFoundError: No module named 'django'</error></testcase><testcase classname="" name="validation_data.repositories.django_django.tests.async.test_async_related_managers" time="0.000"><error message="collection failure">ImportError while importing test module '/home/dee/workspace/AI/Repo-Scanner/validation_data/repositories/django_django/tests/async/test_async_related_managers.py'.
Hint: make sure your test modules/packages have valid Python names.
Traceback:
../../../.pyenv/versions/3.11.9/lib/python3.11/importlib/__init__.py:126: in import_module
    return _bootstrap._gcd_import(name[level:], package, level)
           ^^^^^^^^^^^^^^^^^^^^^^^^^^^^^^^^^^^^^^^^^^^^^^^^^^^^
validation_data/repositories/django_django/tests/async/test_async_related_managers.py:1: in &lt;module&gt;
    from django.test import TestCase
E   ModuleNotFoundError: No module named 'django'</error></testcase><testcase classname="" name="validation_data.repositories.django_django.tests.async.test_async_shortcuts" time="0.000"><error message="collection failure">ImportError while importing test module '/home/dee/workspace/AI/Repo-Scanner/validation_data/repositories/django_django/tests/async/test_async_shortcuts.py'.
Hint: make sure your test modules/packages have valid Python names.
Traceback:
../../../.pyenv/versions/3.11.9/lib/python3.11/importlib/__init__.py:126: in import_module
    return _bootstrap._gcd_import(name[level:], package, level)
           ^^^^^^^^^^^^^^^^^^^^^^^^^^^^^^^^^^^^^^^^^^^^^^^^^^^^
validation_data/repositories/django_django/tests/async/test_async_shortcuts.py:1: in &lt;module&gt;
    from django.db.models import Q
E   ModuleNotFoundError: No module named 'django'</error></testcase><testcase classname="" name="validation_data.repositories.django_django.tests.auth_tests.test_admin_multidb" time="0.000"><error message="collection failure">ImportError while importing test module '/home/dee/workspace/AI/Repo-Scanner/validation_data/repositories/django_django/tests/auth_tests/test_admin_multidb.py'.
Hint: make sure your test modules/packages have valid Python names.
Traceback:
../../../.pyenv/versions/3.11.9/lib/python3.11/importlib/__init__.py:126: in import_module
    return _bootstrap._gcd_import(name[level:], package, level)
           ^^^^^^^^^^^^^^^^^^^^^^^^^^^^^^^^^^^^^^^^^^^^^^^^^^^^
validation_data/repositories/django_django/tests/auth_tests/test_admin_multidb.py:3: in &lt;module&gt;
    from django.contrib import admin
E   ModuleNotFoundError: No module named 'django'</error></testcase><testcase classname="" name="validation_data.repositories.django_django.tests.auth_tests.test_auth_backends" time="0.000"><error message="collection failure">ImportError while importing test module '/home/dee/workspace/AI/Repo-Scanner/validation_data/repositories/django_django/tests/auth_tests/test_auth_backends.py'.
Hint: make sure your test modules/packages have valid Python names.
Traceback:
../../../.pyenv/versions/3.11.9/lib/python3.11/importlib/__init__.py:126: in import_module
    return _bootstrap._gcd_import(name[level:], package, level)
           ^^^^^^^^^^^^^^^^^^^^^^^^^^^^^^^^^^^^^^^^^^^^^^^^^^^^
validation_data/repositories/django_django/tests/auth_tests/test_auth_backends.py:8: in &lt;module&gt;
    from django.contrib.auth import (
E   ModuleNotFoundError: No module named 'django'</error></testcase><testcase classname="" name="validation_data.repositories.django_django.tests.auth_tests.test_basic" time="0.000"><error message="collection failure">ImportError while importing test module '/home/dee/workspace/AI/Repo-Scanner/validation_data/repositories/django_django/tests/auth_tests/test_basic.py'.
Hint: make sure your test modules/packages have valid Python names.
Traceback:
../../../.pyenv/versions/3.11.9/lib/python3.11/importlib/__init__.py:126: in import_module
    return _bootstrap._gcd_import(name[level:], package, level)
           ^^^^^^^^^^^^^^^^^^^^^^^^^^^^^^^^^^^^^^^^^^^^^^^^^^^^
validation_data/repositories/django_django/tests/auth_tests/test_basic.py:1: in &lt;module&gt;
    from django.conf import settings
E   ModuleNotFoundError: No module named 'django'</error></testcase><testcase classname="" name="validation_data.repositories.django_django.tests.auth_tests.test_checks" time="0.000"><error message="collection failure">ImportError while importing test module '/home/dee/workspace/AI/Repo-Scanner/validation_data/repositories/django_django/tests/auth_tests/test_checks.py'.
Hint: make sure your test modules/packages have valid Python names.
Traceback:
../../../.pyenv/versions/3.11.9/lib/python3.11/importlib/__init__.py:126: in import_module
    return _bootstrap._gcd_import(name[level:], package, level)
           ^^^^^^^^^^^^^^^^^^^^^^^^^^^^^^^^^^^^^^^^^^^^^^^^^^^^
validation_data/repositories/django_django/tests/auth_tests/test_checks.py:1: in &lt;module&gt;
    from django.contrib.auth.checks import (
E   ModuleNotFoundError: No module named 'django'</error></testcase><testcase classname="" name="validation_data.repositories.django_django.tests.auth_tests.test_context_processors" time="0.000"><error message="collection failure">ImportError while importing test module '/home/dee/workspace/AI/Repo-Scanner/validation_data/repositories/django_django/tests/auth_tests/test_context_processors.py'.
Hint: make sure your test modules/packages have valid Python names.
Traceback:
../../../.pyenv/versions/3.11.9/lib/python3.11/importlib/__init__.py:126: in import_module
    return _bootstrap._gcd_import(name[level:], package, level)
           ^^^^^^^^^^^^^^^^^^^^^^^^^^^^^^^^^^^^^^^^^^^^^^^^^^^^
validation_data/repositories/django_django/tests/auth_tests/test_context_processors.py:1: in &lt;module&gt;
    from django.contrib.auth import authenticate
E   ModuleNotFoundError: No module named 'django'</error></testcase><testcase classname="" name="validation_data.repositories.django_django.tests.auth_tests.test_decorators" time="0.000"><error message="collection failure">ImportError while importing test module '/home/dee/workspace/AI/Repo-Scanner/validation_data/repositories/django_django/tests/auth_tests/test_decorators.py'.
Hint: make sure your test modules/packages have valid Python names.
Traceback:
../../../.pyenv/versions/3.11.9/lib/python3.11/importlib/__init__.py:126: in import_module
    return _bootstrap._gcd_import(name[level:], package, level)
           ^^^^^^^^^^^^^^^^^^^^^^^^^^^^^^^^^^^^^^^^^^^^^^^^^^^^
validation_data/repositories/django_django/tests/auth_tests/test_decorators.py:3: in &lt;module&gt;
    from django.conf import settings
E   ModuleNotFoundError: No module named 'django'</error></testcase><testcase classname="" name="validation_data.repositories.django_django.tests.auth_tests.test_forms" time="0.000"><error message="collection failure">ImportError while importing test module '/home/dee/workspace/AI/Repo-Scanner/validation_data/repositories/django_django/tests/auth_tests/test_forms.py'.
Hint: make sure your test modules/packages have valid Python names.
Traceback:
../../../.pyenv/versions/3.11.9/lib/python3.11/importlib/__init__.py:126: in import_module
    return _bootstrap._gcd_import(name[level:], package, level)
           ^^^^^^^^^^^^^^^^^^^^^^^^^^^^^^^^^^^^^^^^^^^^^^^^^^^^
validation_data/repositories/django_django/tests/auth_tests/test_forms.py:7: in &lt;module&gt;
    from django import forms
E   ModuleNotFoundError: No module named 'django'</error></testcase><testcase classname="" name="validation_data.repositories.django_django.tests.auth_tests.test_handlers" time="0.000"><error message="collection failure">ImportError while importing test module '/home/dee/workspace/AI/Repo-Scanner/validation_data/repositories/django_django/tests/auth_tests/test_handlers.py'.
Hint: make sure your test modules/packages have valid Python names.
Traceback:
../../../.pyenv/versions/3.11.9/lib/python3.11/importlib/__init__.py:126: in import_module
    return _bootstrap._gcd_import(name[level:], package, level)
           ^^^^^^^^^^^^^^^^^^^^^^^^^^^^^^^^^^^^^^^^^^^^^^^^^^^^
validation_data/repositories/django_django/tests/auth_tests/test_handlers.py:1: in &lt;module&gt;
    from django.contrib.auth.handlers.modwsgi import check_password, groups_for_user
E   ModuleNotFoundError: No module named 'django'</error></testcase><testcase classname="" name="validation_data.repositories.django_django.tests.auth_tests.test_hashers" time="0.000"><error message="collection failure">ImportError while importing test module '/home/dee/workspace/AI/Repo-Scanner/validation_data/repositories/django_django/tests/auth_tests/test_hashers.py'.
Hint: make sure your test modules/packages have valid Python names.
Traceback:
../../../.pyenv/versions/3.11.9/lib/python3.11/importlib/__init__.py:126: in import_module
    return _bootstrap._gcd_import(name[level:], package, level)
           ^^^^^^^^^^^^^^^^^^^^^^^^^^^^^^^^^^^^^^^^^^^^^^^^^^^^
validation_data/repositories/django_django/tests/auth_tests/test_hashers.py:4: in &lt;module&gt;
    from django.conf.global_settings import PASSWORD_HASHERS
E   ModuleNotFoundError: No module named 'django'</error></testcase><testcase classname="" name="validation_data.repositories.django_django.tests.auth_tests.test_login" time="0.000"><error message="collection failure">ImportError while importing test module '/home/dee/workspace/AI/Repo-Scanner/validation_data/repositories/django_django/tests/auth_tests/test_login.py'.
Hint: make sure your test modules/packages have valid Python names.
Traceback:
../../../.pyenv/versions/3.11.9/lib/python3.11/importlib/__init__.py:126: in import_module
    return _bootstrap._gcd_import(name[level:], package, level)
           ^^^^^^^^^^^^^^^^^^^^^^^^^^^^^^^^^^^^^^^^^^^^^^^^^^^^
validation_data/repositories/django_django/tests/auth_tests/test_login.py:1: in &lt;module&gt;
    from django.contrib import auth
E   ModuleNotFoundError: No module named 'django'</error></testcase><testcase classname="" name="validation_data.repositories.django_django.tests.auth_tests.test_management" time="0.000"><error message="collection failure">ImportError while importing test module '/home/dee/workspace/AI/Repo-Scanner/validation_data/repositories/django_django/tests/auth_tests/test_management.py'.
Hint: make sure your test modules/packages have valid Python names.
Traceback:
../../../.pyenv/versions/3.11.9/lib/python3.11/importlib/__init__.py:126: in import_module
    return _bootstrap._gcd_import(name[level:], package, level)
           ^^^^^^^^^^^^^^^^^^^^^^^^^^^^^^^^^^^^^^^^^^^^^^^^^^^^
validation_data/repositories/django_django/tests/auth_tests/test_management.py:9: in &lt;module&gt;
    from django.apps import apps
E   ModuleNotFoundError: No module named 'django'</error></testcase><testcase classname="" name="validation_data.repositories.django_django.tests.auth_tests.test_middleware" time="0.000"><error message="collection failure">ImportError while importing test module '/home/dee/workspace/AI/Repo-Scanner/validation_data/repositories/django_django/tests/auth_tests/test_middleware.py'.
Hint: make sure your test modules/packages have valid Python names.
Traceback:
../../../.pyenv/versions/3.11.9/lib/python3.11/importlib/__init__.py:126: in import_module
    return _bootstrap._gcd_import(name[level:], package, level)
           ^^^^^^^^^^^^^^^^^^^^^^^^^^^^^^^^^^^^^^^^^^^^^^^^^^^^
validation_data/repositories/django_django/tests/auth_tests/test_middleware.py:1: in &lt;module&gt;
    from django.conf import settings
E   ModuleNotFoundError: No module named 'django'</error></testcase><testcase classname="" name="validation_data.repositories.django_django.tests.auth_tests.test_migrations" time="0.000"><error message="collection failure">ImportError while importing test module '/home/dee/workspace/AI/Repo-Scanner/validation_data/repositories/django_django/tests/auth_tests/test_migrations.py'.
Hint: make sure your test modules/packages have valid Python names.
Traceback:
../../../.pyenv/versions/3.11.9/lib/python3.11/importlib/__init__.py:126: in import_module
    return _bootstrap._gcd_import(name[level:], package, level)
           ^^^^^^^^^^^^^^^^^^^^^^^^^^^^^^^^^^^^^^^^^^^^^^^^^^^^
validation_data/repositories/django_django/tests/auth_tests/test_migrations.py:3: in &lt;module&gt;
    from django.apps import apps
E   ModuleNotFoundError: No module named 'django'</error></testcase><testcase classname="" name="validation_data.repositories.django_django.tests.auth_tests.test_mixins" time="0.000"><error message="collection failure">ImportError while importing test module '/home/dee/workspace/AI/Repo-Scanner/validation_data/repositories/django_django/tests/auth_tests/test_mixins.py'.
Hint: make sure your test modules/packages have valid Python names.
Traceback:
../../../.pyenv/versions/3.11.9/lib/python3.11/importlib/__init__.py:126: in import_module
    return _bootstrap._gcd_import(name[level:], package, level)
           ^^^^^^^^^^^^^^^^^^^^^^^^^^^^^^^^^^^^^^^^^^^^^^^^^^^^
validation_data/repositories/django_django/tests/auth_tests/test_mixins.py:3: in &lt;module&gt;
    from django.contrib.auth import models
E   ModuleNotFoundError: No module named 'django'</error></testcase><testcase classname="" name="validation_data.repositories.django_django.tests.auth_tests.test_models" time="0.000"><error message="collection failure">ImportError while importing test module '/home/dee/workspace/AI/Repo-Scanner/validation_data/repositories/django_django/tests/auth_tests/test_models.py'.
Hint: make sure your test modules/packages have valid Python names.
Traceback:
../../../.pyenv/versions/3.11.9/lib/python3.11/importlib/__init__.py:126: in import_module
    return _bootstrap._gcd_import(name[level:], package, level)
           ^^^^^^^^^^^^^^^^^^^^^^^^^^^^^^^^^^^^^^^^^^^^^^^^^^^^
validation_data/repositories/django_django/tests/auth_tests/test_models.py:3: in &lt;module&gt;
    from django.conf.global_settings import PASSWORD_HASHERS
E   ModuleNotFoundError: No module named 'django'</error></testcase><testcase classname="" name="validation_data.repositories.django_django.tests.auth_tests.test_remote_user" time="0.000"><error message="collection failure">ImportError while importing test module '/home/dee/workspace/AI/Repo-Scanner/validation_data/repositories/django_django/tests/auth_tests/test_remote_user.py'.
Hint: make sure your test modules/packages have valid Python names.
Traceback:
../../../.pyenv/versions/3.11.9/lib/python3.11/importlib/__init__.py:126: in import_module
    return _bootstrap._gcd_import(name[level:], package, level)
           ^^^^^^^^^^^^^^^^^^^^^^^^^^^^^^^^^^^^^^^^^^^^^^^^^^^^
validation_data/repositories/django_django/tests/auth_tests/test_remote_user.py:3: in &lt;module&gt;
    from django.conf import settings
E   ModuleNotFoundError: No module named 'django'</error></testcase><testcase classname="" name="validation_data.repositories.django_django.tests.auth_tests.test_signals" time="0.000"><error message="collection failure">ImportError while importing test module '/home/dee/workspace/AI/Repo-Scanner/validation_data/repositories/django_django/tests/auth_tests/test_signals.py'.
Hint: make sure your test modules/packages have valid Python names.
Traceback:
../../../.pyenv/versions/3.11.9/lib/python3.11/importlib/__init__.py:126: in import_module
    return _bootstrap._gcd_import(name[level:], package, level)
           ^^^^^^^^^^^^^^^^^^^^^^^^^^^^^^^^^^^^^^^^^^^^^^^^^^^^
validation_data/repositories/django_django/tests/auth_tests/test_signals.py:1: in &lt;module&gt;
    from django.apps import apps
E   ModuleNotFoundError: No module named 'django'</error></testcase><testcase classname="" name="validation_data.repositories.django_django.tests.auth_tests.test_templates" time="0.000"><error message="collection failure">ImportError while importing test module '/home/dee/workspace/AI/Repo-Scanner/validation_data/repositories/django_django/tests/auth_tests/test_templates.py'.
Hint: make sure your test modules/packages have valid Python names.
Traceback:
../../../.pyenv/versions/3.11.9/lib/python3.11/importlib/__init__.py:126: in import_module
    return _bootstrap._gcd_import(name[level:], package, level)
           ^^^^^^^^^^^^^^^^^^^^^^^^^^^^^^^^^^^^^^^^^^^^^^^^^^^^
validation_data/repositories/django_django/tests/auth_tests/test_templates.py:3: in &lt;module&gt;
    from django.contrib.auth import authenticate
E   ModuleNotFoundError: No module named 'django'</error></testcase><testcase classname="" name="validation_data.repositories.django_django.tests.auth_tests.test_templatetags" time="0.000"><error message="collection failure">ImportError while importing test module '/home/dee/workspace/AI/Repo-Scanner/validation_data/repositories/django_django/tests/auth_tests/test_templatetags.py'.
Hint: make sure your test modules/packages have valid Python names.
Traceback:
../../../.pyenv/versions/3.11.9/lib/python3.11/importlib/__init__.py:126: in import_module
    return _bootstrap._gcd_import(name[level:], package, level)
           ^^^^^^^^^^^^^^^^^^^^^^^^^^^^^^^^^^^^^^^^^^^^^^^^^^^^
validation_data/repositories/django_django/tests/auth_tests/test_templatetags.py:1: in &lt;module&gt;
    from django.contrib.auth.hashers import make_password
E   ModuleNotFoundError: No module named 'django'</error></testcase><testcase classname="" name="validation_data.repositories.django_django.tests.auth_tests.test_tokens" time="0.000"><error message="collection failure">ImportError while importing test module '/home/dee/workspace/AI/Repo-Scanner/validation_data/repositories/django_django/tests/auth_tests/test_tokens.py'.
Hint: make sure your test modules/packages have valid Python names.
Traceback:
../../../.pyenv/versions/3.11.9/lib/python3.11/importlib/__init__.py:126: in import_module
    return _bootstrap._gcd_import(name[level:], package, level)
           ^^^^^^^^^^^^^^^^^^^^^^^^^^^^^^^^^^^^^^^^^^^^^^^^^^^^
validation_data/repositories/django_django/tests/auth_tests/test_tokens.py:3: in &lt;module&gt;
    from django.conf import settings
E   ModuleNotFoundError: No module named 'django'</error></testcase><testcase classname="" name="validation_data.repositories.django_django.tests.auth_tests.test_validators" time="0.000"><error message="collection failure">ImportError while importing test module '/home/dee/workspace/AI/Repo-Scanner/validation_data/repositories/django_django/tests/auth_tests/test_validators.py'.
Hint: make sure your test modules/packages have valid Python names.
Traceback:
../../../.pyenv/versions/3.11.9/lib/python3.11/importlib/__init__.py:126: in import_module
    return _bootstrap._gcd_import(name[level:], package, level)
           ^^^^^^^^^^^^^^^^^^^^^^^^^^^^^^^^^^^^^^^^^^^^^^^^^^^^
validation_data/repositories/django_django/tests/auth_tests/test_validators.py:4: in &lt;module&gt;
    from django.contrib.auth import validators
E   ModuleNotFoundError: No module named 'django'</error></testcase><testcase classname="" name="validation_data.repositories.django_django.tests.auth_tests.test_views" time="0.000"><error message="collection failure">ImportError while importing test module '/home/dee/workspace/AI/Repo-Scanner/validation_data/repositories/django_django/tests/auth_tests/test_views.py'.
Hint: make sure your test modules/packages have valid Python names.
Traceback:
../../../.pyenv/versions/3.11.9/lib/python3.11/importlib/__init__.py:126: in import_module
    return _bootstrap._gcd_import(name[level:], package, level)
           ^^^^^^^^^^^^^^^^^^^^^^^^^^^^^^^^^^^^^^^^^^^^^^^^^^^^
validation_data/repositories/django_django/tests/auth_tests/test_views.py:8: in &lt;module&gt;
    from django.apps import apps
E   ModuleNotFoundError: No module named 'django'</error></testcase><testcase classname="" name="validation_data.repositories.django_django.tests.backends.base.test_base" time="0.000"><error message="collection failure">ImportError while importing test module '/home/dee/workspace/AI/Repo-Scanner/validation_data/repositories/django_django/tests/backends/base/test_base.py'.
Hint: make sure your test modules/packages have valid Python names.
Traceback:
../../../.pyenv/versions/3.11.9/lib/python3.11/importlib/__init__.py:126: in import_module
    return _bootstrap._gcd_import(name[level:], package, level)
           ^^^^^^^^^^^^^^^^^^^^^^^^^^^^^^^^^^^^^^^^^^^^^^^^^^^^
validation_data/repositories/django_django/tests/backends/base/test_base.py:4: in &lt;module&gt;
    from django.db import DEFAULT_DB_ALIAS, connection, connections, transaction
E   ModuleNotFoundError: No module named 'django'</error></testcase><testcase classname="" name="validation_data.repositories.django_django.tests.backends.base.test_client" time="0.000"><error message="collection failure">ImportError while importing test module '/home/dee/workspace/AI/Repo-Scanner/validation_data/repositories/django_django/tests/backends/base/test_client.py'.
Hint: make sure your test modules/packages have valid Python names.
Traceback:
../../../.pyenv/versions/3.11.9/lib/python3.11/importlib/__init__.py:126: in import_module
    return _bootstrap._gcd_import(name[level:], package, level)
           ^^^^^^^^^^^^^^^^^^^^^^^^^^^^^^^^^^^^^^^^^^^^^^^^^^^^
validation_data/repositories/django_django/tests/backends/base/test_client.py:3: in &lt;module&gt;
    from django.db import connection
E   ModuleNotFoundError: No module named 'django'</error></testcase><testcase classname="" name="validation_data.repositories.django_django.tests.backends.base.test_creation" time="0.000"><error message="collection failure">ImportError while importing test module '/home/dee/workspace/AI/Repo-Scanner/validation_data/repositories/django_django/tests/backends/base/test_creation.py'.
Hint: make sure your test modules/packages have valid Python names.
Traceback:
../../../.pyenv/versions/3.11.9/lib/python3.11/importlib/__init__.py:126: in import_module
    return _bootstrap._gcd_import(name[level:], package, level)
           ^^^^^^^^^^^^^^^^^^^^^^^^^^^^^^^^^^^^^^^^^^^^^^^^^^^^
validation_data/repositories/django_django/tests/backends/base/test_creation.py:6: in &lt;module&gt;
    from django.db import DEFAULT_DB_ALIAS, connection, connections
E   ModuleNotFoundError: No module named 'django'</error></testcase><testcase classname="" name="validation_data.repositories.django_django.tests.backends.base.test_features" time="0.000"><error message="collection failure">ImportError while importing test module '/home/dee/workspace/AI/Repo-Scanner/validation_data/repositories/django_django/tests/backends/base/test_features.py'.
Hint: make sure your test modules/packages have valid Python names.
Traceback:
../../../.pyenv/versions/3.11.9/lib/python3.11/importlib/__init__.py:126: in import_module
    return _bootstrap._gcd_import(name[level:], package, level)
           ^^^^^^^^^^^^^^^^^^^^^^^^^^^^^^^^^^^^^^^^^^^^^^^^^^^^
validation_data/repositories/django_django/tests/backends/base/test_features.py:1: in &lt;module&gt;
    from django.db import connection
E   ModuleNotFoundError: No module named 'django'</error></testcase><testcase classname="" name="validation_data.repositories.django_django.tests.backends.base.test_introspection" time="0.000"><error message="collection failure">ImportError while importing test module '/home/dee/workspace/AI/Repo-Scanner/validation_data/repositories/django_django/tests/backends/base/test_introspection.py'.
Hint: make sure your test modules/packages have valid Python names.
Traceback:
../../../.pyenv/versions/3.11.9/lib/python3.11/importlib/__init__.py:126: in import_module
    return _bootstrap._gcd_import(name[level:], package, level)
           ^^^^^^^^^^^^^^^^^^^^^^^^^^^^^^^^^^^^^^^^^^^^^^^^^^^^
validation_data/repositories/django_django/tests/backends/base/test_introspection.py:1: in &lt;module&gt;
    from django.db import connection
E   ModuleNotFoundError: No module named 'django'</error></testcase><testcase classname="" name="validation_data.repositories.django_django.tests.backends.base.test_operations" time="0.000"><error message="collection failure">ImportError while importing test module '/home/dee/workspace/AI/Repo-Scanner/validation_data/repositories/django_django/tests/backends/base/test_operations.py'.
Hint: make sure your test modules/packages have valid Python names.
Traceback:
../../../.pyenv/versions/3.11.9/lib/python3.11/importlib/__init__.py:126: in import_module
    return _bootstrap._gcd_import(name[level:], package, level)
           ^^^^^^^^^^^^^^^^^^^^^^^^^^^^^^^^^^^^^^^^^^^^^^^^^^^^
validation_data/repositories/django_django/tests/backends/base/test_operations.py:3: in &lt;module&gt;
    from django.core.management.color import no_style
E   ModuleNotFoundError: No module named 'django'</error></testcase><testcase classname="" name="validation_data.repositories.django_django.tests.backends.base.test_schema" time="0.000"><error message="collection failure">ImportError while importing test module '/home/dee/workspace/AI/Repo-Scanner/validation_data/repositories/django_django/tests/backends/base/test_schema.py'.
Hint: make sure your test modules/packages have valid Python names.
Traceback:
../../../.pyenv/versions/3.11.9/lib/python3.11/importlib/__init__.py:126: in import_module
    return _bootstrap._gcd_import(name[level:], package, level)
           ^^^^^^^^^^^^^^^^^^^^^^^^^^^^^^^^^^^^^^^^^^^^^^^^^^^^
validation_data/repositories/django_django/tests/backends/base/test_schema.py:1: in &lt;module&gt;
    from django.db import models
E   ModuleNotFoundError: No module named 'django'</error></testcase><testcase classname="" name="validation_data.repositories.django_django.tests.backends.mysql.test_creation" time="0.000"><error message="collection failure">ImportError while importing test module '/home/dee/workspace/AI/Repo-Scanner/validation_data/repositories/django_django/tests/backends/mysql/test_creation.py'.
Hint: make sure your test modules/packages have valid Python names.
Traceback:
../../../.pyenv/versions/3.11.9/lib/python3.11/importlib/__init__.py:126: in import_module
    return _bootstrap._gcd_import(name[level:], package, level)
           ^^^^^^^^^^^^^^^^^^^^^^^^^^^^^^^^^^^^^^^^^^^^^^^^^^^^
validation_data/repositories/django_django/tests/backends/mysql/test_creation.py:6: in &lt;module&gt;
    from django.db import DatabaseError, connection
E   ModuleNotFoundError: No module named 'django'</error></testcase><testcase classname="" name="validation_data.repositories.django_django.tests.backends.mysql.test_features" time="0.000"><error message="collection failure">ImportError while importing test module '/home/dee/workspace/AI/Repo-Scanner/validation_data/repositories/django_django/tests/backends/mysql/test_features.py'.
Hint: make sure your test modules/packages have valid Python names.
Traceback:
../../../.pyenv/versions/3.11.9/lib/python3.11/importlib/__init__.py:126: in import_module
    return _bootstrap._gcd_import(name[level:], package, level)
           ^^^^^^^^^^^^^^^^^^^^^^^^^^^^^^^^^^^^^^^^^^^^^^^^^^^^
validation_data/repositories/django_django/tests/backends/mysql/test_features.py:3: in &lt;module&gt;
    from django.db import connection
E   ModuleNotFoundError: No module named 'django'</error></testcase><testcase classname="" name="validation_data.repositories.django_django.tests.backends.mysql.test_introspection" time="0.000"><error message="collection failure">ImportError while importing test module '/home/dee/workspace/AI/Repo-Scanner/validation_data/repositories/django_django/tests/backends/mysql/test_introspection.py'.
Hint: make sure your test modules/packages have valid Python names.
Traceback:
../../../.pyenv/versions/3.11.9/lib/python3.11/importlib/__init__.py:126: in import_module
    return _bootstrap._gcd_import(name[level:], package, level)
           ^^^^^^^^^^^^^^^^^^^^^^^^^^^^^^^^^^^^^^^^^^^^^^^^^^^^
validation_data/repositories/django_django/tests/backends/mysql/test_introspection.py:3: in &lt;module&gt;
    from django.db import connection, connections
E   ModuleNotFoundError: No module named 'django'</error></testcase><testcase classname="" name="validation_data.repositories.django_django.tests.backends.mysql.test_operations" time="0.000"><error message="collection failure">ImportError while importing test module '/home/dee/workspace/AI/Repo-Scanner/validation_data/repositories/django_django/tests/backends/mysql/test_operations.py'.
Hint: make sure your test modules/packages have valid Python names.
Traceback:
../../../.pyenv/versions/3.11.9/lib/python3.11/importlib/__init__.py:126: in import_module
    return _bootstrap._gcd_import(name[level:], package, level)
           ^^^^^^^^^^^^^^^^^^^^^^^^^^^^^^^^^^^^^^^^^^^^^^^^^^^^
validation_data/repositories/django_django/tests/backends/mysql/test_operations.py:3: in &lt;module&gt;
    from django.core.management.color import no_style
E   ModuleNotFoundError: No module named 'django'</error></testcase><testcase classname="" name="validation_data.repositories.django_django.tests.backends.mysql.test_schema" time="0.000"><error message="collection failure">ImportError while importing test module '/home/dee/workspace/AI/Repo-Scanner/validation_data/repositories/django_django/tests/backends/mysql/test_schema.py'.
Hint: make sure your test modules/packages have valid Python names.
Traceback:
../../../.pyenv/versions/3.11.9/lib/python3.11/importlib/__init__.py:126: in import_module
    return _bootstrap._gcd_import(name[level:], package, level)
           ^^^^^^^^^^^^^^^^^^^^^^^^^^^^^^^^^^^^^^^^^^^^^^^^^^^^
validation_data/repositories/django_django/tests/backends/mysql/test_schema.py:3: in &lt;module&gt;
    from django.db import connection
E   ModuleNotFoundError: No module named 'django'</error></testcase><testcase classname="" name="validation_data.repositories.django_django.tests.backends.oracle.test_creation" time="0.000"><error message="collection failure">ImportError while importing test module '/home/dee/workspace/AI/Repo-Scanner/validation_data/repositories/django_django/tests/backends/oracle/test_creation.py'.
Hint: make sure your test modules/packages have valid Python names.
Traceback:
../../../.pyenv/versions/3.11.9/lib/python3.11/importlib/__init__.py:126: in import_module
    return _bootstrap._gcd_import(name[level:], package, level)
           ^^^^^^^^^^^^^^^^^^^^^^^^^^^^^^^^^^^^^^^^^^^^^^^^^^^^
validation_data/repositories/django_django/tests/backends/oracle/test_creation.py:5: in &lt;module&gt;
    from django.db import DatabaseError, connection
E   ModuleNotFoundError: No module named 'django'</error></testcase><testcase classname="" name="validation_data.repositories.django_django.tests.backends.oracle.test_introspection" time="0.000"><error message="collection failure">ImportError while importing test module '/home/dee/workspace/AI/Repo-Scanner/validation_data/repositories/django_django/tests/backends/oracle/test_introspection.py'.
Hint: make sure your test modules/packages have valid Python names.
Traceback:
../../../.pyenv/versions/3.11.9/lib/python3.11/importlib/__init__.py:126: in import_module
    return _bootstrap._gcd_import(name[level:], package, level)
           ^^^^^^^^^^^^^^^^^^^^^^^^^^^^^^^^^^^^^^^^^^^^^^^^^^^^
validation_data/repositories/django_django/tests/backends/oracle/test_introspection.py:3: in &lt;module&gt;
    from django.db import connection
E   ModuleNotFoundError: No module named 'django'</error></testcase><testcase classname="" name="validation_data.repositories.django_django.tests.backends.oracle.test_operations" time="0.000"><error message="collection failure">ImportError while importing test module '/home/dee/workspace/AI/Repo-Scanner/validation_data/repositories/django_django/tests/backends/oracle/test_operations.py'.
Hint: make sure your test modules/packages have valid Python names.
Traceback:
../../../.pyenv/versions/3.11.9/lib/python3.11/importlib/__init__.py:126: in import_module
    return _bootstrap._gcd_import(name[level:], package, level)
           ^^^^^^^^^^^^^^^^^^^^^^^^^^^^^^^^^^^^^^^^^^^^^^^^^^^^
validation_data/repositories/django_django/tests/backends/oracle/test_operations.py:3: in &lt;module&gt;
    from django.core.management.color import no_style
E   ModuleNotFoundError: No module named 'django'</error></testcase><testcase classname="" name="validation_data.repositories.django_django.tests.backends.postgresql.test_compilation" time="0.000"><error message="collection failure">ImportError while importing test module '/home/dee/workspace/AI/Repo-Scanner/validation_data/repositories/django_django/tests/backends/postgresql/test_compilation.py'.
Hint: make sure your test modules/packages have valid Python names.
Traceback:
../../../.pyenv/versions/3.11.9/lib/python3.11/importlib/__init__.py:126: in import_module
    return _bootstrap._gcd_import(name[level:], package, level)
           ^^^^^^^^^^^^^^^^^^^^^^^^^^^^^^^^^^^^^^^^^^^^^^^^^^^^
validation_data/repositories/django_django/tests/backends/postgresql/test_compilation.py:4: in &lt;module&gt;
    from django.db import connection
E   ModuleNotFoundError: No module named 'django'</error></testcase><testcase classname="" name="validation_data.repositories.django_django.tests.backends.postgresql.test_creation" time="0.000"><error message="collection failure">ImportError while importing test module '/home/dee/workspace/AI/Repo-Scanner/validation_data/repositories/django_django/tests/backends/postgresql/test_creation.py'.
Hint: make sure your test modules/packages have valid Python names.
Traceback:
../../../.pyenv/versions/3.11.9/lib/python3.11/importlib/__init__.py:126: in import_module
    return _bootstrap._gcd_import(name[level:], package, level)
           ^^^^^^^^^^^^^^^^^^^^^^^^^^^^^^^^^^^^^^^^^^^^^^^^^^^^
validation_data/repositories/django_django/tests/backends/postgresql/test_creation.py:6: in &lt;module&gt;
    from django.core.exceptions import ImproperlyConfigured
E   ModuleNotFoundError: No module named 'django'</error></testcase><testcase classname="" name="validation_data.repositories.django_django.tests.backends.postgresql.test_introspection" time="0.000"><error message="collection failure">ImportError while importing test module '/home/dee/workspace/AI/Repo-Scanner/validation_data/repositories/django_django/tests/backends/postgresql/test_introspection.py'.
Hint: make sure your test modules/packages have valid Python names.
Traceback:
../../../.pyenv/versions/3.11.9/lib/python3.11/importlib/__init__.py:126: in import_module
    return _bootstrap._gcd_import(name[level:], package, level)
           ^^^^^^^^^^^^^^^^^^^^^^^^^^^^^^^^^^^^^^^^^^^^^^^^^^^^
validation_data/repositories/django_django/tests/backends/postgresql/test_introspection.py:3: in &lt;module&gt;
    from django.db import connection
E   ModuleNotFoundError: No module named 'django'</error></testcase><testcase classname="" name="validation_data.repositories.django_django.tests.backends.postgresql.test_operations" time="0.000"><error message="collection failure">ImportError while importing test module '/home/dee/workspace/AI/Repo-Scanner/validation_data/repositories/django_django/tests/backends/postgresql/test_operations.py'.
Hint: make sure your test modules/packages have valid Python names.
Traceback:
../../../.pyenv/versions/3.11.9/lib/python3.11/importlib/__init__.py:126: in import_module
    return _bootstrap._gcd_import(name[level:], package, level)
           ^^^^^^^^^^^^^^^^^^^^^^^^^^^^^^^^^^^^^^^^^^^^^^^^^^^^
validation_data/repositories/django_django/tests/backends/postgresql/test_operations.py:3: in &lt;module&gt;
    from django.core.management.color import no_style
E   ModuleNotFoundError: No module named 'django'</error></testcase><testcase classname="" name="validation_data.repositories.django_django.tests.backends.postgresql.test_server_side_cursors" time="0.000"><error message="collection failure">ImportError while importing test module '/home/dee/workspace/AI/Repo-Scanner/validation_data/repositories/django_django/tests/backends/postgresql/test_server_side_cursors.py'.
Hint: make sure your test modules/packages have valid Python names.
Traceback:
../../../.pyenv/versions/3.11.9/lib/python3.11/importlib/__init__.py:126: in import_module
    return _bootstrap._gcd_import(name[level:], package, level)
           ^^^^^^^^^^^^^^^^^^^^^^^^^^^^^^^^^^^^^^^^^^^^^^^^^^^^
validation_data/repositories/django_django/tests/backends/postgresql/test_server_side_cursors.py:6: in &lt;module&gt;
    from django.db import connection, models
E   ModuleNotFoundError: No module named 'django'</error></testcase><testcase classname="" name="validation_data.repositories.django_django.tests.backends.sqlite.test_creation" time="0.000"><error message="collection failure">ImportError while importing test module '/home/dee/workspace/AI/Repo-Scanner/validation_data/repositories/django_django/tests/backends/sqlite/test_creation.py'.
Hint: make sure your test modules/packages have valid Python names.
Traceback:
../../../.pyenv/versions/3.11.9/lib/python3.11/importlib/__init__.py:126: in import_module
    return _bootstrap._gcd_import(name[level:], package, level)
           ^^^^^^^^^^^^^^^^^^^^^^^^^^^^^^^^^^^^^^^^^^^^^^^^^^^^
validation_data/repositories/django_django/tests/backends/sqlite/test_creation.py:6: in &lt;module&gt;
    from django.db import DEFAULT_DB_ALIAS, NotSupportedError, connection, connections
E   ModuleNotFoundError: No module named 'django'</error></testcase><testcase classname="" name="validation_data.repositories.django_django.tests.backends.sqlite.test_features" time="0.000"><error message="collection failure">ImportError while importing test module '/home/dee/workspace/AI/Repo-Scanner/validation_data/repositories/django_django/tests/backends/sqlite/test_features.py'.
Hint: make sure your test modules/packages have valid Python names.
Traceback:
../../../.pyenv/versions/3.11.9/lib/python3.11/importlib/__init__.py:126: in import_module
    return _bootstrap._gcd_import(name[level:], package, level)
           ^^^^^^^^^^^^^^^^^^^^^^^^^^^^^^^^^^^^^^^^^^^^^^^^^^^^
validation_data/repositories/django_django/tests/backends/sqlite/test_features.py:5: in &lt;module&gt;
    from django.db import OperationalError, connection
E   ModuleNotFoundError: No module named 'django'</error></testcase><testcase classname="" name="validation_data.repositories.django_django.tests.backends.sqlite.test_functions" time="0.000"><error message="collection failure">ImportError while importing test module '/home/dee/workspace/AI/Repo-Scanner/validation_data/repositories/django_django/tests/backends/sqlite/test_functions.py'.
Hint: make sure your test modules/packages have valid Python names.
Traceback:
../../../.pyenv/versions/3.11.9/lib/python3.11/importlib/__init__.py:126: in import_module
    return _bootstrap._gcd_import(name[level:], package, level)
           ^^^^^^^^^^^^^^^^^^^^^^^^^^^^^^^^^^^^^^^^^^^^^^^^^^^^
validation_data/repositories/django_django/tests/backends/sqlite/test_functions.py:1: in &lt;module&gt;
    from django.db.backends.sqlite3._functions import (
E   ModuleNotFoundError: No module named 'django'</error></testcase><testcase classname="" name="validation_data.repositories.django_django.tests.backends.sqlite.test_introspection" time="0.000"><error message="collection failure">ImportError while importing test module '/home/dee/workspace/AI/Repo-Scanner/validation_data/repositories/django_django/tests/backends/sqlite/test_introspection.py'.
Hint: make sure your test modules/packages have valid Python names.
Traceback:
../../../.pyenv/versions/3.11.9/lib/python3.11/importlib/__init__.py:126: in import_module
    return _bootstrap._gcd_import(name[level:], package, level)
           ^^^^^^^^^^^^^^^^^^^^^^^^^^^^^^^^^^^^^^^^^^^^^^^^^^^^
validation_data/repositories/django_django/tests/backends/sqlite/test_introspection.py:3: in &lt;module&gt;
    import sqlparse
E   ModuleNotFoundError: No module named 'sqlparse'</error></testcase><testcase classname="" name="validation_data.repositories.django_django.tests.backends.sqlite.test_operations" time="0.000"><error message="collection failure">ImportError while importing test module '/home/dee/workspace/AI/Repo-Scanner/validation_data/repositories/django_django/tests/backends/sqlite/test_operations.py'.
Hint: make sure your test modules/packages have valid Python names.
Traceback:
../../../.pyenv/versions/3.11.9/lib/python3.11/importlib/__init__.py:126: in import_module
    return _bootstrap._gcd_import(name[level:], package, level)
           ^^^^^^^^^^^^^^^^^^^^^^^^^^^^^^^^^^^^^^^^^^^^^^^^^^^^
validation_data/repositories/django_django/tests/backends/sqlite/test_operations.py:4: in &lt;module&gt;
    from django.core.management.color import no_style
E   ModuleNotFoundError: No module named 'django'</error></testcase><testcase classname="" name="validation_data.repositories.django_django.tests.backends.test_ddl_references" time="0.000"><error message="collection failure">ImportError while importing test module '/home/dee/workspace/AI/Repo-Scanner/validation_data/repositories/django_django/tests/backends/test_ddl_references.py'.
Hint: make sure your test modules/packages have valid Python names.
Traceback:
../../../.pyenv/versions/3.11.9/lib/python3.11/importlib/__init__.py:126: in import_module
    return _bootstrap._gcd_import(name[level:], package, level)
           ^^^^^^^^^^^^^^^^^^^^^^^^^^^^^^^^^^^^^^^^^^^^^^^^^^^^
validation_data/repositories/django_django/tests/backends/test_ddl_references.py:1: in &lt;module&gt;
    from django.db import connection
E   ModuleNotFoundError: No module named 'django'</error></testcase><testcase classname="" name="validation_data.repositories.django_django.tests.backends.test_utils" time="0.000"><error message="collection failure">ImportError while importing test module '/home/dee/workspace/AI/Repo-Scanner/validation_data/repositories/django_django/tests/backends/test_utils.py'.
Hint: make sure your test modules/packages have valid Python names.
Traceback:
../../../.pyenv/versions/3.11.9/lib/python3.11/importlib/__init__.py:126: in import_module
    return _bootstrap._gcd_import(name[level:], package, level)
           ^^^^^^^^^^^^^^^^^^^^^^^^^^^^^^^^^^^^^^^^^^^^^^^^^^^^
validation_data/repositories/django_django/tests/backends/test_utils.py:5: in &lt;module&gt;
    from django.db import NotSupportedError, connection
E   ModuleNotFoundError: No module named 'django'</error></testcase><testcase classname="" name="validation_data.repositories.django_django.tests.bash_completion.management.commands.test_command" time="0.000"><error message="collection failure">ImportError while importing test module '/home/dee/workspace/AI/Repo-Scanner/validation_data/repositories/django_django/tests/bash_completion/management/commands/test_command.py'.
Hint: make sure your test modules/packages have valid Python names.
Traceback:
../../../.pyenv/versions/3.11.9/lib/python3.11/importlib/__init__.py:126: in import_module
    return _bootstrap._gcd_import(name[level:], package, level)
           ^^^^^^^^^^^^^^^^^^^^^^^^^^^^^^^^^^^^^^^^^^^^^^^^^^^^
validation_data/repositories/django_django/tests/bash_completion/management/commands/test_command.py:1: in &lt;module&gt;
    from django.core.management.base import BaseCommand
E   ModuleNotFoundError: No module named 'django'</error></testcase><testcase classname="" name="validation_data.repositories.django_django.tests.check_framework.test_4_0_compatibility" time="0.000"><error message="collection failure">ImportError while importing test module '/home/dee/workspace/AI/Repo-Scanner/validation_data/repositories/django_django/tests/check_framework/test_4_0_compatibility.py'.
Hint: make sure your test modules/packages have valid Python names.
Traceback:
../../../.pyenv/versions/3.11.9/lib/python3.11/importlib/__init__.py:126: in import_module
    return _bootstrap._gcd_import(name[level:], package, level)
           ^^^^^^^^^^^^^^^^^^^^^^^^^^^^^^^^^^^^^^^^^^^^^^^^^^^^
validation_data/repositories/django_django/tests/check_framework/test_4_0_compatibility.py:1: in &lt;module&gt;
    from django.core.checks import Error
E   ModuleNotFoundError: No module named 'django'</error></testcase><testcase classname="" name="validation_data.repositories.django_django.tests.check_framework.test_async_checks" time="0.000"><error message="collection failure">ImportError while importing test module '/home/dee/workspace/AI/Repo-Scanner/validation_data/repositories/django_django/tests/check_framework/test_async_checks.py'.
Hint: make sure your test modules/packages have valid Python names.
Traceback:
../../../.pyenv/versions/3.11.9/lib/python3.11/importlib/__init__.py:126: in import_module
    return _bootstrap._gcd_import(name[level:], package, level)
           ^^^^^^^^^^^^^^^^^^^^^^^^^^^^^^^^^^^^^^^^^^^^^^^^^^^^
validation_data/repositories/django_django/tests/check_framework/test_async_checks.py:4: in &lt;module&gt;
    from django.core.checks.async_checks import E001, check_async_unsafe
E   ModuleNotFoundError: No module named 'django'</error></testcase><testcase classname="" name="validation_data.repositories.django_django.tests.check_framework.test_caches" time="0.000"><error message="collection failure">ImportError while importing test module '/home/dee/workspace/AI/Repo-Scanner/validation_data/repositories/django_django/tests/check_framework/test_caches.py'.
Hint: make sure your test modules/packages have valid Python names.
Traceback:
../../../.pyenv/versions/3.11.9/lib/python3.11/importlib/__init__.py:126: in import_module
    return _bootstrap._gcd_import(name[level:], package, level)
           ^^^^^^^^^^^^^^^^^^^^^^^^^^^^^^^^^^^^^^^^^^^^^^^^^^^^
validation_data/repositories/django_django/tests/check_framework/test_caches.py:3: in &lt;module&gt;
    from django.core.checks import Warning
E   ModuleNotFoundError: No module named 'django'</error></testcase><testcase classname="" name="validation_data.repositories.django_django.tests.check_framework.test_commands" time="0.000"><error message="collection failure">ImportError while importing test module '/home/dee/workspace/AI/Repo-Scanner/validation_data/repositories/django_django/tests/check_framework/test_commands.py'.
Hint: make sure your test modules/packages have valid Python names.
Traceback:
../../../.pyenv/versions/3.11.9/lib/python3.11/importlib/__init__.py:126: in import_module
    return _bootstrap._gcd_import(name[level:], package, level)
           ^^^^^^^^^^^^^^^^^^^^^^^^^^^^^^^^^^^^^^^^^^^^^^^^^^^^
validation_data/repositories/django_django/tests/check_framework/test_commands.py:1: in &lt;module&gt;
    from django.core import checks
E   ModuleNotFoundError: No module named 'django'</error></testcase><testcase classname="" name="validation_data.repositories.django_django.tests.check_framework.test_database" time="0.000"><error message="collection failure">ImportError while importing test module '/home/dee/workspace/AI/Repo-Scanner/validation_data/repositories/django_django/tests/check_framework/test_database.py'.
Hint: make sure your test modules/packages have valid Python names.
Traceback:
../../../.pyenv/versions/3.11.9/lib/python3.11/importlib/__init__.py:126: in import_module
    return _bootstrap._gcd_import(name[level:], package, level)
           ^^^^^^^^^^^^^^^^^^^^^^^^^^^^^^^^^^^^^^^^^^^^^^^^^^^^
validation_data/repositories/django_django/tests/check_framework/test_database.py:4: in &lt;module&gt;
    from django.core.checks.database import check_database_backends
E   ModuleNotFoundError: No module named 'django'</error></testcase><testcase classname="" name="validation_data.repositories.django_django.tests.check_framework.test_files" time="0.000"><error message="collection failure">ImportError while importing test module '/home/dee/workspace/AI/Repo-Scanner/validation_data/repositories/django_django/tests/check_framework/test_files.py'.
Hint: make sure your test modules/packages have valid Python names.
Traceback:
../../../.pyenv/versions/3.11.9/lib/python3.11/importlib/__init__.py:126: in import_module
    return _bootstrap._gcd_import(name[level:], package, level)
           ^^^^^^^^^^^^^^^^^^^^^^^^^^^^^^^^^^^^^^^^^^^^^^^^^^^^
validation_data/repositories/django_django/tests/check_framework/test_files.py:3: in &lt;module&gt;
    from django.core.checks import Error
E   ModuleNotFoundError: No module named 'django'</error></testcase><testcase classname="" name="validation_data.repositories.django_django.tests.check_framework.test_model_checks" time="0.000"><error message="collection failure">ImportError while importing test module '/home/dee/workspace/AI/Repo-Scanner/validation_data/repositories/django_django/tests/check_framework/test_model_checks.py'.
Hint: make sure your test modules/packages have valid Python names.
Traceback:
../../../.pyenv/versions/3.11.9/lib/python3.11/importlib/__init__.py:126: in import_module
    return _bootstrap._gcd_import(name[level:], package, level)
           ^^^^^^^^^^^^^^^^^^^^^^^^^^^^^^^^^^^^^^^^^^^^^^^^^^^^
validation_data/repositories/django_django/tests/check_framework/test_model_checks.py:1: in &lt;module&gt;
    from django.core import checks
E   ModuleNotFoundError: No module named 'django'</error></testcase><testcase classname="" name="validation_data.repositories.django_django.tests.check_framework.test_model_field_deprecation" time="0.000"><error message="collection failure">ImportError while importing test module '/home/dee/workspace/AI/Repo-Scanner/validation_data/repositories/django_django/tests/check_framework/test_model_field_deprecation.py'.
Hint: make sure your test modules/packages have valid Python names.
Traceback:
../../../.pyenv/versions/3.11.9/lib/python3.11/importlib/__init__.py:126: in import_module
    return _bootstrap._gcd_import(name[level:], package, level)
           ^^^^^^^^^^^^^^^^^^^^^^^^^^^^^^^^^^^^^^^^^^^^^^^^^^^^
validation_data/repositories/django_django/tests/check_framework/test_model_field_deprecation.py:1: in &lt;module&gt;
    from django.core import checks
E   ModuleNotFoundError: No module named 'django'</error></testcase><testcase classname="" name="validation_data.repositories.django_django.tests.check_framework.test_multi_db" time="0.000"><error message="collection failure">ImportError while importing test module '/home/dee/workspace/AI/Repo-Scanner/validation_data/repositories/django_django/tests/check_framework/test_multi_db.py'.
Hint: make sure your test modules/packages have valid Python names.
Traceback:
../../../.pyenv/versions/3.11.9/lib/python3.11/importlib/__init__.py:126: in import_module
    return _bootstrap._gcd_import(name[level:], package, level)
           ^^^^^^^^^^^^^^^^^^^^^^^^^^^^^^^^^^^^^^^^^^^^^^^^^^^^
validation_data/repositories/django_django/tests/check_framework/test_multi_db.py:3: in &lt;module&gt;
    from django.db import connections, models
E   ModuleNotFoundError: No module named 'django'</error></testcase><testcase classname="" name="validation_data.repositories.django_django.tests.check_framework.test_security" time="0.000"><error message="collection failure">ImportError while importing test module '/home/dee/workspace/AI/Repo-Scanner/validation_data/repositories/django_django/tests/check_framework/test_security.py'.
Hint: make sure your test modules/packages have valid Python names.
Traceback:
../../../.pyenv/versions/3.11.9/lib/python3.11/importlib/__init__.py:126: in import_module
    return _bootstrap._gcd_import(name[level:], package, level)
           ^^^^^^^^^^^^^^^^^^^^^^^^^^^^^^^^^^^^^^^^^^^^^^^^^^^^
validation_data/repositories/django_django/tests/check_framework/test_security.py:3: in &lt;module&gt;
    from django.conf import settings
E   ModuleNotFoundError: No module named 'django'</error></testcase><testcase classname="" name="validation_data.repositories.django_django.tests.check_framework.test_templates" time="0.000"><error message="collection failure">ImportError while importing test module '/home/dee/workspace/AI/Repo-Scanner/validation_data/repositories/django_django/tests/check_framework/test_templates.py'.
Hint: make sure your test modules/packages have valid Python names.
Traceback:
../../../.pyenv/versions/3.11.9/lib/python3.11/importlib/__init__.py:126: in import_module
    return _bootstrap._gcd_import(name[level:], package, level)
           ^^^^^^^^^^^^^^^^^^^^^^^^^^^^^^^^^^^^^^^^^^^^^^^^^^^^
validation_data/repositories/django_django/tests/check_framework/test_templates.py:4: in &lt;module&gt;
    from django.core.checks import Error, Warning
E   ModuleNotFoundError: No module named 'django'</error></testcase><testcase classname="" name="validation_data.repositories.django_django.tests.check_framework.test_translation" time="0.000"><error message="collection failure">ImportError while importing test module '/home/dee/workspace/AI/Repo-Scanner/validation_data/repositories/django_django/tests/check_framework/test_translation.py'.
Hint: make sure your test modules/packages have valid Python names.
Traceback:
../../../.pyenv/versions/3.11.9/lib/python3.11/importlib/__init__.py:126: in import_module
    return _bootstrap._gcd_import(name[level:], package, level)
           ^^^^^^^^^^^^^^^^^^^^^^^^^^^^^^^^^^^^^^^^^^^^^^^^^^^^
validation_data/repositories/django_django/tests/check_framework/test_translation.py:1: in &lt;module&gt;
    from django.core.checks import Error
E   ModuleNotFoundError: No module named 'django'</error></testcase><testcase classname="" name="validation_data.repositories.django_django.tests.check_framework.test_urls" time="0.000"><error message="collection failure">ImportError while importing test module '/home/dee/workspace/AI/Repo-Scanner/validation_data/repositories/django_django/tests/check_framework/test_urls.py'.
Hint: make sure your test modules/packages have valid Python names.
Traceback:
../../../.pyenv/versions/3.11.9/lib/python3.11/importlib/__init__.py:126: in import_module
    return _bootstrap._gcd_import(name[level:], package, level)
           ^^^^^^^^^^^^^^^^^^^^^^^^^^^^^^^^^^^^^^^^^^^^^^^^^^^^
validation_data/repositories/django_django/tests/check_framework/test_urls.py:1: in &lt;module&gt;
    from django.conf import settings
E   ModuleNotFoundError: No module named 'django'</error></testcase><testcase classname="" name="validation_data.repositories.django_django.tests.composite_pk.test_aggregate" time="0.000"><error message="collection failure">ImportError while importing test module '/home/dee/workspace/AI/Repo-Scanner/validation_data/repositories/django_django/tests/composite_pk/test_aggregate.py'.
Hint: make sure your test modules/packages have valid Python names.
Traceback:
../../../.pyenv/versions/3.11.9/lib/python3.11/importlib/__init__.py:126: in import_module
    return _bootstrap._gcd_import(name[level:], package, level)
           ^^^^^^^^^^^^^^^^^^^^^^^^^^^^^^^^^^^^^^^^^^^^^^^^^^^^
validation_data/repositories/django_django/tests/composite_pk/test_aggregate.py:1: in &lt;module&gt;
    from django.db.models import Count, Max, Q
E   ModuleNotFoundError: No module named 'django'</error></testcase><testcase classname="" name="validation_data.repositories.django_django.tests.composite_pk.test_checks" time="0.000"><error message="collection failure">ImportError while importing test module '/home/dee/workspace/AI/Repo-Scanner/validation_data/repositories/django_django/tests/composite_pk/test_checks.py'.
Hint: make sure your test modules/packages have valid Python names.
Traceback:
../../../.pyenv/versions/3.11.9/lib/python3.11/importlib/__init__.py:126: in import_module
    return _bootstrap._gcd_import(name[level:], package, level)
           ^^^^^^^^^^^^^^^^^^^^^^^^^^^^^^^^^^^^^^^^^^^^^^^^^^^^
validation_data/repositories/django_django/tests/composite_pk/test_checks.py:1: in &lt;module&gt;
    from django.core import checks
E   ModuleNotFoundError: No module named 'django'</error></testcase><testcase classname="" name="validation_data.repositories.django_django.tests.composite_pk.test_create" time="0.000"><error message="collection failure">ImportError while importing test module '/home/dee/workspace/AI/Repo-Scanner/validation_data/repositories/django_django/tests/composite_pk/test_create.py'.
Hint: make sure your test modules/packages have valid Python names.
Traceback:
../../../.pyenv/versions/3.11.9/lib/python3.11/importlib/__init__.py:126: in import_module
    return _bootstrap._gcd_import(name[level:], package, level)
           ^^^^^^^^^^^^^^^^^^^^^^^^^^^^^^^^^^^^^^^^^^^^^^^^^^^^
validation_data/repositories/django_django/tests/composite_pk/test_create.py:1: in &lt;module&gt;
    from django.db import IntegrityError
E   ModuleNotFoundError: No module named 'django'</error></testcase><testcase classname="" name="validation_data.repositories.django_django.tests.composite_pk.test_delete" time="0.000"><error message="collection failure">ImportError while importing test module '/home/dee/workspace/AI/Repo-Scanner/validation_data/repositories/django_django/tests/composite_pk/test_delete.py'.
Hint: make sure your test modules/packages have valid Python names.
Traceback:
../../../.pyenv/versions/3.11.9/lib/python3.11/importlib/__init__.py:126: in import_module
    return _bootstrap._gcd_import(name[level:], package, level)
           ^^^^^^^^^^^^^^^^^^^^^^^^^^^^^^^^^^^^^^^^^^^^^^^^^^^^
validation_data/repositories/django_django/tests/composite_pk/test_delete.py:1: in &lt;module&gt;
    from django.test import TestCase
E   ModuleNotFoundError: No module named 'django'</error></testcase><testcase classname="" name="validation_data.repositories.django_django.tests.composite_pk.test_filter" time="0.000"><error message="collection failure">ImportError while importing test module '/home/dee/workspace/AI/Repo-Scanner/validation_data/repositories/django_django/tests/composite_pk/test_filter.py'.
Hint: make sure your test modules/packages have valid Python names.
Traceback:
../../../.pyenv/versions/3.11.9/lib/python3.11/importlib/__init__.py:126: in import_module
    return _bootstrap._gcd_import(name[level:], package, level)
           ^^^^^^^^^^^^^^^^^^^^^^^^^^^^^^^^^^^^^^^^^^^^^^^^^^^^
validation_data/repositories/django_django/tests/composite_pk/test_filter.py:3: in &lt;module&gt;
    from django.db import NotSupportedError, connection
E   ModuleNotFoundError: No module named 'django'</error></testcase><testcase classname="" name="validation_data.repositories.django_django.tests.composite_pk.test_get" time="0.000"><error message="collection failure">ImportError while importing test module '/home/dee/workspace/AI/Repo-Scanner/validation_data/repositories/django_django/tests/composite_pk/test_get.py'.
Hint: make sure your test modules/packages have valid Python names.
Traceback:
../../../.pyenv/versions/3.11.9/lib/python3.11/importlib/__init__.py:126: in import_module
    return _bootstrap._gcd_import(name[level:], package, level)
           ^^^^^^^^^^^^^^^^^^^^^^^^^^^^^^^^^^^^^^^^^^^^^^^^^^^^
validation_data/repositories/django_django/tests/composite_pk/test_get.py:1: in &lt;module&gt;
    from django.test import TestCase
E   ModuleNotFoundError: No module named 'django'</error></testcase><testcase classname="" name="validation_data.repositories.django_django.tests.composite_pk.test_models" time="0.000"><error message="collection failure">ImportError while importing test module '/home/dee/workspace/AI/Repo-Scanner/validation_data/repositories/django_django/tests/composite_pk/test_models.py'.
Hint: make sure your test modules/packages have valid Python names.
Traceback:
../../../.pyenv/versions/3.11.9/lib/python3.11/importlib/__init__.py:126: in import_module
    return _bootstrap._gcd_import(name[level:], package, level)
           ^^^^^^^^^^^^^^^^^^^^^^^^^^^^^^^^^^^^^^^^^^^^^^^^^^^^
validation_data/repositories/django_django/tests/composite_pk/test_models.py:1: in &lt;module&gt;
    from django.contrib.contenttypes.models import ContentType
E   ModuleNotFoundError: No module named 'django'</error></testcase><testcase classname="" name="validation_data.repositories.django_django.tests.composite_pk.test_names_to_path" time="0.000"><error message="collection failure">ImportError while importing test module '/home/dee/workspace/AI/Repo-Scanner/validation_data/repositories/django_django/tests/composite_pk/test_names_to_path.py'.
Hint: make sure your test modules/packages have valid Python names.
Traceback:
../../../.pyenv/versions/3.11.9/lib/python3.11/importlib/__init__.py:126: in import_module
    return _bootstrap._gcd_import(name[level:], package, level)
           ^^^^^^^^^^^^^^^^^^^^^^^^^^^^^^^^^^^^^^^^^^^^^^^^^^^^
validation_data/repositories/django_django/tests/composite_pk/test_names_to_path.py:1: in &lt;module&gt;
    from django.db.models.query_utils import PathInfo
E   ModuleNotFoundError: No module named 'django'</error></testcase><testcase classname="" name="validation_data.repositories.django_django.tests.composite_pk.test_order_by" time="0.000"><error message="collection failure">ImportError while importing test module '/home/dee/workspace/AI/Repo-Scanner/validation_data/repositories/django_django/tests/composite_pk/test_order_by.py'.
Hint: make sure your test modules/packages have valid Python names.
Traceback:
../../../.pyenv/versions/3.11.9/lib/python3.11/importlib/__init__.py:126: in import_module
    return _bootstrap._gcd_import(name[level:], package, level)
           ^^^^^^^^^^^^^^^^^^^^^^^^^^^^^^^^^^^^^^^^^^^^^^^^^^^^
validation_data/repositories/django_django/tests/composite_pk/test_order_by.py:1: in &lt;module&gt;
    from django.db.models import F
E   ModuleNotFoundError: No module named 'django'</error></testcase><testcase classname="" name="validation_data.repositories.django_django.tests.composite_pk.test_update" time="0.000"><error message="collection failure">ImportError while importing test module '/home/dee/workspace/AI/Repo-Scanner/validation_data/repositories/django_django/tests/composite_pk/test_update.py'.
Hint: make sure your test modules/packages have valid Python names.
Traceback:
../../../.pyenv/versions/3.11.9/lib/python3.11/importlib/__init__.py:126: in import_module
    return _bootstrap._gcd_import(name[level:], package, level)
           ^^^^^^^^^^^^^^^^^^^^^^^^^^^^^^^^^^^^^^^^^^^^^^^^^^^^
validation_data/repositories/django_django/tests/composite_pk/test_update.py:1: in &lt;module&gt;
    from django.core.exceptions import FieldError
E   ModuleNotFoundError: No module named 'django'</error></testcase><testcase classname="" name="validation_data.repositories.django_django.tests.composite_pk.test_values" time="0.000"><error message="collection failure">ImportError while importing test module '/home/dee/workspace/AI/Repo-Scanner/validation_data/repositories/django_django/tests/composite_pk/test_values.py'.
Hint: make sure your test modules/packages have valid Python names.
Traceback:
../../../.pyenv/versions/3.11.9/lib/python3.11/importlib/__init__.py:126: in import_module
    return _bootstrap._gcd_import(name[level:], package, level)
           ^^^^^^^^^^^^^^^^^^^^^^^^^^^^^^^^^^^^^^^^^^^^^^^^^^^^
validation_data/repositories/django_django/tests/composite_pk/test_values.py:4: in &lt;module&gt;
    from django.test import TestCase
E   ModuleNotFoundError: No module named 'django'</error></testcase><testcase classname="" name="validation_data.repositories.django_django.tests.contenttypes_tests.test_checks" time="0.000"><error message="collection failure">ImportError while importing test module '/home/dee/workspace/AI/Repo-Scanner/validation_data/repositories/django_django/tests/contenttypes_tests/test_checks.py'.
Hint: make sure your test modules/packages have valid Python names.
Traceback:
../../../.pyenv/versions/3.11.9/lib/python3.11/importlib/__init__.py:126: in import_module
    return _bootstrap._gcd_import(name[level:], package, level)
           ^^^^^^^^^^^^^^^^^^^^^^^^^^^^^^^^^^^^^^^^^^^^^^^^^^^^
validation_data/repositories/django_django/tests/contenttypes_tests/test_checks.py:3: in &lt;module&gt;
    from django.contrib.contenttypes.checks import check_model_name_lengths
E   ModuleNotFoundError: No module named 'django'</error></testcase><testcase classname="" name="validation_data.repositories.django_django.tests.contenttypes_tests.test_fields" time="0.000"><error message="collection failure">ImportError while importing test module '/home/dee/workspace/AI/Repo-Scanner/validation_data/repositories/django_django/tests/contenttypes_tests/test_fields.py'.
Hint: make sure your test modules/packages have valid Python names.
Traceback:
../../../.pyenv/versions/3.11.9/lib/python3.11/importlib/__init__.py:126: in import_module
    return _bootstrap._gcd_import(name[level:], package, level)
           ^^^^^^^^^^^^^^^^^^^^^^^^^^^^^^^^^^^^^^^^^^^^^^^^^^^^
validation_data/repositories/django_django/tests/contenttypes_tests/test_fields.py:3: in &lt;module&gt;
    from django.contrib.contenttypes.fields import GenericForeignKey
E   ModuleNotFoundError: No module named 'django'</error></testcase><testcase classname="" name="validation_data.repositories.django_django.tests.contenttypes_tests.test_management" time="0.000"><error message="collection failure">ImportError while importing test module '/home/dee/workspace/AI/Repo-Scanner/validation_data/repositories/django_django/tests/contenttypes_tests/test_management.py'.
Hint: make sure your test modules/packages have valid Python names.
Traceback:
../../../.pyenv/versions/3.11.9/lib/python3.11/importlib/__init__.py:126: in import_module
    return _bootstrap._gcd_import(name[level:], package, level)
           ^^^^^^^^^^^^^^^^^^^^^^^^^^^^^^^^^^^^^^^^^^^^^^^^^^^^
validation_data/repositories/django_django/tests/contenttypes_tests/test_management.py:3: in &lt;module&gt;
    from django.apps.registry import Apps, apps
E   ModuleNotFoundError: No module named 'django'</error></testcase><testcase classname="" name="validation_data.repositories.django_django.tests.contenttypes_tests.test_migrations" time="0.000"><error message="collection failure">ImportError while importing test module '/home/dee/workspace/AI/Repo-Scanner/validation_data/repositories/django_django/tests/contenttypes_tests/test_migrations.py'.
Hint: make sure your test modules/packages have valid Python names.
Traceback:
../../../.pyenv/versions/3.11.9/lib/python3.11/importlib/__init__.py:126: in import_module
    return _bootstrap._gcd_import(name[level:], package, level)
           ^^^^^^^^^^^^^^^^^^^^^^^^^^^^^^^^^^^^^^^^^^^^^^^^^^^^
validation_data/repositories/django_django/tests/contenttypes_tests/test_migrations.py:3: in &lt;module&gt;
    from django.apps import apps
E   ModuleNotFoundError: No module named 'django'</error></testcase><testcase classname="" name="validation_data.repositories.django_django.tests.contenttypes_tests.test_models" time="0.000"><error message="collection failure">ImportError while importing test module '/home/dee/workspace/AI/Repo-Scanner/validation_data/repositories/django_django/tests/contenttypes_tests/test_models.py'.
Hint: make sure your test modules/packages have valid Python names.
Traceback:
../../../.pyenv/versions/3.11.9/lib/python3.11/importlib/__init__.py:126: in import_module
    return _bootstrap._gcd_import(name[level:], package, level)
           ^^^^^^^^^^^^^^^^^^^^^^^^^^^^^^^^^^^^^^^^^^^^^^^^^^^^
validation_data/repositories/django_django/tests/contenttypes_tests/test_models.py:1: in &lt;module&gt;
    from django.apps import apps
E   ModuleNotFoundError: No module named 'django'</error></testcase><testcase classname="" name="validation_data.repositories.django_django.tests.contenttypes_tests.test_operations" time="0.000"><error message="collection failure">ImportError while importing test module '/home/dee/workspace/AI/Repo-Scanner/validation_data/repositories/django_django/tests/contenttypes_tests/test_operations.py'.
Hint: make sure your test modules/packages have valid Python names.
Traceback:
../../../.pyenv/versions/3.11.9/lib/python3.11/importlib/__init__.py:126: in import_module
    return _bootstrap._gcd_import(name[level:], package, level)
           ^^^^^^^^^^^^^^^^^^^^^^^^^^^^^^^^^^^^^^^^^^^^^^^^^^^^
validation_data/repositories/django_django/tests/contenttypes_tests/test_operations.py:1: in &lt;module&gt;
    from django.apps.registry import apps
E   ModuleNotFoundError: No module named 'django'</error></testcase><testcase classname="" name="validation_data.repositories.django_django.tests.contenttypes_tests.test_order_with_respect_to" time="0.000"><error message="collection failure">ImportError while importing test module '/home/dee/workspace/AI/Repo-Scanner/validation_data/repositories/django_django/tests/contenttypes_tests/test_order_with_respect_to.py'.
Hint: make sure your test modules/packages have valid Python names.
Traceback:
../../../.pyenv/versions/3.11.9/lib/python3.11/importlib/__init__.py:126: in import_module
    return _bootstrap._gcd_import(name[level:], package, level)
           ^^^^^^^^^^^^^^^^^^^^^^^^^^^^^^^^^^^^^^^^^^^^^^^^^^^^
validation_data/repositories/django_django/tests/contenttypes_tests/test_order_with_respect_to.py:3: in &lt;module&gt;
    from django.test import TestCase
E   ModuleNotFoundError: No module named 'django'</error></testcase><testcase classname="" name="validation_data.repositories.django_django.tests.contenttypes_tests.test_views" time="0.000"><error message="collection failure">ImportError while importing test module '/home/dee/workspace/AI/Repo-Scanner/validation_data/repositories/django_django/tests/contenttypes_tests/test_views.py'.
Hint: make sure your test modules/packages have valid Python names.
Traceback:
../../../.pyenv/versions/3.11.9/lib/python3.11/importlib/__init__.py:126: in import_module
    return _bootstrap._gcd_import(name[level:], package, level)
           ^^^^^^^^^^^^^^^^^^^^^^^^^^^^^^^^^^^^^^^^^^^^^^^^^^^^
validation_data/repositories/django_django/tests/contenttypes_tests/test_views.py:4: in &lt;module&gt;
    from django.contrib.contenttypes.models import ContentType
E   ModuleNotFoundError: No module named 'django'</error></testcase><testcase classname="" name="validation_data.repositories.django_django.tests.csrf_tests.test_context_processor" time="0.000"><error message="collection failure">ImportError while importing test module '/home/dee/workspace/AI/Repo-Scanner/validation_data/repositories/django_django/tests/csrf_tests/test_context_processor.py'.
Hint: make sure your test modules/packages have valid Python names.
Traceback:
../../../.pyenv/versions/3.11.9/lib/python3.11/importlib/__init__.py:126: in import_module
    return _bootstrap._gcd_import(name[level:], package, level)
           ^^^^^^^^^^^^^^^^^^^^^^^^^^^^^^^^^^^^^^^^^^^^^^^^^^^^
validation_data/repositories/django_django/tests/csrf_tests/test_context_processor.py:1: in &lt;module&gt;
    from django.http import HttpRequest
E   ModuleNotFoundError: No module named 'django'</error></testcase><testcase classname="" name="validation_data.repositories.django_django.tests.db_functions.comparison.test_cast" time="0.000"><error message="collection failure">ImportError while importing test module '/home/dee/workspace/AI/Repo-Scanner/validation_data/repositories/django_django/tests/db_functions/comparison/test_cast.py'.
Hint: make sure your test modules/packages have valid Python names.
Traceback:
../../../.pyenv/versions/3.11.9/lib/python3.11/importlib/__init__.py:126: in import_module
    return _bootstrap._gcd_import(name[level:], package, level)
           ^^^^^^^^^^^^^^^^^^^^^^^^^^^^^^^^^^^^^^^^^^^^^^^^^^^^
validation_data/repositories/django_django/tests/db_functions/comparison/test_cast.py:5: in &lt;module&gt;
    from django.db import connection, models
E   ModuleNotFoundError: No module named 'django'</error></testcase><testcase classname="" name="validation_data.repositories.django_django.tests.db_functions.comparison.test_coalesce" time="0.000"><error message="collection failure">ImportError while importing test module '/home/dee/workspace/AI/Repo-Scanner/validation_data/repositories/django_django/tests/db_functions/comparison/test_coalesce.py'.
Hint: make sure your test modules/packages have valid Python names.
Traceback:
../../../.pyenv/versions/3.11.9/lib/python3.11/importlib/__init__.py:126: in import_module
    return _bootstrap._gcd_import(name[level:], package, level)
           ^^^^^^^^^^^^^^^^^^^^^^^^^^^^^^^^^^^^^^^^^^^^^^^^^^^^
validation_data/repositories/django_django/tests/db_functions/comparison/test_coalesce.py:1: in &lt;module&gt;
    from django.db.models import Subquery, TextField
E   ModuleNotFoundError: No module named 'django'</error></testcase><testcase classname="" name="validation_data.repositories.django_django.tests.db_functions.comparison.test_collate" time="0.000"><error message="collection failure">ImportError while importing test module '/home/dee/workspace/AI/Repo-Scanner/validation_data/repositories/django_django/tests/db_functions/comparison/test_collate.py'.
Hint: make sure your test modules/packages have valid Python names.
Traceback:
../../../.pyenv/versions/3.11.9/lib/python3.11/importlib/__init__.py:126: in import_module
    return _bootstrap._gcd_import(name[level:], package, level)
           ^^^^^^^^^^^^^^^^^^^^^^^^^^^^^^^^^^^^^^^^^^^^^^^^^^^^
validation_data/repositories/django_django/tests/db_functions/comparison/test_collate.py:1: in &lt;module&gt;
    from django.db import connection
E   ModuleNotFoundError: No module named 'django'</error></testcase><testcase classname="" name="validation_data.repositories.django_django.tests.db_functions.comparison.test_greatest" time="0.000"><error message="collection failure">ImportError while importing test module '/home/dee/workspace/AI/Repo-Scanner/validation_data/repositories/django_django/tests/db_functions/comparison/test_greatest.py'.
Hint: make sure your test modules/packages have valid Python names.
Traceback:
../../../.pyenv/versions/3.11.9/lib/python3.11/importlib/__init__.py:126: in import_module
    return _bootstrap._gcd_import(name[level:], package, level)
           ^^^^^^^^^^^^^^^^^^^^^^^^^^^^^^^^^^^^^^^^^^^^^^^^^^^^
validation_data/repositories/django_django/tests/db_functions/comparison/test_greatest.py:5: in &lt;module&gt;
    from django.db import connection
E   ModuleNotFoundError: No module named 'django'</error></testcase><testcase classname="" name="validation_data.repositories.django_django.tests.db_functions.comparison.test_least" time="0.000"><error message="collection failure">ImportError while importing test module '/home/dee/workspace/AI/Repo-Scanner/validation_data/repositories/django_django/tests/db_functions/comparison/test_least.py'.
Hint: make sure your test modules/packages have valid Python names.
Traceback:
../../../.pyenv/versions/3.11.9/lib/python3.11/importlib/__init__.py:126: in import_module
    return _bootstrap._gcd_import(name[level:], package, level)
           ^^^^^^^^^^^^^^^^^^^^^^^^^^^^^^^^^^^^^^^^^^^^^^^^^^^^
validation_data/repositories/django_django/tests/db_functions/comparison/test_least.py:5: in &lt;module&gt;
    from django.db import connection
E   ModuleNotFoundError: No module named 'django'</error></testcase><testcase classname="" name="validation_data.repositories.django_django.tests.db_functions.comparison.test_nullif" time="0.000"><error message="collection failure">ImportError while importing test module '/home/dee/workspace/AI/Repo-Scanner/validation_data/repositories/django_django/tests/db_functions/comparison/test_nullif.py'.
Hint: make sure your test modules/packages have valid Python names.
Traceback:
../../../.pyenv/versions/3.11.9/lib/python3.11/importlib/__init__.py:126: in import_module
    return _bootstrap._gcd_import(name[level:], package, level)
           ^^^^^^^^^^^^^^^^^^^^^^^^^^^^^^^^^^^^^^^^^^^^^^^^^^^^
validation_data/repositories/django_django/tests/db_functions/comparison/test_nullif.py:3: in &lt;module&gt;
    from django.db import connection
E   ModuleNotFoundError: No module named 'django'</error></testcase><testcase classname="" name="validation_data.repositories.django_django.tests.db_functions.datetime.test_extract_trunc" time="0.000"><error message="collection failure">ImportError while importing test module '/home/dee/workspace/AI/Repo-Scanner/validation_data/repositories/django_django/tests/db_functions/datetime/test_extract_trunc.py'.
Hint: make sure your test modules/packages have valid Python names.
Traceback:
../../../.pyenv/versions/3.11.9/lib/python3.11/importlib/__init__.py:126: in import_module
    return _bootstrap._gcd_import(name[level:], package, level)
           ^^^^^^^^^^^^^^^^^^^^^^^^^^^^^^^^^^^^^^^^^^^^^^^^^^^^
validation_data/repositories/django_django/tests/db_functions/datetime/test_extract_trunc.py:4: in &lt;module&gt;
    from django.conf import settings
E   ModuleNotFoundError: No module named 'django'</error></testcase><testcase classname="" name="validation_data.repositories.django_django.tests.db_functions.datetime.test_now" time="0.000"><error message="collection failure">ImportError while importing test module '/home/dee/workspace/AI/Repo-Scanner/validation_data/repositories/django_django/tests/db_functions/datetime/test_now.py'.
Hint: make sure your test modules/packages have valid Python names.
Traceback:
../../../.pyenv/versions/3.11.9/lib/python3.11/importlib/__init__.py:126: in import_module
    return _bootstrap._gcd_import(name[level:], package, level)
           ^^^^^^^^^^^^^^^^^^^^^^^^^^^^^^^^^^^^^^^^^^^^^^^^^^^^
validation_data/repositories/django_django/tests/db_functions/datetime/test_now.py:3: in &lt;module&gt;
    from django.db import connection
E   ModuleNotFoundError: No module named 'django'</error></testcase><testcase classname="" name="validation_data.repositories.django_django.tests.db_functions.json.test_json_array" time="0.000"><error message="collection failure">ImportError while importing test module '/home/dee/workspace/AI/Repo-Scanner/validation_data/repositories/django_django/tests/db_functions/json/test_json_array.py'.
Hint: make sure your test modules/packages have valid Python names.
Traceback:
../../../.pyenv/versions/3.11.9/lib/python3.11/importlib/__init__.py:126: in import_module
    return _bootstrap._gcd_import(name[level:], package, level)
           ^^^^^^^^^^^^^^^^^^^^^^^^^^^^^^^^^^^^^^^^^^^^^^^^^^^^
validation_data/repositories/django_django/tests/db_functions/json/test_json_array.py:3: in &lt;module&gt;
    from django.db import NotSupportedError, connection
E   ModuleNotFoundError: No module named 'django'</error></testcase><testcase classname="" name="validation_data.repositories.django_django.tests.db_functions.json.test_json_object" time="0.000"><error message="collection failure">ImportError while importing test module '/home/dee/workspace/AI/Repo-Scanner/validation_data/repositories/django_django/tests/db_functions/json/test_json_object.py'.
Hint: make sure your test modules/packages have valid Python names.
Traceback:
../../../.pyenv/versions/3.11.9/lib/python3.11/importlib/__init__.py:126: in import_module
    return _bootstrap._gcd_import(name[level:], package, level)
           ^^^^^^^^^^^^^^^^^^^^^^^^^^^^^^^^^^^^^^^^^^^^^^^^^^^^
validation_data/repositories/django_django/tests/db_functions/json/test_json_object.py:1: in &lt;module&gt;
    from django.db import NotSupportedError
E   ModuleNotFoundError: No module named 'django'</error></testcase><testcase classname="" name="validation_data.repositories.django_django.tests.db_functions.math.test_abs" time="0.000"><error message="collection failure">ImportError while importing test module '/home/dee/workspace/AI/Repo-Scanner/validation_data/repositories/django_django/tests/db_functions/math/test_abs.py'.
Hint: make sure your test modules/packages have valid Python names.
Traceback:
../../../.pyenv/versions/3.11.9/lib/python3.11/importlib/__init__.py:126: in import_module
    return _bootstrap._gcd_import(name[level:], package, level)
           ^^^^^^^^^^^^^^^^^^^^^^^^^^^^^^^^^^^^^^^^^^^^^^^^^^^^
validation_data/repositories/django_django/tests/db_functions/math/test_abs.py:3: in &lt;module&gt;
    from django.db.models import DecimalField
E   ModuleNotFoundError: No module named 'django'</error></testcase><testcase classname="" name="validation_data.repositories.django_django.tests.db_functions.math.test_acos" time="0.000"><error message="collection failure">ImportError while importing test module '/home/dee/workspace/AI/Repo-Scanner/validation_data/repositories/django_django/tests/db_functions/math/test_acos.py'.
Hint: make sure your test modules/packages have valid Python names.
Traceback:
../../../.pyenv/versions/3.11.9/lib/python3.11/importlib/__init__.py:126: in import_module
    return _bootstrap._gcd_import(name[level:], package, level)
           ^^^^^^^^^^^^^^^^^^^^^^^^^^^^^^^^^^^^^^^^^^^^^^^^^^^^
validation_data/repositories/django_django/tests/db_functions/math/test_acos.py:4: in &lt;module&gt;
    from django.db.models import DecimalField
E   ModuleNotFoundError: No module named 'django'</error></testcase><testcase classname="" name="validation_data.repositories.django_django.tests.db_functions.math.test_asin" time="0.000"><error message="collection failure">ImportError while importing test module '/home/dee/workspace/AI/Repo-Scanner/validation_data/repositories/django_django/tests/db_functions/math/test_asin.py'.
Hint: make sure your test modules/packages have valid Python names.
Traceback:
../../../.pyenv/versions/3.11.9/lib/python3.11/importlib/__init__.py:126: in import_module
    return _bootstrap._gcd_import(name[level:], package, level)
           ^^^^^^^^^^^^^^^^^^^^^^^^^^^^^^^^^^^^^^^^^^^^^^^^^^^^
validation_data/repositories/django_django/tests/db_functions/math/test_asin.py:4: in &lt;module&gt;
    from django.db.models import DecimalField
E   ModuleNotFoundError: No module named 'django'</error></testcase><testcase classname="" name="validation_data.repositories.django_django.tests.db_functions.math.test_atan" time="0.000"><error message="collection failure">ImportError while importing test module '/home/dee/workspace/AI/Repo-Scanner/validation_data/repositories/django_django/tests/db_functions/math/test_atan.py'.
Hint: make sure your test modules/packages have valid Python names.
Traceback:
../../../.pyenv/versions/3.11.9/lib/python3.11/importlib/__init__.py:126: in import_module
    return _bootstrap._gcd_import(name[level:], package, level)
           ^^^^^^^^^^^^^^^^^^^^^^^^^^^^^^^^^^^^^^^^^^^^^^^^^^^^
validation_data/repositories/django_django/tests/db_functions/math/test_atan.py:4: in &lt;module&gt;
    from django.db.models import DecimalField
E   ModuleNotFoundError: No module named 'django'</error></testcase><testcase classname="" name="validation_data.repositories.django_django.tests.db_functions.math.test_atan2" time="0.000"><error message="collection failure">ImportError while importing test module '/home/dee/workspace/AI/Repo-Scanner/validation_data/repositories/django_django/tests/db_functions/math/test_atan2.py'.
Hint: make sure your test modules/packages have valid Python names.
Traceback:
../../../.pyenv/versions/3.11.9/lib/python3.11/importlib/__init__.py:126: in import_module
    return _bootstrap._gcd_import(name[level:], package, level)
           ^^^^^^^^^^^^^^^^^^^^^^^^^^^^^^^^^^^^^^^^^^^^^^^^^^^^
validation_data/repositories/django_django/tests/db_functions/math/test_atan2.py:4: in &lt;module&gt;
    from django.db.models.functions import ATan2
E   ModuleNotFoundError: No module named 'django'</error></testcase><testcase classname="" name="validation_data.repositories.django_django.tests.db_functions.math.test_ceil" time="0.000"><error message="collection failure">ImportError while importing test module '/home/dee/workspace/AI/Repo-Scanner/validation_data/repositories/django_django/tests/db_functions/math/test_ceil.py'.
Hint: make sure your test modules/packages have valid Python names.
Traceback:
../../../.pyenv/versions/3.11.9/lib/python3.11/importlib/__init__.py:126: in import_module
    return _bootstrap._gcd_import(name[level:], package, level)
           ^^^^^^^^^^^^^^^^^^^^^^^^^^^^^^^^^^^^^^^^^^^^^^^^^^^^
validation_data/repositories/django_django/tests/db_functions/math/test_ceil.py:4: in &lt;module&gt;
    from django.db.models import DecimalField
E   ModuleNotFoundError: No module named 'django'</error></testcase><testcase classname="" name="validation_data.repositories.django_django.tests.db_functions.math.test_cos" time="0.000"><error message="collection failure">ImportError while importing test module '/home/dee/workspace/AI/Repo-Scanner/validation_data/repositories/django_django/tests/db_functions/math/test_cos.py'.
Hint: make sure your test modules/packages have valid Python names.
Traceback:
../../../.pyenv/versions/3.11.9/lib/python3.11/importlib/__init__.py:126: in import_module
    return _bootstrap._gcd_import(name[level:], package, level)
           ^^^^^^^^^^^^^^^^^^^^^^^^^^^^^^^^^^^^^^^^^^^^^^^^^^^^
validation_data/repositories/django_django/tests/db_functions/math/test_cos.py:4: in &lt;module&gt;
    from django.db.models import DecimalField
E   ModuleNotFoundError: No module named 'django'</error></testcase><testcase classname="" name="validation_data.repositories.django_django.tests.db_functions.math.test_cot" time="0.000"><error message="collection failure">ImportError while importing test module '/home/dee/workspace/AI/Repo-Scanner/validation_data/repositories/django_django/tests/db_functions/math/test_cot.py'.
Hint: make sure your test modules/packages have valid Python names.
Traceback:
../../../.pyenv/versions/3.11.9/lib/python3.11/importlib/__init__.py:126: in import_module
    return _bootstrap._gcd_import(name[level:], package, level)
           ^^^^^^^^^^^^^^^^^^^^^^^^^^^^^^^^^^^^^^^^^^^^^^^^^^^^
validation_data/repositories/django_django/tests/db_functions/math/test_cot.py:4: in &lt;module&gt;
    from django.db.models import DecimalField
E   ModuleNotFoundError: No module named 'django'</error></testcase><testcase classname="" name="validation_data.repositories.django_django.tests.db_functions.math.test_degrees" time="0.000"><error message="collection failure">ImportError while importing test module '/home/dee/workspace/AI/Repo-Scanner/validation_data/repositories/django_django/tests/db_functions/math/test_degrees.py'.
Hint: make sure your test modules/packages have valid Python names.
Traceback:
../../../.pyenv/versions/3.11.9/lib/python3.11/importlib/__init__.py:126: in import_module
    return _bootstrap._gcd_import(name[level:], package, level)
           ^^^^^^^^^^^^^^^^^^^^^^^^^^^^^^^^^^^^^^^^^^^^^^^^^^^^
validation_data/repositories/django_django/tests/db_functions/math/test_degrees.py:4: in &lt;module&gt;
    from django.db.models import DecimalField
E   ModuleNotFoundError: No module named 'django'</error></testcase><testcase classname="" name="validation_data.repositories.django_django.tests.db_functions.math.test_exp" time="0.000"><error message="collection failure">ImportError while importing test module '/home/dee/workspace/AI/Repo-Scanner/validation_data/repositories/django_django/tests/db_functions/math/test_exp.py'.
Hint: make sure your test modules/packages have valid Python names.
Traceback:
../../../.pyenv/versions/3.11.9/lib/python3.11/importlib/__init__.py:126: in import_module
    return _bootstrap._gcd_import(name[level:], package, level)
           ^^^^^^^^^^^^^^^^^^^^^^^^^^^^^^^^^^^^^^^^^^^^^^^^^^^^
validation_data/repositories/django_django/tests/db_functions/math/test_exp.py:4: in &lt;module&gt;
    from django.db.models import DecimalField
E   ModuleNotFoundError: No module named 'django'</error></testcase><testcase classname="" name="validation_data.repositories.django_django.tests.db_functions.math.test_floor" time="0.000"><error message="collection failure">ImportError while importing test module '/home/dee/workspace/AI/Repo-Scanner/validation_data/repositories/django_django/tests/db_functions/math/test_floor.py'.
Hint: make sure your test modules/packages have valid Python names.
Traceback:
../../../.pyenv/versions/3.11.9/lib/python3.11/importlib/__init__.py:126: in import_module
    return _bootstrap._gcd_import(name[level:], package, level)
           ^^^^^^^^^^^^^^^^^^^^^^^^^^^^^^^^^^^^^^^^^^^^^^^^^^^^
validation_data/repositories/django_django/tests/db_functions/math/test_floor.py:4: in &lt;module&gt;
    from django.db.models import DecimalField
E   ModuleNotFoundError: No module named 'django'</error></testcase><testcase classname="" name="validation_data.repositories.django_django.tests.db_functions.math.test_ln" time="0.000"><error message="collection failure">ImportError while importing test module '/home/dee/workspace/AI/Repo-Scanner/validation_data/repositories/django_django/tests/db_functions/math/test_ln.py'.
Hint: make sure your test modules/packages have valid Python names.
Traceback:
../../../.pyenv/versions/3.11.9/lib/python3.11/importlib/__init__.py:126: in import_module
    return _bootstrap._gcd_import(name[level:], package, level)
           ^^^^^^^^^^^^^^^^^^^^^^^^^^^^^^^^^^^^^^^^^^^^^^^^^^^^
validation_data/repositories/django_django/tests/db_functions/math/test_ln.py:4: in &lt;module&gt;
    from django.db.models import DecimalField
E   ModuleNotFoundError: No module named 'django'</error></testcase><testcase classname="" name="validation_data.repositories.django_django.tests.db_functions.math.test_log" time="0.000"><error message="collection failure">ImportError while importing test module '/home/dee/workspace/AI/Repo-Scanner/validation_data/repositories/django_django/tests/db_functions/math/test_log.py'.
Hint: make sure your test modules/packages have valid Python names.
Traceback:
../../../.pyenv/versions/3.11.9/lib/python3.11/importlib/__init__.py:126: in import_module
    return _bootstrap._gcd_import(name[level:], package, level)
           ^^^^^^^^^^^^^^^^^^^^^^^^^^^^^^^^^^^^^^^^^^^^^^^^^^^^
validation_data/repositories/django_django/tests/db_functions/math/test_log.py:4: in &lt;module&gt;
    from django.db.models.functions import Log
E   ModuleNotFoundError: No module named 'django'</error></testcase><testcase classname="" name="validation_data.repositories.django_django.tests.db_functions.math.test_mod" time="0.000"><error message="collection failure">ImportError while importing test module '/home/dee/workspace/AI/Repo-Scanner/validation_data/repositories/django_django/tests/db_functions/math/test_mod.py'.
Hint: make sure your test modules/packages have valid Python names.
Traceback:
../../../.pyenv/versions/3.11.9/lib/python3.11/importlib/__init__.py:126: in import_module
    return _bootstrap._gcd_import(name[level:], package, level)
           ^^^^^^^^^^^^^^^^^^^^^^^^^^^^^^^^^^^^^^^^^^^^^^^^^^^^
validation_data/repositories/django_django/tests/db_functions/math/test_mod.py:4: in &lt;module&gt;
    from django.db.models.functions import Mod
E   ModuleNotFoundError: No module named 'django'</error></testcase><testcase classname="" name="validation_data.repositories.django_django.tests.db_functions.math.test_pi" time="0.000"><error message="collection failure">ImportError while importing test module '/home/dee/workspace/AI/Repo-Scanner/validation_data/repositories/django_django/tests/db_functions/math/test_pi.py'.
Hint: make sure your test modules/packages have valid Python names.
Traceback:
../../../.pyenv/versions/3.11.9/lib/python3.11/importlib/__init__.py:126: in import_module
    return _bootstrap._gcd_import(name[level:], package, level)
           ^^^^^^^^^^^^^^^^^^^^^^^^^^^^^^^^^^^^^^^^^^^^^^^^^^^^
validation_data/repositories/django_django/tests/db_functions/math/test_pi.py:3: in &lt;module&gt;
    from django.db.models.functions import Pi
E   ModuleNotFoundError: No module named 'django'</error></testcase><testcase classname="" name="validation_data.repositories.django_django.tests.db_functions.math.test_power" time="0.000"><error message="collection failure">ImportError while importing test module '/home/dee/workspace/AI/Repo-Scanner/validation_data/repositories/django_django/tests/db_functions/math/test_power.py'.
Hint: make sure your test modules/packages have valid Python names.
Traceback:
../../../.pyenv/versions/3.11.9/lib/python3.11/importlib/__init__.py:126: in import_module
    return _bootstrap._gcd_import(name[level:], package, level)
           ^^^^^^^^^^^^^^^^^^^^^^^^^^^^^^^^^^^^^^^^^^^^^^^^^^^^
validation_data/repositories/django_django/tests/db_functions/math/test_power.py:3: in &lt;module&gt;
    from django.db.models.functions import Power
E   ModuleNotFoundError: No module named 'django'</error></testcase><testcase classname="" name="validation_data.repositories.django_django.tests.db_functions.math.test_radians" time="0.000"><error message="collection failure">ImportError while importing test module '/home/dee/workspace/AI/Repo-Scanner/validation_data/repositories/django_django/tests/db_functions/math/test_radians.py'.
Hint: make sure your test modules/packages have valid Python names.
Traceback:
../../../.pyenv/versions/3.11.9/lib/python3.11/importlib/__init__.py:126: in import_module
    return _bootstrap._gcd_import(name[level:], package, level)
           ^^^^^^^^^^^^^^^^^^^^^^^^^^^^^^^^^^^^^^^^^^^^^^^^^^^^
validation_data/repositories/django_django/tests/db_functions/math/test_radians.py:4: in &lt;module&gt;
    from django.db.models import DecimalField
E   ModuleNotFoundError: No module named 'django'</error></testcase><testcase classname="" name="validation_data.repositories.django_django.tests.db_functions.math.test_random" time="0.000"><error message="collection failure">ImportError while importing test module '/home/dee/workspace/AI/Repo-Scanner/validation_data/repositories/django_django/tests/db_functions/math/test_random.py'.
Hint: make sure your test modules/packages have valid Python names.
Traceback:
../../../.pyenv/versions/3.11.9/lib/python3.11/importlib/__init__.py:126: in import_module
    return _bootstrap._gcd_import(name[level:], package, level)
           ^^^^^^^^^^^^^^^^^^^^^^^^^^^^^^^^^^^^^^^^^^^^^^^^^^^^
validation_data/repositories/django_django/tests/db_functions/math/test_random.py:1: in &lt;module&gt;
    from django.db.models.functions import Random
E   ModuleNotFoundError: No module named 'django'</error></testcase><testcase classname="" name="validation_data.repositories.django_django.tests.db_functions.math.test_round" time="0.000"><error message="collection failure">ImportError while importing test module '/home/dee/workspace/AI/Repo-Scanner/validation_data/repositories/django_django/tests/db_functions/math/test_round.py'.
Hint: make sure your test modules/packages have valid Python names.
Traceback:
../../../.pyenv/versions/3.11.9/lib/python3.11/importlib/__init__.py:126: in import_module
    return _bootstrap._gcd_import(name[level:], package, level)
           ^^^^^^^^^^^^^^^^^^^^^^^^^^^^^^^^^^^^^^^^^^^^^^^^^^^^
validation_data/repositories/django_django/tests/db_functions/math/test_round.py:4: in &lt;module&gt;
    from django.db import connection
E   ModuleNotFoundError: No module named 'django'</error></testcase><testcase classname="" name="validation_data.repositories.django_django.tests.db_functions.math.test_sign" time="0.000"><error message="collection failure">ImportError while importing test module '/home/dee/workspace/AI/Repo-Scanner/validation_data/repositories/django_django/tests/db_functions/math/test_sign.py'.
Hint: make sure your test modules/packages have valid Python names.
Traceback:
../../../.pyenv/versions/3.11.9/lib/python3.11/importlib/__init__.py:126: in import_module
    return _bootstrap._gcd_import(name[level:], package, level)
           ^^^^^^^^^^^^^^^^^^^^^^^^^^^^^^^^^^^^^^^^^^^^^^^^^^^^
validation_data/repositories/django_django/tests/db_functions/math/test_sign.py:3: in &lt;module&gt;
    from django.db.models import DecimalField
E   ModuleNotFoundError: No module named 'django'</error></testcase><testcase classname="" name="validation_data.repositories.django_django.tests.db_functions.math.test_sin" time="0.000"><error message="collection failure">ImportError while importing test module '/home/dee/workspace/AI/Repo-Scanner/validation_data/repositories/django_django/tests/db_functions/math/test_sin.py'.
Hint: make sure your test modules/packages have valid Python names.
Traceback:
../../../.pyenv/versions/3.11.9/lib/python3.11/importlib/__init__.py:126: in import_module
    return _bootstrap._gcd_import(name[level:], package, level)
           ^^^^^^^^^^^^^^^^^^^^^^^^^^^^^^^^^^^^^^^^^^^^^^^^^^^^
validation_data/repositories/django_django/tests/db_functions/math/test_sin.py:4: in &lt;module&gt;
    from django.db.models import DecimalField
E   ModuleNotFoundError: No module named 'django'</error></testcase><testcase classname="" name="validation_data.repositories.django_django.tests.db_functions.math.test_sqrt" time="0.000"><error message="collection failure">ImportError while importing test module '/home/dee/workspace/AI/Repo-Scanner/validation_data/repositories/django_django/tests/db_functions/math/test_sqrt.py'.
Hint: make sure your test modules/packages have valid Python names.
Traceback:
../../../.pyenv/versions/3.11.9/lib/python3.11/importlib/__init__.py:126: in import_module
    return _bootstrap._gcd_import(name[level:], package, level)
           ^^^^^^^^^^^^^^^^^^^^^^^^^^^^^^^^^^^^^^^^^^^^^^^^^^^^
validation_data/repositories/django_django/tests/db_functions/math/test_sqrt.py:4: in &lt;module&gt;
    from django.db.models import DecimalField
E   ModuleNotFoundError: No module named 'django'</error></testcase><testcase classname="" name="validation_data.repositories.django_django.tests.db_functions.math.test_tan" time="0.000"><error message="collection failure">ImportError while importing test module '/home/dee/workspace/AI/Repo-Scanner/validation_data/repositories/django_django/tests/db_functions/math/test_tan.py'.
Hint: make sure your test modules/packages have valid Python names.
Traceback:
../../../.pyenv/versions/3.11.9/lib/python3.11/importlib/__init__.py:126: in import_module
    return _bootstrap._gcd_import(name[level:], package, level)
           ^^^^^^^^^^^^^^^^^^^^^^^^^^^^^^^^^^^^^^^^^^^^^^^^^^^^
validation_data/repositories/django_django/tests/db_functions/math/test_tan.py:4: in &lt;module&gt;
    from django.db.models import DecimalField
E   ModuleNotFoundError: No module named 'django'</error></testcase><testcase classname="" name="validation_data.repositories.django_django.tests.db_functions.test_uuid" time="0.000"><error message="collection failure">ImportError while importing test module '/home/dee/workspace/AI/Repo-Scanner/validation_data/repositories/django_django/tests/db_functions/test_uuid.py'.
Hint: make sure your test modules/packages have valid Python names.
Traceback:
../../../.pyenv/versions/3.11.9/lib/python3.11/importlib/__init__.py:126: in import_module
    return _bootstrap._gcd_import(name[level:], package, level)
           ^^^^^^^^^^^^^^^^^^^^^^^^^^^^^^^^^^^^^^^^^^^^^^^^^^^^
validation_data/repositories/django_django/tests/db_functions/test_uuid.py:4: in &lt;module&gt;
    from django.db import NotSupportedError, connection
E   ModuleNotFoundError: No module named 'django'</error></testcase><testcase classname="" name="validation_data.repositories.django_django.tests.db_functions.text.test_chr" time="0.000"><error message="collection failure">ImportError while importing test module '/home/dee/workspace/AI/Repo-Scanner/validation_data/repositories/django_django/tests/db_functions/text/test_chr.py'.
Hint: make sure your test modules/packages have valid Python names.
Traceback:
../../../.pyenv/versions/3.11.9/lib/python3.11/importlib/__init__.py:126: in import_module
    return _bootstrap._gcd_import(name[level:], package, level)
           ^^^^^^^^^^^^^^^^^^^^^^^^^^^^^^^^^^^^^^^^^^^^^^^^^^^^
validation_data/repositories/django_django/tests/db_functions/text/test_chr.py:1: in &lt;module&gt;
    from django.db.models import F, IntegerField
E   ModuleNotFoundError: No module named 'django'</error></testcase><testcase classname="" name="validation_data.repositories.django_django.tests.db_functions.text.test_concat" time="0.000"><error message="collection failure">ImportError while importing test module '/home/dee/workspace/AI/Repo-Scanner/validation_data/repositories/django_django/tests/db_functions/text/test_concat.py'.
Hint: make sure your test modules/packages have valid Python names.
Traceback:
../../../.pyenv/versions/3.11.9/lib/python3.11/importlib/__init__.py:126: in import_module
    return _bootstrap._gcd_import(name[level:], package, level)
           ^^^^^^^^^^^^^^^^^^^^^^^^^^^^^^^^^^^^^^^^^^^^^^^^^^^^
validation_data/repositories/django_django/tests/db_functions/text/test_concat.py:3: in &lt;module&gt;
    from django.db import connection
E   ModuleNotFoundError: No module named 'django'</error></testcase><testcase classname="" name="validation_data.repositories.django_django.tests.db_functions.text.test_left" time="0.000"><error message="collection failure">ImportError while importing test module '/home/dee/workspace/AI/Repo-Scanner/validation_data/repositories/django_django/tests/db_functions/text/test_left.py'.
Hint: make sure your test modules/packages have valid Python names.
Traceback:
../../../.pyenv/versions/3.11.9/lib/python3.11/importlib/__init__.py:126: in import_module
    return _bootstrap._gcd_import(name[level:], package, level)
           ^^^^^^^^^^^^^^^^^^^^^^^^^^^^^^^^^^^^^^^^^^^^^^^^^^^^
validation_data/repositories/django_django/tests/db_functions/text/test_left.py:1: in &lt;module&gt;
    from django.db.models import IntegerField, Value
E   ModuleNotFoundError: No module named 'django'</error></testcase><testcase classname="" name="validation_data.repositories.django_django.tests.db_functions.text.test_length" time="0.000"><error message="collection failure">ImportError while importing test module '/home/dee/workspace/AI/Repo-Scanner/validation_data/repositories/django_django/tests/db_functions/text/test_length.py'.
Hint: make sure your test modules/packages have valid Python names.
Traceback:
../../../.pyenv/versions/3.11.9/lib/python3.11/importlib/__init__.py:126: in import_module
    return _bootstrap._gcd_import(name[level:], package, level)
           ^^^^^^^^^^^^^^^^^^^^^^^^^^^^^^^^^^^^^^^^^^^^^^^^^^^^
validation_data/repositories/django_django/tests/db_functions/text/test_length.py:1: in &lt;module&gt;
    from django.db.models import CharField
E   ModuleNotFoundError: No module named 'django'</error></testcase><testcase classname="" name="validation_data.repositories.django_django.tests.db_functions.text.test_lower" time="0.000"><error message="collection failure">ImportError while importing test module '/home/dee/workspace/AI/Repo-Scanner/validation_data/repositories/django_django/tests/db_functions/text/test_lower.py'.
Hint: make sure your test modules/packages have valid Python names.
Traceback:
../../../.pyenv/versions/3.11.9/lib/python3.11/importlib/__init__.py:126: in import_module
    return _bootstrap._gcd_import(name[level:], package, level)
           ^^^^^^^^^^^^^^^^^^^^^^^^^^^^^^^^^^^^^^^^^^^^^^^^^^^^
validation_data/repositories/django_django/tests/db_functions/text/test_lower.py:1: in &lt;module&gt;
    from django.db.models import CharField
E   ModuleNotFoundError: No module named 'django'</error></testcase><testcase classname="" name="validation_data.repositories.django_django.tests.db_functions.text.test_md5" time="0.000"><error message="collection failure">ImportError while importing test module '/home/dee/workspace/AI/Repo-Scanner/validation_data/repositories/django_django/tests/db_functions/text/test_md5.py'.
Hint: make sure your test modules/packages have valid Python names.
Traceback:
../../../.pyenv/versions/3.11.9/lib/python3.11/importlib/__init__.py:126: in import_module
    return _bootstrap._gcd_import(name[level:], package, level)
           ^^^^^^^^^^^^^^^^^^^^^^^^^^^^^^^^^^^^^^^^^^^^^^^^^^^^
validation_data/repositories/django_django/tests/db_functions/text/test_md5.py:1: in &lt;module&gt;
    from django.db import connection
E   ModuleNotFoundError: No module named 'django'</error></testcase><testcase classname="" name="validation_data.repositories.django_django.tests.db_functions.text.test_ord" time="0.000"><error message="collection failure">ImportError while importing test module '/home/dee/workspace/AI/Repo-Scanner/validation_data/repositories/django_django/tests/db_functions/text/test_ord.py'.
Hint: make sure your test modules/packages have valid Python names.
Traceback:
../../../.pyenv/versions/3.11.9/lib/python3.11/importlib/__init__.py:126: in import_module
    return _bootstrap._gcd_import(name[level:], package, level)
           ^^^^^^^^^^^^^^^^^^^^^^^^^^^^^^^^^^^^^^^^^^^^^^^^^^^^
validation_data/repositories/django_django/tests/db_functions/text/test_ord.py:1: in &lt;module&gt;
    from django.db.models import CharField, Value
E   ModuleNotFoundError: No module named 'django'</error></testcase><testcase classname="" name="validation_data.repositories.django_django.tests.db_functions.text.test_pad" time="0.000"><error message="collection failure">ImportError while importing test module '/home/dee/workspace/AI/Repo-Scanner/validation_data/repositories/django_django/tests/db_functions/text/test_pad.py'.
Hint: make sure your test modules/packages have valid Python names.
Traceback:
../../../.pyenv/versions/3.11.9/lib/python3.11/importlib/__init__.py:126: in import_module
    return _bootstrap._gcd_import(name[level:], package, level)
           ^^^^^^^^^^^^^^^^^^^^^^^^^^^^^^^^^^^^^^^^^^^^^^^^^^^^
validation_data/repositories/django_django/tests/db_functions/text/test_pad.py:1: in &lt;module&gt;
    from django.db import connection
E   ModuleNotFoundError: No module named 'django'</error></testcase><testcase classname="" name="validation_data.repositories.django_django.tests.db_functions.text.test_repeat" time="0.000"><error message="collection failure">ImportError while importing test module '/home/dee/workspace/AI/Repo-Scanner/validation_data/repositories/django_django/tests/db_functions/text/test_repeat.py'.
Hint: make sure your test modules/packages have valid Python names.
Traceback:
../../../.pyenv/versions/3.11.9/lib/python3.11/importlib/__init__.py:126: in import_module
    return _bootstrap._gcd_import(name[level:], package, level)
           ^^^^^^^^^^^^^^^^^^^^^^^^^^^^^^^^^^^^^^^^^^^^^^^^^^^^
validation_data/repositories/django_django/tests/db_functions/text/test_repeat.py:1: in &lt;module&gt;
    from django.db import connection
E   ModuleNotFoundError: No module named 'django'</error></testcase><testcase classname="" name="validation_data.repositories.django_django.tests.db_functions.text.test_replace" time="0.000"><error message="collection failure">ImportError while importing test module '/home/dee/workspace/AI/Repo-Scanner/validation_data/repositories/django_django/tests/db_functions/text/test_replace.py'.
Hint: make sure your test modules/packages have valid Python names.
Traceback:
../../../.pyenv/versions/3.11.9/lib/python3.11/importlib/__init__.py:126: in import_module
    return _bootstrap._gcd_import(name[level:], package, level)
           ^^^^^^^^^^^^^^^^^^^^^^^^^^^^^^^^^^^^^^^^^^^^^^^^^^^^
validation_data/repositories/django_django/tests/db_functions/text/test_replace.py:1: in &lt;module&gt;
    from django.db.models import F, Value
E   ModuleNotFoundError: No module named 'django'</error></testcase><testcase classname="" name="validation_data.repositories.django_django.tests.db_functions.text.test_reverse" time="0.000"><error message="collection failure">ImportError while importing test module '/home/dee/workspace/AI/Repo-Scanner/validation_data/repositories/django_django/tests/db_functions/text/test_reverse.py'.
Hint: make sure your test modules/packages have valid Python names.
Traceback:
../../../.pyenv/versions/3.11.9/lib/python3.11/importlib/__init__.py:126: in import_module
    return _bootstrap._gcd_import(name[level:], package, level)
           ^^^^^^^^^^^^^^^^^^^^^^^^^^^^^^^^^^^^^^^^^^^^^^^^^^^^
validation_data/repositories/django_django/tests/db_functions/text/test_reverse.py:1: in &lt;module&gt;
    from django.db import connection
E   ModuleNotFoundError: No module named 'django'</error></testcase><testcase classname="" name="validation_data.repositories.django_django.tests.db_functions.text.test_right" time="0.000"><error message="collection failure">ImportError while importing test module '/home/dee/workspace/AI/Repo-Scanner/validation_data/repositories/django_django/tests/db_functions/text/test_right.py'.
Hint: make sure your test modules/packages have valid Python names.
Traceback:
../../../.pyenv/versions/3.11.9/lib/python3.11/importlib/__init__.py:126: in import_module
    return _bootstrap._gcd_import(name[level:], package, level)
           ^^^^^^^^^^^^^^^^^^^^^^^^^^^^^^^^^^^^^^^^^^^^^^^^^^^^
validation_data/repositories/django_django/tests/db_functions/text/test_right.py:1: in &lt;module&gt;
    from django.db import connection
E   ModuleNotFoundError: No module named 'django'</error></testcase><testcase classname="" name="validation_data.repositories.django_django.tests.db_functions.text.test_sha1" time="0.000"><error message="collection failure">ImportError while importing test module '/home/dee/workspace/AI/Repo-Scanner/validation_data/repositories/django_django/tests/db_functions/text/test_sha1.py'.
Hint: make sure your test modules/packages have valid Python names.
Traceback:
../../../.pyenv/versions/3.11.9/lib/python3.11/importlib/__init__.py:126: in import_module
    return _bootstrap._gcd_import(name[level:], package, level)
           ^^^^^^^^^^^^^^^^^^^^^^^^^^^^^^^^^^^^^^^^^^^^^^^^^^^^
validation_data/repositories/django_django/tests/db_functions/text/test_sha1.py:1: in &lt;module&gt;
    from django.db import connection
E   ModuleNotFoundError: No module named 'django'</error></testcase><testcase classname="" name="validation_data.repositories.django_django.tests.db_functions.text.test_sha224" time="0.000"><error message="collection failure">ImportError while importing test module '/home/dee/workspace/AI/Repo-Scanner/validation_data/repositories/django_django/tests/db_functions/text/test_sha224.py'.
Hint: make sure your test modules/packages have valid Python names.
Traceback:
../../../.pyenv/versions/3.11.9/lib/python3.11/importlib/__init__.py:126: in import_module
    return _bootstrap._gcd_import(name[level:], package, level)
           ^^^^^^^^^^^^^^^^^^^^^^^^^^^^^^^^^^^^^^^^^^^^^^^^^^^^
validation_data/repositories/django_django/tests/db_functions/text/test_sha224.py:3: in &lt;module&gt;
    from django.db import NotSupportedError, connection
E   ModuleNotFoundError: No module named 'django'</error></testcase><testcase classname="" name="validation_data.repositories.django_django.tests.db_functions.text.test_sha256" time="0.000"><error message="collection failure">ImportError while importing test module '/home/dee/workspace/AI/Repo-Scanner/validation_data/repositories/django_django/tests/db_functions/text/test_sha256.py'.
Hint: make sure your test modules/packages have valid Python names.
Traceback:
../../../.pyenv/versions/3.11.9/lib/python3.11/importlib/__init__.py:126: in import_module
    return _bootstrap._gcd_import(name[level:], package, level)
           ^^^^^^^^^^^^^^^^^^^^^^^^^^^^^^^^^^^^^^^^^^^^^^^^^^^^
validation_data/repositories/django_django/tests/db_functions/text/test_sha256.py:1: in &lt;module&gt;
    from django.db import connection
E   ModuleNotFoundError: No module named 'django'</error></testcase><testcase classname="" name="validation_data.repositories.django_django.tests.db_functions.text.test_sha384" time="0.000"><error message="collection failure">ImportError while importing test module '/home/dee/workspace/AI/Repo-Scanner/validation_data/repositories/django_django/tests/db_functions/text/test_sha384.py'.
Hint: make sure your test modules/packages have valid Python names.
Traceback:
../../../.pyenv/versions/3.11.9/lib/python3.11/importlib/__init__.py:126: in import_module
    return _bootstrap._gcd_import(name[level:], package, level)
           ^^^^^^^^^^^^^^^^^^^^^^^^^^^^^^^^^^^^^^^^^^^^^^^^^^^^
validation_data/repositories/django_django/tests/db_functions/text/test_sha384.py:1: in &lt;module&gt;
    from django.db import connection
E   ModuleNotFoundError: No module named 'django'</error></testcase><testcase classname="" name="validation_data.repositories.django_django.tests.db_functions.text.test_sha512" time="0.000"><error message="collection failure">ImportError while importing test module '/home/dee/workspace/AI/Repo-Scanner/validation_data/repositories/django_django/tests/db_functions/text/test_sha512.py'.
Hint: make sure your test modules/packages have valid Python names.
Traceback:
../../../.pyenv/versions/3.11.9/lib/python3.11/importlib/__init__.py:126: in import_module
    return _bootstrap._gcd_import(name[level:], package, level)
           ^^^^^^^^^^^^^^^^^^^^^^^^^^^^^^^^^^^^^^^^^^^^^^^^^^^^
validation_data/repositories/django_django/tests/db_functions/text/test_sha512.py:1: in &lt;module&gt;
    from django.db import connection
E   ModuleNotFoundError: No module named 'django'</error></testcase><testcase classname="" name="validation_data.repositories.django_django.tests.db_functions.text.test_strindex" time="0.000"><error message="collection failure">ImportError while importing test module '/home/dee/workspace/AI/Repo-Scanner/validation_data/repositories/django_django/tests/db_functions/text/test_strindex.py'.
Hint: make sure your test modules/packages have valid Python names.
Traceback:
../../../.pyenv/versions/3.11.9/lib/python3.11/importlib/__init__.py:126: in import_module
    return _bootstrap._gcd_import(name[level:], package, level)
           ^^^^^^^^^^^^^^^^^^^^^^^^^^^^^^^^^^^^^^^^^^^^^^^^^^^^
validation_data/repositories/django_django/tests/db_functions/text/test_strindex.py:1: in &lt;module&gt;
    from django.db.models import Value
E   ModuleNotFoundError: No module named 'django'</error></testcase><testcase classname="" name="validation_data.repositories.django_django.tests.db_functions.text.test_substr" time="0.000"><error message="collection failure">ImportError while importing test module '/home/dee/workspace/AI/Repo-Scanner/validation_data/repositories/django_django/tests/db_functions/text/test_substr.py'.
Hint: make sure your test modules/packages have valid Python names.
Traceback:
../../../.pyenv/versions/3.11.9/lib/python3.11/importlib/__init__.py:126: in import_module
    return _bootstrap._gcd_import(name[level:], package, level)
           ^^^^^^^^^^^^^^^^^^^^^^^^^^^^^^^^^^^^^^^^^^^^^^^^^^^^
validation_data/repositories/django_django/tests/db_functions/text/test_substr.py:1: in &lt;module&gt;
    from django.db.models import Value as V
E   ModuleNotFoundError: No module named 'django'</error></testcase><testcase classname="" name="validation_data.repositories.django_django.tests.db_functions.text.test_trim" time="0.000"><error message="collection failure">ImportError while importing test module '/home/dee/workspace/AI/Repo-Scanner/validation_data/repositories/django_django/tests/db_functions/text/test_trim.py'.
Hint: make sure your test modules/packages have valid Python names.
Traceback:
../../../.pyenv/versions/3.11.9/lib/python3.11/importlib/__init__.py:126: in import_module
    return _bootstrap._gcd_import(name[level:], package, level)
           ^^^^^^^^^^^^^^^^^^^^^^^^^^^^^^^^^^^^^^^^^^^^^^^^^^^^
validation_data/repositories/django_django/tests/db_functions/text/test_trim.py:1: in &lt;module&gt;
    from django.db.models import CharField
E   ModuleNotFoundError: No module named 'django'</error></testcase><testcase classname="" name="validation_data.repositories.django_django.tests.db_functions.text.test_upper" time="0.000"><error message="collection failure">ImportError while importing test module '/home/dee/workspace/AI/Repo-Scanner/validation_data/repositories/django_django/tests/db_functions/text/test_upper.py'.
Hint: make sure your test modules/packages have valid Python names.
Traceback:
../../../.pyenv/versions/3.11.9/lib/python3.11/importlib/__init__.py:126: in import_module
    return _bootstrap._gcd_import(name[level:], package, level)
           ^^^^^^^^^^^^^^^^^^^^^^^^^^^^^^^^^^^^^^^^^^^^^^^^^^^^
validation_data/repositories/django_django/tests/db_functions/text/test_upper.py:1: in &lt;module&gt;
    from django.db.models import CharField
E   ModuleNotFoundError: No module named 'django'</error></testcase><testcase classname="" name="validation_data.repositories.django_django.tests.db_functions.window.test_validation" time="0.000"><error message="collection failure">ImportError while importing test module '/home/dee/workspace/AI/Repo-Scanner/validation_data/repositories/django_django/tests/db_functions/window/test_validation.py'.
Hint: make sure your test modules/packages have valid Python names.
Traceback:
../../../.pyenv/versions/3.11.9/lib/python3.11/importlib/__init__.py:126: in import_module
    return _bootstrap._gcd_import(name[level:], package, level)
           ^^^^^^^^^^^^^^^^^^^^^^^^^^^^^^^^^^^^^^^^^^^^^^^^^^^^
validation_data/repositories/django_django/tests/db_functions/window/test_validation.py:1: in &lt;module&gt;
    from django.db.models.functions import Lag, Lead, NthValue, Ntile
E   ModuleNotFoundError: No module named 'django'</error></testcase><testcase classname="" name="validation_data.repositories.django_django.tests.dbshell.test_mysql" time="0.000"><error message="collection failure">ImportError while importing test module '/home/dee/workspace/AI/Repo-Scanner/validation_data/repositories/django_django/tests/dbshell/test_mysql.py'.
Hint: make sure your test modules/packages have valid Python names.
Traceback:
../../../.pyenv/versions/3.11.9/lib/python3.11/importlib/__init__.py:126: in import_module
    return _bootstrap._gcd_import(name[level:], package, level)
           ^^^^^^^^^^^^^^^^^^^^^^^^^^^^^^^^^^^^^^^^^^^^^^^^^^^^
validation_data/repositories/django_django/tests/dbshell/test_mysql.py:8: in &lt;module&gt;
    from django.db import connection
E   ModuleNotFoundError: No module named 'django'</error></testcase><testcase classname="" name="validation_data.repositories.django_django.tests.dbshell.test_oracle" time="0.000"><error message="collection failure">ImportError while importing test module '/home/dee/workspace/AI/Repo-Scanner/validation_data/repositories/django_django/tests/dbshell/test_oracle.py'.
Hint: make sure your test modules/packages have valid Python names.
Traceback:
../../../.pyenv/versions/3.11.9/lib/python3.11/importlib/__init__.py:126: in import_module
    return _bootstrap._gcd_import(name[level:], package, level)
           ^^^^^^^^^^^^^^^^^^^^^^^^^^^^^^^^^^^^^^^^^^^^^^^^^^^^
validation_data/repositories/django_django/tests/dbshell/test_oracle.py:3: in &lt;module&gt;
    from django.db import connection
E   ModuleNotFoundError: No module named 'django'</error></testcase><testcase classname="" name="validation_data.repositories.django_django.tests.dbshell.test_postgresql" time="0.000"><error message="collection failure">ImportError while importing test module '/home/dee/workspace/AI/Repo-Scanner/validation_data/repositories/django_django/tests/dbshell/test_postgresql.py'.
Hint: make sure your test modules/packages have valid Python names.
Traceback:
../../../.pyenv/versions/3.11.9/lib/python3.11/importlib/__init__.py:126: in import_module
    return _bootstrap._gcd_import(name[level:], package, level)
           ^^^^^^^^^^^^^^^^^^^^^^^^^^^^^^^^^^^^^^^^^^^^^^^^^^^^
validation_data/repositories/django_django/tests/dbshell/test_postgresql.py:8: in &lt;module&gt;
    from django.db import connection
E   ModuleNotFoundError: No module named 'django'</error></testcase><testcase classname="" name="validation_data.repositories.django_django.tests.dbshell.test_sqlite" time="0.000"><error message="collection failure">ImportError while importing test module '/home/dee/workspace/AI/Repo-Scanner/validation_data/repositories/django_django/tests/dbshell/test_sqlite.py'.
Hint: make sure your test modules/packages have valid Python names.
Traceback:
../../../.pyenv/versions/3.11.9/lib/python3.11/importlib/__init__.py:126: in import_module
    return _bootstrap._gcd_import(name[level:], package, level)
           ^^^^^^^^^^^^^^^^^^^^^^^^^^^^^^^^^^^^^^^^^^^^^^^^^^^^
validation_data/repositories/django_django/tests/dbshell/test_sqlite.py:5: in &lt;module&gt;
    from django.core.management import CommandError, call_command
E   ModuleNotFoundError: No module named 'django'</error></testcase><testcase classname="" name="validation_data.repositories.django_django.tests.decorators.test_cache" time="0.000"><error message="collection failure">ImportError while importing test module '/home/dee/workspace/AI/Repo-Scanner/validation_data/repositories/django_django/tests/decorators/test_cache.py'.
Hint: make sure your test modules/packages have valid Python names.
Traceback:
../../../.pyenv/versions/3.11.9/lib/python3.11/importlib/__init__.py:126: in import_module
    return _bootstrap._gcd_import(name[level:], package, level)
           ^^^^^^^^^^^^^^^^^^^^^^^^^^^^^^^^^^^^^^^^^^^^^^^^^^^^
validation_data/repositories/django_django/tests/decorators/test_cache.py:5: in &lt;module&gt;
    from django.http import HttpRequest, HttpResponse
E   ModuleNotFoundError: No module named 'django'</error></testcase><testcase classname="" name="validation_data.repositories.django_django.tests.decorators.test_clickjacking" time="0.000"><error message="collection failure">ImportError while importing test module '/home/dee/workspace/AI/Repo-Scanner/validation_data/repositories/django_django/tests/decorators/test_clickjacking.py'.
Hint: make sure your test modules/packages have valid Python names.
Traceback:
../../../.pyenv/versions/3.11.9/lib/python3.11/importlib/__init__.py:126: in import_module
    return _bootstrap._gcd_import(name[level:], package, level)
           ^^^^^^^^^^^^^^^^^^^^^^^^^^^^^^^^^^^^^^^^^^^^^^^^^^^^
validation_data/repositories/django_django/tests/decorators/test_clickjacking.py:3: in &lt;module&gt;
    from django.http import HttpRequest, HttpResponse
E   ModuleNotFoundError: No module named 'django'</error></testcase><testcase classname="" name="validation_data.repositories.django_django.tests.decorators.test_common" time="0.000"><error message="collection failure">ImportError while importing test module '/home/dee/workspace/AI/Repo-Scanner/validation_data/repositories/django_django/tests/decorators/test_common.py'.
Hint: make sure your test modules/packages have valid Python names.
Traceback:
../../../.pyenv/versions/3.11.9/lib/python3.11/importlib/__init__.py:126: in import_module
    return _bootstrap._gcd_import(name[level:], package, level)
           ^^^^^^^^^^^^^^^^^^^^^^^^^^^^^^^^^^^^^^^^^^^^^^^^^^^^
validation_data/repositories/django_django/tests/decorators/test_common.py:3: in &lt;module&gt;
    from django.http import HttpRequest, HttpResponse
E   ModuleNotFoundError: No module named 'django'</error></testcase><testcase classname="" name="validation_data.repositories.django_django.tests.decorators.test_csp" time="0.000"><error message="collection failure">ImportError while importing test module '/home/dee/workspace/AI/Repo-Scanner/validation_data/repositories/django_django/tests/decorators/test_csp.py'.
Hint: make sure your test modules/packages have valid Python names.
Traceback:
../../../.pyenv/versions/3.11.9/lib/python3.11/importlib/__init__.py:126: in import_module
    return _bootstrap._gcd_import(name[level:], package, level)
           ^^^^^^^^^^^^^^^^^^^^^^^^^^^^^^^^^^^^^^^^^^^^^^^^^^^^
validation_data/repositories/django_django/tests/decorators/test_csp.py:5: in &lt;module&gt;
    from django.http import HttpRequest, HttpResponse
E   ModuleNotFoundError: No module named 'django'</error></testcase><testcase classname="" name="validation_data.repositories.django_django.tests.decorators.test_csrf" time="0.000"><error message="collection failure">ImportError while importing test module '/home/dee/workspace/AI/Repo-Scanner/validation_data/repositories/django_django/tests/decorators/test_csrf.py'.
Hint: make sure your test modules/packages have valid Python names.
Traceback:
../../../.pyenv/versions/3.11.9/lib/python3.11/importlib/__init__.py:126: in import_module
    return _bootstrap._gcd_import(name[level:], package, level)
           ^^^^^^^^^^^^^^^^^^^^^^^^^^^^^^^^^^^^^^^^^^^^^^^^^^^^
validation_data/repositories/django_django/tests/decorators/test_csrf.py:3: in &lt;module&gt;
    from django.conf import settings
E   ModuleNotFoundError: No module named 'django'</error></testcase><testcase classname="" name="validation_data.repositories.django_django.tests.decorators.test_gzip" time="0.000"><error message="collection failure">ImportError while importing test module '/home/dee/workspace/AI/Repo-Scanner/validation_data/repositories/django_django/tests/decorators/test_gzip.py'.
Hint: make sure your test modules/packages have valid Python names.
Traceback:
../../../.pyenv/versions/3.11.9/lib/python3.11/importlib/__init__.py:126: in import_module
    return _bootstrap._gcd_import(name[level:], package, level)
           ^^^^^^^^^^^^^^^^^^^^^^^^^^^^^^^^^^^^^^^^^^^^^^^^^^^^
validation_data/repositories/django_django/tests/decorators/test_gzip.py:3: in &lt;module&gt;
    from django.http import HttpRequest, HttpResponse
E   ModuleNotFoundError: No module named 'django'</error></testcase><testcase classname="" name="validation_data.repositories.django_django.tests.decorators.test_http" time="0.000"><error message="collection failure">ImportError while importing test module '/home/dee/workspace/AI/Repo-Scanner/validation_data/repositories/django_django/tests/decorators/test_http.py'.
Hint: make sure your test modules/packages have valid Python names.
Traceback:
../../../.pyenv/versions/3.11.9/lib/python3.11/importlib/__init__.py:126: in import_module
    return _bootstrap._gcd_import(name[level:], package, level)
           ^^^^^^^^^^^^^^^^^^^^^^^^^^^^^^^^^^^^^^^^^^^^^^^^^^^^
validation_data/repositories/django_django/tests/decorators/test_http.py:5: in &lt;module&gt;
    from django.http import HttpRequest, HttpResponse, HttpResponseNotAllowed
E   ModuleNotFoundError: No module named 'django'</error></testcase><testcase classname="" name="validation_data.repositories.django_django.tests.decorators.test_vary" time="0.000"><error message="collection failure">ImportError while importing test module '/home/dee/workspace/AI/Repo-Scanner/validation_data/repositories/django_django/tests/decorators/test_vary.py'.
Hint: make sure your test modules/packages have valid Python names.
Traceback:
../../../.pyenv/versions/3.11.9/lib/python3.11/importlib/__init__.py:126: in import_module
    return _bootstrap._gcd_import(name[level:], package, level)
           ^^^^^^^^^^^^^^^^^^^^^^^^^^^^^^^^^^^^^^^^^^^^^^^^^^^^
validation_data/repositories/django_django/tests/decorators/test_vary.py:3: in &lt;module&gt;
    from django.http import HttpRequest, HttpResponse
E   ModuleNotFoundError: No module named 'django'</error></testcase><testcase classname="" name="validation_data.repositories.django_django.tests.deprecation.test_deprecate_posargs" time="0.000"><error message="collection failure">ImportError while importing test module '/home/dee/workspace/AI/Repo-Scanner/validation_data/repositories/django_django/tests/deprecation/test_deprecate_posargs.py'.
Hint: make sure your test modules/packages have valid Python names.
Traceback:
../../../.pyenv/versions/3.11.9/lib/python3.11/importlib/__init__.py:126: in import_module
    return _bootstrap._gcd_import(name[level:], package, level)
           ^^^^^^^^^^^^^^^^^^^^^^^^^^^^^^^^^^^^^^^^^^^^^^^^^^^^
validation_data/repositories/django_django/tests/deprecation/test_deprecate_posargs.py:3: in &lt;module&gt;
    from django.test import SimpleTestCase
E   ModuleNotFoundError: No module named 'django'</error></testcase><testcase classname="" name="validation_data.repositories.django_django.tests.deprecation.test_middleware_mixin" time="0.000"><error message="collection failure">ImportError while importing test module '/home/dee/workspace/AI/Repo-Scanner/validation_data/repositories/django_django/tests/deprecation/test_middleware_mixin.py'.
Hint: make sure your test modules/packages have valid Python names.
Traceback:
../../../.pyenv/versions/3.11.9/lib/python3.11/importlib/__init__.py:126: in import_module
    return _bootstrap._gcd_import(name[level:], package, level)
           ^^^^^^^^^^^^^^^^^^^^^^^^^^^^^^^^^^^^^^^^^^^^^^^^^^^^
validation_data/repositories/django_django/tests/deprecation/test_middleware_mixin.py:5: in &lt;module&gt;
    from django.contrib.admindocs.middleware import XViewMiddleware
E   ModuleNotFoundError: No module named 'django'</error></testcase><testcase classname="" name="validation_data.repositories.django_django.tests.empty_models.test_commands" time="0.000"><error message="collection failure">ImportError while importing test module '/home/dee/workspace/AI/Repo-Scanner/validation_data/repositories/django_django/tests/empty_models/test_commands.py'.
Hint: make sure your test modules/packages have valid Python names.
Traceback:
../../../.pyenv/versions/3.11.9/lib/python3.11/importlib/__init__.py:126: in import_module
    return _bootstrap._gcd_import(name[level:], package, level)
           ^^^^^^^^^^^^^^^^^^^^^^^^^^^^^^^^^^^^^^^^^^^^^^^^^^^^
validation_data/repositories/django_django/tests/empty_models/test_commands.py:3: in &lt;module&gt;
    from django.core.management import call_command
E   ModuleNotFoundError: No module named 'django'</error></testcase><testcase classname="" name="validation_data.repositories.django_django.tests.expressions.test_queryset_values" time="0.000"><error message="collection failure">ImportError while importing test module '/home/dee/workspace/AI/Repo-Scanner/validation_data/repositories/django_django/tests/expressions/test_queryset_values.py'.
Hint: make sure your test modules/packages have valid Python names.
Traceback:
../../../.pyenv/versions/3.11.9/lib/python3.11/importlib/__init__.py:126: in import_module
    return _bootstrap._gcd_import(name[level:], package, level)
           ^^^^^^^^^^^^^^^^^^^^^^^^^^^^^^^^^^^^^^^^^^^^^^^^^^^^
validation_data/repositories/django_django/tests/expressions/test_queryset_values.py:1: in &lt;module&gt;
    from django.db.models import F, Sum
E   ModuleNotFoundError: No module named 'django'</error></testcase><testcase classname="" name="validation_data.repositories.django_django.tests.file_storage.test_base" time="0.000"><error message="collection failure">ImportError while importing test module '/home/dee/workspace/AI/Repo-Scanner/validation_data/repositories/django_django/tests/file_storage/test_base.py'.
Hint: make sure your test modules/packages have valid Python names.
Traceback:
../../../.pyenv/versions/3.11.9/lib/python3.11/importlib/__init__.py:126: in import_module
    return _bootstrap._gcd_import(name[level:], package, level)
           ^^^^^^^^^^^^^^^^^^^^^^^^^^^^^^^^^^^^^^^^^^^^^^^^^^^^
validation_data/repositories/django_django/tests/file_storage/test_base.py:4: in &lt;module&gt;
    from django.core.exceptions import SuspiciousFileOperation
E   ModuleNotFoundError: No module named 'django'</error></testcase><testcase classname="" name="validation_data.repositories.django_django.tests.file_storage.test_generate_filename" time="0.000"><error message="collection failure">ImportError while importing test module '/home/dee/workspace/AI/Repo-Scanner/validation_data/repositories/django_django/tests/file_storage/test_generate_filename.py'.
Hint: make sure your test modules/packages have valid Python names.
Traceback:
../../../.pyenv/versions/3.11.9/lib/python3.11/importlib/__init__.py:126: in import_module
    return _bootstrap._gcd_import(name[level:], package, level)
           ^^^^^^^^^^^^^^^^^^^^^^^^^^^^^^^^^^^^^^^^^^^^^^^^^^^^
validation_data/repositories/django_django/tests/file_storage/test_generate_filename.py:3: in &lt;module&gt;
    from django.core.exceptions import SuspiciousFileOperation
E   ModuleNotFoundError: No module named 'django'</error></testcase><testcase classname="" name="validation_data.repositories.django_django.tests.file_storage.test_inmemory_storage" time="0.000"><error message="collection failure">ImportError while importing test module '/home/dee/workspace/AI/Repo-Scanner/validation_data/repositories/django_django/tests/file_storage/test_inmemory_storage.py'.
Hint: make sure your test modules/packages have valid Python names.
Traceback:
../../../.pyenv/versions/3.11.9/lib/python3.11/importlib/__init__.py:126: in import_module
    return _bootstrap._gcd_import(name[level:], package, level)
           ^^^^^^^^^^^^^^^^^^^^^^^^^^^^^^^^^^^^^^^^^^^^^^^^^^^^
validation_data/repositories/django_django/tests/file_storage/test_inmemory_storage.py:6: in &lt;module&gt;
    from django.core.files.base import ContentFile
E   ModuleNotFoundError: No module named 'django'</error></testcase><testcase classname="" name="validation_data.repositories.django_django.tests.flatpages_tests.test_csrf" time="0.000"><error message="collection failure">ImportError while importing test module '/home/dee/workspace/AI/Repo-Scanner/validation_data/repositories/django_django/tests/flatpages_tests/test_csrf.py'.
Hint: make sure your test modules/packages have valid Python names.
Traceback:
../../../.pyenv/versions/3.11.9/lib/python3.11/importlib/__init__.py:126: in import_module
    return _bootstrap._gcd_import(name[level:], package, level)
           ^^^^^^^^^^^^^^^^^^^^^^^^^^^^^^^^^^^^^^^^^^^^^^^^^^^^
validation_data/repositories/django_django/tests/flatpages_tests/test_csrf.py:1: in &lt;module&gt;
    from django.contrib.auth.models import User
E   ModuleNotFoundError: No module named 'django'</error></testcase><testcase classname="" name="validation_data.repositories.django_django.tests.flatpages_tests.test_forms" time="0.000"><error message="collection failure">ImportError while importing test module '/home/dee/workspace/AI/Repo-Scanner/validation_data/repositories/django_django/tests/flatpages_tests/test_forms.py'.
Hint: make sure your test modules/packages have valid Python names.
Traceback:
../../../.pyenv/versions/3.11.9/lib/python3.11/importlib/__init__.py:126: in import_module
    return _bootstrap._gcd_import(name[level:], package, level)
           ^^^^^^^^^^^^^^^^^^^^^^^^^^^^^^^^^^^^^^^^^^^^^^^^^^^^
validation_data/repositories/django_django/tests/flatpages_tests/test_forms.py:1: in &lt;module&gt;
    from django.conf import settings
E   ModuleNotFoundError: No module named 'django'</error></testcase><testcase classname="" name="validation_data.repositories.django_django.tests.flatpages_tests.test_middleware" time="0.000"><error message="collection failure">ImportError while importing test module '/home/dee/workspace/AI/Repo-Scanner/validation_data/repositories/django_django/tests/flatpages_tests/test_middleware.py'.
Hint: make sure your test modules/packages have valid Python names.
Traceback:
../../../.pyenv/versions/3.11.9/lib/python3.11/importlib/__init__.py:126: in import_module
    return _bootstrap._gcd_import(name[level:], package, level)
           ^^^^^^^^^^^^^^^^^^^^^^^^^^^^^^^^^^^^^^^^^^^^^^^^^^^^
validation_data/repositories/django_django/tests/flatpages_tests/test_middleware.py:1: in &lt;module&gt;
    from django.conf import settings
E   ModuleNotFoundError: No module named 'django'</error></testcase><testcase classname="" name="validation_data.repositories.django_django.tests.flatpages_tests.test_models" time="0.000"><error message="collection failure">ImportError while importing test module '/home/dee/workspace/AI/Repo-Scanner/validation_data/repositories/django_django/tests/flatpages_tests/test_models.py'.
Hint: make sure your test modules/packages have valid Python names.
Traceback:
../../../.pyenv/versions/3.11.9/lib/python3.11/importlib/__init__.py:126: in import_module
    return _bootstrap._gcd_import(name[level:], package, level)
           ^^^^^^^^^^^^^^^^^^^^^^^^^^^^^^^^^^^^^^^^^^^^^^^^^^^^
validation_data/repositories/django_django/tests/flatpages_tests/test_models.py:1: in &lt;module&gt;
    from django.contrib.flatpages.models import FlatPage
E   ModuleNotFoundError: No module named 'django'</error></testcase><testcase classname="" name="validation_data.repositories.django_django.tests.flatpages_tests.test_sitemaps" time="0.000"><error message="collection failure">ImportError while importing test module '/home/dee/workspace/AI/Repo-Scanner/validation_data/repositories/django_django/tests/flatpages_tests/test_sitemaps.py'.
Hint: make sure your test modules/packages have valid Python names.
Traceback:
../../../.pyenv/versions/3.11.9/lib/python3.11/importlib/__init__.py:126: in import_module
    return _bootstrap._gcd_import(name[level:], package, level)
           ^^^^^^^^^^^^^^^^^^^^^^^^^^^^^^^^^^^^^^^^^^^^^^^^^^^^
validation_data/repositories/django_django/tests/flatpages_tests/test_sitemaps.py:1: in &lt;module&gt;
    from django.apps import apps
E   ModuleNotFoundError: No module named 'django'</error></testcase><testcase classname="" name="validation_data.repositories.django_django.tests.flatpages_tests.test_templatetags" time="0.000"><error message="collection failure">ImportError while importing test module '/home/dee/workspace/AI/Repo-Scanner/validation_data/repositories/django_django/tests/flatpages_tests/test_templatetags.py'.
Hint: make sure your test modules/packages have valid Python names.
Traceback:
../../../.pyenv/versions/3.11.9/lib/python3.11/importlib/__init__.py:126: in import_module
    return _bootstrap._gcd_import(name[level:], package, level)
           ^^^^^^^^^^^^^^^^^^^^^^^^^^^^^^^^^^^^^^^^^^^^^^^^^^^^
validation_data/repositories/django_django/tests/flatpages_tests/test_templatetags.py:1: in &lt;module&gt;
    from django.contrib.auth.models import AnonymousUser, User
E   ModuleNotFoundError: No module named 'django'</error></testcase><testcase classname="" name="validation_data.repositories.django_django.tests.flatpages_tests.test_views" time="0.000"><error message="collection failure">ImportError while importing test module '/home/dee/workspace/AI/Repo-Scanner/validation_data/repositories/django_django/tests/flatpages_tests/test_views.py'.
Hint: make sure your test modules/packages have valid Python names.
Traceback:
../../../.pyenv/versions/3.11.9/lib/python3.11/importlib/__init__.py:126: in import_module
    return _bootstrap._gcd_import(name[level:], package, level)
           ^^^^^^^^^^^^^^^^^^^^^^^^^^^^^^^^^^^^^^^^^^^^^^^^^^^^
validation_data/repositories/django_django/tests/flatpages_tests/test_views.py:1: in &lt;module&gt;
    from django.conf import settings
E   ModuleNotFoundError: No module named 'django'</error></testcase><testcase classname="" name="validation_data.repositories.django_django.tests.foreign_object.test_agnostic_order_trimjoin" time="0.000"><error message="collection failure">ImportError while importing test module '/home/dee/workspace/AI/Repo-Scanner/validation_data/repositories/django_django/tests/foreign_object/test_agnostic_order_trimjoin.py'.
Hint: make sure your test modules/packages have valid Python names.
Traceback:
../../../.pyenv/versions/3.11.9/lib/python3.11/importlib/__init__.py:126: in import_module
    return _bootstrap._gcd_import(name[level:], package, level)
           ^^^^^^^^^^^^^^^^^^^^^^^^^^^^^^^^^^^^^^^^^^^^^^^^^^^^
validation_data/repositories/django_django/tests/foreign_object/test_agnostic_order_trimjoin.py:3: in &lt;module&gt;
    from django.test.testcases import TestCase
E   ModuleNotFoundError: No module named 'django'</error></testcase><testcase classname="" name="validation_data.repositories.django_django.tests.foreign_object.test_empty_join" time="0.000"><error message="collection failure">ImportError while importing test module '/home/dee/workspace/AI/Repo-Scanner/validation_data/repositories/django_django/tests/foreign_object/test_empty_join.py'.
Hint: make sure your test modules/packages have valid Python names.
Traceback:
../../../.pyenv/versions/3.11.9/lib/python3.11/importlib/__init__.py:126: in import_module
    return _bootstrap._gcd_import(name[level:], package, level)
           ^^^^^^^^^^^^^^^^^^^^^^^^^^^^^^^^^^^^^^^^^^^^^^^^^^^^
validation_data/repositories/django_django/tests/foreign_object/test_empty_join.py:1: in &lt;module&gt;
    from django.test import TestCase
E   ModuleNotFoundError: No module named 'django'</error></testcase><testcase classname="" name="validation_data.repositories.django_django.tests.foreign_object.test_forms" time="0.000"><error message="collection failure">ImportError while importing test module '/home/dee/workspace/AI/Repo-Scanner/validation_data/repositories/django_django/tests/foreign_object/test_forms.py'.
Hint: make sure your test modules/packages have valid Python names.
Traceback:
../../../.pyenv/versions/3.11.9/lib/python3.11/importlib/__init__.py:126: in import_module
    return _bootstrap._gcd_import(name[level:], package, level)
           ^^^^^^^^^^^^^^^^^^^^^^^^^^^^^^^^^^^^^^^^^^^^^^^^^^^^
validation_data/repositories/django_django/tests/foreign_object/test_forms.py:3: in &lt;module&gt;
    from django import forms
E   ModuleNotFoundError: No module named 'django'</error></testcase><testcase classname="" name="validation_data.repositories.django_django.tests.foreign_object.test_tuple_lookups" time="0.000"><error message="collection failure">ImportError while importing test module '/home/dee/workspace/AI/Repo-Scanner/validation_data/repositories/django_django/tests/foreign_object/test_tuple_lookups.py'.
Hint: make sure your test modules/packages have valid Python names.
Traceback:
../../../.pyenv/versions/3.11.9/lib/python3.11/importlib/__init__.py:126: in import_module
    return _bootstrap._gcd_import(name[level:], package, level)
           ^^^^^^^^^^^^^^^^^^^^^^^^^^^^^^^^^^^^^^^^^^^^^^^^^^^^
validation_data/repositories/django_django/tests/foreign_object/test_tuple_lookups.py:3: in &lt;module&gt;
    from django.db.models import F
E   ModuleNotFoundError: No module named 'django'</error></testcase><testcase classname="" name="validation_data.repositories.django_django.tests.forms_tests.field_tests.test_base" time="0.000"><error message="collection failure">ImportError while importing test module '/home/dee/workspace/AI/Repo-Scanner/validation_data/repositories/django_django/tests/forms_tests/field_tests/test_base.py'.
Hint: make sure your test modules/packages have valid Python names.
Traceback:
../../../.pyenv/versions/3.11.9/lib/python3.11/importlib/__init__.py:126: in import_module
    return _bootstrap._gcd_import(name[level:], package, level)
           ^^^^^^^^^^^^^^^^^^^^^^^^^^^^^^^^^^^^^^^^^^^^^^^^^^^^
validation_data/repositories/django_django/tests/forms_tests/field_tests/__init__.py:1: in &lt;module&gt;
    from django import forms
E   ModuleNotFoundError: No module named 'django'</error></testcase><testcase classname="" name="validation_data.repositories.django_django.tests.forms_tests.field_tests.test_booleanfield" time="0.000"><error message="collection failure">ImportError while importing test module '/home/dee/workspace/AI/Repo-Scanner/validation_data/repositories/django_django/tests/forms_tests/field_tests/test_booleanfield.py'.
Hint: make sure your test modules/packages have valid Python names.
Traceback:
../../../.pyenv/versions/3.11.9/lib/python3.11/importlib/__init__.py:126: in import_module
    return _bootstrap._gcd_import(name[level:], package, level)
           ^^^^^^^^^^^^^^^^^^^^^^^^^^^^^^^^^^^^^^^^^^^^^^^^^^^^
validation_data/repositories/django_django/tests/forms_tests/field_tests/__init__.py:1: in &lt;module&gt;
    from django import forms
E   ModuleNotFoundError: No module named 'django'</error></testcase><testcase classname="" name="validation_data.repositories.django_django.tests.forms_tests.field_tests.test_charfield" time="0.000"><error message="collection failure">ImportError while importing test module '/home/dee/workspace/AI/Repo-Scanner/validation_data/repositories/django_django/tests/forms_tests/field_tests/test_charfield.py'.
Hint: make sure your test modules/packages have valid Python names.
Traceback:
../../../.pyenv/versions/3.11.9/lib/python3.11/importlib/__init__.py:126: in import_module
    return _bootstrap._gcd_import(name[level:], package, level)
           ^^^^^^^^^^^^^^^^^^^^^^^^^^^^^^^^^^^^^^^^^^^^^^^^^^^^
validation_data/repositories/django_django/tests/forms_tests/field_tests/__init__.py:1: in &lt;module&gt;
    from django import forms
E   ModuleNotFoundError: No module named 'django'</error></testcase><testcase classname="" name="validation_data.repositories.django_django.tests.forms_tests.field_tests.test_choicefield" time="0.000"><error message="collection failure">ImportError while importing test module '/home/dee/workspace/AI/Repo-Scanner/validation_data/repositories/django_django/tests/forms_tests/field_tests/test_choicefield.py'.
Hint: make sure your test modules/packages have valid Python names.
Traceback:
../../../.pyenv/versions/3.11.9/lib/python3.11/importlib/__init__.py:126: in import_module
    return _bootstrap._gcd_import(name[level:], package, level)
           ^^^^^^^^^^^^^^^^^^^^^^^^^^^^^^^^^^^^^^^^^^^^^^^^^^^^
validation_data/repositories/django_django/tests/forms_tests/field_tests/__init__.py:1: in &lt;module&gt;
    from django import forms
E   ModuleNotFoundError: No module named 'django'</error></testcase><testcase classname="" name="validation_data.repositories.django_django.tests.forms_tests.field_tests.test_combofield" time="0.000"><error message="collection failure">ImportError while importing test module '/home/dee/workspace/AI/Repo-Scanner/validation_data/repositories/django_django/tests/forms_tests/field_tests/test_combofield.py'.
Hint: make sure your test modules/packages have valid Python names.
Traceback:
../../../.pyenv/versions/3.11.9/lib/python3.11/importlib/__init__.py:126: in import_module
    return _bootstrap._gcd_import(name[level:], package, level)
           ^^^^^^^^^^^^^^^^^^^^^^^^^^^^^^^^^^^^^^^^^^^^^^^^^^^^
validation_data/repositories/django_django/tests/forms_tests/field_tests/__init__.py:1: in &lt;module&gt;
    from django import forms
E   ModuleNotFoundError: No module named 'django'</error></testcase><testcase classname="" name="validation_data.repositories.django_django.tests.forms_tests.field_tests.test_datefield" time="0.000"><error message="collection failure">ImportError while importing test module '/home/dee/workspace/AI/Repo-Scanner/validation_data/repositories/django_django/tests/forms_tests/field_tests/test_datefield.py'.
Hint: make sure your test modules/packages have valid Python names.
Traceback:
../../../.pyenv/versions/3.11.9/lib/python3.11/importlib/__init__.py:126: in import_module
    return _bootstrap._gcd_import(name[level:], package, level)
           ^^^^^^^^^^^^^^^^^^^^^^^^^^^^^^^^^^^^^^^^^^^^^^^^^^^^
validation_data/repositories/django_django/tests/forms_tests/field_tests/__init__.py:1: in &lt;module&gt;
    from django import forms
E   ModuleNotFoundError: No module named 'django'</error></testcase><testcase classname="" name="validation_data.repositories.django_django.tests.forms_tests.field_tests.test_datetimefield" time="0.000"><error message="collection failure">ImportError while importing test module '/home/dee/workspace/AI/Repo-Scanner/validation_data/repositories/django_django/tests/forms_tests/field_tests/test_datetimefield.py'.
Hint: make sure your test modules/packages have valid Python names.
Traceback:
../../../.pyenv/versions/3.11.9/lib/python3.11/importlib/__init__.py:126: in import_module
    return _bootstrap._gcd_import(name[level:], package, level)
           ^^^^^^^^^^^^^^^^^^^^^^^^^^^^^^^^^^^^^^^^^^^^^^^^^^^^
validation_data/repositories/django_django/tests/forms_tests/field_tests/__init__.py:1: in &lt;module&gt;
    from django import forms
E   ModuleNotFoundError: No module named 'django'</error></testcase><testcase classname="" name="validation_data.repositories.django_django.tests.forms_tests.field_tests.test_decimalfield" time="0.000"><error message="collection failure">ImportError while importing test module '/home/dee/workspace/AI/Repo-Scanner/validation_data/repositories/django_django/tests/forms_tests/field_tests/test_decimalfield.py'.
Hint: make sure your test modules/packages have valid Python names.
Traceback:
../../../.pyenv/versions/3.11.9/lib/python3.11/importlib/__init__.py:126: in import_module
    return _bootstrap._gcd_import(name[level:], package, level)
           ^^^^^^^^^^^^^^^^^^^^^^^^^^^^^^^^^^^^^^^^^^^^^^^^^^^^
validation_data/repositories/django_django/tests/forms_tests/field_tests/__init__.py:1: in &lt;module&gt;
    from django import forms
E   ModuleNotFoundError: No module named 'django'</error></testcase><testcase classname="" name="validation_data.repositories.django_django.tests.forms_tests.field_tests.test_durationfield" time="0.000"><error message="collection failure">ImportError while importing test module '/home/dee/workspace/AI/Repo-Scanner/validation_data/repositories/django_django/tests/forms_tests/field_tests/test_durationfield.py'.
Hint: make sure your test modules/packages have valid Python names.
Traceback:
../../../.pyenv/versions/3.11.9/lib/python3.11/importlib/__init__.py:126: in import_module
    return _bootstrap._gcd_import(name[level:], package, level)
           ^^^^^^^^^^^^^^^^^^^^^^^^^^^^^^^^^^^^^^^^^^^^^^^^^^^^
validation_data/repositories/django_django/tests/forms_tests/field_tests/__init__.py:1: in &lt;module&gt;
    from django import forms
E   ModuleNotFoundError: No module named 'django'</error></testcase><testcase classname="" name="validation_data.repositories.django_django.tests.forms_tests.field_tests.test_emailfield" time="0.000"><error message="collection failure">ImportError while importing test module '/home/dee/workspace/AI/Repo-Scanner/validation_data/repositories/django_django/tests/forms_tests/field_tests/test_emailfield.py'.
Hint: make sure your test modules/packages have valid Python names.
Traceback:
../../../.pyenv/versions/3.11.9/lib/python3.11/importlib/__init__.py:126: in import_module
    return _bootstrap._gcd_import(name[level:], package, level)
           ^^^^^^^^^^^^^^^^^^^^^^^^^^^^^^^^^^^^^^^^^^^^^^^^^^^^
validation_data/repositories/django_django/tests/forms_tests/field_tests/__init__.py:1: in &lt;module&gt;
    from django import forms
E   ModuleNotFoundError: No module named 'django'</error></testcase><testcase classname="" name="validation_data.repositories.django_django.tests.forms_tests.field_tests.test_filefield" time="0.000"><error message="collection failure">ImportError while importing test module '/home/dee/workspace/AI/Repo-Scanner/validation_data/repositories/django_django/tests/forms_tests/field_tests/test_filefield.py'.
Hint: make sure your test modules/packages have valid Python names.
Traceback:
../../../.pyenv/versions/3.11.9/lib/python3.11/importlib/__init__.py:126: in import_module
    return _bootstrap._gcd_import(name[level:], package, level)
           ^^^^^^^^^^^^^^^^^^^^^^^^^^^^^^^^^^^^^^^^^^^^^^^^^^^^
validation_data/repositories/django_django/tests/forms_tests/field_tests/__init__.py:1: in &lt;module&gt;
    from django import forms
E   ModuleNotFoundError: No module named 'django'</error></testcase><testcase classname="" name="validation_data.repositories.django_django.tests.forms_tests.field_tests.test_filepathfield" time="0.000"><error message="collection failure">ImportError while importing test module '/home/dee/workspace/AI/Repo-Scanner/validation_data/repositories/django_django/tests/forms_tests/field_tests/test_filepathfield.py'.
Hint: make sure your test modules/packages have valid Python names.
Traceback:
../../../.pyenv/versions/3.11.9/lib/python3.11/importlib/__init__.py:126: in import_module
    return _bootstrap._gcd_import(name[level:], package, level)
           ^^^^^^^^^^^^^^^^^^^^^^^^^^^^^^^^^^^^^^^^^^^^^^^^^^^^
validation_data/repositories/django_django/tests/forms_tests/field_tests/__init__.py:1: in &lt;module&gt;
    from django import forms
E   ModuleNotFoundError: No module named 'django'</error></testcase><testcase classname="" name="validation_data.repositories.django_django.tests.forms_tests.field_tests.test_floatfield" time="0.000"><error message="collection failure">ImportError while importing test module '/home/dee/workspace/AI/Repo-Scanner/validation_data/repositories/django_django/tests/forms_tests/field_tests/test_floatfield.py'.
Hint: make sure your test modules/packages have valid Python names.
Traceback:
../../../.pyenv/versions/3.11.9/lib/python3.11/importlib/__init__.py:126: in import_module
    return _bootstrap._gcd_import(name[level:], package, level)
           ^^^^^^^^^^^^^^^^^^^^^^^^^^^^^^^^^^^^^^^^^^^^^^^^^^^^
validation_data/repositories/django_django/tests/forms_tests/field_tests/__init__.py:1: in &lt;module&gt;
    from django import forms
E   ModuleNotFoundError: No module named 'django'</error></testcase><testcase classname="" name="validation_data.repositories.django_django.tests.forms_tests.field_tests.test_genericipaddressfield" time="0.000"><error message="collection failure">ImportError while importing test module '/home/dee/workspace/AI/Repo-Scanner/validation_data/repositories/django_django/tests/forms_tests/field_tests/test_genericipaddressfield.py'.
Hint: make sure your test modules/packages have valid Python names.
Traceback:
../../../.pyenv/versions/3.11.9/lib/python3.11/importlib/__init__.py:126: in import_module
    return _bootstrap._gcd_import(name[level:], package, level)
           ^^^^^^^^^^^^^^^^^^^^^^^^^^^^^^^^^^^^^^^^^^^^^^^^^^^^
validation_data/repositories/django_django/tests/forms_tests/field_tests/__init__.py:1: in &lt;module&gt;
    from django import forms
E   ModuleNotFoundError: No module named 'django'</error></testcase><testcase classname="" name="validation_data.repositories.django_django.tests.forms_tests.field_tests.test_imagefield" time="0.000"><error message="collection failure">ImportError while importing test module '/home/dee/workspace/AI/Repo-Scanner/validation_data/repositories/django_django/tests/forms_tests/field_tests/test_imagefield.py'.
Hint: make sure your test modules/packages have valid Python names.
Traceback:
../../../.pyenv/versions/3.11.9/lib/python3.11/importlib/__init__.py:126: in import_module
    return _bootstrap._gcd_import(name[level:], package, level)
           ^^^^^^^^^^^^^^^^^^^^^^^^^^^^^^^^^^^^^^^^^^^^^^^^^^^^
validation_data/repositories/django_django/tests/forms_tests/field_tests/__init__.py:1: in &lt;module&gt;
    from django import forms
E   ModuleNotFoundError: No module named 'django'</error></testcase><testcase classname="" name="validation_data.repositories.django_django.tests.forms_tests.field_tests.test_integerfield" time="0.000"><error message="collection failure">ImportError while importing test module '/home/dee/workspace/AI/Repo-Scanner/validation_data/repositories/django_django/tests/forms_tests/field_tests/test_integerfield.py'.
Hint: make sure your test modules/packages have valid Python names.
Traceback:
../../../.pyenv/versions/3.11.9/lib/python3.11/importlib/__init__.py:126: in import_module
    return _bootstrap._gcd_import(name[level:], package, level)
           ^^^^^^^^^^^^^^^^^^^^^^^^^^^^^^^^^^^^^^^^^^^^^^^^^^^^
validation_data/repositories/django_django/tests/forms_tests/field_tests/__init__.py:1: in &lt;module&gt;
    from django import forms
E   ModuleNotFoundError: No module named 'django'</error></testcase><testcase classname="" name="validation_data.repositories.django_django.tests.forms_tests.field_tests.test_jsonfield" time="0.000"><error message="collection failure">ImportError while importing test module '/home/dee/workspace/AI/Repo-Scanner/validation_data/repositories/django_django/tests/forms_tests/field_tests/test_jsonfield.py'.
Hint: make sure your test modules/packages have valid Python names.
Traceback:
../../../.pyenv/versions/3.11.9/lib/python3.11/importlib/__init__.py:126: in import_module
    return _bootstrap._gcd_import(name[level:], package, level)
           ^^^^^^^^^^^^^^^^^^^^^^^^^^^^^^^^^^^^^^^^^^^^^^^^^^^^
validation_data/repositories/django_django/tests/forms_tests/field_tests/__init__.py:1: in &lt;module&gt;
    from django import forms
E   ModuleNotFoundError: No module named 'django'</error></testcase><testcase classname="" name="validation_data.repositories.django_django.tests.forms_tests.field_tests.test_multiplechoicefield" time="0.000"><error message="collection failure">ImportError while importing test module '/home/dee/workspace/AI/Repo-Scanner/validation_data/repositories/django_django/tests/forms_tests/field_tests/test_multiplechoicefield.py'.
Hint: make sure your test modules/packages have valid Python names.
Traceback:
../../../.pyenv/versions/3.11.9/lib/python3.11/importlib/__init__.py:126: in import_module
    return _bootstrap._gcd_import(name[level:], package, level)
           ^^^^^^^^^^^^^^^^^^^^^^^^^^^^^^^^^^^^^^^^^^^^^^^^^^^^
validation_data/repositories/django_django/tests/forms_tests/field_tests/__init__.py:1: in &lt;module&gt;
    from django import forms
E   ModuleNotFoundError: No module named 'django'</error></testcase><testcase classname="" name="validation_data.repositories.django_django.tests.forms_tests.field_tests.test_multivaluefield" time="0.000"><error message="collection failure">ImportError while importing test module '/home/dee/workspace/AI/Repo-Scanner/validation_data/repositories/django_django/tests/forms_tests/field_tests/test_multivaluefield.py'.
Hint: make sure your test modules/packages have valid Python names.
Traceback:
../../../.pyenv/versions/3.11.9/lib/python3.11/importlib/__init__.py:126: in import_module
    return _bootstrap._gcd_import(name[level:], package, level)
           ^^^^^^^^^^^^^^^^^^^^^^^^^^^^^^^^^^^^^^^^^^^^^^^^^^^^
validation_data/repositories/django_django/tests/forms_tests/field_tests/__init__.py:1: in &lt;module&gt;
    from django import forms
E   ModuleNotFoundError: No module named 'django'</error></testcase><testcase classname="" name="validation_data.repositories.django_django.tests.forms_tests.field_tests.test_nullbooleanfield" time="0.000"><error message="collection failure">ImportError while importing test module '/home/dee/workspace/AI/Repo-Scanner/validation_data/repositories/django_django/tests/forms_tests/field_tests/test_nullbooleanfield.py'.
Hint: make sure your test modules/packages have valid Python names.
Traceback:
../../../.pyenv/versions/3.11.9/lib/python3.11/importlib/__init__.py:126: in import_module
    return _bootstrap._gcd_import(name[level:], package, level)
           ^^^^^^^^^^^^^^^^^^^^^^^^^^^^^^^^^^^^^^^^^^^^^^^^^^^^
validation_data/repositories/django_django/tests/forms_tests/field_tests/__init__.py:1: in &lt;module&gt;
    from django import forms
E   ModuleNotFoundError: No module named 'django'</error></testcase><testcase classname="" name="validation_data.repositories.django_django.tests.forms_tests.field_tests.test_regexfield" time="0.000"><error message="collection failure">ImportError while importing test module '/home/dee/workspace/AI/Repo-Scanner/validation_data/repositories/django_django/tests/forms_tests/field_tests/test_regexfield.py'.
Hint: make sure your test modules/packages have valid Python names.
Traceback:
../../../.pyenv/versions/3.11.9/lib/python3.11/importlib/__init__.py:126: in import_module
    return _bootstrap._gcd_import(name[level:], package, level)
           ^^^^^^^^^^^^^^^^^^^^^^^^^^^^^^^^^^^^^^^^^^^^^^^^^^^^
validation_data/repositories/django_django/tests/forms_tests/field_tests/__init__.py:1: in &lt;module&gt;
    from django import forms
E   ModuleNotFoundError: No module named 'django'</error></testcase><testcase classname="" name="validation_data.repositories.django_django.tests.forms_tests.field_tests.test_slugfield" time="0.000"><error message="collection failure">ImportError while importing test module '/home/dee/workspace/AI/Repo-Scanner/validation_data/repositories/django_django/tests/forms_tests/field_tests/test_slugfield.py'.
Hint: make sure your test modules/packages have valid Python names.
Traceback:
../../../.pyenv/versions/3.11.9/lib/python3.11/importlib/__init__.py:126: in import_module
    return _bootstrap._gcd_import(name[level:], package, level)
           ^^^^^^^^^^^^^^^^^^^^^^^^^^^^^^^^^^^^^^^^^^^^^^^^^^^^
validation_data/repositories/django_django/tests/forms_tests/field_tests/__init__.py:1: in &lt;module&gt;
    from django import forms
E   ModuleNotFoundError: No module named 'django'</error></testcase><testcase classname="" name="validation_data.repositories.django_django.tests.forms_tests.field_tests.test_splitdatetimefield" time="0.000"><error message="collection failure">ImportError while importing test module '/home/dee/workspace/AI/Repo-Scanner/validation_data/repositories/django_django/tests/forms_tests/field_tests/test_splitdatetimefield.py'.
Hint: make sure your test modules/packages have valid Python names.
Traceback:
../../../.pyenv/versions/3.11.9/lib/python3.11/importlib/__init__.py:126: in import_module
    return _bootstrap._gcd_import(name[level:], package, level)
           ^^^^^^^^^^^^^^^^^^^^^^^^^^^^^^^^^^^^^^^^^^^^^^^^^^^^
validation_data/repositories/django_django/tests/forms_tests/field_tests/__init__.py:1: in &lt;module&gt;
    from django import forms
E   ModuleNotFoundError: No module named 'django'</error></testcase><testcase classname="" name="validation_data.repositories.django_django.tests.forms_tests.field_tests.test_timefield" time="0.000"><error message="collection failure">ImportError while importing test module '/home/dee/workspace/AI/Repo-Scanner/validation_data/repositories/django_django/tests/forms_tests/field_tests/test_timefield.py'.
Hint: make sure your test modules/packages have valid Python names.
Traceback:
../../../.pyenv/versions/3.11.9/lib/python3.11/importlib/__init__.py:126: in import_module
    return _bootstrap._gcd_import(name[level:], package, level)
           ^^^^^^^^^^^^^^^^^^^^^^^^^^^^^^^^^^^^^^^^^^^^^^^^^^^^
validation_data/repositories/django_django/tests/forms_tests/field_tests/__init__.py:1: in &lt;module&gt;
    from django import forms
E   ModuleNotFoundError: No module named 'django'</error></testcase><testcase classname="" name="validation_data.repositories.django_django.tests.forms_tests.field_tests.test_typedchoicefield" time="0.000"><error message="collection failure">ImportError while importing test module '/home/dee/workspace/AI/Repo-Scanner/validation_data/repositories/django_django/tests/forms_tests/field_tests/test_typedchoicefield.py'.
Hint: make sure your test modules/packages have valid Python names.
Traceback:
../../../.pyenv/versions/3.11.9/lib/python3.11/importlib/__init__.py:126: in import_module
    return _bootstrap._gcd_import(name[level:], package, level)
           ^^^^^^^^^^^^^^^^^^^^^^^^^^^^^^^^^^^^^^^^^^^^^^^^^^^^
validation_data/repositories/django_django/tests/forms_tests/field_tests/__init__.py:1: in &lt;module&gt;
    from django import forms
E   ModuleNotFoundError: No module named 'django'</error></testcase><testcase classname="" name="validation_data.repositories.django_django.tests.forms_tests.field_tests.test_typedmultiplechoicefield" time="0.000"><error message="collection failure">ImportError while importing test module '/home/dee/workspace/AI/Repo-Scanner/validation_data/repositories/django_django/tests/forms_tests/field_tests/test_typedmultiplechoicefield.py'.
Hint: make sure your test modules/packages have valid Python names.
Traceback:
../../../.pyenv/versions/3.11.9/lib/python3.11/importlib/__init__.py:126: in import_module
    return _bootstrap._gcd_import(name[level:], package, level)
           ^^^^^^^^^^^^^^^^^^^^^^^^^^^^^^^^^^^^^^^^^^^^^^^^^^^^
validation_data/repositories/django_django/tests/forms_tests/field_tests/__init__.py:1: in &lt;module&gt;
    from django import forms
E   ModuleNotFoundError: No module named 'django'</error></testcase><testcase classname="" name="validation_data.repositories.django_django.tests.forms_tests.field_tests.test_urlfield" time="0.000"><error message="collection failure">ImportError while importing test module '/home/dee/workspace/AI/Repo-Scanner/validation_data/repositories/django_django/tests/forms_tests/field_tests/test_urlfield.py'.
Hint: make sure your test modules/packages have valid Python names.
Traceback:
../../../.pyenv/versions/3.11.9/lib/python3.11/importlib/__init__.py:126: in import_module
    return _bootstrap._gcd_import(name[level:], package, level)
           ^^^^^^^^^^^^^^^^^^^^^^^^^^^^^^^^^^^^^^^^^^^^^^^^^^^^
validation_data/repositories/django_django/tests/forms_tests/field_tests/__init__.py:1: in &lt;module&gt;
    from django import forms
E   ModuleNotFoundError: No module named 'django'</error></testcase><testcase classname="" name="validation_data.repositories.django_django.tests.forms_tests.field_tests.test_uuidfield" time="0.000"><error message="collection failure">ImportError while importing test module '/home/dee/workspace/AI/Repo-Scanner/validation_data/repositories/django_django/tests/forms_tests/field_tests/test_uuidfield.py'.
Hint: make sure your test modules/packages have valid Python names.
Traceback:
../../../.pyenv/versions/3.11.9/lib/python3.11/importlib/__init__.py:126: in import_module
    return _bootstrap._gcd_import(name[level:], package, level)
           ^^^^^^^^^^^^^^^^^^^^^^^^^^^^^^^^^^^^^^^^^^^^^^^^^^^^
validation_data/repositories/django_django/tests/forms_tests/field_tests/__init__.py:1: in &lt;module&gt;
    from django import forms
E   ModuleNotFoundError: No module named 'django'</error></testcase><testcase classname="" name="validation_data.repositories.django_django.tests.forms_tests.tests.test_error_messages" time="0.000"><error message="collection failure">ImportError while importing test module '/home/dee/workspace/AI/Repo-Scanner/validation_data/repositories/django_django/tests/forms_tests/tests/test_error_messages.py'.
Hint: make sure your test modules/packages have valid Python names.
Traceback:
../../../.pyenv/versions/3.11.9/lib/python3.11/importlib/__init__.py:126: in import_module
    return _bootstrap._gcd_import(name[level:], package, level)
           ^^^^^^^^^^^^^^^^^^^^^^^^^^^^^^^^^^^^^^^^^^^^^^^^^^^^
validation_data/repositories/django_django/tests/forms_tests/tests/__init__.py:3: in &lt;module&gt;
    from django.test.utils import override_settings
E   ModuleNotFoundError: No module named 'django'</error></testcase><testcase classname="" name="validation_data.repositories.django_django.tests.forms_tests.tests.test_forms" time="0.000"><error message="collection failure">ImportError while importing test module '/home/dee/workspace/AI/Repo-Scanner/validation_data/repositories/django_django/tests/forms_tests/tests/test_forms.py'.
Hint: make sure your test modules/packages have valid Python names.
Traceback:
../../../.pyenv/versions/3.11.9/lib/python3.11/importlib/__init__.py:126: in import_module
    return _bootstrap._gcd_import(name[level:], package, level)
           ^^^^^^^^^^^^^^^^^^^^^^^^^^^^^^^^^^^^^^^^^^^^^^^^^^^^
validation_data/repositories/django_django/tests/forms_tests/tests/__init__.py:3: in &lt;module&gt;
    from django.test.utils import override_settings
E   ModuleNotFoundError: No module named 'django'</error></testcase><testcase classname="" name="validation_data.repositories.django_django.tests.forms_tests.tests.test_formsets" time="0.000"><error message="collection failure">ImportError while importing test module '/home/dee/workspace/AI/Repo-Scanner/validation_data/repositories/django_django/tests/forms_tests/tests/test_formsets.py'.
Hint: make sure your test modules/packages have valid Python names.
Traceback:
../../../.pyenv/versions/3.11.9/lib/python3.11/importlib/__init__.py:126: in import_module
    return _bootstrap._gcd_import(name[level:], package, level)
           ^^^^^^^^^^^^^^^^^^^^^^^^^^^^^^^^^^^^^^^^^^^^^^^^^^^^
validation_data/repositories/django_django/tests/forms_tests/tests/__init__.py:3: in &lt;module&gt;
    from django.test.utils import override_settings
E   ModuleNotFoundError: No module named 'django'</error></testcase><testcase classname="" name="validation_data.repositories.django_django.tests.forms_tests.tests.test_i18n" time="0.000"><error message="collection failure">ImportError while importing test module '/home/dee/workspace/AI/Repo-Scanner/validation_data/repositories/django_django/tests/forms_tests/tests/test_i18n.py'.
Hint: make sure your test modules/packages have valid Python names.
Traceback:
../../../.pyenv/versions/3.11.9/lib/python3.11/importlib/__init__.py:126: in import_module
    return _bootstrap._gcd_import(name[level:], package, level)
           ^^^^^^^^^^^^^^^^^^^^^^^^^^^^^^^^^^^^^^^^^^^^^^^^^^^^
validation_data/repositories/django_django/tests/forms_tests/tests/__init__.py:3: in &lt;module&gt;
    from django.test.utils import override_settings
E   ModuleNotFoundError: No module named 'django'</error></testcase><testcase classname="" name="validation_data.repositories.django_django.tests.forms_tests.tests.test_input_formats" time="0.000"><error message="collection failure">ImportError while importing test module '/home/dee/workspace/AI/Repo-Scanner/validation_data/repositories/django_django/tests/forms_tests/tests/test_input_formats.py'.
Hint: make sure your test modules/packages have valid Python names.
Traceback:
../../../.pyenv/versions/3.11.9/lib/python3.11/importlib/__init__.py:126: in import_module
    return _bootstrap._gcd_import(name[level:], package, level)
           ^^^^^^^^^^^^^^^^^^^^^^^^^^^^^^^^^^^^^^^^^^^^^^^^^^^^
validation_data/repositories/django_django/tests/forms_tests/tests/__init__.py:3: in &lt;module&gt;
    from django.test.utils import override_settings
E   ModuleNotFoundError: No module named 'django'</error></testcase><testcase classname="" name="validation_data.repositories.django_django.tests.forms_tests.tests.test_media" time="0.000"><error message="collection failure">ImportError while importing test module '/home/dee/workspace/AI/Repo-Scanner/validation_data/repositories/django_django/tests/forms_tests/tests/test_media.py'.
Hint: make sure your test modules/packages have valid Python names.
Traceback:
../../../.pyenv/versions/3.11.9/lib/python3.11/importlib/__init__.py:126: in import_module
    return _bootstrap._gcd_import(name[level:], package, level)
           ^^^^^^^^^^^^^^^^^^^^^^^^^^^^^^^^^^^^^^^^^^^^^^^^^^^^
validation_data/repositories/django_django/tests/forms_tests/tests/__init__.py:3: in &lt;module&gt;
    from django.test.utils import override_settings
E   ModuleNotFoundError: No module named 'django'</error></testcase><testcase classname="" name="validation_data.repositories.django_django.tests.forms_tests.tests.test_renderers" time="0.000"><error message="collection failure">ImportError while importing test module '/home/dee/workspace/AI/Repo-Scanner/validation_data/repositories/django_django/tests/forms_tests/tests/test_renderers.py'.
Hint: make sure your test modules/packages have valid Python names.
Traceback:
../../../.pyenv/versions/3.11.9/lib/python3.11/importlib/__init__.py:126: in import_module
    return _bootstrap._gcd_import(name[level:], package, level)
           ^^^^^^^^^^^^^^^^^^^^^^^^^^^^^^^^^^^^^^^^^^^^^^^^^^^^
validation_data/repositories/django_django/tests/forms_tests/tests/__init__.py:3: in &lt;module&gt;
    from django.test.utils import override_settings
E   ModuleNotFoundError: No module named 'django'</error></testcase><testcase classname="" name="validation_data.repositories.django_django.tests.forms_tests.tests.test_utils" time="0.000"><error message="collection failure">ImportError while importing test module '/home/dee/workspace/AI/Repo-Scanner/validation_data/repositories/django_django/tests/forms_tests/tests/test_utils.py'.
Hint: make sure your test modules/packages have valid Python names.
Traceback:
../../../.pyenv/versions/3.11.9/lib/python3.11/importlib/__init__.py:126: in import_module
    return _bootstrap._gcd_import(name[level:], package, level)
           ^^^^^^^^^^^^^^^^^^^^^^^^^^^^^^^^^^^^^^^^^^^^^^^^^^^^
validation_data/repositories/django_django/tests/forms_tests/tests/__init__.py:3: in &lt;module&gt;
    from django.test.utils import override_settings
E   ModuleNotFoundError: No module named 'django'</error></testcase><testcase classname="" name="validation_data.repositories.django_django.tests.forms_tests.tests.test_validators" time="0.000"><error message="collection failure">ImportError while importing test module '/home/dee/workspace/AI/Repo-Scanner/validation_data/repositories/django_django/tests/forms_tests/tests/test_validators.py'.
Hint: make sure your test modules/packages have valid Python names.
Traceback:
../../../.pyenv/versions/3.11.9/lib/python3.11/importlib/__init__.py:126: in import_module
    return _bootstrap._gcd_import(name[level:], package, level)
           ^^^^^^^^^^^^^^^^^^^^^^^^^^^^^^^^^^^^^^^^^^^^^^^^^^^^
validation_data/repositories/django_django/tests/forms_tests/tests/__init__.py:3: in &lt;module&gt;
    from django.test.utils import override_settings
E   ModuleNotFoundError: No module named 'django'</error></testcase><testcase classname="" name="validation_data.repositories.django_django.tests.forms_tests.tests.test_widgets" time="0.000"><error message="collection failure">ImportError while importing test module '/home/dee/workspace/AI/Repo-Scanner/validation_data/repositories/django_django/tests/forms_tests/tests/test_widgets.py'.
Hint: make sure your test modules/packages have valid Python names.
Traceback:
../../../.pyenv/versions/3.11.9/lib/python3.11/importlib/__init__.py:126: in import_module
    return _bootstrap._gcd_import(name[level:], package, level)
           ^^^^^^^^^^^^^^^^^^^^^^^^^^^^^^^^^^^^^^^^^^^^^^^^^^^^
validation_data/repositories/django_django/tests/forms_tests/tests/__init__.py:3: in &lt;module&gt;
    from django.test.utils import override_settings
E   ModuleNotFoundError: No module named 'django'</error></testcase><testcase classname="" name="validation_data.repositories.django_django.tests.forms_tests.widget_tests.test_checkboxinput" time="0.000"><error message="collection failure">ImportError while importing test module '/home/dee/workspace/AI/Repo-Scanner/validation_data/repositories/django_django/tests/forms_tests/widget_tests/test_checkboxinput.py'.
Hint: make sure your test modules/packages have valid Python names.
Traceback:
../../../.pyenv/versions/3.11.9/lib/python3.11/importlib/__init__.py:126: in import_module
    return _bootstrap._gcd_import(name[level:], package, level)
           ^^^^^^^^^^^^^^^^^^^^^^^^^^^^^^^^^^^^^^^^^^^^^^^^^^^^
validation_data/repositories/django_django/tests/forms_tests/widget_tests/test_checkboxinput.py:1: in &lt;module&gt;
    from django.forms import BooleanField, CheckboxInput, Form
E   ModuleNotFoundError: No module named 'django'</error></testcase><testcase classname="" name="validation_data.repositories.django_django.tests.forms_tests.widget_tests.test_checkboxselectmultiple" time="0.000"><error message="collection failure">ImportError while importing test module '/home/dee/workspace/AI/Repo-Scanner/validation_data/repositories/django_django/tests/forms_tests/widget_tests/test_checkboxselectmultiple.py'.
Hint: make sure your test modules/packages have valid Python names.
Traceback:
../../../.pyenv/versions/3.11.9/lib/python3.11/importlib/__init__.py:126: in import_module
    return _bootstrap._gcd_import(name[level:], package, level)
           ^^^^^^^^^^^^^^^^^^^^^^^^^^^^^^^^^^^^^^^^^^^^^^^^^^^^
validation_data/repositories/django_django/tests/forms_tests/widget_tests/test_checkboxselectmultiple.py:3: in &lt;module&gt;
    from django import forms
E   ModuleNotFoundError: No module named 'django'</error></testcase><testcase classname="" name="validation_data.repositories.django_django.tests.forms_tests.widget_tests.test_choicewidget" time="0.000"><error message="collection failure">ImportError while importing test module '/home/dee/workspace/AI/Repo-Scanner/validation_data/repositories/django_django/tests/forms_tests/widget_tests/test_choicewidget.py'.
Hint: make sure your test modules/packages have valid Python names.
Traceback:
../../../.pyenv/versions/3.11.9/lib/python3.11/importlib/__init__.py:126: in import_module
    return _bootstrap._gcd_import(name[level:], package, level)
           ^^^^^^^^^^^^^^^^^^^^^^^^^^^^^^^^^^^^^^^^^^^^^^^^^^^^
validation_data/repositories/django_django/tests/forms_tests/widget_tests/test_choicewidget.py:3: in &lt;module&gt;
    from django.forms.widgets import ChoiceWidget
E   ModuleNotFoundError: No module named 'django'</error></testcase><testcase classname="" name="validation_data.repositories.django_django.tests.forms_tests.widget_tests.test_clearablefileinput" time="0.000"><error message="collection failure">ImportError while importing test module '/home/dee/workspace/AI/Repo-Scanner/validation_data/repositories/django_django/tests/forms_tests/widget_tests/test_clearablefileinput.py'.
Hint: make sure your test modules/packages have valid Python names.
Traceback:
../../../.pyenv/versions/3.11.9/lib/python3.11/importlib/__init__.py:126: in import_module
    return _bootstrap._gcd_import(name[level:], package, level)
           ^^^^^^^^^^^^^^^^^^^^^^^^^^^^^^^^^^^^^^^^^^^^^^^^^^^^
validation_data/repositories/django_django/tests/forms_tests/widget_tests/test_clearablefileinput.py:1: in &lt;module&gt;
    from django.core.files.uploadedfile import SimpleUploadedFile
E   ModuleNotFoundError: No module named 'django'</error></testcase><testcase classname="" name="validation_data.repositories.django_django.tests.forms_tests.widget_tests.test_colorinput" time="0.000"><error message="collection failure">ImportError while importing test module '/home/dee/workspace/AI/Repo-Scanner/validation_data/repositories/django_django/tests/forms_tests/widget_tests/test_colorinput.py'.
Hint: make sure your test modules/packages have valid Python names.
Traceback:
../../../.pyenv/versions/3.11.9/lib/python3.11/importlib/__init__.py:126: in import_module
    return _bootstrap._gcd_import(name[level:], package, level)
           ^^^^^^^^^^^^^^^^^^^^^^^^^^^^^^^^^^^^^^^^^^^^^^^^^^^^
validation_data/repositories/django_django/tests/forms_tests/widget_tests/test_colorinput.py:1: in &lt;module&gt;
    from django.forms import ColorInput
E   ModuleNotFoundError: No module named 'django'</error></testcase><testcase classname="" name="validation_data.repositories.django_django.tests.forms_tests.widget_tests.test_dateinput" time="0.000"><error message="collection failure">ImportError while importing test module '/home/dee/workspace/AI/Repo-Scanner/validation_data/repositories/django_django/tests/forms_tests/widget_tests/test_dateinput.py'.
Hint: make sure your test modules/packages have valid Python names.
Traceback:
../../../.pyenv/versions/3.11.9/lib/python3.11/importlib/__init__.py:126: in import_module
    return _bootstrap._gcd_import(name[level:], package, level)
           ^^^^^^^^^^^^^^^^^^^^^^^^^^^^^^^^^^^^^^^^^^^^^^^^^^^^
validation_data/repositories/django_django/tests/forms_tests/widget_tests/test_dateinput.py:3: in &lt;module&gt;
    from django.forms import CharField, DateInput, Form
E   ModuleNotFoundError: No module named 'django'</error></testcase><testcase classname="" name="validation_data.repositories.django_django.tests.forms_tests.widget_tests.test_datetimeinput" time="0.000"><error message="collection failure">ImportError while importing test module '/home/dee/workspace/AI/Repo-Scanner/validation_data/repositories/django_django/tests/forms_tests/widget_tests/test_datetimeinput.py'.
Hint: make sure your test modules/packages have valid Python names.
Traceback:
../../../.pyenv/versions/3.11.9/lib/python3.11/importlib/__init__.py:126: in import_module
    return _bootstrap._gcd_import(name[level:], package, level)
           ^^^^^^^^^^^^^^^^^^^^^^^^^^^^^^^^^^^^^^^^^^^^^^^^^^^^
validation_data/repositories/django_django/tests/forms_tests/widget_tests/test_datetimeinput.py:3: in &lt;module&gt;
    from django.forms import CharField, DateTimeInput, Form
E   ModuleNotFoundError: No module named 'django'</error></testcase><testcase classname="" name="validation_data.repositories.django_django.tests.forms_tests.widget_tests.test_fileinput" time="0.000"><error message="collection failure">ImportError while importing test module '/home/dee/workspace/AI/Repo-Scanner/validation_data/repositories/django_django/tests/forms_tests/widget_tests/test_fileinput.py'.
Hint: make sure your test modules/packages have valid Python names.
Traceback:
../../../.pyenv/versions/3.11.9/lib/python3.11/importlib/__init__.py:126: in import_module
    return _bootstrap._gcd_import(name[level:], package, level)
           ^^^^^^^^^^^^^^^^^^^^^^^^^^^^^^^^^^^^^^^^^^^^^^^^^^^^
validation_data/repositories/django_django/tests/forms_tests/widget_tests/test_fileinput.py:1: in &lt;module&gt;
    from django.core.files.uploadedfile import SimpleUploadedFile
E   ModuleNotFoundError: No module named 'django'</error></testcase><testcase classname="" name="validation_data.repositories.django_django.tests.forms_tests.widget_tests.test_hiddeninput" time="0.000"><error message="collection failure">ImportError while importing test module '/home/dee/workspace/AI/Repo-Scanner/validation_data/repositories/django_django/tests/forms_tests/widget_tests/test_hiddeninput.py'.
Hint: make sure your test modules/packages have valid Python names.
Traceback:
../../../.pyenv/versions/3.11.9/lib/python3.11/importlib/__init__.py:126: in import_module
    return _bootstrap._gcd_import(name[level:], package, level)
           ^^^^^^^^^^^^^^^^^^^^^^^^^^^^^^^^^^^^^^^^^^^^^^^^^^^^
validation_data/repositories/django_django/tests/forms_tests/widget_tests/test_hiddeninput.py:1: in &lt;module&gt;
    from django.forms import CharField, Form, HiddenInput
E   ModuleNotFoundError: No module named 'django'</error></testcase><testcase classname="" name="validation_data.repositories.django_django.tests.forms_tests.widget_tests.test_input" time="0.000"><error message="collection failure">ImportError while importing test module '/home/dee/workspace/AI/Repo-Scanner/validation_data/repositories/django_django/tests/forms_tests/widget_tests/test_input.py'.
Hint: make sure your test modules/packages have valid Python names.
Traceback:
../../../.pyenv/versions/3.11.9/lib/python3.11/importlib/__init__.py:126: in import_module
    return _bootstrap._gcd_import(name[level:], package, level)
           ^^^^^^^^^^^^^^^^^^^^^^^^^^^^^^^^^^^^^^^^^^^^^^^^^^^^
validation_data/repositories/django_django/tests/forms_tests/widget_tests/test_input.py:1: in &lt;module&gt;
    from django.forms.widgets import Input
E   ModuleNotFoundError: No module named 'django'</error></testcase><testcase classname="" name="validation_data.repositories.django_django.tests.forms_tests.widget_tests.test_multiplehiddeninput" time="0.000"><error message="collection failure">ImportError while importing test module '/home/dee/workspace/AI/Repo-Scanner/validation_data/repositories/django_django/tests/forms_tests/widget_tests/test_multiplehiddeninput.py'.
Hint: make sure your test modules/packages have valid Python names.
Traceback:
../../../.pyenv/versions/3.11.9/lib/python3.11/importlib/__init__.py:126: in import_module
    return _bootstrap._gcd_import(name[level:], package, level)
           ^^^^^^^^^^^^^^^^^^^^^^^^^^^^^^^^^^^^^^^^^^^^^^^^^^^^
validation_data/repositories/django_django/tests/forms_tests/widget_tests/test_multiplehiddeninput.py:1: in &lt;module&gt;
    from django.forms import Form, MultipleChoiceField, MultipleHiddenInput
E   ModuleNotFoundError: No module named 'django'</error></testcase><testcase classname="" name="validation_data.repositories.django_django.tests.forms_tests.widget_tests.test_multiwidget" time="0.000"><error message="collection failure">ImportError while importing test module '/home/dee/workspace/AI/Repo-Scanner/validation_data/repositories/django_django/tests/forms_tests/widget_tests/test_multiwidget.py'.
Hint: make sure your test modules/packages have valid Python names.
Traceback:
../../../.pyenv/versions/3.11.9/lib/python3.11/importlib/__init__.py:126: in import_module
    return _bootstrap._gcd_import(name[level:], package, level)
           ^^^^^^^^^^^^^^^^^^^^^^^^^^^^^^^^^^^^^^^^^^^^^^^^^^^^
validation_data/repositories/django_django/tests/forms_tests/widget_tests/test_multiwidget.py:4: in &lt;module&gt;
    from django.forms import (
E   ModuleNotFoundError: No module named 'django'</error></testcase><testcase classname="" name="validation_data.repositories.django_django.tests.forms_tests.widget_tests.test_nullbooleanselect" time="0.000"><error message="collection failure">ImportError while importing test module '/home/dee/workspace/AI/Repo-Scanner/validation_data/repositories/django_django/tests/forms_tests/widget_tests/test_nullbooleanselect.py'.
Hint: make sure your test modules/packages have valid Python names.
Traceback:
../../../.pyenv/versions/3.11.9/lib/python3.11/importlib/__init__.py:126: in import_module
    return _bootstrap._gcd_import(name[level:], package, level)
           ^^^^^^^^^^^^^^^^^^^^^^^^^^^^^^^^^^^^^^^^^^^^^^^^^^^^
validation_data/repositories/django_django/tests/forms_tests/widget_tests/test_nullbooleanselect.py:1: in &lt;module&gt;
    from django.forms import Form, NullBooleanField, NullBooleanSelect
E   ModuleNotFoundError: No module named 'django'</error></testcase><testcase classname="" name="validation_data.repositories.django_django.tests.forms_tests.widget_tests.test_numberinput" time="0.000"><error message="collection failure">ImportError while importing test module '/home/dee/workspace/AI/Repo-Scanner/validation_data/repositories/django_django/tests/forms_tests/widget_tests/test_numberinput.py'.
Hint: make sure your test modules/packages have valid Python names.
Traceback:
../../../.pyenv/versions/3.11.9/lib/python3.11/importlib/__init__.py:126: in import_module
    return _bootstrap._gcd_import(name[level:], package, level)
           ^^^^^^^^^^^^^^^^^^^^^^^^^^^^^^^^^^^^^^^^^^^^^^^^^^^^
validation_data/repositories/django_django/tests/forms_tests/widget_tests/test_numberinput.py:1: in &lt;module&gt;
    from django.forms import CharField, Form, NumberInput
E   ModuleNotFoundError: No module named 'django'</error></testcase><testcase classname="" name="validation_data.repositories.django_django.tests.forms_tests.widget_tests.test_passwordinput" time="0.000"><error message="collection failure">ImportError while importing test module '/home/dee/workspace/AI/Repo-Scanner/validation_data/repositories/django_django/tests/forms_tests/widget_tests/test_passwordinput.py'.
Hint: make sure your test modules/packages have valid Python names.
Traceback:
../../../.pyenv/versions/3.11.9/lib/python3.11/importlib/__init__.py:126: in import_module
    return _bootstrap._gcd_import(name[level:], package, level)
           ^^^^^^^^^^^^^^^^^^^^^^^^^^^^^^^^^^^^^^^^^^^^^^^^^^^^
validation_data/repositories/django_django/tests/forms_tests/widget_tests/test_passwordinput.py:1: in &lt;module&gt;
    from django.forms import CharField, Form, PasswordInput
E   ModuleNotFoundError: No module named 'django'</error></testcase><testcase classname="" name="validation_data.repositories.django_django.tests.forms_tests.widget_tests.test_radioselect" time="0.000"><error message="collection failure">ImportError while importing test module '/home/dee/workspace/AI/Repo-Scanner/validation_data/repositories/django_django/tests/forms_tests/widget_tests/test_radioselect.py'.
Hint: make sure your test modules/packages have valid Python names.
Traceback:
../../../.pyenv/versions/3.11.9/lib/python3.11/importlib/__init__.py:126: in import_module
    return _bootstrap._gcd_import(name[level:], package, level)
           ^^^^^^^^^^^^^^^^^^^^^^^^^^^^^^^^^^^^^^^^^^^^^^^^^^^^
validation_data/repositories/django_django/tests/forms_tests/widget_tests/test_radioselect.py:3: in &lt;module&gt;
    from django.forms import ChoiceField, Form, MultiWidget, RadioSelect, TextInput
E   ModuleNotFoundError: No module named 'django'</error></testcase><testcase classname="" name="validation_data.repositories.django_django.tests.forms_tests.widget_tests.test_searchinput" time="0.000"><error message="collection failure">ImportError while importing test module '/home/dee/workspace/AI/Repo-Scanner/validation_data/repositories/django_django/tests/forms_tests/widget_tests/test_searchinput.py'.
Hint: make sure your test modules/packages have valid Python names.
Traceback:
../../../.pyenv/versions/3.11.9/lib/python3.11/importlib/__init__.py:126: in import_module
    return _bootstrap._gcd_import(name[level:], package, level)
           ^^^^^^^^^^^^^^^^^^^^^^^^^^^^^^^^^^^^^^^^^^^^^^^^^^^^
validation_data/repositories/django_django/tests/forms_tests/widget_tests/test_searchinput.py:1: in &lt;module&gt;
    from django.forms import SearchInput
E   ModuleNotFoundError: No module named 'django'</error></testcase><testcase classname="" name="validation_data.repositories.django_django.tests.forms_tests.widget_tests.test_select" time="0.000"><error message="collection failure">ImportError while importing test module '/home/dee/workspace/AI/Repo-Scanner/validation_data/repositories/django_django/tests/forms_tests/widget_tests/test_select.py'.
Hint: make sure your test modules/packages have valid Python names.
Traceback:
../../../.pyenv/versions/3.11.9/lib/python3.11/importlib/__init__.py:126: in import_module
    return _bootstrap._gcd_import(name[level:], package, level)
           ^^^^^^^^^^^^^^^^^^^^^^^^^^^^^^^^^^^^^^^^^^^^^^^^^^^^
validation_data/repositories/django_django/tests/forms_tests/widget_tests/test_select.py:3: in &lt;module&gt;
    from django.forms import ChoiceField, Form, MultiWidget, Select, TextInput
E   ModuleNotFoundError: No module named 'django'</error></testcase><testcase classname="" name="validation_data.repositories.django_django.tests.forms_tests.widget_tests.test_selectdatewidget" time="0.000"><error message="collection failure">ImportError while importing test module '/home/dee/workspace/AI/Repo-Scanner/validation_data/repositories/django_django/tests/forms_tests/widget_tests/test_selectdatewidget.py'.
Hint: make sure your test modules/packages have valid Python names.
Traceback:
../../../.pyenv/versions/3.11.9/lib/python3.11/importlib/__init__.py:126: in import_module
    return _bootstrap._gcd_import(name[level:], package, level)
           ^^^^^^^^^^^^^^^^^^^^^^^^^^^^^^^^^^^^^^^^^^^^^^^^^^^^
validation_data/repositories/django_django/tests/forms_tests/widget_tests/test_selectdatewidget.py:4: in &lt;module&gt;
    from django.forms import DateField, Form, SelectDateWidget
E   ModuleNotFoundError: No module named 'django'</error></testcase><testcase classname="" name="validation_data.repositories.django_django.tests.forms_tests.widget_tests.test_selectmultiple" time="0.000"><error message="collection failure">ImportError while importing test module '/home/dee/workspace/AI/Repo-Scanner/validation_data/repositories/django_django/tests/forms_tests/widget_tests/test_selectmultiple.py'.
Hint: make sure your test modules/packages have valid Python names.
Traceback:
../../../.pyenv/versions/3.11.9/lib/python3.11/importlib/__init__.py:126: in import_module
    return _bootstrap._gcd_import(name[level:], package, level)
           ^^^^^^^^^^^^^^^^^^^^^^^^^^^^^^^^^^^^^^^^^^^^^^^^^^^^
validation_data/repositories/django_django/tests/forms_tests/widget_tests/test_selectmultiple.py:1: in &lt;module&gt;
    from django.forms import ChoiceField, Form, SelectMultiple
E   ModuleNotFoundError: No module named 'django'</error></testcase><testcase classname="" name="validation_data.repositories.django_django.tests.forms_tests.widget_tests.test_splitdatetimewidget" time="0.000"><error message="collection failure">ImportError while importing test module '/home/dee/workspace/AI/Repo-Scanner/validation_data/repositories/django_django/tests/forms_tests/widget_tests/test_splitdatetimewidget.py'.
Hint: make sure your test modules/packages have valid Python names.
Traceback:
../../../.pyenv/versions/3.11.9/lib/python3.11/importlib/__init__.py:126: in import_module
    return _bootstrap._gcd_import(name[level:], package, level)
           ^^^^^^^^^^^^^^^^^^^^^^^^^^^^^^^^^^^^^^^^^^^^^^^^^^^^
validation_data/repositories/django_django/tests/forms_tests/widget_tests/test_splitdatetimewidget.py:3: in &lt;module&gt;
    from django.forms import Form, SplitDateTimeField, SplitDateTimeWidget
E   ModuleNotFoundError: No module named 'django'</error></testcase><testcase classname="" name="validation_data.repositories.django_django.tests.forms_tests.widget_tests.test_splithiddendatetimewidget" time="0.000"><error message="collection failure">ImportError while importing test module '/home/dee/workspace/AI/Repo-Scanner/validation_data/repositories/django_django/tests/forms_tests/widget_tests/test_splithiddendatetimewidget.py'.
Hint: make sure your test modules/packages have valid Python names.
Traceback:
../../../.pyenv/versions/3.11.9/lib/python3.11/importlib/__init__.py:126: in import_module
    return _bootstrap._gcd_import(name[level:], package, level)
           ^^^^^^^^^^^^^^^^^^^^^^^^^^^^^^^^^^^^^^^^^^^^^^^^^^^^
validation_data/repositories/django_django/tests/forms_tests/widget_tests/test_splithiddendatetimewidget.py:3: in &lt;module&gt;
    from django.forms import Form, SplitDateTimeField, SplitHiddenDateTimeWidget
E   ModuleNotFoundError: No module named 'django'</error></testcase><testcase classname="" name="validation_data.repositories.django_django.tests.forms_tests.widget_tests.test_telinput" time="0.000"><error message="collection failure">ImportError while importing test module '/home/dee/workspace/AI/Repo-Scanner/validation_data/repositories/django_django/tests/forms_tests/widget_tests/test_telinput.py'.
Hint: make sure your test modules/packages have valid Python names.
Traceback:
../../../.pyenv/versions/3.11.9/lib/python3.11/importlib/__init__.py:126: in import_module
    return _bootstrap._gcd_import(name[level:], package, level)
           ^^^^^^^^^^^^^^^^^^^^^^^^^^^^^^^^^^^^^^^^^^^^^^^^^^^^
validation_data/repositories/django_django/tests/forms_tests/widget_tests/test_telinput.py:1: in &lt;module&gt;
    from django.forms import TelInput
E   ModuleNotFoundError: No module named 'django'</error></testcase><testcase classname="" name="validation_data.repositories.django_django.tests.forms_tests.widget_tests.test_textarea" time="0.000"><error message="collection failure">ImportError while importing test module '/home/dee/workspace/AI/Repo-Scanner/validation_data/repositories/django_django/tests/forms_tests/widget_tests/test_textarea.py'.
Hint: make sure your test modules/packages have valid Python names.
Traceback:
../../../.pyenv/versions/3.11.9/lib/python3.11/importlib/__init__.py:126: in import_module
    return _bootstrap._gcd_import(name[level:], package, level)
           ^^^^^^^^^^^^^^^^^^^^^^^^^^^^^^^^^^^^^^^^^^^^^^^^^^^^
validation_data/repositories/django_django/tests/forms_tests/widget_tests/test_textarea.py:1: in &lt;module&gt;
    from django.forms import CharField, Form, Textarea
E   ModuleNotFoundError: No module named 'django'</error></testcase><testcase classname="" name="validation_data.repositories.django_django.tests.forms_tests.widget_tests.test_textinput" time="0.000"><error message="collection failure">ImportError while importing test module '/home/dee/workspace/AI/Repo-Scanner/validation_data/repositories/django_django/tests/forms_tests/widget_tests/test_textinput.py'.
Hint: make sure your test modules/packages have valid Python names.
Traceback:
../../../.pyenv/versions/3.11.9/lib/python3.11/importlib/__init__.py:126: in import_module
    return _bootstrap._gcd_import(name[level:], package, level)
           ^^^^^^^^^^^^^^^^^^^^^^^^^^^^^^^^^^^^^^^^^^^^^^^^^^^^
validation_data/repositories/django_django/tests/forms_tests/widget_tests/test_textinput.py:1: in &lt;module&gt;
    from django.forms import CharField, Form, TextInput
E   ModuleNotFoundError: No module named 'django'</error></testcase><testcase classname="" name="validation_data.repositories.django_django.tests.forms_tests.widget_tests.test_timeinput" time="0.000"><error message="collection failure">ImportError while importing test module '/home/dee/workspace/AI/Repo-Scanner/validation_data/repositories/django_django/tests/forms_tests/widget_tests/test_timeinput.py'.
Hint: make sure your test modules/packages have valid Python names.
Traceback:
../../../.pyenv/versions/3.11.9/lib/python3.11/importlib/__init__.py:126: in import_module
    return _bootstrap._gcd_import(name[level:], package, level)
           ^^^^^^^^^^^^^^^^^^^^^^^^^^^^^^^^^^^^^^^^^^^^^^^^^^^^
validation_data/repositories/django_django/tests/forms_tests/widget_tests/test_timeinput.py:3: in &lt;module&gt;
    from django.forms import CharField, Form, TimeInput
E   ModuleNotFoundError: No module named 'django'</error></testcase><testcase classname="" name="validation_data.repositories.django_django.tests.forms_tests.widget_tests.test_widget" time="0.000"><error message="collection failure">ImportError while importing test module '/home/dee/workspace/AI/Repo-Scanner/validation_data/repositories/django_django/tests/forms_tests/widget_tests/test_widget.py'.
Hint: make sure your test modules/packages have valid Python names.
Traceback:
../../../.pyenv/versions/3.11.9/lib/python3.11/importlib/__init__.py:126: in import_module
    return _bootstrap._gcd_import(name[level:], package, level)
           ^^^^^^^^^^^^^^^^^^^^^^^^^^^^^^^^^^^^^^^^^^^^^^^^^^^^
validation_data/repositories/django_django/tests/forms_tests/widget_tests/test_widget.py:1: in &lt;module&gt;
    from django.forms import Widget
E   ModuleNotFoundError: No module named 'django'</error></testcase><testcase classname="" name="validation_data.repositories.django_django.tests.generic_relations.test_forms" time="0.000"><error message="collection failure">ImportError while importing test module '/home/dee/workspace/AI/Repo-Scanner/validation_data/repositories/django_django/tests/generic_relations/test_forms.py'.
Hint: make sure your test modules/packages have valid Python names.
Traceback:
../../../.pyenv/versions/3.11.9/lib/python3.11/importlib/__init__.py:126: in import_module
    return _bootstrap._gcd_import(name[level:], package, level)
           ^^^^^^^^^^^^^^^^^^^^^^^^^^^^^^^^^^^^^^^^^^^^^^^^^^^^
validation_data/repositories/django_django/tests/generic_relations/test_forms.py:1: in &lt;module&gt;
    from django import forms
E   ModuleNotFoundError: No module named 'django'</error></testcase><testcase classname="" name="validation_data.repositories.django_django.tests.generic_views.test_base" time="0.000"><error message="collection failure">ImportError while importing test module '/home/dee/workspace/AI/Repo-Scanner/validation_data/repositories/django_django/tests/generic_views/test_base.py'.
Hint: make sure your test modules/packages have valid Python names.
Traceback:
../../../.pyenv/versions/3.11.9/lib/python3.11/importlib/__init__.py:126: in import_module
    return _bootstrap._gcd_import(name[level:], package, level)
           ^^^^^^^^^^^^^^^^^^^^^^^^^^^^^^^^^^^^^^^^^^^^^^^^^^^^
validation_data/repositories/django_django/tests/generic_views/test_base.py:4: in &lt;module&gt;
    from logging_tests.tests import LoggingAssertionMixin
validation_data/repositories/django_django/tests/logging_tests/tests.py:6: in &lt;module&gt;
    from admin_scripts.tests import AdminScriptTestCase
validation_data/repositories/django_django/tests/admin_scripts/tests.py:21: in &lt;module&gt;
    from django import conf, get_version
E   ModuleNotFoundError: No module named 'django'</error></testcase><testcase classname="" name="validation_data.repositories.django_django.tests.generic_views.test_dates" time="0.000"><error message="collection failure">ImportError while importing test module '/home/dee/workspace/AI/Repo-Scanner/validation_data/repositories/django_django/tests/generic_views/test_dates.py'.
Hint: make sure your test modules/packages have valid Python names.
Traceback:
../../../.pyenv/versions/3.11.9/lib/python3.11/importlib/__init__.py:126: in import_module
    return _bootstrap._gcd_import(name[level:], package, level)
           ^^^^^^^^^^^^^^^^^^^^^^^^^^^^^^^^^^^^^^^^^^^^^^^^^^^^
validation_data/repositories/django_django/tests/generic_views/test_dates.py:4: in &lt;module&gt;
    from django.core.exceptions import ImproperlyConfigured
E   ModuleNotFoundError: No module named 'django'</error></testcase><testcase classname="" name="validation_data.repositories.django_django.tests.generic_views.test_detail" time="0.000"><error message="collection failure">ImportError while importing test module '/home/dee/workspace/AI/Repo-Scanner/validation_data/repositories/django_django/tests/generic_views/test_detail.py'.
Hint: make sure your test modules/packages have valid Python names.
Traceback:
../../../.pyenv/versions/3.11.9/lib/python3.11/importlib/__init__.py:126: in import_module
    return _bootstrap._gcd_import(name[level:], package, level)
           ^^^^^^^^^^^^^^^^^^^^^^^^^^^^^^^^^^^^^^^^^^^^^^^^^^^^
validation_data/repositories/django_django/tests/generic_views/test_detail.py:3: in &lt;module&gt;
    from django.core.exceptions import ImproperlyConfigured, ObjectDoesNotExist
E   ModuleNotFoundError: No module named 'django'</error></testcase><testcase classname="" name="validation_data.repositories.django_django.tests.generic_views.test_edit" time="0.000"><error message="collection failure">ImportError while importing test module '/home/dee/workspace/AI/Repo-Scanner/validation_data/repositories/django_django/tests/generic_views/test_edit.py'.
Hint: make sure your test modules/packages have valid Python names.
Traceback:
../../../.pyenv/versions/3.11.9/lib/python3.11/importlib/__init__.py:126: in import_module
    return _bootstrap._gcd_import(name[level:], package, level)
           ^^^^^^^^^^^^^^^^^^^^^^^^^^^^^^^^^^^^^^^^^^^^^^^^^^^^
validation_data/repositories/django_django/tests/generic_views/test_edit.py:1: in &lt;module&gt;
    from django import forms
E   ModuleNotFoundError: No module named 'django'</error></testcase><testcase classname="" name="validation_data.repositories.django_django.tests.generic_views.test_list" time="0.000"><error message="collection failure">ImportError while importing test module '/home/dee/workspace/AI/Repo-Scanner/validation_data/repositories/django_django/tests/generic_views/test_list.py'.
Hint: make sure your test modules/packages have valid Python names.
Traceback:
../../../.pyenv/versions/3.11.9/lib/python3.11/importlib/__init__.py:126: in import_module
    return _bootstrap._gcd_import(name[level:], package, level)
           ^^^^^^^^^^^^^^^^^^^^^^^^^^^^^^^^^^^^^^^^^^^^^^^^^^^^
validation_data/repositories/django_django/tests/generic_views/test_list.py:3: in &lt;module&gt;
    from django.core.exceptions import ImproperlyConfigured
E   ModuleNotFoundError: No module named 'django'</error></testcase><testcase classname="" name="validation_data.repositories.django_django.tests.gis_tests.gdal_tests.test_driver" time="0.000"><error message="collection failure">ImportError while importing test module '/home/dee/workspace/AI/Repo-Scanner/validation_data/repositories/django_django/tests/gis_tests/gdal_tests/test_driver.py'.
Hint: make sure your test modules/packages have valid Python names.
Traceback:
../../../.pyenv/versions/3.11.9/lib/python3.11/importlib/__init__.py:126: in import_module
    return _bootstrap._gcd_import(name[level:], package, level)
           ^^^^^^^^^^^^^^^^^^^^^^^^^^^^^^^^^^^^^^^^^^^^^^^^^^^^
validation_data/repositories/django_django/tests/gis_tests/gdal_tests/test_driver.py:4: in &lt;module&gt;
    from django.contrib.gis.gdal import GDAL_VERSION, Driver, GDALException
E   ModuleNotFoundError: No module named 'django'</error></testcase><testcase classname="" name="validation_data.repositories.django_django.tests.gis_tests.gdal_tests.test_ds" time="0.000"><error message="collection failure">ImportError while importing test module '/home/dee/workspace/AI/Repo-Scanner/validation_data/repositories/django_django/tests/gis_tests/gdal_tests/test_ds.py'.
Hint: make sure your test modules/packages have valid Python names.
Traceback:
../../../.pyenv/versions/3.11.9/lib/python3.11/importlib/__init__.py:126: in import_module
    return _bootstrap._gcd_import(name[level:], package, level)
           ^^^^^^^^^^^^^^^^^^^^^^^^^^^^^^^^^^^^^^^^^^^^^^^^^^^^
validation_data/repositories/django_django/tests/gis_tests/gdal_tests/test_ds.py:6: in &lt;module&gt;
    from django.contrib.gis.gdal import DataSource, Envelope, GDALException, OGRGeometry
E   ModuleNotFoundError: No module named 'django'</error></testcase><testcase classname="" name="validation_data.repositories.django_django.tests.gis_tests.gdal_tests.test_envelope" time="0.000"><error message="collection failure">ImportError while importing test module '/home/dee/workspace/AI/Repo-Scanner/validation_data/repositories/django_django/tests/gis_tests/gdal_tests/test_envelope.py'.
Hint: make sure your test modules/packages have valid Python names.
Traceback:
../../../.pyenv/versions/3.11.9/lib/python3.11/importlib/__init__.py:126: in import_module
    return _bootstrap._gcd_import(name[level:], package, level)
           ^^^^^^^^^^^^^^^^^^^^^^^^^^^^^^^^^^^^^^^^^^^^^^^^^^^^
validation_data/repositories/django_django/tests/gis_tests/gdal_tests/test_envelope.py:3: in &lt;module&gt;
    from django.contrib.gis.gdal import Envelope, GDALException
E   ModuleNotFoundError: No module named 'django'</error></testcase><testcase classname="" name="validation_data.repositories.django_django.tests.gis_tests.gdal_tests.test_geom" time="0.000"><error message="collection failure">ImportError while importing test module '/home/dee/workspace/AI/Repo-Scanner/validation_data/repositories/django_django/tests/gis_tests/gdal_tests/test_geom.py'.
Hint: make sure your test modules/packages have valid Python names.
Traceback:
../../../.pyenv/versions/3.11.9/lib/python3.11/importlib/__init__.py:126: in import_module
    return _bootstrap._gcd_import(name[level:], package, level)
           ^^^^^^^^^^^^^^^^^^^^^^^^^^^^^^^^^^^^^^^^^^^^^^^^^^^^
validation_data/repositories/django_django/tests/gis_tests/gdal_tests/test_geom.py:4: in &lt;module&gt;
    from django.contrib.gis.gdal import (
E   ModuleNotFoundError: No module named 'django'</error></testcase><testcase classname="" name="validation_data.repositories.django_django.tests.gis_tests.gdal_tests.test_raster" time="0.000"><error message="collection failure">ImportError while importing test module '/home/dee/workspace/AI/Repo-Scanner/validation_data/repositories/django_django/tests/gis_tests/gdal_tests/test_raster.py'.
Hint: make sure your test modules/packages have valid Python names.
Traceback:
../../../.pyenv/versions/3.11.9/lib/python3.11/importlib/__init__.py:126: in import_module
    return _bootstrap._gcd_import(name[level:], package, level)
           ^^^^^^^^^^^^^^^^^^^^^^^^^^^^^^^^^^^^^^^^^^^^^^^^^^^^
validation_data/repositories/django_django/tests/gis_tests/gdal_tests/test_raster.py:9: in &lt;module&gt;
    from django.contrib.gis.gdal import GDAL_VERSION, GDALRaster, SpatialReference
E   ModuleNotFoundError: No module named 'django'</error></testcase><testcase classname="" name="validation_data.repositories.django_django.tests.gis_tests.gdal_tests.test_srs" time="0.000"><error message="collection failure">ImportError while importing test module '/home/dee/workspace/AI/Repo-Scanner/validation_data/repositories/django_django/tests/gis_tests/gdal_tests/test_srs.py'.
Hint: make sure your test modules/packages have valid Python names.
Traceback:
../../../.pyenv/versions/3.11.9/lib/python3.11/importlib/__init__.py:126: in import_module
    return _bootstrap._gcd_import(name[level:], package, level)
           ^^^^^^^^^^^^^^^^^^^^^^^^^^^^^^^^^^^^^^^^^^^^^^^^^^^^
validation_data/repositories/django_django/tests/gis_tests/gdal_tests/test_srs.py:1: in &lt;module&gt;
    from django.contrib.gis.gdal import (
E   ModuleNotFoundError: No module named 'django'</error></testcase><testcase classname="" name="validation_data.repositories.django_django.tests.gis_tests.geoapp.test_expressions" time="0.000"><error message="collection failure">ImportError while importing test module '/home/dee/workspace/AI/Repo-Scanner/validation_data/repositories/django_django/tests/gis_tests/geoapp/test_expressions.py'.
Hint: make sure your test modules/packages have valid Python names.
Traceback:
../../../.pyenv/versions/3.11.9/lib/python3.11/importlib/__init__.py:126: in import_module
    return _bootstrap._gcd_import(name[level:], package, level)
           ^^^^^^^^^^^^^^^^^^^^^^^^^^^^^^^^^^^^^^^^^^^^^^^^^^^^
validation_data/repositories/django_django/tests/gis_tests/geoapp/test_expressions.py:1: in &lt;module&gt;
    from django.contrib.gis.db.models import F, GeometryField, Value, functions
E   ModuleNotFoundError: No module named 'django'</error></testcase><testcase classname="" name="validation_data.repositories.django_django.tests.gis_tests.geoapp.test_feeds" time="0.000"><error message="collection failure">ImportError while importing test module '/home/dee/workspace/AI/Repo-Scanner/validation_data/repositories/django_django/tests/gis_tests/geoapp/test_feeds.py'.
Hint: make sure your test modules/packages have valid Python names.
Traceback:
../../../.pyenv/versions/3.11.9/lib/python3.11/importlib/__init__.py:126: in import_module
    return _bootstrap._gcd_import(name[level:], package, level)
           ^^^^^^^^^^^^^^^^^^^^^^^^^^^^^^^^^^^^^^^^^^^^^^^^^^^^
validation_data/repositories/django_django/tests/gis_tests/geoapp/test_feeds.py:3: in &lt;module&gt;
    from django.conf import settings
E   ModuleNotFoundError: No module named 'django'</error></testcase><testcase classname="" name="validation_data.repositories.django_django.tests.gis_tests.geoapp.test_functions" time="0.000"><error message="collection failure">ImportError while importing test module '/home/dee/workspace/AI/Repo-Scanner/validation_data/repositories/django_django/tests/gis_tests/geoapp/test_functions.py'.
Hint: make sure your test modules/packages have valid Python names.
Traceback:
../../../.pyenv/versions/3.11.9/lib/python3.11/importlib/__init__.py:126: in import_module
    return _bootstrap._gcd_import(name[level:], package, level)
           ^^^^^^^^^^^^^^^^^^^^^^^^^^^^^^^^^^^^^^^^^^^^^^^^^^^^
validation_data/repositories/django_django/tests/gis_tests/geoapp/test_functions.py:6: in &lt;module&gt;
    from django.contrib.gis.db.models import GeometryField, PolygonField, functions
E   ModuleNotFoundError: No module named 'django'</error></testcase><testcase classname="" name="validation_data.repositories.django_django.tests.gis_tests.geoapp.test_indexes" time="0.000"><error message="collection failure">ImportError while importing test module '/home/dee/workspace/AI/Repo-Scanner/validation_data/repositories/django_django/tests/gis_tests/geoapp/test_indexes.py'.
Hint: make sure your test modules/packages have valid Python names.
Traceback:
../../../.pyenv/versions/3.11.9/lib/python3.11/importlib/__init__.py:126: in import_module
    return _bootstrap._gcd_import(name[level:], package, level)
           ^^^^^^^^^^^^^^^^^^^^^^^^^^^^^^^^^^^^^^^^^^^^^^^^^^^^
validation_data/repositories/django_django/tests/gis_tests/geoapp/test_indexes.py:1: in &lt;module&gt;
    from django.contrib.gis.db import models
E   ModuleNotFoundError: No module named 'django'</error></testcase><testcase classname="" name="validation_data.repositories.django_django.tests.gis_tests.geoapp.test_regress" time="0.000"><error message="collection failure">ImportError while importing test module '/home/dee/workspace/AI/Repo-Scanner/validation_data/repositories/django_django/tests/gis_tests/geoapp/test_regress.py'.
Hint: make sure your test modules/packages have valid Python names.
Traceback:
../../../.pyenv/versions/3.11.9/lib/python3.11/importlib/__init__.py:126: in import_module
    return _bootstrap._gcd_import(name[level:], package, level)
           ^^^^^^^^^^^^^^^^^^^^^^^^^^^^^^^^^^^^^^^^^^^^^^^^^^^^
validation_data/repositories/django_django/tests/gis_tests/geoapp/test_regress.py:3: in &lt;module&gt;
    from django.contrib.gis.db.models import Extent
E   ModuleNotFoundError: No module named 'django'</error></testcase><testcase classname="" name="validation_data.repositories.django_django.tests.gis_tests.geoapp.test_serializers" time="0.000"><error message="collection failure">ImportError while importing test module '/home/dee/workspace/AI/Repo-Scanner/validation_data/repositories/django_django/tests/gis_tests/geoapp/test_serializers.py'.
Hint: make sure your test modules/packages have valid Python names.
Traceback:
../../../.pyenv/versions/3.11.9/lib/python3.11/importlib/__init__.py:126: in import_module
    return _bootstrap._gcd_import(name[level:], package, level)
           ^^^^^^^^^^^^^^^^^^^^^^^^^^^^^^^^^^^^^^^^^^^^^^^^^^^^
validation_data/repositories/django_django/tests/gis_tests/geoapp/test_serializers.py:3: in &lt;module&gt;
    from django.contrib.gis.geos import LinearRing, Point, Polygon
E   ModuleNotFoundError: No module named 'django'</error></testcase><testcase classname="" name="validation_data.repositories.django_django.tests.gis_tests.geoapp.test_sitemaps" time="0.000"><error message="collection failure">ImportError while importing test module '/home/dee/workspace/AI/Repo-Scanner/validation_data/repositories/django_django/tests/gis_tests/geoapp/test_sitemaps.py'.
Hint: make sure your test modules/packages have valid Python names.
Traceback:
../../../.pyenv/versions/3.11.9/lib/python3.11/importlib/__init__.py:126: in import_module
    return _bootstrap._gcd_import(name[level:], package, level)
           ^^^^^^^^^^^^^^^^^^^^^^^^^^^^^^^^^^^^^^^^^^^^^^^^^^^^
validation_data/repositories/django_django/tests/gis_tests/geoapp/test_sitemaps.py:5: in &lt;module&gt;
    from django.conf import settings
E   ModuleNotFoundError: No module named 'django'</error></testcase><testcase classname="" name="validation_data.repositories.django_django.tests.gis_tests.geos_tests.test_coordseq" time="0.000"><error message="collection failure">ImportError while importing test module '/home/dee/workspace/AI/Repo-Scanner/validation_data/repositories/django_django/tests/gis_tests/geos_tests/test_coordseq.py'.
Hint: make sure your test modules/packages have valid Python names.
Traceback:
../../../.pyenv/versions/3.11.9/lib/python3.11/importlib/__init__.py:126: in import_module
    return _bootstrap._gcd_import(name[level:], package, level)
           ^^^^^^^^^^^^^^^^^^^^^^^^^^^^^^^^^^^^^^^^^^^^^^^^^^^^
validation_data/repositories/django_django/tests/gis_tests/geos_tests/test_coordseq.py:1: in &lt;module&gt;
    from django.contrib.gis.geos import LineString
E   ModuleNotFoundError: No module named 'django'</error></testcase><testcase classname="" name="validation_data.repositories.django_django.tests.gis_tests.geos_tests.test_geos" time="0.000"><error message="collection failure">ImportError while importing test module '/home/dee/workspace/AI/Repo-Scanner/validation_data/repositories/django_django/tests/gis_tests/geos_tests/test_geos.py'.
Hint: make sure your test modules/packages have valid Python names.
Traceback:
../../../.pyenv/versions/3.11.9/lib/python3.11/importlib/__init__.py:126: in import_module
    return _bootstrap._gcd_import(name[level:], package, level)
           ^^^^^^^^^^^^^^^^^^^^^^^^^^^^^^^^^^^^^^^^^^^^^^^^^^^^
validation_data/repositories/django_django/tests/gis_tests/geos_tests/test_geos.py:11: in &lt;module&gt;
    from django.contrib.gis import gdal
E   ModuleNotFoundError: No module named 'django'</error></testcase><testcase classname="" name="validation_data.repositories.django_django.tests.gis_tests.geos_tests.test_geos_mutation" time="0.000"><error message="collection failure">ImportError while importing test module '/home/dee/workspace/AI/Repo-Scanner/validation_data/repositories/django_django/tests/gis_tests/geos_tests/test_geos_mutation.py'.
Hint: make sure your test modules/packages have valid Python names.
Traceback:
../../../.pyenv/versions/3.11.9/lib/python3.11/importlib/__init__.py:126: in import_module
    return _bootstrap._gcd_import(name[level:], package, level)
           ^^^^^^^^^^^^^^^^^^^^^^^^^^^^^^^^^^^^^^^^^^^^^^^^^^^^
validation_data/repositories/django_django/tests/gis_tests/geos_tests/test_geos_mutation.py:5: in &lt;module&gt;
    from django.contrib.gis.geos import (
E   ModuleNotFoundError: No module named 'django'</error></testcase><testcase classname="" name="validation_data.repositories.django_django.tests.gis_tests.geos_tests.test_io" time="0.000"><error message="collection failure">ImportError while importing test module '/home/dee/workspace/AI/Repo-Scanner/validation_data/repositories/django_django/tests/gis_tests/geos_tests/test_io.py'.
Hint: make sure your test modules/packages have valid Python names.
Traceback:
../../../.pyenv/versions/3.11.9/lib/python3.11/importlib/__init__.py:126: in import_module
    return _bootstrap._gcd_import(name[level:], package, level)
           ^^^^^^^^^^^^^^^^^^^^^^^^^^^^^^^^^^^^^^^^^^^^^^^^^^^^
validation_data/repositories/django_django/tests/gis_tests/geos_tests/test_io.py:3: in &lt;module&gt;
    from django.contrib.gis.geos import (
E   ModuleNotFoundError: No module named 'django'</error></testcase><testcase classname="" name="validation_data.repositories.django_django.tests.gis_tests.geos_tests.test_mutable_list" time="0.000"><error message="collection failure">ImportError while importing test module '/home/dee/workspace/AI/Repo-Scanner/validation_data/repositories/django_django/tests/gis_tests/geos_tests/test_mutable_list.py'.
Hint: make sure your test modules/packages have valid Python names.
Traceback:
../../../.pyenv/versions/3.11.9/lib/python3.11/importlib/__init__.py:126: in import_module
    return _bootstrap._gcd_import(name[level:], package, level)
           ^^^^^^^^^^^^^^^^^^^^^^^^^^^^^^^^^^^^^^^^^^^^^^^^^^^^
validation_data/repositories/django_django/tests/gis_tests/geos_tests/test_mutable_list.py:7: in &lt;module&gt;
    from django.contrib.gis.geos.mutable_list import ListMixin
E   ModuleNotFoundError: No module named 'django'</error></testcase><testcase classname="" name="validation_data.repositories.django_django.tests.gis_tests.gis_migrations.test_commands" time="0.000"><error message="collection failure">ImportError while importing test module '/home/dee/workspace/AI/Repo-Scanner/validation_data/repositories/django_django/tests/gis_tests/gis_migrations/test_commands.py'.
Hint: make sure your test modules/packages have valid Python names.
Traceback:
../../../.pyenv/versions/3.11.9/lib/python3.11/importlib/__init__.py:126: in import_module
    return _bootstrap._gcd_import(name[level:], package, level)
           ^^^^^^^^^^^^^^^^^^^^^^^^^^^^^^^^^^^^^^^^^^^^^^^^^^^^
validation_data/repositories/django_django/tests/gis_tests/gis_migrations/test_commands.py:1: in &lt;module&gt;
    from django.core.management import call_command
E   ModuleNotFoundError: No module named 'django'</error></testcase><testcase classname="" name="validation_data.repositories.django_django.tests.gis_tests.gis_migrations.test_operations" time="0.000"><error message="collection failure">ImportError while importing test module '/home/dee/workspace/AI/Repo-Scanner/validation_data/repositories/django_django/tests/gis_tests/gis_migrations/test_operations.py'.
Hint: make sure your test modules/packages have valid Python names.
Traceback:
../../../.pyenv/versions/3.11.9/lib/python3.11/importlib/__init__.py:126: in import_module
    return _bootstrap._gcd_import(name[level:], package, level)
           ^^^^^^^^^^^^^^^^^^^^^^^^^^^^^^^^^^^^^^^^^^^^^^^^^^^^
validation_data/repositories/django_django/tests/gis_tests/gis_migrations/test_operations.py:3: in &lt;module&gt;
    from django.contrib.gis.db.models import fields
E   ModuleNotFoundError: No module named 'django'</error></testcase><testcase classname="" name="validation_data.repositories.django_django.tests.gis_tests.rasterapp.test_rasterfield" time="0.000"><error message="collection failure">ImportError while importing test module '/home/dee/workspace/AI/Repo-Scanner/validation_data/repositories/django_django/tests/gis_tests/rasterapp/test_rasterfield.py'.
Hint: make sure your test modules/packages have valid Python names.
Traceback:
../../../.pyenv/versions/3.11.9/lib/python3.11/importlib/__init__.py:126: in import_module
    return _bootstrap._gcd_import(name[level:], package, level)
           ^^^^^^^^^^^^^^^^^^^^^^^^^^^^^^^^^^^^^^^^^^^^^^^^^^^^
validation_data/repositories/django_django/tests/gis_tests/rasterapp/test_rasterfield.py:3: in &lt;module&gt;
    from django.contrib.gis.db.models.fields import BaseSpatialField
E   ModuleNotFoundError: No module named 'django'</error></testcase><testcase classname="" name="validation_data.repositories.django_django.tests.gis_tests.test_data" time="0.000"><error message="collection failure">ImportError while importing test module '/home/dee/workspace/AI/Repo-Scanner/validation_data/repositories/django_django/tests/gis_tests/test_data.py'.
Hint: make sure your test modules/packages have valid Python names.
Traceback:
../../../.pyenv/versions/3.11.9/lib/python3.11/importlib/__init__.py:126: in import_module
    return _bootstrap._gcd_import(name[level:], package, level)
           ^^^^^^^^^^^^^^^^^^^^^^^^^^^^^^^^^^^^^^^^^^^^^^^^^^^^
validation_data/repositories/django_django/tests/gis_tests/test_data.py:9: in &lt;module&gt;
    from django.utils.functional import cached_property
E   ModuleNotFoundError: No module named 'django'</error></testcase><testcase classname="" name="validation_data.repositories.django_django.tests.gis_tests.test_fields" time="0.000"><error message="collection failure">ImportError while importing test module '/home/dee/workspace/AI/Repo-Scanner/validation_data/repositories/django_django/tests/gis_tests/test_fields.py'.
Hint: make sure your test modules/packages have valid Python names.
Traceback:
../../../.pyenv/versions/3.11.9/lib/python3.11/importlib/__init__.py:126: in import_module
    return _bootstrap._gcd_import(name[level:], package, level)
           ^^^^^^^^^^^^^^^^^^^^^^^^^^^^^^^^^^^^^^^^^^^^^^^^^^^^
validation_data/repositories/django_django/tests/gis_tests/test_fields.py:3: in &lt;module&gt;
    from django.contrib.gis.db.models import GeometryField
E   ModuleNotFoundError: No module named 'django'</error></testcase><testcase classname="" name="validation_data.repositories.django_django.tests.gis_tests.test_geoforms" time="0.000"><error message="collection failure">ImportError while importing test module '/home/dee/workspace/AI/Repo-Scanner/validation_data/repositories/django_django/tests/gis_tests/test_geoforms.py'.
Hint: make sure your test modules/packages have valid Python names.
Traceback:
../../../.pyenv/versions/3.11.9/lib/python3.11/importlib/__init__.py:126: in import_module
    return _bootstrap._gcd_import(name[level:], package, level)
           ^^^^^^^^^^^^^^^^^^^^^^^^^^^^^^^^^^^^^^^^^^^^^^^^^^^^
validation_data/repositories/django_django/tests/gis_tests/test_geoforms.py:3: in &lt;module&gt;
    from django.contrib.gis import forms
E   ModuleNotFoundError: No module named 'django'</error></testcase><testcase classname="" name="validation_data.repositories.django_django.tests.gis_tests.test_geoip2" time="0.000"><error message="collection failure">ImportError while importing test module '/home/dee/workspace/AI/Repo-Scanner/validation_data/repositories/django_django/tests/gis_tests/test_geoip2.py'.
Hint: make sure your test modules/packages have valid Python names.
Traceback:
../../../.pyenv/versions/3.11.9/lib/python3.11/importlib/__init__.py:126: in import_module
    return _bootstrap._gcd_import(name[level:], package, level)
           ^^^^^^^^^^^^^^^^^^^^^^^^^^^^^^^^^^^^^^^^^^^^^^^^^^^^
validation_data/repositories/django_django/tests/gis_tests/test_geoip2.py:6: in &lt;module&gt;
    from django.conf import settings
E   ModuleNotFoundError: No module named 'django'</error></testcase><testcase classname="" name="validation_data.repositories.django_django.tests.gis_tests.test_gis_tests_utils" time="0.000"><error message="collection failure">ImportError while importing test module '/home/dee/workspace/AI/Repo-Scanner/validation_data/repositories/django_django/tests/gis_tests/test_gis_tests_utils.py'.
Hint: make sure your test modules/packages have valid Python names.
Traceback:
../../../.pyenv/versions/3.11.9/lib/python3.11/importlib/__init__.py:126: in import_module
    return _bootstrap._gcd_import(name[level:], package, level)
           ^^^^^^^^^^^^^^^^^^^^^^^^^^^^^^^^^^^^^^^^^^^^^^^^^^^^
validation_data/repositories/django_django/tests/gis_tests/test_gis_tests_utils.py:1: in &lt;module&gt;
    from django.db import connection, models
E   ModuleNotFoundError: No module named 'django'</error></testcase><testcase classname="" name="validation_data.repositories.django_django.tests.gis_tests.test_measure" time="0.000"><error message="collection failure">ImportError while importing test module '/home/dee/workspace/AI/Repo-Scanner/validation_data/repositories/django_django/tests/gis_tests/test_measure.py'.
Hint: make sure your test modules/packages have valid Python names.
Traceback:
../../../.pyenv/versions/3.11.9/lib/python3.11/importlib/__init__.py:126: in import_module
    return _bootstrap._gcd_import(name[level:], package, level)
           ^^^^^^^^^^^^^^^^^^^^^^^^^^^^^^^^^^^^^^^^^^^^^^^^^^^^
validation_data/repositories/django_django/tests/gis_tests/test_measure.py:8: in &lt;module&gt;
    from django.contrib.gis.measure import A, Area, D, Distance
E   ModuleNotFoundError: No module named 'django'</error></testcase><testcase classname="" name="validation_data.repositories.django_django.tests.gis_tests.test_ptr" time="0.000"><error message="collection failure">ImportError while importing test module '/home/dee/workspace/AI/Repo-Scanner/validation_data/repositories/django_django/tests/gis_tests/test_ptr.py'.
Hint: make sure your test modules/packages have valid Python names.
Traceback:
../../../.pyenv/versions/3.11.9/lib/python3.11/importlib/__init__.py:126: in import_module
    return _bootstrap._gcd_import(name[level:], package, level)
           ^^^^^^^^^^^^^^^^^^^^^^^^^^^^^^^^^^^^^^^^^^^^^^^^^^^^
validation_data/repositories/django_django/tests/gis_tests/test_ptr.py:4: in &lt;module&gt;
    from django.contrib.gis.ptr import CPointerBase
E   ModuleNotFoundError: No module named 'django'</error></testcase><testcase classname="" name="validation_data.repositories.django_django.tests.gis_tests.test_spatialrefsys" time="0.000"><error message="collection failure">ImportError while importing test module '/home/dee/workspace/AI/Repo-Scanner/validation_data/repositories/django_django/tests/gis_tests/test_spatialrefsys.py'.
Hint: make sure your test modules/packages have valid Python names.
Traceback:
../../../.pyenv/versions/3.11.9/lib/python3.11/importlib/__init__.py:126: in import_module
    return _bootstrap._gcd_import(name[level:], package, level)
           ^^^^^^^^^^^^^^^^^^^^^^^^^^^^^^^^^^^^^^^^^^^^^^^^^^^^
validation_data/repositories/django_django/tests/gis_tests/test_spatialrefsys.py:3: in &lt;module&gt;
    from django.contrib.gis.db.backends.base.models import SpatialRefSysMixin
E   ModuleNotFoundError: No module named 'django'</error></testcase><testcase classname="" name="validation_data.repositories.django_django.tests.handlers.test_exception" time="0.000"><error message="collection failure">ImportError while importing test module '/home/dee/workspace/AI/Repo-Scanner/validation_data/repositories/django_django/tests/handlers/test_exception.py'.
Hint: make sure your test modules/packages have valid Python names.
Traceback:
../../../.pyenv/versions/3.11.9/lib/python3.11/importlib/__init__.py:126: in import_module
    return _bootstrap._gcd_import(name[level:], package, level)
           ^^^^^^^^^^^^^^^^^^^^^^^^^^^^^^^^^^^^^^^^^^^^^^^^^^^^
validation_data/repositories/django_django/tests/handlers/test_exception.py:1: in &lt;module&gt;
    from django.core.handlers.wsgi import WSGIHandler
E   ModuleNotFoundError: No module named 'django'</error></testcase><testcase classname="" name="validation_data.repositories.django_django.tests.i18n.test_compilation" time="0.000"><error message="collection failure">ImportError while importing test module '/home/dee/workspace/AI/Repo-Scanner/validation_data/repositories/django_django/tests/i18n/test_compilation.py'.
Hint: make sure your test modules/packages have valid Python names.
Traceback:
../../../.pyenv/versions/3.11.9/lib/python3.11/importlib/__init__.py:126: in import_module
    return _bootstrap._gcd_import(name[level:], package, level)
           ^^^^^^^^^^^^^^^^^^^^^^^^^^^^^^^^^^^^^^^^^^^^^^^^^^^^
validation_data/repositories/django_django/tests/i18n/test_compilation.py:11: in &lt;module&gt;
    from django.core.management import CommandError, call_command, execute_from_command_line
E   ModuleNotFoundError: No module named 'django'</error></testcase><testcase classname="" name="validation_data.repositories.django_django.tests.i18n.test_extraction" time="0.000"><error message="collection failure">ImportError while importing test module '/home/dee/workspace/AI/Repo-Scanner/validation_data/repositories/django_django/tests/i18n/test_extraction.py'.
Hint: make sure your test modules/packages have valid Python names.
Traceback:
../../../.pyenv/versions/3.11.9/lib/python3.11/importlib/__init__.py:126: in import_module
    return _bootstrap._gcd_import(name[level:], package, level)
           ^^^^^^^^^^^^^^^^^^^^^^^^^^^^^^^^^^^^^^^^^^^^^^^^^^^^
validation_data/repositories/django_django/tests/i18n/test_extraction.py:11: in &lt;module&gt;
    from admin_scripts.tests import AdminScriptTestCase
validation_data/repositories/django_django/tests/admin_scripts/tests.py:21: in &lt;module&gt;
    from django import conf, get_version
E   ModuleNotFoundError: No module named 'django'</error></testcase><testcase classname="" name="validation_data.repositories.django_django.tests.i18n.test_management" time="0.000"><error message="collection failure">ImportError while importing test module '/home/dee/workspace/AI/Repo-Scanner/validation_data/repositories/django_django/tests/i18n/test_management.py'.
Hint: make sure your test modules/packages have valid Python names.
Traceback:
../../../.pyenv/versions/3.11.9/lib/python3.11/importlib/__init__.py:126: in import_module
    return _bootstrap._gcd_import(name[level:], package, level)
           ^^^^^^^^^^^^^^^^^^^^^^^^^^^^^^^^^^^^^^^^^^^^^^^^^^^^
validation_data/repositories/django_django/tests/i18n/test_management.py:3: in &lt;module&gt;
    from django.core.management.commands.makemessages import TranslatableFile
E   ModuleNotFoundError: No module named 'django'</error></testcase><testcase classname="" name="validation_data.repositories.django_django.tests.i18n.test_percents" time="0.000"><error message="collection failure">ImportError while importing test module '/home/dee/workspace/AI/Repo-Scanner/validation_data/repositories/django_django/tests/i18n/test_percents.py'.
Hint: make sure your test modules/packages have valid Python names.
Traceback:
../../../.pyenv/versions/3.11.9/lib/python3.11/importlib/__init__.py:126: in import_module
    return _bootstrap._gcd_import(name[level:], package, level)
           ^^^^^^^^^^^^^^^^^^^^^^^^^^^^^^^^^^^^^^^^^^^^^^^^^^^^
validation_data/repositories/django_django/tests/i18n/test_percents.py:3: in &lt;module&gt;
    from django.template import Context, Template
E   ModuleNotFoundError: No module named 'django'</error></testcase><testcase classname="" name="validation_data.repositories.django_django.tests.invalid_models_tests.test_backend_specific" time="0.000"><error message="collection failure">ImportError while importing test module '/home/dee/workspace/AI/Repo-Scanner/validation_data/repositories/django_django/tests/invalid_models_tests/test_backend_specific.py'.
Hint: make sure your test modules/packages have valid Python names.
Traceback:
../../../.pyenv/versions/3.11.9/lib/python3.11/importlib/__init__.py:126: in import_module
    return _bootstrap._gcd_import(name[level:], package, level)
           ^^^^^^^^^^^^^^^^^^^^^^^^^^^^^^^^^^^^^^^^^^^^^^^^^^^^
validation_data/repositories/django_django/tests/invalid_models_tests/test_backend_specific.py:3: in &lt;module&gt;
    from django.core.checks import Error
E   ModuleNotFoundError: No module named 'django'</error></testcase><testcase classname="" name="validation_data.repositories.django_django.tests.invalid_models_tests.test_custom_fields" time="0.000"><error message="collection failure">ImportError while importing test module '/home/dee/workspace/AI/Repo-Scanner/validation_data/repositories/django_django/tests/invalid_models_tests/test_custom_fields.py'.
Hint: make sure your test modules/packages have valid Python names.
Traceback:
../../../.pyenv/versions/3.11.9/lib/python3.11/importlib/__init__.py:126: in import_module
    return _bootstrap._gcd_import(name[level:], package, level)
           ^^^^^^^^^^^^^^^^^^^^^^^^^^^^^^^^^^^^^^^^^^^^^^^^^^^^
validation_data/repositories/django_django/tests/invalid_models_tests/test_custom_fields.py:1: in &lt;module&gt;
    from django.db import models
E   ModuleNotFoundError: No module named 'django'</error></testcase><testcase classname="" name="validation_data.repositories.django_django.tests.invalid_models_tests.test_deprecated_fields" time="0.000"><error message="collection failure">ImportError while importing test module '/home/dee/workspace/AI/Repo-Scanner/validation_data/repositories/django_django/tests/invalid_models_tests/test_deprecated_fields.py'.
Hint: make sure your test modules/packages have valid Python names.
Traceback:
../../../.pyenv/versions/3.11.9/lib/python3.11/importlib/__init__.py:126: in import_module
    return _bootstrap._gcd_import(name[level:], package, level)
           ^^^^^^^^^^^^^^^^^^^^^^^^^^^^^^^^^^^^^^^^^^^^^^^^^^^^
validation_data/repositories/django_django/tests/invalid_models_tests/test_deprecated_fields.py:3: in &lt;module&gt;
    from django.core import checks
E   ModuleNotFoundError: No module named 'django'</error></testcase><testcase classname="" name="validation_data.repositories.django_django.tests.invalid_models_tests.test_models" time="0.000"><error message="collection failure">ImportError while importing test module '/home/dee/workspace/AI/Repo-Scanner/validation_data/repositories/django_django/tests/invalid_models_tests/test_models.py'.
Hint: make sure your test modules/packages have valid Python names.
Traceback:
../../../.pyenv/versions/3.11.9/lib/python3.11/importlib/__init__.py:126: in import_module
    return _bootstrap._gcd_import(name[level:], package, level)
           ^^^^^^^^^^^^^^^^^^^^^^^^^^^^^^^^^^^^^^^^^^^^^^^^^^^^
validation_data/repositories/django_django/tests/invalid_models_tests/test_models.py:3: in &lt;module&gt;
    from django.core.checks import Error, Warning
E   ModuleNotFoundError: No module named 'django'</error></testcase><testcase classname="" name="validation_data.repositories.django_django.tests.invalid_models_tests.test_ordinary_fields" time="0.000"><error message="collection failure">ImportError while importing test module '/home/dee/workspace/AI/Repo-Scanner/validation_data/repositories/django_django/tests/invalid_models_tests/test_ordinary_fields.py'.
Hint: make sure your test modules/packages have valid Python names.
Traceback:
../../../.pyenv/versions/3.11.9/lib/python3.11/importlib/__init__.py:126: in import_module
    return _bootstrap._gcd_import(name[level:], package, level)
           ^^^^^^^^^^^^^^^^^^^^^^^^^^^^^^^^^^^^^^^^^^^^^^^^^^^^
validation_data/repositories/django_django/tests/invalid_models_tests/test_ordinary_fields.py:4: in &lt;module&gt;
    from django.core.checks import Error
E   ModuleNotFoundError: No module named 'django'</error></testcase><testcase classname="" name="validation_data.repositories.django_django.tests.invalid_models_tests.test_relative_fields" time="0.000"><error message="collection failure">ImportError while importing test module '/home/dee/workspace/AI/Repo-Scanner/validation_data/repositories/django_django/tests/invalid_models_tests/test_relative_fields.py'.
Hint: make sure your test modules/packages have valid Python names.
Traceback:
../../../.pyenv/versions/3.11.9/lib/python3.11/importlib/__init__.py:126: in import_module
    return _bootstrap._gcd_import(name[level:], package, level)
           ^^^^^^^^^^^^^^^^^^^^^^^^^^^^^^^^^^^^^^^^^^^^^^^^^^^^
validation_data/repositories/django_django/tests/invalid_models_tests/test_relative_fields.py:3: in &lt;module&gt;
    from django.core.checks import Error
E   ModuleNotFoundError: No module named 'django'</error></testcase><testcase classname="" name="validation_data.repositories.django_django.tests.lookup.test_decimalfield" time="0.000"><error message="collection failure">ImportError while importing test module '/home/dee/workspace/AI/Repo-Scanner/validation_data/repositories/django_django/tests/lookup/test_decimalfield.py'.
Hint: make sure your test modules/packages have valid Python names.
Traceback:
../../../.pyenv/versions/3.11.9/lib/python3.11/importlib/__init__.py:126: in import_module
    return _bootstrap._gcd_import(name[level:], package, level)
           ^^^^^^^^^^^^^^^^^^^^^^^^^^^^^^^^^^^^^^^^^^^^^^^^^^^^
validation_data/repositories/django_django/tests/lookup/test_decimalfield.py:1: in &lt;module&gt;
    from django.db.models import F, Sum
E   ModuleNotFoundError: No module named 'django'</error></testcase><testcase classname="" name="validation_data.repositories.django_django.tests.lookup.test_lookups" time="0.000"><error message="collection failure">ImportError while importing test module '/home/dee/workspace/AI/Repo-Scanner/validation_data/repositories/django_django/tests/lookup/test_lookups.py'.
Hint: make sure your test modules/packages have valid Python names.
Traceback:
../../../.pyenv/versions/3.11.9/lib/python3.11/importlib/__init__.py:126: in import_module
    return _bootstrap._gcd_import(name[level:], package, level)
           ^^^^^^^^^^^^^^^^^^^^^^^^^^^^^^^^^^^^^^^^^^^^^^^^^^^^
validation_data/repositories/django_django/tests/lookup/test_lookups.py:4: in &lt;module&gt;
    from django.db.models import DateTimeField, Value
E   ModuleNotFoundError: No module named 'django'</error></testcase><testcase classname="" name="validation_data.repositories.django_django.tests.lookup.test_timefield" time="0.000"><error message="collection failure">ImportError while importing test module '/home/dee/workspace/AI/Repo-Scanner/validation_data/repositories/django_django/tests/lookup/test_timefield.py'.
Hint: make sure your test modules/packages have valid Python names.
Traceback:
../../../.pyenv/versions/3.11.9/lib/python3.11/importlib/__init__.py:126: in import_module
    return _bootstrap._gcd_import(name[level:], package, level)
           ^^^^^^^^^^^^^^^^^^^^^^^^^^^^^^^^^^^^^^^^^^^^^^^^^^^^
validation_data/repositories/django_django/tests/lookup/test_timefield.py:1: in &lt;module&gt;
    from django.test import TestCase
E   ModuleNotFoundError: No module named 'django'</error></testcase><testcase classname="" name="validation_data.repositories.django_django.tests.m2m_through_regress.test_multitable" time="0.000"><error message="collection failure">ImportError while importing test module '/home/dee/workspace/AI/Repo-Scanner/validation_data/repositories/django_django/tests/m2m_through_regress/test_multitable.py'.
Hint: make sure your test modules/packages have valid Python names.
Traceback:
../../../.pyenv/versions/3.11.9/lib/python3.11/importlib/__init__.py:126: in import_module
    return _bootstrap._gcd_import(name[level:], package, level)
           ^^^^^^^^^^^^^^^^^^^^^^^^^^^^^^^^^^^^^^^^^^^^^^^^^^^^
validation_data/repositories/django_django/tests/m2m_through_regress/test_multitable.py:1: in &lt;module&gt;
    from django.test import TestCase
E   ModuleNotFoundError: No module named 'django'</error></testcase><testcase classname="" name="validation_data.repositories.django_django.tests.mail.test_deprecated" time="0.000"><error message="collection failure">ImportError while importing test module '/home/dee/workspace/AI/Repo-Scanner/validation_data/repositories/django_django/tests/mail/test_deprecated.py'.
Hint: make sure your test modules/packages have valid Python names.
Traceback:
../../../.pyenv/versions/3.11.9/lib/python3.11/importlib/__init__.py:126: in import_module
    return _bootstrap._gcd_import(name[level:], package, level)
           ^^^^^^^^^^^^^^^^^^^^^^^^^^^^^^^^^^^^^^^^^^^^^^^^^^^^
validation_data/repositories/django_django/tests/mail/test_deprecated.py:4: in &lt;module&gt;
    from django.core.mail import (
E   ModuleNotFoundError: No module named 'django'</error></testcase><testcase classname="" name="validation_data.repositories.django_django.tests.mail.test_sendtestemail" time="0.000"><error message="collection failure">ImportError while importing test module '/home/dee/workspace/AI/Repo-Scanner/validation_data/repositories/django_django/tests/mail/test_sendtestemail.py'.
Hint: make sure your test modules/packages have valid Python names.
Traceback:
../../../.pyenv/versions/3.11.9/lib/python3.11/importlib/__init__.py:126: in import_module
    return _bootstrap._gcd_import(name[level:], package, level)
           ^^^^^^^^^^^^^^^^^^^^^^^^^^^^^^^^^^^^^^^^^^^^^^^^^^^^
validation_data/repositories/django_django/tests/mail/test_sendtestemail.py:1: in &lt;module&gt;
    from django.core import mail
E   ModuleNotFoundError: No module named 'django'</error></testcase><testcase classname="" name="validation_data.repositories.django_django.tests.messages_tests.test_api" time="0.000"><error message="collection failure">ImportError while importing test module '/home/dee/workspace/AI/Repo-Scanner/validation_data/repositories/django_django/tests/messages_tests/test_api.py'.
Hint: make sure your test modules/packages have valid Python names.
Traceback:
../../../.pyenv/versions/3.11.9/lib/python3.11/importlib/__init__.py:126: in import_module
    return _bootstrap._gcd_import(name[level:], package, level)
           ^^^^^^^^^^^^^^^^^^^^^^^^^^^^^^^^^^^^^^^^^^^^^^^^^^^^
validation_data/repositories/django_django/tests/messages_tests/test_api.py:1: in &lt;module&gt;
    from django.contrib import messages
E   ModuleNotFoundError: No module named 'django'</error></testcase><testcase classname="" name="validation_data.repositories.django_django.tests.messages_tests.test_cookie" time="0.000"><error message="collection failure">ImportError while importing test module '/home/dee/workspace/AI/Repo-Scanner/validation_data/repositories/django_django/tests/messages_tests/test_cookie.py'.
Hint: make sure your test modules/packages have valid Python names.
Traceback:
../../../.pyenv/versions/3.11.9/lib/python3.11/importlib/__init__.py:126: in import_module
    return _bootstrap._gcd_import(name[level:], package, level)
           ^^^^^^^^^^^^^^^^^^^^^^^^^^^^^^^^^^^^^^^^^^^^^^^^^^^^
validation_data/repositories/django_django/tests/messages_tests/test_cookie.py:5: in &lt;module&gt;
    from django.conf import settings
E   ModuleNotFoundError: No module named 'django'</error></testcase><testcase classname="" name="validation_data.repositories.django_django.tests.messages_tests.test_fallback" time="0.000"><error message="collection failure">ImportError while importing test module '/home/dee/workspace/AI/Repo-Scanner/validation_data/repositories/django_django/tests/messages_tests/test_fallback.py'.
Hint: make sure your test modules/packages have valid Python names.
Traceback:
../../../.pyenv/versions/3.11.9/lib/python3.11/importlib/__init__.py:126: in import_module
    return _bootstrap._gcd_import(name[level:], package, level)
           ^^^^^^^^^^^^^^^^^^^^^^^^^^^^^^^^^^^^^^^^^^^^^^^^^^^^
validation_data/repositories/django_django/tests/messages_tests/test_fallback.py:3: in &lt;module&gt;
    from django.contrib.messages import constants
E   ModuleNotFoundError: No module named 'django'</error></testcase><testcase classname="" name="validation_data.repositories.django_django.tests.messages_tests.test_middleware" time="0.000"><error message="collection failure">ImportError while importing test module '/home/dee/workspace/AI/Repo-Scanner/validation_data/repositories/django_django/tests/messages_tests/test_middleware.py'.
Hint: make sure your test modules/packages have valid Python names.
Traceback:
../../../.pyenv/versions/3.11.9/lib/python3.11/importlib/__init__.py:126: in import_module
    return _bootstrap._gcd_import(name[level:], package, level)
           ^^^^^^^^^^^^^^^^^^^^^^^^^^^^^^^^^^^^^^^^^^^^^^^^^^^^
validation_data/repositories/django_django/tests/messages_tests/test_middleware.py:3: in &lt;module&gt;
    from django.contrib.messages.middleware import MessageMiddleware
E   ModuleNotFoundError: No module named 'django'</error></testcase><testcase classname="" name="validation_data.repositories.django_django.tests.messages_tests.test_mixins" time="0.000"><error message="collection failure">ImportError while importing test module '/home/dee/workspace/AI/Repo-Scanner/validation_data/repositories/django_django/tests/messages_tests/test_mixins.py'.
Hint: make sure your test modules/packages have valid Python names.
Traceback:
../../../.pyenv/versions/3.11.9/lib/python3.11/importlib/__init__.py:126: in import_module
    return _bootstrap._gcd_import(name[level:], package, level)
           ^^^^^^^^^^^^^^^^^^^^^^^^^^^^^^^^^^^^^^^^^^^^^^^^^^^^
validation_data/repositories/django_django/tests/messages_tests/test_mixins.py:1: in &lt;module&gt;
    from django.core.signing import b64_decode
E   ModuleNotFoundError: No module named 'django'</error></testcase><testcase classname="" name="validation_data.repositories.django_django.tests.messages_tests.test_session" time="0.000"><error message="collection failure">ImportError while importing test module '/home/dee/workspace/AI/Repo-Scanner/validation_data/repositories/django_django/tests/messages_tests/test_session.py'.
Hint: make sure your test modules/packages have valid Python names.
Traceback:
../../../.pyenv/versions/3.11.9/lib/python3.11/importlib/__init__.py:126: in import_module
    return _bootstrap._gcd_import(name[level:], package, level)
           ^^^^^^^^^^^^^^^^^^^^^^^^^^^^^^^^^^^^^^^^^^^^^^^^^^^^
validation_data/repositories/django_django/tests/messages_tests/test_session.py:1: in &lt;module&gt;
    from django.contrib.messages import Message, constants
E   ModuleNotFoundError: No module named 'django'</error></testcase><testcase classname="" name="validation_data.repositories.django_django.tests.middleware.test_csp" time="0.000"><error message="collection failure">ImportError while importing test module '/home/dee/workspace/AI/Repo-Scanner/validation_data/repositories/django_django/tests/middleware/test_csp.py'.
Hint: make sure your test modules/packages have valid Python names.
Traceback:
../../../.pyenv/versions/3.11.9/lib/python3.11/importlib/__init__.py:126: in import_module
    return _bootstrap._gcd_import(name[level:], package, level)
           ^^^^^^^^^^^^^^^^^^^^^^^^^^^^^^^^^^^^^^^^^^^^^^^^^^^^
validation_data/repositories/django_django/tests/middleware/test_csp.py:3: in &lt;module&gt;
    from utils_tests.test_csp import basic_config, basic_policy
validation_data/repositories/django_django/tests/utils_tests/test_csp.py:4: in &lt;module&gt;
    from django.test import SimpleTestCase
E   ModuleNotFoundError: No module named 'django'</error></testcase><testcase classname="" name="validation_data.repositories.django_django.tests.middleware.test_security" time="0.000"><error message="collection failure">ImportError while importing test module '/home/dee/workspace/AI/Repo-Scanner/validation_data/repositories/django_django/tests/middleware/test_security.py'.
Hint: make sure your test modules/packages have valid Python names.
Traceback:
../../../.pyenv/versions/3.11.9/lib/python3.11/importlib/__init__.py:126: in import_module
    return _bootstrap._gcd_import(name[level:], package, level)
           ^^^^^^^^^^^^^^^^^^^^^^^^^^^^^^^^^^^^^^^^^^^^^^^^^^^^
validation_data/repositories/django_django/tests/middleware/test_security.py:1: in &lt;module&gt;
    from django.http import HttpResponse
E   ModuleNotFoundError: No module named 'django'</error></testcase><testcase classname="" name="validation_data.repositories.django_django.tests.migrations.test_autodetector" time="0.000"><error message="collection failure">ImportError while importing test module '/home/dee/workspace/AI/Repo-Scanner/validation_data/repositories/django_django/tests/migrations/test_autodetector.py'.
Hint: make sure your test modules/packages have valid Python names.
Traceback:
../../../.pyenv/versions/3.11.9/lib/python3.11/importlib/__init__.py:126: in import_module
    return _bootstrap._gcd_import(name[level:], package, level)
           ^^^^^^^^^^^^^^^^^^^^^^^^^^^^^^^^^^^^^^^^^^^^^^^^^^^^
validation_data/repositories/django_django/tests/migrations/test_autodetector.py:6: in &lt;module&gt;
    from django.apps import apps
E   ModuleNotFoundError: No module named 'django'</error></testcase><testcase classname="" name="validation_data.repositories.django_django.tests.migrations.test_base" time="0.000"><error message="collection failure">ImportError while importing test module '/home/dee/workspace/AI/Repo-Scanner/validation_data/repositories/django_django/tests/migrations/test_base.py'.
Hint: make sure your test modules/packages have valid Python names.
Traceback:
../../../.pyenv/versions/3.11.9/lib/python3.11/importlib/__init__.py:126: in import_module
    return _bootstrap._gcd_import(name[level:], package, level)
           ^^^^^^^^^^^^^^^^^^^^^^^^^^^^^^^^^^^^^^^^^^^^^^^^^^^^
validation_data/repositories/django_django/tests/migrations/test_base.py:9: in &lt;module&gt;
    from django.apps import apps
E   ModuleNotFoundError: No module named 'django'</error></testcase><testcase classname="" name="validation_data.repositories.django_django.tests.migrations.test_commands" time="0.000"><error message="collection failure">ImportError while importing test module '/home/dee/workspace/AI/Repo-Scanner/validation_data/repositories/django_django/tests/migrations/test_commands.py'.
Hint: make sure your test modules/packages have valid Python names.
Traceback:
../../../.pyenv/versions/3.11.9/lib/python3.11/importlib/__init__.py:126: in import_module
    return _bootstrap._gcd_import(name[level:], package, level)
           ^^^^^^^^^^^^^^^^^^^^^^^^^^^^^^^^^^^^^^^^^^^^^^^^^^^^
validation_data/repositories/django_django/tests/migrations/test_commands.py:11: in &lt;module&gt;
    from django.apps import apps
E   ModuleNotFoundError: No module named 'django'</error></testcase><testcase classname="" name="validation_data.repositories.django_django.tests.migrations.test_deprecated_fields" time="0.000"><error message="collection failure">ImportError while importing test module '/home/dee/workspace/AI/Repo-Scanner/validation_data/repositories/django_django/tests/migrations/test_deprecated_fields.py'.
Hint: make sure your test modules/packages have valid Python names.
Traceback:
../../../.pyenv/versions/3.11.9/lib/python3.11/importlib/__init__.py:126: in import_module
    return _bootstrap._gcd_import(name[level:], package, level)
           ^^^^^^^^^^^^^^^^^^^^^^^^^^^^^^^^^^^^^^^^^^^^^^^^^^^^
validation_data/repositories/django_django/tests/migrations/test_deprecated_fields.py:1: in &lt;module&gt;
    from django.core.management import call_command
E   ModuleNotFoundError: No module named 'django'</error></testcase><testcase classname="" name="validation_data.repositories.django_django.tests.migrations.test_exceptions" time="0.000"><error message="collection failure">ImportError while importing test module '/home/dee/workspace/AI/Repo-Scanner/validation_data/repositories/django_django/tests/migrations/test_exceptions.py'.
Hint: make sure your test modules/packages have valid Python names.
Traceback:
../../../.pyenv/versions/3.11.9/lib/python3.11/importlib/__init__.py:126: in import_module
    return _bootstrap._gcd_import(name[level:], package, level)
           ^^^^^^^^^^^^^^^^^^^^^^^^^^^^^^^^^^^^^^^^^^^^^^^^^^^^
validation_data/repositories/django_django/tests/migrations/test_exceptions.py:1: in &lt;module&gt;
    from django.db.migrations.exceptions import NodeNotFoundError
E   ModuleNotFoundError: No module named 'django'</error></testcase><testcase classname="" name="validation_data.repositories.django_django.tests.migrations.test_executor" time="0.000"><error message="collection failure">ImportError while importing test module '/home/dee/workspace/AI/Repo-Scanner/validation_data/repositories/django_django/tests/migrations/test_executor.py'.
Hint: make sure your test modules/packages have valid Python names.
Traceback:
../../../.pyenv/versions/3.11.9/lib/python3.11/importlib/__init__.py:126: in import_module
    return _bootstrap._gcd_import(name[level:], package, level)
           ^^^^^^^^^^^^^^^^^^^^^^^^^^^^^^^^^^^^^^^^^^^^^^^^^^^^
validation_data/repositories/django_django/tests/migrations/test_executor.py:3: in &lt;module&gt;
    from django.apps.registry import apps as global_apps
E   ModuleNotFoundError: No module named 'django'</error></testcase><testcase classname="" name="validation_data.repositories.django_django.tests.migrations.test_graph" time="0.000"><error message="collection failure">ImportError while importing test module '/home/dee/workspace/AI/Repo-Scanner/validation_data/repositories/django_django/tests/migrations/test_graph.py'.
Hint: make sure your test modules/packages have valid Python names.
Traceback:
../../../.pyenv/versions/3.11.9/lib/python3.11/importlib/__init__.py:126: in import_module
    return _bootstrap._gcd_import(name[level:], package, level)
           ^^^^^^^^^^^^^^^^^^^^^^^^^^^^^^^^^^^^^^^^^^^^^^^^^^^^
validation_data/repositories/django_django/tests/migrations/test_graph.py:1: in &lt;module&gt;
    from django.db.migrations.exceptions import CircularDependencyError, NodeNotFoundError
E   ModuleNotFoundError: No module named 'django'</error></testcase><testcase classname="" name="validation_data.repositories.django_django.tests.migrations.test_loader" time="0.000"><error message="collection failure">ImportError while importing test module '/home/dee/workspace/AI/Repo-Scanner/validation_data/repositories/django_django/tests/migrations/test_loader.py'.
Hint: make sure your test modules/packages have valid Python names.
Traceback:
../../../.pyenv/versions/3.11.9/lib/python3.11/importlib/__init__.py:126: in import_module
    return _bootstrap._gcd_import(name[level:], package, level)
           ^^^^^^^^^^^^^^^^^^^^^^^^^^^^^^^^^^^^^^^^^^^^^^^^^^^^
validation_data/repositories/django_django/tests/migrations/test_loader.py:9: in &lt;module&gt;
    from django.conf import settings
E   ModuleNotFoundError: No module named 'django'</error></testcase><testcase classname="" name="validation_data.repositories.django_django.tests.migrations.test_multidb" time="0.000"><error message="collection failure">ImportError while importing test module '/home/dee/workspace/AI/Repo-Scanner/validation_data/repositories/django_django/tests/migrations/test_multidb.py'.
Hint: make sure your test modules/packages have valid Python names.
Traceback:
../../../.pyenv/versions/3.11.9/lib/python3.11/importlib/__init__.py:126: in import_module
    return _bootstrap._gcd_import(name[level:], package, level)
           ^^^^^^^^^^^^^^^^^^^^^^^^^^^^^^^^^^^^^^^^^^^^^^^^^^^^
validation_data/repositories/django_django/tests/migrations/test_multidb.py:1: in &lt;module&gt;
    from django.db import connection, migrations, models
E   ModuleNotFoundError: No module named 'django'</error></testcase><testcase classname="" name="validation_data.repositories.django_django.tests.migrations.test_operations" time="0.000"><error message="collection failure">ImportError while importing test module '/home/dee/workspace/AI/Repo-Scanner/validation_data/repositories/django_django/tests/migrations/test_operations.py'.
Hint: make sure your test modules/packages have valid Python names.
Traceback:
../../../.pyenv/versions/3.11.9/lib/python3.11/importlib/__init__.py:126: in import_module
    return _bootstrap._gcd_import(name[level:], package, level)
           ^^^^^^^^^^^^^^^^^^^^^^^^^^^^^^^^^^^^^^^^^^^^^^^^^^^^
validation_data/repositories/django_django/tests/migrations/test_operations.py:4: in &lt;module&gt;
    from django.core.exceptions import FieldDoesNotExist
E   ModuleNotFoundError: No module named 'django'</error></testcase><testcase classname="" name="validation_data.repositories.django_django.tests.migrations.test_optimizer" time="0.000"><error message="collection failure">ImportError while importing test module '/home/dee/workspace/AI/Repo-Scanner/validation_data/repositories/django_django/tests/migrations/test_optimizer.py'.
Hint: make sure your test modules/packages have valid Python names.
Traceback:
../../../.pyenv/versions/3.11.9/lib/python3.11/importlib/__init__.py:126: in import_module
    return _bootstrap._gcd_import(name[level:], package, level)
           ^^^^^^^^^^^^^^^^^^^^^^^^^^^^^^^^^^^^^^^^^^^^^^^^^^^^
validation_data/repositories/django_django/tests/migrations/test_optimizer.py:1: in &lt;module&gt;
    from django.db import migrations, models
E   ModuleNotFoundError: No module named 'django'</error></testcase><testcase classname="" name="validation_data.repositories.django_django.tests.migrations.test_questioner" time="0.000"><error message="collection failure">ImportError while importing test module '/home/dee/workspace/AI/Repo-Scanner/validation_data/repositories/django_django/tests/migrations/test_questioner.py'.
Hint: make sure your test modules/packages have valid Python names.
Traceback:
../../../.pyenv/versions/3.11.9/lib/python3.11/importlib/__init__.py:126: in import_module
    return _bootstrap._gcd_import(name[level:], package, level)
           ^^^^^^^^^^^^^^^^^^^^^^^^^^^^^^^^^^^^^^^^^^^^^^^^^^^^
validation_data/repositories/django_django/tests/migrations/test_questioner.py:5: in &lt;module&gt;
    from django.core.management.base import OutputWrapper
E   ModuleNotFoundError: No module named 'django'</error></testcase><testcase classname="" name="validation_data.repositories.django_django.tests.migrations.test_state" time="0.000"><error message="collection failure">ImportError while importing test module '/home/dee/workspace/AI/Repo-Scanner/validation_data/repositories/django_django/tests/migrations/test_state.py'.
Hint: make sure your test modules/packages have valid Python names.
Traceback:
../../../.pyenv/versions/3.11.9/lib/python3.11/importlib/__init__.py:126: in import_module
    return _bootstrap._gcd_import(name[level:], package, level)
           ^^^^^^^^^^^^^^^^^^^^^^^^^^^^^^^^^^^^^^^^^^^^^^^^^^^^
validation_data/repositories/django_django/tests/migrations/test_state.py:1: in &lt;module&gt;
    from django.apps.registry import Apps
E   ModuleNotFoundError: No module named 'django'</error></testcase><testcase classname="" name="validation_data.repositories.django_django.tests.migrations.test_writer" time="0.000"><error message="collection failure">ImportError while importing test module '/home/dee/workspace/AI/Repo-Scanner/validation_data/repositories/django_django/tests/migrations/test_writer.py'.
Hint: make sure your test modules/packages have valid Python names.
Traceback:
../../../.pyenv/versions/3.11.9/lib/python3.11/importlib/__init__.py:126: in import_module
    return _bootstrap._gcd_import(name[level:], package, level)
           ^^^^^^^^^^^^^^^^^^^^^^^^^^^^^^^^^^^^^^^^^^^^^^^^^^^^
validation_data/repositories/django_django/tests/migrations/test_writer.py:16: in &lt;module&gt;
    import custom_migration_operations.more_operations
validation_data/repositories/django_django/tests/custom_migration_operations/more_operations.py:1: in &lt;module&gt;
    from django.db.migrations.operations.base import Operation
E   ModuleNotFoundError: No module named 'django'</error></testcase><testcase classname="" name="validation_data.repositories.django_django.tests.model_fields.test_autofield" time="0.000"><error message="collection failure">ImportError while importing test module '/home/dee/workspace/AI/Repo-Scanner/validation_data/repositories/django_django/tests/model_fields/test_autofield.py'.
Hint: make sure your test modules/packages have valid Python names.
Traceback:
../../../.pyenv/versions/3.11.9/lib/python3.11/importlib/__init__.py:126: in import_module
    return _bootstrap._gcd_import(name[level:], package, level)
           ^^^^^^^^^^^^^^^^^^^^^^^^^^^^^^^^^^^^^^^^^^^^^^^^^^^^
validation_data/repositories/django_django/tests/model_fields/test_autofield.py:1: in &lt;module&gt;
    from django.db import models
E   ModuleNotFoundError: No module named 'django'</error></testcase><testcase classname="" name="validation_data.repositories.django_django.tests.model_fields.test_binaryfield" time="0.000"><error message="collection failure">ImportError while importing test module '/home/dee/workspace/AI/Repo-Scanner/validation_data/repositories/django_django/tests/model_fields/test_binaryfield.py'.
Hint: make sure your test modules/packages have valid Python names.
Traceback:
../../../.pyenv/versions/3.11.9/lib/python3.11/importlib/__init__.py:126: in import_module
    return _bootstrap._gcd_import(name[level:], package, level)
           ^^^^^^^^^^^^^^^^^^^^^^^^^^^^^^^^^^^^^^^^^^^^^^^^^^^^
validation_data/repositories/django_django/tests/model_fields/test_binaryfield.py:1: in &lt;module&gt;
    from django.core.exceptions import ValidationError
E   ModuleNotFoundError: No module named 'django'</error></testcase><testcase classname="" name="validation_data.repositories.django_django.tests.model_fields.test_booleanfield" time="0.000"><error message="collection failure">ImportError while importing test module '/home/dee/workspace/AI/Repo-Scanner/validation_data/repositories/django_django/tests/model_fields/test_booleanfield.py'.
Hint: make sure your test modules/packages have valid Python names.
Traceback:
../../../.pyenv/versions/3.11.9/lib/python3.11/importlib/__init__.py:126: in import_module
    return _bootstrap._gcd_import(name[level:], package, level)
           ^^^^^^^^^^^^^^^^^^^^^^^^^^^^^^^^^^^^^^^^^^^^^^^^^^^^
validation_data/repositories/django_django/tests/model_fields/test_booleanfield.py:1: in &lt;module&gt;
    from django import forms
E   ModuleNotFoundError: No module named 'django'</error></testcase><testcase classname="" name="validation_data.repositories.django_django.tests.model_fields.test_charfield" time="0.000"><error message="collection failure">ImportError while importing test module '/home/dee/workspace/AI/Repo-Scanner/validation_data/repositories/django_django/tests/model_fields/test_charfield.py'.
Hint: make sure your test modules/packages have valid Python names.
Traceback:
../../../.pyenv/versions/3.11.9/lib/python3.11/importlib/__init__.py:126: in import_module
    return _bootstrap._gcd_import(name[level:], package, level)
           ^^^^^^^^^^^^^^^^^^^^^^^^^^^^^^^^^^^^^^^^^^^^^^^^^^^^
validation_data/repositories/django_django/tests/model_fields/test_charfield.py:1: in &lt;module&gt;
    from django.core.exceptions import ValidationError
E   ModuleNotFoundError: No module named 'django'</error></testcase><testcase classname="" name="validation_data.repositories.django_django.tests.model_fields.test_datetimefield" time="0.000"><error message="collection failure">ImportError while importing test module '/home/dee/workspace/AI/Repo-Scanner/validation_data/repositories/django_django/tests/model_fields/test_datetimefield.py'.
Hint: make sure your test modules/packages have valid Python names.
Traceback:
../../../.pyenv/versions/3.11.9/lib/python3.11/importlib/__init__.py:126: in import_module
    return _bootstrap._gcd_import(name[level:], package, level)
           ^^^^^^^^^^^^^^^^^^^^^^^^^^^^^^^^^^^^^^^^^^^^^^^^^^^^
validation_data/repositories/django_django/tests/model_fields/test_datetimefield.py:3: in &lt;module&gt;
    from django.db import models
E   ModuleNotFoundError: No module named 'django'</error></testcase><testcase classname="" name="validation_data.repositories.django_django.tests.model_fields.test_decimalfield" time="0.000"><error message="collection failure">ImportError while importing test module '/home/dee/workspace/AI/Repo-Scanner/validation_data/repositories/django_django/tests/model_fields/test_decimalfield.py'.
Hint: make sure your test modules/packages have valid Python names.
Traceback:
../../../.pyenv/versions/3.11.9/lib/python3.11/importlib/__init__.py:126: in import_module
    return _bootstrap._gcd_import(name[level:], package, level)
           ^^^^^^^^^^^^^^^^^^^^^^^^^^^^^^^^^^^^^^^^^^^^^^^^^^^^
validation_data/repositories/django_django/tests/model_fields/test_decimalfield.py:5: in &lt;module&gt;
    from django.core import validators
E   ModuleNotFoundError: No module named 'django'</error></testcase><testcase classname="" name="validation_data.repositories.django_django.tests.model_fields.test_durationfield" time="0.000"><error message="collection failure">ImportError while importing test module '/home/dee/workspace/AI/Repo-Scanner/validation_data/repositories/django_django/tests/model_fields/test_durationfield.py'.
Hint: make sure your test modules/packages have valid Python names.
Traceback:
../../../.pyenv/versions/3.11.9/lib/python3.11/importlib/__init__.py:126: in import_module
    return _bootstrap._gcd_import(name[level:], package, level)
           ^^^^^^^^^^^^^^^^^^^^^^^^^^^^^^^^^^^^^^^^^^^^^^^^^^^^
validation_data/repositories/django_django/tests/model_fields/test_durationfield.py:4: in &lt;module&gt;
    from django import forms
E   ModuleNotFoundError: No module named 'django'</error></testcase><testcase classname="" name="validation_data.repositories.django_django.tests.model_fields.test_field_flags" time="0.000"><error message="collection failure">ImportError while importing test module '/home/dee/workspace/AI/Repo-Scanner/validation_data/repositories/django_django/tests/model_fields/test_field_flags.py'.
Hint: make sure your test modules/packages have valid Python names.
Traceback:
../../../.pyenv/versions/3.11.9/lib/python3.11/importlib/__init__.py:126: in import_module
    return _bootstrap._gcd_import(name[level:], package, level)
           ^^^^^^^^^^^^^^^^^^^^^^^^^^^^^^^^^^^^^^^^^^^^^^^^^^^^
validation_data/repositories/django_django/tests/model_fields/test_field_flags.py:1: in &lt;module&gt;
    from django import test
E   ModuleNotFoundError: No module named 'django'</error></testcase><testcase classname="" name="validation_data.repositories.django_django.tests.model_fields.test_filefield" time="0.000"><error message="collection failure">ImportError while importing test module '/home/dee/workspace/AI/Repo-Scanner/validation_data/repositories/django_django/tests/model_fields/test_filefield.py'.
Hint: make sure your test modules/packages have valid Python names.
Traceback:
../../../.pyenv/versions/3.11.9/lib/python3.11/importlib/__init__.py:126: in import_module
    return _bootstrap._gcd_import(name[level:], package, level)
           ^^^^^^^^^^^^^^^^^^^^^^^^^^^^^^^^^^^^^^^^^^^^^^^^^^^^
validation_data/repositories/django_django/tests/model_fields/test_filefield.py:8: in &lt;module&gt;
    from django.core.exceptions import FieldError, SuspiciousFileOperation
E   ModuleNotFoundError: No module named 'django'</error></testcase><testcase classname="" name="validation_data.repositories.django_django.tests.model_fields.test_filepathfield" time="0.000"><error message="collection failure">ImportError while importing test module '/home/dee/workspace/AI/Repo-Scanner/validation_data/repositories/django_django/tests/model_fields/test_filepathfield.py'.
Hint: make sure your test modules/packages have valid Python names.
Traceback:
../../../.pyenv/versions/3.11.9/lib/python3.11/importlib/__init__.py:126: in import_module
    return _bootstrap._gcd_import(name[level:], package, level)
           ^^^^^^^^^^^^^^^^^^^^^^^^^^^^^^^^^^^^^^^^^^^^^^^^^^^^
validation_data/repositories/django_django/tests/model_fields/test_filepathfield.py:3: in &lt;module&gt;
    from django.db.models import FilePathField
E   ModuleNotFoundError: No module named 'django'</error></testcase><testcase classname="" name="validation_data.repositories.django_django.tests.model_fields.test_floatfield" time="0.000"><error message="collection failure">ImportError while importing test module '/home/dee/workspace/AI/Repo-Scanner/validation_data/repositories/django_django/tests/model_fields/test_floatfield.py'.
Hint: make sure your test modules/packages have valid Python names.
Traceback:
../../../.pyenv/versions/3.11.9/lib/python3.11/importlib/__init__.py:126: in import_module
    return _bootstrap._gcd_import(name[level:], package, level)
           ^^^^^^^^^^^^^^^^^^^^^^^^^^^^^^^^^^^^^^^^^^^^^^^^^^^^
validation_data/repositories/django_django/tests/model_fields/test_floatfield.py:1: in &lt;module&gt;
    from django.db import transaction
E   ModuleNotFoundError: No module named 'django'</error></testcase><testcase classname="" name="validation_data.repositories.django_django.tests.model_fields.test_foreignkey" time="0.000"><error message="collection failure">ImportError while importing test module '/home/dee/workspace/AI/Repo-Scanner/validation_data/repositories/django_django/tests/model_fields/test_foreignkey.py'.
Hint: make sure your test modules/packages have valid Python names.
Traceback:
../../../.pyenv/versions/3.11.9/lib/python3.11/importlib/__init__.py:126: in import_module
    return _bootstrap._gcd_import(name[level:], package, level)
           ^^^^^^^^^^^^^^^^^^^^^^^^^^^^^^^^^^^^^^^^^^^^^^^^^^^^
validation_data/repositories/django_django/tests/model_fields/test_foreignkey.py:3: in &lt;module&gt;
    from django.apps import apps
E   ModuleNotFoundError: No module named 'django'</error></testcase><testcase classname="" name="validation_data.repositories.django_django.tests.model_fields.test_generatedfield" time="0.000"><error message="collection failure">ImportError while importing test module '/home/dee/workspace/AI/Repo-Scanner/validation_data/repositories/django_django/tests/model_fields/test_generatedfield.py'.
Hint: make sure your test modules/packages have valid Python names.
Traceback:
../../../.pyenv/versions/3.11.9/lib/python3.11/importlib/__init__.py:126: in import_module
    return _bootstrap._gcd_import(name[level:], package, level)
           ^^^^^^^^^^^^^^^^^^^^^^^^^^^^^^^^^^^^^^^^^^^^^^^^^^^^
validation_data/repositories/django_django/tests/model_fields/test_generatedfield.py:4: in &lt;module&gt;
    from django.apps import apps
E   ModuleNotFoundError: No module named 'django'</error></testcase><testcase classname="" name="validation_data.repositories.django_django.tests.model_fields.test_genericipaddressfield" time="0.000"><error message="collection failure">ImportError while importing test module '/home/dee/workspace/AI/Repo-Scanner/validation_data/repositories/django_django/tests/model_fields/test_genericipaddressfield.py'.
Hint: make sure your test modules/packages have valid Python names.
Traceback:
../../../.pyenv/versions/3.11.9/lib/python3.11/importlib/__init__.py:126: in import_module
    return _bootstrap._gcd_import(name[level:], package, level)
           ^^^^^^^^^^^^^^^^^^^^^^^^^^^^^^^^^^^^^^^^^^^^^^^^^^^^
validation_data/repositories/django_django/tests/model_fields/test_genericipaddressfield.py:1: in &lt;module&gt;
    from django.core.exceptions import ValidationError
E   ModuleNotFoundError: No module named 'django'</error></testcase><testcase classname="" name="validation_data.repositories.django_django.tests.model_fields.test_imagefield" time="0.000"><error message="collection failure">ImportError while importing test module '/home/dee/workspace/AI/Repo-Scanner/validation_data/repositories/django_django/tests/model_fields/test_imagefield.py'.
Hint: make sure your test modules/packages have valid Python names.
Traceback:
../../../.pyenv/versions/3.11.9/lib/python3.11/importlib/__init__.py:126: in import_module
    return _bootstrap._gcd_import(name[level:], package, level)
           ^^^^^^^^^^^^^^^^^^^^^^^^^^^^^^^^^^^^^^^^^^^^^^^^^^^^
validation_data/repositories/django_django/tests/model_fields/test_imagefield.py:5: in &lt;module&gt;
    from django.core.exceptions import ImproperlyConfigured
E   ModuleNotFoundError: No module named 'django'</error></testcase><testcase classname="" name="validation_data.repositories.django_django.tests.model_fields.test_integerfield" time="0.000"><error message="collection failure">ImportError while importing test module '/home/dee/workspace/AI/Repo-Scanner/validation_data/repositories/django_django/tests/model_fields/test_integerfield.py'.
Hint: make sure your test modules/packages have valid Python names.
Traceback:
../../../.pyenv/versions/3.11.9/lib/python3.11/importlib/__init__.py:126: in import_module
    return _bootstrap._gcd_import(name[level:], package, level)
           ^^^^^^^^^^^^^^^^^^^^^^^^^^^^^^^^^^^^^^^^^^^^^^^^^^^^
validation_data/repositories/django_django/tests/model_fields/test_integerfield.py:3: in &lt;module&gt;
    from django.core import validators
E   ModuleNotFoundError: No module named 'django'</error></testcase><testcase classname="" name="validation_data.repositories.django_django.tests.model_fields.test_jsonfield" time="0.000"><error message="collection failure">ImportError while importing test module '/home/dee/workspace/AI/Repo-Scanner/validation_data/repositories/django_django/tests/model_fields/test_jsonfield.py'.
Hint: make sure your test modules/packages have valid Python names.
Traceback:
../../../.pyenv/versions/3.11.9/lib/python3.11/importlib/__init__.py:126: in import_module
    return _bootstrap._gcd_import(name[level:], package, level)
           ^^^^^^^^^^^^^^^^^^^^^^^^^^^^^^^^^^^^^^^^^^^^^^^^^^^^
validation_data/repositories/django_django/tests/model_fields/test_jsonfield.py:5: in &lt;module&gt;
    from django import forms
E   ModuleNotFoundError: No module named 'django'</error></testcase><testcase classname="" name="validation_data.repositories.django_django.tests.model_fields.test_manytomanyfield" time="0.000"><error message="collection failure">ImportError while importing test module '/home/dee/workspace/AI/Repo-Scanner/validation_data/repositories/django_django/tests/model_fields/test_manytomanyfield.py'.
Hint: make sure your test modules/packages have valid Python names.
Traceback:
../../../.pyenv/versions/3.11.9/lib/python3.11/importlib/__init__.py:126: in import_module
    return _bootstrap._gcd_import(name[level:], package, level)
           ^^^^^^^^^^^^^^^^^^^^^^^^^^^^^^^^^^^^^^^^^^^^^^^^^^^^
validation_data/repositories/django_django/tests/model_fields/test_manytomanyfield.py:1: in &lt;module&gt;
    from django.apps import apps
E   ModuleNotFoundError: No module named 'django'</error></testcase><testcase classname="" name="validation_data.repositories.django_django.tests.model_fields.test_mixins" time="0.000"><error message="collection failure">ImportError while importing test module '/home/dee/workspace/AI/Repo-Scanner/validation_data/repositories/django_django/tests/model_fields/test_mixins.py'.
Hint: make sure your test modules/packages have valid Python names.
Traceback:
../../../.pyenv/versions/3.11.9/lib/python3.11/importlib/__init__.py:126: in import_module
    return _bootstrap._gcd_import(name[level:], package, level)
           ^^^^^^^^^^^^^^^^^^^^^^^^^^^^^^^^^^^^^^^^^^^^^^^^^^^^
validation_data/repositories/django_django/tests/model_fields/test_mixins.py:1: in &lt;module&gt;
    from django.db.models.fields.mixins import FieldCacheMixin
E   ModuleNotFoundError: No module named 'django'</error></testcase><testcase classname="" name="validation_data.repositories.django_django.tests.model_fields.test_promises" time="0.000"><error message="collection failure">ImportError while importing test module '/home/dee/workspace/AI/Repo-Scanner/validation_data/repositories/django_django/tests/model_fields/test_promises.py'.
Hint: make sure your test modules/packages have valid Python names.
Traceback:
../../../.pyenv/versions/3.11.9/lib/python3.11/importlib/__init__.py:126: in import_module
    return _bootstrap._gcd_import(name[level:], package, level)
           ^^^^^^^^^^^^^^^^^^^^^^^^^^^^^^^^^^^^^^^^^^^^^^^^^^^^
validation_data/repositories/django_django/tests/model_fields/test_promises.py:4: in &lt;module&gt;
    from django.db.models import (
E   ModuleNotFoundError: No module named 'django'</error></testcase><testcase classname="" name="validation_data.repositories.django_django.tests.model_fields.test_slugfield" time="0.000"><error message="collection failure">ImportError while importing test module '/home/dee/workspace/AI/Repo-Scanner/validation_data/repositories/django_django/tests/model_fields/test_slugfield.py'.
Hint: make sure your test modules/packages have valid Python names.
Traceback:
../../../.pyenv/versions/3.11.9/lib/python3.11/importlib/__init__.py:126: in import_module
    return _bootstrap._gcd_import(name[level:], package, level)
           ^^^^^^^^^^^^^^^^^^^^^^^^^^^^^^^^^^^^^^^^^^^^^^^^^^^^
validation_data/repositories/django_django/tests/model_fields/test_slugfield.py:1: in &lt;module&gt;
    from django.test import TestCase
E   ModuleNotFoundError: No module named 'django'</error></testcase><testcase classname="" name="validation_data.repositories.django_django.tests.model_fields.test_textfield" time="0.000"><error message="collection failure">ImportError while importing test module '/home/dee/workspace/AI/Repo-Scanner/validation_data/repositories/django_django/tests/model_fields/test_textfield.py'.
Hint: make sure your test modules/packages have valid Python names.
Traceback:
../../../.pyenv/versions/3.11.9/lib/python3.11/importlib/__init__.py:126: in import_module
    return _bootstrap._gcd_import(name[level:], package, level)
           ^^^^^^^^^^^^^^^^^^^^^^^^^^^^^^^^^^^^^^^^^^^^^^^^^^^^
validation_data/repositories/django_django/tests/model_fields/test_textfield.py:1: in &lt;module&gt;
    from django import forms
E   ModuleNotFoundError: No module named 'django'</error></testcase><testcase classname="" name="validation_data.repositories.django_django.tests.model_fields.test_uuid" time="0.000"><error message="collection failure">ImportError while importing test module '/home/dee/workspace/AI/Repo-Scanner/validation_data/repositories/django_django/tests/model_fields/test_uuid.py'.
Hint: make sure your test modules/packages have valid Python names.
Traceback:
../../../.pyenv/versions/3.11.9/lib/python3.11/importlib/__init__.py:126: in import_module
    return _bootstrap._gcd_import(name[level:], package, level)
           ^^^^^^^^^^^^^^^^^^^^^^^^^^^^^^^^^^^^^^^^^^^^^^^^^^^^
validation_data/repositories/django_django/tests/model_fields/test_uuid.py:4: in &lt;module&gt;
    from django.core import exceptions, serializers
E   ModuleNotFoundError: No module named 'django'</error></testcase><testcase classname="" name="validation_data.repositories.django_django.tests.model_forms.test_modelchoicefield" time="0.000"><error message="collection failure">ImportError while importing test module '/home/dee/workspace/AI/Repo-Scanner/validation_data/repositories/django_django/tests/model_forms/test_modelchoicefield.py'.
Hint: make sure your test modules/packages have valid Python names.
Traceback:
../../../.pyenv/versions/3.11.9/lib/python3.11/importlib/__init__.py:126: in import_module
    return _bootstrap._gcd_import(name[level:], package, level)
           ^^^^^^^^^^^^^^^^^^^^^^^^^^^^^^^^^^^^^^^^^^^^^^^^^^^^
validation_data/repositories/django_django/tests/model_forms/test_modelchoicefield.py:3: in &lt;module&gt;
    from django import forms
E   ModuleNotFoundError: No module named 'django'</error></testcase><testcase classname="" name="validation_data.repositories.django_django.tests.model_forms.test_uuid" time="0.000"><error message="collection failure">ImportError while importing test module '/home/dee/workspace/AI/Repo-Scanner/validation_data/repositories/django_django/tests/model_forms/test_uuid.py'.
Hint: make sure your test modules/packages have valid Python names.
Traceback:
../../../.pyenv/versions/3.11.9/lib/python3.11/importlib/__init__.py:126: in import_module
    return _bootstrap._gcd_import(name[level:], package, level)
           ^^^^^^^^^^^^^^^^^^^^^^^^^^^^^^^^^^^^^^^^^^^^^^^^^^^^
validation_data/repositories/django_django/tests/model_forms/test_uuid.py:1: in &lt;module&gt;
    from django import forms
E   ModuleNotFoundError: No module named 'django'</error></testcase><testcase classname="" name="validation_data.repositories.django_django.tests.model_formsets.test_uuid" time="0.000"><error message="collection failure">ImportError while importing test module '/home/dee/workspace/AI/Repo-Scanner/validation_data/repositories/django_django/tests/model_formsets/test_uuid.py'.
Hint: make sure your test modules/packages have valid Python names.
Traceback:
../../../.pyenv/versions/3.11.9/lib/python3.11/importlib/__init__.py:126: in import_module
    return _bootstrap._gcd_import(name[level:], package, level)
           ^^^^^^^^^^^^^^^^^^^^^^^^^^^^^^^^^^^^^^^^^^^^^^^^^^^^
validation_data/repositories/django_django/tests/model_formsets/test_uuid.py:1: in &lt;module&gt;
    from django.forms.models import inlineformset_factory
E   ModuleNotFoundError: No module named 'django'</error></testcase><testcase classname="" name="validation_data.repositories.django_django.tests.model_inheritance.test_abstract_inheritance" time="0.000"><error message="collection failure">ImportError while importing test module '/home/dee/workspace/AI/Repo-Scanner/validation_data/repositories/django_django/tests/model_inheritance/test_abstract_inheritance.py'.
Hint: make sure your test modules/packages have valid Python names.
Traceback:
../../../.pyenv/versions/3.11.9/lib/python3.11/importlib/__init__.py:126: in import_module
    return _bootstrap._gcd_import(name[level:], package, level)
           ^^^^^^^^^^^^^^^^^^^^^^^^^^^^^^^^^^^^^^^^^^^^^^^^^^^^
validation_data/repositories/django_django/tests/model_inheritance/test_abstract_inheritance.py:1: in &lt;module&gt;
    from django.contrib.contenttypes.fields import GenericForeignKey, GenericRelation
E   ModuleNotFoundError: No module named 'django'</error></testcase><testcase classname="" name="validation_data.repositories.django_django.tests.model_options.test_default_pk" time="0.000"><error message="collection failure">ImportError while importing test module '/home/dee/workspace/AI/Repo-Scanner/validation_data/repositories/django_django/tests/model_options/test_default_pk.py'.
Hint: make sure your test modules/packages have valid Python names.
Traceback:
../../../.pyenv/versions/3.11.9/lib/python3.11/importlib/__init__.py:126: in import_module
    return _bootstrap._gcd_import(name[level:], package, level)
           ^^^^^^^^^^^^^^^^^^^^^^^^^^^^^^^^^^^^^^^^^^^^^^^^^^^^
validation_data/repositories/django_django/tests/model_options/test_default_pk.py:1: in &lt;module&gt;
    from django.core.exceptions import ImproperlyConfigured
E   ModuleNotFoundError: No module named 'django'</error></testcase><testcase classname="" name="validation_data.repositories.django_django.tests.model_options.test_default_related_name" time="0.000"><error message="collection failure">ImportError while importing test module '/home/dee/workspace/AI/Repo-Scanner/validation_data/repositories/django_django/tests/model_options/test_default_related_name.py'.
Hint: make sure your test modules/packages have valid Python names.
Traceback:
../../../.pyenv/versions/3.11.9/lib/python3.11/importlib/__init__.py:126: in import_module
    return _bootstrap._gcd_import(name[level:], package, level)
           ^^^^^^^^^^^^^^^^^^^^^^^^^^^^^^^^^^^^^^^^^^^^^^^^^^^^
validation_data/repositories/django_django/tests/model_options/test_default_related_name.py:1: in &lt;module&gt;
    from django.core.exceptions import FieldError
E   ModuleNotFoundError: No module named 'django'</error></testcase><testcase classname="" name="validation_data.repositories.django_django.tests.model_options.test_tablespaces" time="0.000"><error message="collection failure">ImportError while importing test module '/home/dee/workspace/AI/Repo-Scanner/validation_data/repositories/django_django/tests/model_options/test_tablespaces.py'.
Hint: make sure your test modules/packages have valid Python names.
Traceback:
../../../.pyenv/versions/3.11.9/lib/python3.11/importlib/__init__.py:126: in import_module
    return _bootstrap._gcd_import(name[level:], package, level)
           ^^^^^^^^^^^^^^^^^^^^^^^^^^^^^^^^^^^^^^^^^^^^^^^^^^^^
validation_data/repositories/django_django/tests/model_options/test_tablespaces.py:1: in &lt;module&gt;
    from django.apps import apps
E   ModuleNotFoundError: No module named 'django'</error></testcase><testcase classname="" name="validation_data.repositories.django_django.tests.model_regress.test_pickle" time="0.000"><error message="collection failure">ImportError while importing test module '/home/dee/workspace/AI/Repo-Scanner/validation_data/repositories/django_django/tests/model_regress/test_pickle.py'.
Hint: make sure your test modules/packages have valid Python names.
Traceback:
../../../.pyenv/versions/3.11.9/lib/python3.11/importlib/__init__.py:126: in import_module
    return _bootstrap._gcd_import(name[level:], package, level)
           ^^^^^^^^^^^^^^^^^^^^^^^^^^^^^^^^^^^^^^^^^^^^^^^^^^^^
validation_data/repositories/django_django/tests/model_regress/test_pickle.py:3: in &lt;module&gt;
    import django
E   ModuleNotFoundError: No module named 'django'</error></testcase><testcase classname="" name="validation_data.repositories.django_django.tests.model_regress.test_state" time="0.000"><error message="collection failure">ImportError while importing test module '/home/dee/workspace/AI/Repo-Scanner/validation_data/repositories/django_django/tests/model_regress/test_state.py'.
Hint: make sure your test modules/packages have valid Python names.
Traceback:
../../../.pyenv/versions/3.11.9/lib/python3.11/importlib/__init__.py:126: in import_module
    return _bootstrap._gcd_import(name[level:], package, level)
           ^^^^^^^^^^^^^^^^^^^^^^^^^^^^^^^^^^^^^^^^^^^^^^^^^^^^
validation_data/repositories/django_django/tests/model_regress/test_state.py:3: in &lt;module&gt;
    from django.db.models.base import ModelState, ModelStateFieldsCacheDescriptor
E   ModuleNotFoundError: No module named 'django'</error></testcase><testcase classname="" name="validation_data.repositories.django_django.tests.modeladmin.test_actions" time="0.000"><error message="collection failure">ImportError while importing test module '/home/dee/workspace/AI/Repo-Scanner/validation_data/repositories/django_django/tests/modeladmin/test_actions.py'.
Hint: make sure your test modules/packages have valid Python names.
Traceback:
../../../.pyenv/versions/3.11.9/lib/python3.11/importlib/__init__.py:126: in import_module
    return _bootstrap._gcd_import(name[level:], package, level)
           ^^^^^^^^^^^^^^^^^^^^^^^^^^^^^^^^^^^^^^^^^^^^^^^^^^^^
validation_data/repositories/django_django/tests/modeladmin/test_actions.py:1: in &lt;module&gt;
    from django.contrib import admin
E   ModuleNotFoundError: No module named 'django'</error></testcase><testcase classname="" name="validation_data.repositories.django_django.tests.modeladmin.test_checks" time="0.000"><error message="collection failure">ImportError while importing test module '/home/dee/workspace/AI/Repo-Scanner/validation_data/repositories/django_django/tests/modeladmin/test_checks.py'.
Hint: make sure your test modules/packages have valid Python names.
Traceback:
../../../.pyenv/versions/3.11.9/lib/python3.11/importlib/__init__.py:126: in import_module
    return _bootstrap._gcd_import(name[level:], package, level)
           ^^^^^^^^^^^^^^^^^^^^^^^^^^^^^^^^^^^^^^^^^^^^^^^^^^^^
validation_data/repositories/django_django/tests/modeladmin/test_checks.py:1: in &lt;module&gt;
    from django import forms
E   ModuleNotFoundError: No module named 'django'</error></testcase><testcase classname="" name="validation_data.repositories.django_django.tests.postgres_tests.test_aggregates" time="0.000"><error message="collection failure">ImportError while importing test module '/home/dee/workspace/AI/Repo-Scanner/validation_data/repositories/django_django/tests/postgres_tests/test_aggregates.py'.
Hint: make sure your test modules/packages have valid Python names.
Traceback:
../../../.pyenv/versions/3.11.9/lib/python3.11/importlib/__init__.py:126: in import_module
    return _bootstrap._gcd_import(name[level:], package, level)
           ^^^^^^^^^^^^^^^^^^^^^^^^^^^^^^^^^^^^^^^^^^^^^^^^^^^^
validation_data/repositories/django_django/tests/postgres_tests/__init__.py:3: in &lt;module&gt;
    from forms_tests.widget_tests.base import WidgetTest
validation_data/repositories/django_django/tests/forms_tests/widget_tests/base.py:1: in &lt;module&gt;
    from django.forms.renderers import DjangoTemplates, Jinja2
E   ModuleNotFoundError: No module named 'django'</error></testcase><testcase classname="" name="validation_data.repositories.django_django.tests.postgres_tests.test_app_installed_check" time="0.000"><error message="collection failure">ImportError while importing test module '/home/dee/workspace/AI/Repo-Scanner/validation_data/repositories/django_django/tests/postgres_tests/test_app_installed_check.py'.
Hint: make sure your test modules/packages have valid Python names.
Traceback:
../../../.pyenv/versions/3.11.9/lib/python3.11/importlib/__init__.py:126: in import_module
    return _bootstrap._gcd_import(name[level:], package, level)
           ^^^^^^^^^^^^^^^^^^^^^^^^^^^^^^^^^^^^^^^^^^^^^^^^^^^^
validation_data/repositories/django_django/tests/postgres_tests/__init__.py:3: in &lt;module&gt;
    from forms_tests.widget_tests.base import WidgetTest
validation_data/repositories/django_django/tests/forms_tests/widget_tests/base.py:1: in &lt;module&gt;
    from django.forms.renderers import DjangoTemplates, Jinja2
E   ModuleNotFoundError: No module named 'django'</error></testcase><testcase classname="" name="validation_data.repositories.django_django.tests.postgres_tests.test_apps" time="0.000"><error message="collection failure">ImportError while importing test module '/home/dee/workspace/AI/Repo-Scanner/validation_data/repositories/django_django/tests/postgres_tests/test_apps.py'.
Hint: make sure your test modules/packages have valid Python names.
Traceback:
../../../.pyenv/versions/3.11.9/lib/python3.11/importlib/__init__.py:126: in import_module
    return _bootstrap._gcd_import(name[level:], package, level)
           ^^^^^^^^^^^^^^^^^^^^^^^^^^^^^^^^^^^^^^^^^^^^^^^^^^^^
validation_data/repositories/django_django/tests/postgres_tests/__init__.py:3: in &lt;module&gt;
    from forms_tests.widget_tests.base import WidgetTest
validation_data/repositories/django_django/tests/forms_tests/widget_tests/base.py:1: in &lt;module&gt;
    from django.forms.renderers import DjangoTemplates, Jinja2
E   ModuleNotFoundError: No module named 'django'</error></testcase><testcase classname="" name="validation_data.repositories.django_django.tests.postgres_tests.test_array" time="0.000"><error message="collection failure">ImportError while importing test module '/home/dee/workspace/AI/Repo-Scanner/validation_data/repositories/django_django/tests/postgres_tests/test_array.py'.
Hint: make sure your test modules/packages have valid Python names.
Traceback:
../../../.pyenv/versions/3.11.9/lib/python3.11/importlib/__init__.py:126: in import_module
    return _bootstrap._gcd_import(name[level:], package, level)
           ^^^^^^^^^^^^^^^^^^^^^^^^^^^^^^^^^^^^^^^^^^^^^^^^^^^^
validation_data/repositories/django_django/tests/postgres_tests/__init__.py:3: in &lt;module&gt;
    from forms_tests.widget_tests.base import WidgetTest
validation_data/repositories/django_django/tests/forms_tests/widget_tests/base.py:1: in &lt;module&gt;
    from django.forms.renderers import DjangoTemplates, Jinja2
E   ModuleNotFoundError: No module named 'django'</error></testcase><testcase classname="" name="validation_data.repositories.django_django.tests.postgres_tests.test_bulk_update" time="0.000"><error message="collection failure">ImportError while importing test module '/home/dee/workspace/AI/Repo-Scanner/validation_data/repositories/django_django/tests/postgres_tests/test_bulk_update.py'.
Hint: make sure your test modules/packages have valid Python names.
Traceback:
../../../.pyenv/versions/3.11.9/lib/python3.11/importlib/__init__.py:126: in import_module
    return _bootstrap._gcd_import(name[level:], package, level)
           ^^^^^^^^^^^^^^^^^^^^^^^^^^^^^^^^^^^^^^^^^^^^^^^^^^^^
validation_data/repositories/django_django/tests/postgres_tests/__init__.py:3: in &lt;module&gt;
    from forms_tests.widget_tests.base import WidgetTest
validation_data/repositories/django_django/tests/forms_tests/widget_tests/base.py:1: in &lt;module&gt;
    from django.forms.renderers import DjangoTemplates, Jinja2
E   ModuleNotFoundError: No module named 'django'</error></testcase><testcase classname="" name="validation_data.repositories.django_django.tests.postgres_tests.test_constraints" time="0.000"><error message="collection failure">ImportError while importing test module '/home/dee/workspace/AI/Repo-Scanner/validation_data/repositories/django_django/tests/postgres_tests/test_constraints.py'.
Hint: make sure your test modules/packages have valid Python names.
Traceback:
../../../.pyenv/versions/3.11.9/lib/python3.11/importlib/__init__.py:126: in import_module
    return _bootstrap._gcd_import(name[level:], package, level)
           ^^^^^^^^^^^^^^^^^^^^^^^^^^^^^^^^^^^^^^^^^^^^^^^^^^^^
validation_data/repositories/django_django/tests/postgres_tests/__init__.py:3: in &lt;module&gt;
    from forms_tests.widget_tests.base import WidgetTest
validation_data/repositories/django_django/tests/forms_tests/widget_tests/base.py:1: in &lt;module&gt;
    from django.forms.renderers import DjangoTemplates, Jinja2
E   ModuleNotFoundError: No module named 'django'</error></testcase><testcase classname="" name="validation_data.repositories.django_django.tests.postgres_tests.test_functions" time="0.000"><error message="collection failure">ImportError while importing test module '/home/dee/workspace/AI/Repo-Scanner/validation_data/repositories/django_django/tests/postgres_tests/test_functions.py'.
Hint: make sure your test modules/packages have valid Python names.
Traceback:
../../../.pyenv/versions/3.11.9/lib/python3.11/importlib/__init__.py:126: in import_module
    return _bootstrap._gcd_import(name[level:], package, level)
           ^^^^^^^^^^^^^^^^^^^^^^^^^^^^^^^^^^^^^^^^^^^^^^^^^^^^
validation_data/repositories/django_django/tests/postgres_tests/__init__.py:3: in &lt;module&gt;
    from forms_tests.widget_tests.base import WidgetTest
validation_data/repositories/django_django/tests/forms_tests/widget_tests/base.py:1: in &lt;module&gt;
    from django.forms.renderers import DjangoTemplates, Jinja2
E   ModuleNotFoundError: No module named 'django'</error></testcase><testcase classname="" name="validation_data.repositories.django_django.tests.postgres_tests.test_hstore" time="0.000"><error message="collection failure">ImportError while importing test module '/home/dee/workspace/AI/Repo-Scanner/validation_data/repositories/django_django/tests/postgres_tests/test_hstore.py'.
Hint: make sure your test modules/packages have valid Python names.
Traceback:
../../../.pyenv/versions/3.11.9/lib/python3.11/importlib/__init__.py:126: in import_module
    return _bootstrap._gcd_import(name[level:], package, level)
           ^^^^^^^^^^^^^^^^^^^^^^^^^^^^^^^^^^^^^^^^^^^^^^^^^^^^
validation_data/repositories/django_django/tests/postgres_tests/__init__.py:3: in &lt;module&gt;
    from forms_tests.widget_tests.base import WidgetTest
validation_data/repositories/django_django/tests/forms_tests/widget_tests/base.py:1: in &lt;module&gt;
    from django.forms.renderers import DjangoTemplates, Jinja2
E   ModuleNotFoundError: No module named 'django'</error></testcase><testcase classname="" name="validation_data.repositories.django_django.tests.postgres_tests.test_indexes" time="0.000"><error message="collection failure">ImportError while importing test module '/home/dee/workspace/AI/Repo-Scanner/validation_data/repositories/django_django/tests/postgres_tests/test_indexes.py'.
Hint: make sure your test modules/packages have valid Python names.
Traceback:
../../../.pyenv/versions/3.11.9/lib/python3.11/importlib/__init__.py:126: in import_module
    return _bootstrap._gcd_import(name[level:], package, level)
           ^^^^^^^^^^^^^^^^^^^^^^^^^^^^^^^^^^^^^^^^^^^^^^^^^^^^
validation_data/repositories/django_django/tests/postgres_tests/__init__.py:3: in &lt;module&gt;
    from forms_tests.widget_tests.base import WidgetTest
validation_data/repositories/django_django/tests/forms_tests/widget_tests/base.py:1: in &lt;module&gt;
    from django.forms.renderers import DjangoTemplates, Jinja2
E   ModuleNotFoundError: No module named 'django'</error></testcase><testcase classname="" name="validation_data.repositories.django_django.tests.postgres_tests.test_integration" time="0.000"><error message="collection failure">ImportError while importing test module '/home/dee/workspace/AI/Repo-Scanner/validation_data/repositories/django_django/tests/postgres_tests/test_integration.py'.
Hint: make sure your test modules/packages have valid Python names.
Traceback:
../../../.pyenv/versions/3.11.9/lib/python3.11/importlib/__init__.py:126: in import_module
    return _bootstrap._gcd_import(name[level:], package, level)
           ^^^^^^^^^^^^^^^^^^^^^^^^^^^^^^^^^^^^^^^^^^^^^^^^^^^^
validation_data/repositories/django_django/tests/postgres_tests/__init__.py:3: in &lt;module&gt;
    from forms_tests.widget_tests.base import WidgetTest
validation_data/repositories/django_django/tests/forms_tests/widget_tests/base.py:1: in &lt;module&gt;
    from django.forms.renderers import DjangoTemplates, Jinja2
E   ModuleNotFoundError: No module named 'django'</error></testcase><testcase classname="" name="validation_data.repositories.django_django.tests.postgres_tests.test_introspection" time="0.000"><error message="collection failure">ImportError while importing test module '/home/dee/workspace/AI/Repo-Scanner/validation_data/repositories/django_django/tests/postgres_tests/test_introspection.py'.
Hint: make sure your test modules/packages have valid Python names.
Traceback:
../../../.pyenv/versions/3.11.9/lib/python3.11/importlib/__init__.py:126: in import_module
    return _bootstrap._gcd_import(name[level:], package, level)
           ^^^^^^^^^^^^^^^^^^^^^^^^^^^^^^^^^^^^^^^^^^^^^^^^^^^^
validation_data/repositories/django_django/tests/postgres_tests/__init__.py:3: in &lt;module&gt;
    from forms_tests.widget_tests.base import WidgetTest
validation_data/repositories/django_django/tests/forms_tests/widget_tests/base.py:1: in &lt;module&gt;
    from django.forms.renderers import DjangoTemplates, Jinja2
E   ModuleNotFoundError: No module named 'django'</error></testcase><testcase classname="" name="validation_data.repositories.django_django.tests.postgres_tests.test_operations" time="0.000"><error message="collection failure">ImportError while importing test module '/home/dee/workspace/AI/Repo-Scanner/validation_data/repositories/django_django/tests/postgres_tests/test_operations.py'.
Hint: make sure your test modules/packages have valid Python names.
Traceback:
../../../.pyenv/versions/3.11.9/lib/python3.11/importlib/__init__.py:126: in import_module
    return _bootstrap._gcd_import(name[level:], package, level)
           ^^^^^^^^^^^^^^^^^^^^^^^^^^^^^^^^^^^^^^^^^^^^^^^^^^^^
validation_data/repositories/django_django/tests/postgres_tests/__init__.py:3: in &lt;module&gt;
    from forms_tests.widget_tests.base import WidgetTest
validation_data/repositories/django_django/tests/forms_tests/widget_tests/base.py:1: in &lt;module&gt;
    from django.forms.renderers import DjangoTemplates, Jinja2
E   ModuleNotFoundError: No module named 'django'</error></testcase><testcase classname="" name="validation_data.repositories.django_django.tests.postgres_tests.test_ranges" time="0.000"><error message="collection failure">ImportError while importing test module '/home/dee/workspace/AI/Repo-Scanner/validation_data/repositories/django_django/tests/postgres_tests/test_ranges.py'.
Hint: make sure your test modules/packages have valid Python names.
Traceback:
../../../.pyenv/versions/3.11.9/lib/python3.11/importlib/__init__.py:126: in import_module
    return _bootstrap._gcd_import(name[level:], package, level)
           ^^^^^^^^^^^^^^^^^^^^^^^^^^^^^^^^^^^^^^^^^^^^^^^^^^^^
validation_data/repositories/django_django/tests/postgres_tests/__init__.py:3: in &lt;module&gt;
    from forms_tests.widget_tests.base import WidgetTest
validation_data/repositories/django_django/tests/forms_tests/widget_tests/base.py:1: in &lt;module&gt;
    from django.forms.renderers import DjangoTemplates, Jinja2
E   ModuleNotFoundError: No module named 'django'</error></testcase><testcase classname="" name="validation_data.repositories.django_django.tests.postgres_tests.test_search" time="0.000"><error message="collection failure">ImportError while importing test module '/home/dee/workspace/AI/Repo-Scanner/validation_data/repositories/django_django/tests/postgres_tests/test_search.py'.
Hint: make sure your test modules/packages have valid Python names.
Traceback:
../../../.pyenv/versions/3.11.9/lib/python3.11/importlib/__init__.py:126: in import_module
    return _bootstrap._gcd_import(name[level:], package, level)
           ^^^^^^^^^^^^^^^^^^^^^^^^^^^^^^^^^^^^^^^^^^^^^^^^^^^^
validation_data/repositories/django_django/tests/postgres_tests/__init__.py:3: in &lt;module&gt;
    from forms_tests.widget_tests.base import WidgetTest
validation_data/repositories/django_django/tests/forms_tests/widget_tests/base.py:1: in &lt;module&gt;
    from django.forms.renderers import DjangoTemplates, Jinja2
E   ModuleNotFoundError: No module named 'django'</error></testcase><testcase classname="" name="validation_data.repositories.django_django.tests.postgres_tests.test_signals" time="0.000"><error message="collection failure">ImportError while importing test module '/home/dee/workspace/AI/Repo-Scanner/validation_data/repositories/django_django/tests/postgres_tests/test_signals.py'.
Hint: make sure your test modules/packages have valid Python names.
Traceback:
../../../.pyenv/versions/3.11.9/lib/python3.11/importlib/__init__.py:126: in import_module
    return _bootstrap._gcd_import(name[level:], package, level)
           ^^^^^^^^^^^^^^^^^^^^^^^^^^^^^^^^^^^^^^^^^^^^^^^^^^^^
validation_data/repositories/django_django/tests/postgres_tests/__init__.py:3: in &lt;module&gt;
    from forms_tests.widget_tests.base import WidgetTest
validation_data/repositories/django_django/tests/forms_tests/widget_tests/base.py:1: in &lt;module&gt;
    from django.forms.renderers import DjangoTemplates, Jinja2
E   ModuleNotFoundError: No module named 'django'</error></testcase><testcase classname="" name="validation_data.repositories.django_django.tests.postgres_tests.test_trigram" time="0.000"><error message="collection failure">ImportError while importing test module '/home/dee/workspace/AI/Repo-Scanner/validation_data/repositories/django_django/tests/postgres_tests/test_trigram.py'.
Hint: make sure your test modules/packages have valid Python names.
Traceback:
../../../.pyenv/versions/3.11.9/lib/python3.11/importlib/__init__.py:126: in import_module
    return _bootstrap._gcd_import(name[level:], package, level)
           ^^^^^^^^^^^^^^^^^^^^^^^^^^^^^^^^^^^^^^^^^^^^^^^^^^^^
validation_data/repositories/django_django/tests/postgres_tests/__init__.py:3: in &lt;module&gt;
    from forms_tests.widget_tests.base import WidgetTest
validation_data/repositories/django_django/tests/forms_tests/widget_tests/base.py:1: in &lt;module&gt;
    from django.forms.renderers import DjangoTemplates, Jinja2
E   ModuleNotFoundError: No module named 'django'</error></testcase><testcase classname="" name="validation_data.repositories.django_django.tests.postgres_tests.test_unaccent" time="0.000"><error message="collection failure">ImportError while importing test module '/home/dee/workspace/AI/Repo-Scanner/validation_data/repositories/django_django/tests/postgres_tests/test_unaccent.py'.
Hint: make sure your test modules/packages have valid Python names.
Traceback:
../../../.pyenv/versions/3.11.9/lib/python3.11/importlib/__init__.py:126: in import_module
    return _bootstrap._gcd_import(name[level:], package, level)
           ^^^^^^^^^^^^^^^^^^^^^^^^^^^^^^^^^^^^^^^^^^^^^^^^^^^^
validation_data/repositories/django_django/tests/postgres_tests/__init__.py:3: in &lt;module&gt;
    from forms_tests.widget_tests.base import WidgetTest
validation_data/repositories/django_django/tests/forms_tests/widget_tests/base.py:1: in &lt;module&gt;
    from django.forms.renderers import DjangoTemplates, Jinja2
E   ModuleNotFoundError: No module named 'django'</error></testcase><testcase classname="" name="validation_data.repositories.django_django.tests.prefetch_related.test_prefetch_related_objects" time="0.000"><error message="collection failure">ImportError while importing test module '/home/dee/workspace/AI/Repo-Scanner/validation_data/repositories/django_django/tests/prefetch_related/test_prefetch_related_objects.py'.
Hint: make sure your test modules/packages have valid Python names.
Traceback:
../../../.pyenv/versions/3.11.9/lib/python3.11/importlib/__init__.py:126: in import_module
    return _bootstrap._gcd_import(name[level:], package, level)
           ^^^^^^^^^^^^^^^^^^^^^^^^^^^^^^^^^^^^^^^^^^^^^^^^^^^^
validation_data/repositories/django_django/tests/prefetch_related/test_prefetch_related_objects.py:3: in &lt;module&gt;
    from django.db.models import Prefetch, prefetch_related_objects
E   ModuleNotFoundError: No module named 'django'</error></testcase><testcase classname="" name="validation_data.repositories.django_django.tests.prefetch_related.test_uuid" time="0.000"><error message="collection failure">ImportError while importing test module '/home/dee/workspace/AI/Repo-Scanner/validation_data/repositories/django_django/tests/prefetch_related/test_uuid.py'.
Hint: make sure your test modules/packages have valid Python names.
Traceback:
../../../.pyenv/versions/3.11.9/lib/python3.11/importlib/__init__.py:126: in import_module
    return _bootstrap._gcd_import(name[level:], package, level)
           ^^^^^^^^^^^^^^^^^^^^^^^^^^^^^^^^^^^^^^^^^^^^^^^^^^^^
validation_data/repositories/django_django/tests/prefetch_related/test_uuid.py:1: in &lt;module&gt;
    from django.test import TestCase
E   ModuleNotFoundError: No module named 'django'</error></testcase><testcase classname="" name="validation_data.repositories.django_django.tests.project_template.test_settings" time="0.000"><error message="collection failure">ImportError while importing test module '/home/dee/workspace/AI/Repo-Scanner/validation_data/repositories/django_django/tests/project_template/test_settings.py'.
Hint: make sure your test modules/packages have valid Python names.
Traceback:
../../../.pyenv/versions/3.11.9/lib/python3.11/importlib/__init__.py:126: in import_module
    return _bootstrap._gcd_import(name[level:], package, level)
           ^^^^^^^^^^^^^^^^^^^^^^^^^^^^^^^^^^^^^^^^^^^^^^^^^^^^
validation_data/repositories/django_django/tests/project_template/test_settings.py:5: in &lt;module&gt;
    from django import conf
E   ModuleNotFoundError: No module named 'django'</error></testcase><testcase classname="" name="validation_data.repositories.django_django.tests.queries.test_bulk_update" time="0.000"><error message="collection failure">ImportError while importing test module '/home/dee/workspace/AI/Repo-Scanner/validation_data/repositories/django_django/tests/queries/test_bulk_update.py'.
Hint: make sure your test modules/packages have valid Python names.
Traceback:
../../../.pyenv/versions/3.11.9/lib/python3.11/importlib/__init__.py:126: in import_module
    return _bootstrap._gcd_import(name[level:], package, level)
           ^^^^^^^^^^^^^^^^^^^^^^^^^^^^^^^^^^^^^^^^^^^^^^^^^^^^
validation_data/repositories/django_django/tests/queries/test_bulk_update.py:4: in &lt;module&gt;
    from django.core.exceptions import FieldDoesNotExist
E   ModuleNotFoundError: No module named 'django'</error></testcase><testcase classname="" name="validation_data.repositories.django_django.tests.queries.test_contains" time="0.000"><error message="collection failure">ImportError while importing test module '/home/dee/workspace/AI/Repo-Scanner/validation_data/repositories/django_django/tests/queries/test_contains.py'.
Hint: make sure your test modules/packages have valid Python names.
Traceback:
../../../.pyenv/versions/3.11.9/lib/python3.11/importlib/__init__.py:126: in import_module
    return _bootstrap._gcd_import(name[level:], package, level)
           ^^^^^^^^^^^^^^^^^^^^^^^^^^^^^^^^^^^^^^^^^^^^^^^^^^^^
validation_data/repositories/django_django/tests/queries/test_contains.py:1: in &lt;module&gt;
    from django.test import TestCase
E   ModuleNotFoundError: No module named 'django'</error></testcase><testcase classname="" name="validation_data.repositories.django_django.tests.queries.test_db_returning" time="0.000"><error message="collection failure">ImportError while importing test module '/home/dee/workspace/AI/Repo-Scanner/validation_data/repositories/django_django/tests/queries/test_db_returning.py'.
Hint: make sure your test modules/packages have valid Python names.
Traceback:
../../../.pyenv/versions/3.11.9/lib/python3.11/importlib/__init__.py:126: in import_module
    return _bootstrap._gcd_import(name[level:], package, level)
           ^^^^^^^^^^^^^^^^^^^^^^^^^^^^^^^^^^^^^^^^^^^^^^^^^^^^
validation_data/repositories/django_django/tests/queries/test_db_returning.py:3: in &lt;module&gt;
    from django.db import connection
E   ModuleNotFoundError: No module named 'django'</error></testcase><testcase classname="" name="validation_data.repositories.django_django.tests.queries.test_explain" time="0.000"><error message="collection failure">ImportError while importing test module '/home/dee/workspace/AI/Repo-Scanner/validation_data/repositories/django_django/tests/queries/test_explain.py'.
Hint: make sure your test modules/packages have valid Python names.
Traceback:
../../../.pyenv/versions/3.11.9/lib/python3.11/importlib/__init__.py:126: in import_module
    return _bootstrap._gcd_import(name[level:], package, level)
           ^^^^^^^^^^^^^^^^^^^^^^^^^^^^^^^^^^^^^^^^^^^^^^^^^^^^
validation_data/repositories/django_django/tests/queries/test_explain.py:5: in &lt;module&gt;
    from django.db import NotSupportedError, connection, transaction
E   ModuleNotFoundError: No module named 'django'</error></testcase><testcase classname="" name="validation_data.repositories.django_django.tests.queries.test_iterator" time="0.000"><error message="collection failure">ImportError while importing test module '/home/dee/workspace/AI/Repo-Scanner/validation_data/repositories/django_django/tests/queries/test_iterator.py'.
Hint: make sure your test modules/packages have valid Python names.
Traceback:
../../../.pyenv/versions/3.11.9/lib/python3.11/importlib/__init__.py:126: in import_module
    return _bootstrap._gcd_import(name[level:], package, level)
           ^^^^^^^^^^^^^^^^^^^^^^^^^^^^^^^^^^^^^^^^^^^^^^^^^^^^
validation_data/repositories/django_django/tests/queries/test_iterator.py:4: in &lt;module&gt;
    from django.db import connections
E   ModuleNotFoundError: No module named 'django'</error></testcase><testcase classname="" name="validation_data.repositories.django_django.tests.queries.test_q" time="0.000"><error message="collection failure">ImportError while importing test module '/home/dee/workspace/AI/Repo-Scanner/validation_data/repositories/django_django/tests/queries/test_q.py'.
Hint: make sure your test modules/packages have valid Python names.
Traceback:
../../../.pyenv/versions/3.11.9/lib/python3.11/importlib/__init__.py:126: in import_module
    return _bootstrap._gcd_import(name[level:], package, level)
           ^^^^^^^^^^^^^^^^^^^^^^^^^^^^^^^^^^^^^^^^^^^^^^^^^^^^
validation_data/repositories/django_django/tests/queries/test_q.py:3: in &lt;module&gt;
    from django.core.exceptions import FieldError
E   ModuleNotFoundError: No module named 'django'</error></testcase><testcase classname="" name="validation_data.repositories.django_django.tests.queries.test_qs_combinators" time="0.000"><error message="collection failure">ImportError while importing test module '/home/dee/workspace/AI/Repo-Scanner/validation_data/repositories/django_django/tests/queries/test_qs_combinators.py'.
Hint: make sure your test modules/packages have valid Python names.
Traceback:
../../../.pyenv/versions/3.11.9/lib/python3.11/importlib/__init__.py:126: in import_module
    return _bootstrap._gcd_import(name[level:], package, level)
           ^^^^^^^^^^^^^^^^^^^^^^^^^^^^^^^^^^^^^^^^^^^^^^^^^^^^
validation_data/repositories/django_django/tests/queries/test_qs_combinators.py:4: in &lt;module&gt;
    from django.db import DatabaseError, NotSupportedError, connection
E   ModuleNotFoundError: No module named 'django'</error></testcase><testcase classname="" name="validation_data.repositories.django_django.tests.queries.test_query" time="0.000"><error message="collection failure">ImportError while importing test module '/home/dee/workspace/AI/Repo-Scanner/validation_data/repositories/django_django/tests/queries/test_query.py'.
Hint: make sure your test modules/packages have valid Python names.
Traceback:
../../../.pyenv/versions/3.11.9/lib/python3.11/importlib/__init__.py:126: in import_module
    return _bootstrap._gcd_import(name[level:], package, level)
           ^^^^^^^^^^^^^^^^^^^^^^^^^^^^^^^^^^^^^^^^^^^^^^^^^^^^
validation_data/repositories/django_django/tests/queries/test_query.py:3: in &lt;module&gt;
    from django.core.exceptions import FieldError
E   ModuleNotFoundError: No module named 'django'</error></testcase><testcase classname="" name="validation_data.repositories.django_django.tests.queries.test_sqlcompiler" time="0.000"><error message="collection failure">ImportError while importing test module '/home/dee/workspace/AI/Repo-Scanner/validation_data/repositories/django_django/tests/queries/test_sqlcompiler.py'.
Hint: make sure your test modules/packages have valid Python names.
Traceback:
../../../.pyenv/versions/3.11.9/lib/python3.11/importlib/__init__.py:126: in import_module
    return _bootstrap._gcd_import(name[level:], package, level)
           ^^^^^^^^^^^^^^^^^^^^^^^^^^^^^^^^^^^^^^^^^^^^^^^^^^^^
validation_data/repositories/django_django/tests/queries/test_sqlcompiler.py:1: in &lt;module&gt;
    from django.db import DEFAULT_DB_ALIAS, connection
E   ModuleNotFoundError: No module named 'django'</error></testcase><testcase classname="" name="validation_data.repositories.django_django.tests.requests_tests.test_accept_header" time="0.000"><error message="collection failure">ImportError while importing test module '/home/dee/workspace/AI/Repo-Scanner/validation_data/repositories/django_django/tests/requests_tests/test_accept_header.py'.
Hint: make sure your test modules/packages have valid Python names.
Traceback:
../../../.pyenv/versions/3.11.9/lib/python3.11/importlib/__init__.py:126: in import_module
    return _bootstrap._gcd_import(name[level:], package, level)
           ^^^^^^^^^^^^^^^^^^^^^^^^^^^^^^^^^^^^^^^^^^^^^^^^^^^^
validation_data/repositories/django_django/tests/requests_tests/test_accept_header.py:3: in &lt;module&gt;
    from django.http import HttpRequest
E   ModuleNotFoundError: No module named 'django'</error></testcase><testcase classname="" name="validation_data.repositories.django_django.tests.requests_tests.test_data_upload_settings" time="0.000"><error message="collection failure">ImportError while importing test module '/home/dee/workspace/AI/Repo-Scanner/validation_data/repositories/django_django/tests/requests_tests/test_data_upload_settings.py'.
Hint: make sure your test modules/packages have valid Python names.
Traceback:
../../../.pyenv/versions/3.11.9/lib/python3.11/importlib/__init__.py:126: in import_module
    return _bootstrap._gcd_import(name[level:], package, level)
           ^^^^^^^^^^^^^^^^^^^^^^^^^^^^^^^^^^^^^^^^^^^^^^^^^^^^
validation_data/repositories/django_django/tests/requests_tests/test_data_upload_settings.py:3: in &lt;module&gt;
    from django.core.exceptions import (
E   ModuleNotFoundError: No module named 'django'</error></testcase><testcase classname="" name="validation_data.repositories.django_django.tests.responses.test_cookie" time="0.000"><error message="collection failure">ImportError while importing test module '/home/dee/workspace/AI/Repo-Scanner/validation_data/repositories/django_django/tests/responses/test_cookie.py'.
Hint: make sure your test modules/packages have valid Python names.
Traceback:
../../../.pyenv/versions/3.11.9/lib/python3.11/importlib/__init__.py:126: in import_module
    return _bootstrap._gcd_import(name[level:], package, level)
           ^^^^^^^^^^^^^^^^^^^^^^^^^^^^^^^^^^^^^^^^^^^^^^^^^^^^
validation_data/repositories/django_django/tests/responses/test_cookie.py:6: in &lt;module&gt;
    from django.http import HttpResponse
E   ModuleNotFoundError: No module named 'django'</error></testcase><testcase classname="" name="validation_data.repositories.django_django.tests.responses.test_fileresponse" time="0.000"><error message="collection failure">ImportError while importing test module '/home/dee/workspace/AI/Repo-Scanner/validation_data/repositories/django_django/tests/responses/test_fileresponse.py'.
Hint: make sure your test modules/packages have valid Python names.
Traceback:
../../../.pyenv/versions/3.11.9/lib/python3.11/importlib/__init__.py:126: in import_module
    return _bootstrap._gcd_import(name[level:], package, level)
           ^^^^^^^^^^^^^^^^^^^^^^^^^^^^^^^^^^^^^^^^^^^^^^^^^^^^
validation_data/repositories/django_django/tests/responses/test_fileresponse.py:8: in &lt;module&gt;
    from django.core.files.base import ContentFile
E   ModuleNotFoundError: No module named 'django'</error></testcase><testcase classname="" name="validation_data.repositories.django_django.tests.schema.test_logging" time="0.000"><error message="collection failure">ImportError while importing test module '/home/dee/workspace/AI/Repo-Scanner/validation_data/repositories/django_django/tests/schema/test_logging.py'.
Hint: make sure your test modules/packages have valid Python names.
Traceback:
../../../.pyenv/versions/3.11.9/lib/python3.11/importlib/__init__.py:126: in import_module
    return _bootstrap._gcd_import(name[level:], package, level)
           ^^^^^^^^^^^^^^^^^^^^^^^^^^^^^^^^^^^^^^^^^^^^^^^^^^^^
validation_data/repositories/django_django/tests/schema/test_logging.py:1: in &lt;module&gt;
    from django.db import connection
E   ModuleNotFoundError: No module named 'django'</error></testcase><testcase classname="" name="validation_data.repositories.django_django.tests.serializers.test_data" time="0.000"><error message="collection failure">ImportError while importing test module '/home/dee/workspace/AI/Repo-Scanner/validation_data/repositories/django_django/tests/serializers/test_data.py'.
Hint: make sure your test modules/packages have valid Python names.
Traceback:
../../../.pyenv/versions/3.11.9/lib/python3.11/importlib/__init__.py:126: in import_module
    return _bootstrap._gcd_import(name[level:], package, level)
           ^^^^^^^^^^^^^^^^^^^^^^^^^^^^^^^^^^^^^^^^^^^^^^^^^^^^
validation_data/repositories/django_django/tests/serializers/test_data.py:15: in &lt;module&gt;
    from django.core import serializers
E   ModuleNotFoundError: No module named 'django'</error></testcase><testcase classname="" name="validation_data.repositories.django_django.tests.serializers.test_deserialization" time="0.000"><error message="collection failure">ImportError while importing test module '/home/dee/workspace/AI/Repo-Scanner/validation_data/repositories/django_django/tests/serializers/test_deserialization.py'.
Hint: make sure your test modules/packages have valid Python names.
Traceback:
../../../.pyenv/versions/3.11.9/lib/python3.11/importlib/__init__.py:126: in import_module
    return _bootstrap._gcd_import(name[level:], package, level)
           ^^^^^^^^^^^^^^^^^^^^^^^^^^^^^^^^^^^^^^^^^^^^^^^^^^^^
validation_data/repositories/django_django/tests/serializers/test_deserialization.py:5: in &lt;module&gt;
    from django.core.serializers.base import DeserializationError, DeserializedObject
E   ModuleNotFoundError: No module named 'django'</error></testcase><testcase classname="" name="validation_data.repositories.django_django.tests.serializers.test_json" time="0.000"><error message="collection failure">ImportError while importing test module '/home/dee/workspace/AI/Repo-Scanner/validation_data/repositories/django_django/tests/serializers/test_json.py'.
Hint: make sure your test modules/packages have valid Python names.
Traceback:
../../../.pyenv/versions/3.11.9/lib/python3.11/importlib/__init__.py:126: in import_module
    return _bootstrap._gcd_import(name[level:], package, level)
           ^^^^^^^^^^^^^^^^^^^^^^^^^^^^^^^^^^^^^^^^^^^^^^^^^^^^
validation_data/repositories/django_django/tests/serializers/test_json.py:6: in &lt;module&gt;
    from django.core import serializers
E   ModuleNotFoundError: No module named 'django'</error></testcase><testcase classname="" name="validation_data.repositories.django_django.tests.serializers.test_jsonl" time="0.000"><error message="collection failure">ImportError while importing test module '/home/dee/workspace/AI/Repo-Scanner/validation_data/repositories/django_django/tests/serializers/test_jsonl.py'.
Hint: make sure your test modules/packages have valid Python names.
Traceback:
../../../.pyenv/versions/3.11.9/lib/python3.11/importlib/__init__.py:126: in import_module
    return _bootstrap._gcd_import(name[level:], package, level)
           ^^^^^^^^^^^^^^^^^^^^^^^^^^^^^^^^^^^^^^^^^^^^^^^^^^^^
validation_data/repositories/django_django/tests/serializers/test_jsonl.py:5: in &lt;module&gt;
    from django.core import serializers
E   ModuleNotFoundError: No module named 'django'</error></testcase><testcase classname="" name="validation_data.repositories.django_django.tests.serializers.test_natural" time="0.000"><error message="collection failure">ImportError while importing test module '/home/dee/workspace/AI/Repo-Scanner/validation_data/repositories/django_django/tests/serializers/test_natural.py'.
Hint: make sure your test modules/packages have valid Python names.
Traceback:
../../../.pyenv/versions/3.11.9/lib/python3.11/importlib/__init__.py:126: in import_module
    return _bootstrap._gcd_import(name[level:], package, level)
           ^^^^^^^^^^^^^^^^^^^^^^^^^^^^^^^^^^^^^^^^^^^^^^^^^^^^
validation_data/repositories/django_django/tests/serializers/test_natural.py:1: in &lt;module&gt;
    from django.core import serializers
E   ModuleNotFoundError: No module named 'django'</error></testcase><testcase classname="" name="validation_data.repositories.django_django.tests.serializers.test_xml" time="0.000"><error message="collection failure">ImportError while importing test module '/home/dee/workspace/AI/Repo-Scanner/validation_data/repositories/django_django/tests/serializers/test_xml.py'.
Hint: make sure your test modules/packages have valid Python names.
Traceback:
../../../.pyenv/versions/3.11.9/lib/python3.11/importlib/__init__.py:126: in import_module
    return _bootstrap._gcd_import(name[level:], package, level)
           ^^^^^^^^^^^^^^^^^^^^^^^^^^^^^^^^^^^^^^^^^^^^^^^^^^^^
validation_data/repositories/django_django/tests/serializers/test_xml.py:3: in &lt;module&gt;
    from django.core import serializers
E   ModuleNotFoundError: No module named 'django'</error></testcase><testcase classname="" name="validation_data.repositories.django_django.tests.serializers.test_yaml" time="0.000"><error message="collection failure">ImportError while importing test module '/home/dee/workspace/AI/Repo-Scanner/validation_data/repositories/django_django/tests/serializers/test_yaml.py'.
Hint: make sure your test modules/packages have valid Python names.
Traceback:
../../../.pyenv/versions/3.11.9/lib/python3.11/importlib/__init__.py:126: in import_module
    return _bootstrap._gcd_import(name[level:], package, level)
           ^^^^^^^^^^^^^^^^^^^^^^^^^^^^^^^^^^^^^^^^^^^^^^^^^^^^
validation_data/repositories/django_django/tests/serializers/test_yaml.py:5: in &lt;module&gt;
    from django.core import management, serializers
E   ModuleNotFoundError: No module named 'django'</error></testcase><testcase classname="" name="validation_data.repositories.django_django.tests.servers.test_basehttp" time="0.000"><error message="collection failure">ImportError while importing test module '/home/dee/workspace/AI/Repo-Scanner/validation_data/repositories/django_django/tests/servers/test_basehttp.py'.
Hint: make sure your test modules/packages have valid Python names.
Traceback:
../../../.pyenv/versions/3.11.9/lib/python3.11/importlib/__init__.py:126: in import_module
    return _bootstrap._gcd_import(name[level:], package, level)
           ^^^^^^^^^^^^^^^^^^^^^^^^^^^^^^^^^^^^^^^^^^^^^^^^^^^^
validation_data/repositories/django_django/tests/servers/test_basehttp.py:4: in &lt;module&gt;
    from django.core.handlers.wsgi import WSGIRequest
E   ModuleNotFoundError: No module named 'django'</error></testcase><testcase classname="" name="validation_data.repositories.django_django.tests.servers.test_liveserverthread" time="0.000"><error message="collection failure">ImportError while importing test module '/home/dee/workspace/AI/Repo-Scanner/validation_data/repositories/django_django/tests/servers/test_liveserverthread.py'.
Hint: make sure your test modules/packages have valid Python names.
Traceback:
../../../.pyenv/versions/3.11.9/lib/python3.11/importlib/__init__.py:126: in import_module
    return _bootstrap._gcd_import(name[level:], package, level)
           ^^^^^^^^^^^^^^^^^^^^^^^^^^^^^^^^^^^^^^^^^^^^^^^^^^^^
validation_data/repositories/django_django/tests/servers/test_liveserverthread.py:1: in &lt;module&gt;
    from django.db import DEFAULT_DB_ALIAS, connections
E   ModuleNotFoundError: No module named 'django'</error></testcase><testcase classname="" name="validation_data.repositories.django_django.tests.sitemaps_tests.test_generic" time="0.000"><error message="collection failure">ImportError while importing test module '/home/dee/workspace/AI/Repo-Scanner/validation_data/repositories/django_django/tests/sitemaps_tests/test_generic.py'.
Hint: make sure your test modules/packages have valid Python names.
Traceback:
../../../.pyenv/versions/3.11.9/lib/python3.11/importlib/__init__.py:126: in import_module
    return _bootstrap._gcd_import(name[level:], package, level)
           ^^^^^^^^^^^^^^^^^^^^^^^^^^^^^^^^^^^^^^^^^^^^^^^^^^^^
validation_data/repositories/django_django/tests/sitemaps_tests/test_generic.py:3: in &lt;module&gt;
    from django.contrib.sitemaps import GenericSitemap
E   ModuleNotFoundError: No module named 'django'</error></testcase><testcase classname="" name="validation_data.repositories.django_django.tests.sitemaps_tests.test_http" time="0.000"><error message="collection failure">ImportError while importing test module '/home/dee/workspace/AI/Repo-Scanner/validation_data/repositories/django_django/tests/sitemaps_tests/test_http.py'.
Hint: make sure your test modules/packages have valid Python names.
Traceback:
../../../.pyenv/versions/3.11.9/lib/python3.11/importlib/__init__.py:126: in import_module
    return _bootstrap._gcd_import(name[level:], package, level)
           ^^^^^^^^^^^^^^^^^^^^^^^^^^^^^^^^^^^^^^^^^^^^^^^^^^^^
validation_data/repositories/django_django/tests/sitemaps_tests/test_http.py:4: in &lt;module&gt;
    from django.contrib.sitemaps import Sitemap
E   ModuleNotFoundError: No module named 'django'</error></testcase><testcase classname="" name="validation_data.repositories.django_django.tests.sitemaps_tests.test_https" time="0.000"><error message="collection failure">ImportError while importing test module '/home/dee/workspace/AI/Repo-Scanner/validation_data/repositories/django_django/tests/sitemaps_tests/test_https.py'.
Hint: make sure your test modules/packages have valid Python names.
Traceback:
../../../.pyenv/versions/3.11.9/lib/python3.11/importlib/__init__.py:126: in import_module
    return _bootstrap._gcd_import(name[level:], package, level)
           ^^^^^^^^^^^^^^^^^^^^^^^^^^^^^^^^^^^^^^^^^^^^^^^^^^^^
validation_data/repositories/django_django/tests/sitemaps_tests/test_https.py:3: in &lt;module&gt;
    from django.test import override_settings
E   ModuleNotFoundError: No module named 'django'</error></testcase><testcase classname="" name="validation_data.repositories.django_django.tests.sphinx.test_github_links" time="0.000"><error message="collection failure">ImportError while importing test module '/home/dee/workspace/AI/Repo-Scanner/validation_data/repositories/django_django/tests/sphinx/test_github_links.py'.
Hint: make sure your test modules/packages have valid Python names.
Traceback:
../../../.pyenv/versions/3.11.9/lib/python3.11/importlib/__init__.py:126: in import_module
    return _bootstrap._gcd_import(name[level:], package, level)
           ^^^^^^^^^^^^^^^^^^^^^^^^^^^^^^^^^^^^^^^^^^^^^^^^^^^^
validation_data/repositories/django_django/tests/sphinx/test_github_links.py:4: in &lt;module&gt;
    from django.test import SimpleTestCase
E   ModuleNotFoundError: No module named 'django'</error></testcase><testcase classname="" name="validation_data.repositories.django_django.tests.staticfiles_tests.test_checks" time="0.000"><error message="collection failure">ImportError while importing test module '/home/dee/workspace/AI/Repo-Scanner/validation_data/repositories/django_django/tests/staticfiles_tests/test_checks.py'.
Hint: make sure your test modules/packages have valid Python names.
Traceback:
../../../.pyenv/versions/3.11.9/lib/python3.11/importlib/__init__.py:126: in import_module
    return _bootstrap._gcd_import(name[level:], package, level)
           ^^^^^^^^^^^^^^^^^^^^^^^^^^^^^^^^^^^^^^^^^^^^^^^^^^^^
validation_data/repositories/django_django/tests/staticfiles_tests/test_checks.py:4: in &lt;module&gt;
    from django.conf import DEFAULT_STORAGE_ALIAS, STATICFILES_STORAGE_ALIAS, settings
E   ModuleNotFoundError: No module named 'django'</error></testcase><testcase classname="" name="validation_data.repositories.django_django.tests.staticfiles_tests.test_finders" time="0.000"><error message="collection failure">ImportError while importing test module '/home/dee/workspace/AI/Repo-Scanner/validation_data/repositories/django_django/tests/staticfiles_tests/test_finders.py'.
Hint: make sure your test modules/packages have valid Python names.
Traceback:
../../../.pyenv/versions/3.11.9/lib/python3.11/importlib/__init__.py:126: in import_module
    return _bootstrap._gcd_import(name[level:], package, level)
           ^^^^^^^^^^^^^^^^^^^^^^^^^^^^^^^^^^^^^^^^^^^^^^^^^^^^
validation_data/repositories/django_django/tests/staticfiles_tests/test_finders.py:3: in &lt;module&gt;
    from django.conf import settings
E   ModuleNotFoundError: No module named 'django'</error></testcase><testcase classname="" name="validation_data.repositories.django_django.tests.staticfiles_tests.test_forms" time="0.000"><error message="collection failure">ImportError while importing test module '/home/dee/workspace/AI/Repo-Scanner/validation_data/repositories/django_django/tests/staticfiles_tests/test_forms.py'.
Hint: make sure your test modules/packages have valid Python names.
Traceback:
../../../.pyenv/versions/3.11.9/lib/python3.11/importlib/__init__.py:126: in import_module
    return _bootstrap._gcd_import(name[level:], package, level)
           ^^^^^^^^^^^^^^^^^^^^^^^^^^^^^^^^^^^^^^^^^^^^^^^^^^^^
validation_data/repositories/django_django/tests/staticfiles_tests/test_forms.py:3: in &lt;module&gt;
    from django.conf import STATICFILES_STORAGE_ALIAS
E   ModuleNotFoundError: No module named 'django'</error></testcase><testcase classname="" name="validation_data.repositories.django_django.tests.staticfiles_tests.test_handlers" time="0.000"><error message="collection failure">ImportError while importing test module '/home/dee/workspace/AI/Repo-Scanner/validation_data/repositories/django_django/tests/staticfiles_tests/test_handlers.py'.
Hint: make sure your test modules/packages have valid Python names.
Traceback:
../../../.pyenv/versions/3.11.9/lib/python3.11/importlib/__init__.py:126: in import_module
    return _bootstrap._gcd_import(name[level:], package, level)
           ^^^^^^^^^^^^^^^^^^^^^^^^^^^^^^^^^^^^^^^^^^^^^^^^^^^^
validation_data/repositories/django_django/tests/staticfiles_tests/test_handlers.py:1: in &lt;module&gt;
    from django.contrib.staticfiles.handlers import ASGIStaticFilesHandler
E   ModuleNotFoundError: No module named 'django'</error></testcase><testcase classname="" name="validation_data.repositories.django_django.tests.staticfiles_tests.test_liveserver" time="0.000"><error message="collection failure">ImportError while importing test module '/home/dee/workspace/AI/Repo-Scanner/validation_data/repositories/django_django/tests/staticfiles_tests/test_liveserver.py'.
Hint: make sure your test modules/packages have valid Python names.
Traceback:
../../../.pyenv/versions/3.11.9/lib/python3.11/importlib/__init__.py:126: in import_module
    return _bootstrap._gcd_import(name[level:], package, level)
           ^^^^^^^^^^^^^^^^^^^^^^^^^^^^^^^^^^^^^^^^^^^^^^^^^^^^
validation_data/repositories/django_django/tests/staticfiles_tests/test_liveserver.py:10: in &lt;module&gt;
    from django.contrib.staticfiles.testing import StaticLiveServerTestCase
E   ModuleNotFoundError: No module named 'django'</error></testcase><testcase classname="" name="validation_data.repositories.django_django.tests.staticfiles_tests.test_management" time="0.000"><error message="collection failure">ImportError while importing test module '/home/dee/workspace/AI/Repo-Scanner/validation_data/repositories/django_django/tests/staticfiles_tests/test_management.py'.
Hint: make sure your test modules/packages have valid Python names.
Traceback:
../../../.pyenv/versions/3.11.9/lib/python3.11/importlib/__init__.py:126: in import_module
    return _bootstrap._gcd_import(name[level:], package, level)
           ^^^^^^^^^^^^^^^^^^^^^^^^^^^^^^^^^^^^^^^^^^^^^^^^^^^^
validation_data/repositories/django_django/tests/staticfiles_tests/test_management.py:10: in &lt;module&gt;
    from admin_scripts.tests import AdminScriptTestCase
validation_data/repositories/django_django/tests/admin_scripts/tests.py:21: in &lt;module&gt;
    from django import conf, get_version
E   ModuleNotFoundError: No module named 'django'</error></testcase><testcase classname="" name="validation_data.repositories.django_django.tests.staticfiles_tests.test_storage" time="0.000"><error message="collection failure">ImportError while importing test module '/home/dee/workspace/AI/Repo-Scanner/validation_data/repositories/django_django/tests/staticfiles_tests/test_storage.py'.
Hint: make sure your test modules/packages have valid Python names.
Traceback:
../../../.pyenv/versions/3.11.9/lib/python3.11/importlib/__init__.py:126: in import_module
    return _bootstrap._gcd_import(name[level:], package, level)
           ^^^^^^^^^^^^^^^^^^^^^^^^^^^^^^^^^^^^^^^^^^^^^^^^^^^^
validation_data/repositories/django_django/tests/staticfiles_tests/test_storage.py:11: in &lt;module&gt;
    from django.conf import STATICFILES_STORAGE_ALIAS, settings
E   ModuleNotFoundError: No module named 'django'</error></testcase><testcase classname="" name="validation_data.repositories.django_django.tests.staticfiles_tests.test_templatetags" time="0.000"><error message="collection failure">ImportError while importing test module '/home/dee/workspace/AI/Repo-Scanner/validation_data/repositories/django_django/tests/staticfiles_tests/test_templatetags.py'.
Hint: make sure your test modules/packages have valid Python names.
Traceback:
../../../.pyenv/versions/3.11.9/lib/python3.11/importlib/__init__.py:126: in import_module
    return _bootstrap._gcd_import(name[level:], package, level)
           ^^^^^^^^^^^^^^^^^^^^^^^^^^^^^^^^^^^^^^^^^^^^^^^^^^^^
validation_data/repositories/django_django/tests/staticfiles_tests/test_templatetags.py:1: in &lt;module&gt;
    from django.conf import STATICFILES_STORAGE_ALIAS
E   ModuleNotFoundError: No module named 'django'</error></testcase><testcase classname="" name="validation_data.repositories.django_django.tests.staticfiles_tests.test_utils" time="0.000"><error message="collection failure">ImportError while importing test module '/home/dee/workspace/AI/Repo-Scanner/validation_data/repositories/django_django/tests/staticfiles_tests/test_utils.py'.
Hint: make sure your test modules/packages have valid Python names.
Traceback:
../../../.pyenv/versions/3.11.9/lib/python3.11/importlib/__init__.py:126: in import_module
    return _bootstrap._gcd_import(name[level:], package, level)
           ^^^^^^^^^^^^^^^^^^^^^^^^^^^^^^^^^^^^^^^^^^^^^^^^^^^^
validation_data/repositories/django_django/tests/staticfiles_tests/test_utils.py:1: in &lt;module&gt;
    from django.contrib.staticfiles.utils import check_settings
E   ModuleNotFoundError: No module named 'django'</error></testcase><testcase classname="" name="validation_data.repositories.django_django.tests.staticfiles_tests.test_views" time="0.000"><error message="collection failure">ImportError while importing test module '/home/dee/workspace/AI/Repo-Scanner/validation_data/repositories/django_django/tests/staticfiles_tests/test_views.py'.
Hint: make sure your test modules/packages have valid Python names.
Traceback:
../../../.pyenv/versions/3.11.9/lib/python3.11/importlib/__init__.py:126: in import_module
    return _bootstrap._gcd_import(name[level:], package, level)
           ^^^^^^^^^^^^^^^^^^^^^^^^^^^^^^^^^^^^^^^^^^^^^^^^^^^^
validation_data/repositories/django_django/tests/staticfiles_tests/test_views.py:4: in &lt;module&gt;
    from django.conf import settings
E   ModuleNotFoundError: No module named 'django'</error></testcase><testcase classname="" name="validation_data.repositories.django_django.tests.tasks.test_custom_backend" time="0.000"><error message="collection failure">ImportError while importing test module '/home/dee/workspace/AI/Repo-Scanner/validation_data/repositories/django_django/tests/tasks/test_custom_backend.py'.
Hint: make sure your test modules/packages have valid Python names.
Traceback:
../../../.pyenv/versions/3.11.9/lib/python3.11/importlib/__init__.py:126: in import_module
    return _bootstrap._gcd_import(name[level:], package, level)
           ^^^^^^^^^^^^^^^^^^^^^^^^^^^^^^^^^^^^^^^^^^^^^^^^^^^^
validation_data/repositories/django_django/tests/tasks/test_custom_backend.py:4: in &lt;module&gt;
    from django.tasks import default_task_backend, task_backends
E   ModuleNotFoundError: No module named 'django'</error></testcase><testcase classname="" name="validation_data.repositories.django_django.tests.tasks.test_dummy_backend" time="0.000"><error message="collection failure">ImportError while importing test module '/home/dee/workspace/AI/Repo-Scanner/validation_data/repositories/django_django/tests/tasks/test_dummy_backend.py'.
Hint: make sure your test modules/packages have valid Python names.
Traceback:
../../../.pyenv/versions/3.11.9/lib/python3.11/importlib/__init__.py:126: in import_module
    return _bootstrap._gcd_import(name[level:], package, level)
           ^^^^^^^^^^^^^^^^^^^^^^^^^^^^^^^^^^^^^^^^^^^^^^^^^^^^
validation_data/repositories/django_django/tests/tasks/test_dummy_backend.py:4: in &lt;module&gt;
    from django.db import transaction
E   ModuleNotFoundError: No module named 'django'</error></testcase><testcase classname="" name="validation_data.repositories.django_django.tests.tasks.test_immediate_backend" time="0.000"><error message="collection failure">ImportError while importing test module '/home/dee/workspace/AI/Repo-Scanner/validation_data/repositories/django_django/tests/tasks/test_immediate_backend.py'.
Hint: make sure your test modules/packages have valid Python names.
Traceback:
../../../.pyenv/versions/3.11.9/lib/python3.11/importlib/__init__.py:126: in import_module
    return _bootstrap._gcd_import(name[level:], package, level)
           ^^^^^^^^^^^^^^^^^^^^^^^^^^^^^^^^^^^^^^^^^^^^^^^^^^^^
validation_data/repositories/django_django/tests/tasks/test_immediate_backend.py:1: in &lt;module&gt;
    from django.db import transaction
E   ModuleNotFoundError: No module named 'django'</error></testcase><testcase classname="" name="validation_data.repositories.django_django.tests.tasks.test_tasks" time="0.000"><error message="collection failure">ImportError while importing test module '/home/dee/workspace/AI/Repo-Scanner/validation_data/repositories/django_django/tests/tasks/test_tasks.py'.
Hint: make sure your test modules/packages have valid Python names.
Traceback:
../../../.pyenv/versions/3.11.9/lib/python3.11/importlib/__init__.py:126: in import_module
    return _bootstrap._gcd_import(name[level:], package, level)
           ^^^^^^^^^^^^^^^^^^^^^^^^^^^^^^^^^^^^^^^^^^^^^^^^^^^^
validation_data/repositories/django_django/tests/tasks/test_tasks.py:4: in &lt;module&gt;
    from django.tasks import (
E   ModuleNotFoundError: No module named 'django'</error></testcase><testcase classname="" name="validation_data.repositories.django_django.tests.template_backends.test_django" time="0.000"><error message="collection failure">ImportError while importing test module '/home/dee/workspace/AI/Repo-Scanner/validation_data/repositories/django_django/tests/template_backends/test_django.py'.
Hint: make sure your test modules/packages have valid Python names.
Traceback:
../../../.pyenv/versions/3.11.9/lib/python3.11/importlib/__init__.py:126: in import_module
    return _bootstrap._gcd_import(name[level:], package, level)
           ^^^^^^^^^^^^^^^^^^^^^^^^^^^^^^^^^^^^^^^^^^^^^^^^^^^^
validation_data/repositories/django_django/tests/template_backends/test_django.py:3: in &lt;module&gt;
    from template_tests.test_response import test_processor_name
validation_data/repositories/django_django/tests/template_tests/test_response.py:5: in &lt;module&gt;
    from django.template import engines
E   ModuleNotFoundError: No module named 'django'</error></testcase><testcase classname="" name="validation_data.repositories.django_django.tests.template_backends.test_dummy" time="0.000"><error message="collection failure">ImportError while importing test module '/home/dee/workspace/AI/Repo-Scanner/validation_data/repositories/django_django/tests/template_backends/test_dummy.py'.
Hint: make sure your test modules/packages have valid Python names.
Traceback:
../../../.pyenv/versions/3.11.9/lib/python3.11/importlib/__init__.py:126: in import_module
    return _bootstrap._gcd_import(name[level:], package, level)
           ^^^^^^^^^^^^^^^^^^^^^^^^^^^^^^^^^^^^^^^^^^^^^^^^^^^^
validation_data/repositories/django_django/tests/template_backends/test_dummy.py:3: in &lt;module&gt;
    from django.forms import CharField, Form, Media
E   ModuleNotFoundError: No module named 'django'</error></testcase><testcase classname="" name="validation_data.repositories.django_django.tests.template_backends.test_jinja2" time="0.000"><error message="collection failure">ImportError while importing test module '/home/dee/workspace/AI/Repo-Scanner/validation_data/repositories/django_django/tests/template_backends/test_jinja2.py'.
Hint: make sure your test modules/packages have valid Python names.
Traceback:
../../../.pyenv/versions/3.11.9/lib/python3.11/importlib/__init__.py:126: in import_module
    return _bootstrap._gcd_import(name[level:], package, level)
           ^^^^^^^^^^^^^^^^^^^^^^^^^^^^^^^^^^^^^^^^^^^^^^^^^^^^
validation_data/repositories/django_django/tests/template_backends/test_jinja2.py:4: in &lt;module&gt;
    from django.contrib.auth.models import User
E   ModuleNotFoundError: No module named 'django'</error></testcase><testcase classname="" name="validation_data.repositories.django_django.tests.template_backends.test_utils" time="0.000"><error message="collection failure">ImportError while importing test module '/home/dee/workspace/AI/Repo-Scanner/validation_data/repositories/django_django/tests/template_backends/test_utils.py'.
Hint: make sure your test modules/packages have valid Python names.
Traceback:
../../../.pyenv/versions/3.11.9/lib/python3.11/importlib/__init__.py:126: in import_module
    return _bootstrap._gcd_import(name[level:], package, level)
           ^^^^^^^^^^^^^^^^^^^^^^^^^^^^^^^^^^^^^^^^^^^^^^^^^^^^
validation_data/repositories/django_django/tests/template_backends/test_utils.py:1: in &lt;module&gt;
    from django.core.exceptions import ImproperlyConfigured
E   ModuleNotFoundError: No module named 'django'</error></testcase><testcase classname="" name="validation_data.repositories.django_django.tests.template_tests.filter_tests.test_add" time="0.000"><error message="collection failure">ImportError while importing test module '/home/dee/workspace/AI/Repo-Scanner/validation_data/repositories/django_django/tests/template_tests/filter_tests/test_add.py'.
Hint: make sure your test modules/packages have valid Python names.
Traceback:
../../../.pyenv/versions/3.11.9/lib/python3.11/importlib/__init__.py:126: in import_module
    return _bootstrap._gcd_import(name[level:], package, level)
           ^^^^^^^^^^^^^^^^^^^^^^^^^^^^^^^^^^^^^^^^^^^^^^^^^^^^
validation_data/repositories/django_django/tests/template_tests/filter_tests/test_add.py:3: in &lt;module&gt;
    from django.template.defaultfilters import add
E   ModuleNotFoundError: No module named 'django'</error></testcase><testcase classname="" name="validation_data.repositories.django_django.tests.template_tests.filter_tests.test_addslashes" time="0.000"><error message="collection failure">ImportError while importing test module '/home/dee/workspace/AI/Repo-Scanner/validation_data/repositories/django_django/tests/template_tests/filter_tests/test_addslashes.py'.
Hint: make sure your test modules/packages have valid Python names.
Traceback:
../../../.pyenv/versions/3.11.9/lib/python3.11/importlib/__init__.py:126: in import_module
    return _bootstrap._gcd_import(name[level:], package, level)
           ^^^^^^^^^^^^^^^^^^^^^^^^^^^^^^^^^^^^^^^^^^^^^^^^^^^^
validation_data/repositories/django_django/tests/template_tests/filter_tests/test_addslashes.py:1: in &lt;module&gt;
    from django.template.defaultfilters import addslashes
E   ModuleNotFoundError: No module named 'django'</error></testcase><testcase classname="" name="validation_data.repositories.django_django.tests.template_tests.filter_tests.test_autoescape" time="0.000"><error message="collection failure">ImportError while importing test module '/home/dee/workspace/AI/Repo-Scanner/validation_data/repositories/django_django/tests/template_tests/filter_tests/test_autoescape.py'.
Hint: make sure your test modules/packages have valid Python names.
Traceback:
../../../.pyenv/versions/3.11.9/lib/python3.11/importlib/__init__.py:126: in import_module
    return _bootstrap._gcd_import(name[level:], package, level)
           ^^^^^^^^^^^^^^^^^^^^^^^^^^^^^^^^^^^^^^^^^^^^^^^^^^^^
validation_data/repositories/django_django/tests/template_tests/filter_tests/test_autoescape.py:1: in &lt;module&gt;
    from django.test import SimpleTestCase
E   ModuleNotFoundError: No module named 'django'</error></testcase><testcase classname="" name="validation_data.repositories.django_django.tests.template_tests.filter_tests.test_capfirst" time="0.000"><error message="collection failure">ImportError while importing test module '/home/dee/workspace/AI/Repo-Scanner/validation_data/repositories/django_django/tests/template_tests/filter_tests/test_capfirst.py'.
Hint: make sure your test modules/packages have valid Python names.
Traceback:
../../../.pyenv/versions/3.11.9/lib/python3.11/importlib/__init__.py:126: in import_module
    return _bootstrap._gcd_import(name[level:], package, level)
           ^^^^^^^^^^^^^^^^^^^^^^^^^^^^^^^^^^^^^^^^^^^^^^^^^^^^
validation_data/repositories/django_django/tests/template_tests/filter_tests/test_capfirst.py:1: in &lt;module&gt;
    from django.template.defaultfilters import capfirst
E   ModuleNotFoundError: No module named 'django'</error></testcase><testcase classname="" name="validation_data.repositories.django_django.tests.template_tests.filter_tests.test_center" time="0.000"><error message="collection failure">ImportError while importing test module '/home/dee/workspace/AI/Repo-Scanner/validation_data/repositories/django_django/tests/template_tests/filter_tests/test_center.py'.
Hint: make sure your test modules/packages have valid Python names.
Traceback:
../../../.pyenv/versions/3.11.9/lib/python3.11/importlib/__init__.py:126: in import_module
    return _bootstrap._gcd_import(name[level:], package, level)
           ^^^^^^^^^^^^^^^^^^^^^^^^^^^^^^^^^^^^^^^^^^^^^^^^^^^^
validation_data/repositories/django_django/tests/template_tests/filter_tests/test_center.py:1: in &lt;module&gt;
    from django.template.defaultfilters import center
E   ModuleNotFoundError: No module named 'django'</error></testcase><testcase classname="" name="validation_data.repositories.django_django.tests.template_tests.filter_tests.test_chaining" time="0.000"><error message="collection failure">ImportError while importing test module '/home/dee/workspace/AI/Repo-Scanner/validation_data/repositories/django_django/tests/template_tests/filter_tests/test_chaining.py'.
Hint: make sure your test modules/packages have valid Python names.
Traceback:
../../../.pyenv/versions/3.11.9/lib/python3.11/importlib/__init__.py:126: in import_module
    return _bootstrap._gcd_import(name[level:], package, level)
           ^^^^^^^^^^^^^^^^^^^^^^^^^^^^^^^^^^^^^^^^^^^^^^^^^^^^
validation_data/repositories/django_django/tests/template_tests/filter_tests/test_chaining.py:1: in &lt;module&gt;
    from django.test import SimpleTestCase
E   ModuleNotFoundError: No module named 'django'</error></testcase><testcase classname="" name="validation_data.repositories.django_django.tests.template_tests.filter_tests.test_cut" time="0.000"><error message="collection failure">ImportError while importing test module '/home/dee/workspace/AI/Repo-Scanner/validation_data/repositories/django_django/tests/template_tests/filter_tests/test_cut.py'.
Hint: make sure your test modules/packages have valid Python names.
Traceback:
../../../.pyenv/versions/3.11.9/lib/python3.11/importlib/__init__.py:126: in import_module
    return _bootstrap._gcd_import(name[level:], package, level)
           ^^^^^^^^^^^^^^^^^^^^^^^^^^^^^^^^^^^^^^^^^^^^^^^^^^^^
validation_data/repositories/django_django/tests/template_tests/filter_tests/test_cut.py:1: in &lt;module&gt;
    from django.template.defaultfilters import cut
E   ModuleNotFoundError: No module named 'django'</error></testcase><testcase classname="" name="validation_data.repositories.django_django.tests.template_tests.filter_tests.test_date" time="0.000"><error message="collection failure">ImportError while importing test module '/home/dee/workspace/AI/Repo-Scanner/validation_data/repositories/django_django/tests/template_tests/filter_tests/test_date.py'.
Hint: make sure your test modules/packages have valid Python names.
Traceback:
../../../.pyenv/versions/3.11.9/lib/python3.11/importlib/__init__.py:126: in import_module
    return _bootstrap._gcd_import(name[level:], package, level)
           ^^^^^^^^^^^^^^^^^^^^^^^^^^^^^^^^^^^^^^^^^^^^^^^^^^^^
validation_data/repositories/django_django/tests/template_tests/filter_tests/test_date.py:3: in &lt;module&gt;
    from django.template.defaultfilters import date
E   ModuleNotFoundError: No module named 'django'</error></testcase><testcase classname="" name="validation_data.repositories.django_django.tests.template_tests.filter_tests.test_default" time="0.000"><error message="collection failure">ImportError while importing test module '/home/dee/workspace/AI/Repo-Scanner/validation_data/repositories/django_django/tests/template_tests/filter_tests/test_default.py'.
Hint: make sure your test modules/packages have valid Python names.
Traceback:
../../../.pyenv/versions/3.11.9/lib/python3.11/importlib/__init__.py:126: in import_module
    return _bootstrap._gcd_import(name[level:], package, level)
           ^^^^^^^^^^^^^^^^^^^^^^^^^^^^^^^^^^^^^^^^^^^^^^^^^^^^
validation_data/repositories/django_django/tests/template_tests/filter_tests/test_default.py:1: in &lt;module&gt;
    from django.template.defaultfilters import default
E   ModuleNotFoundError: No module named 'django'</error></testcase><testcase classname="" name="validation_data.repositories.django_django.tests.template_tests.filter_tests.test_default_if_none" time="0.000"><error message="collection failure">ImportError while importing test module '/home/dee/workspace/AI/Repo-Scanner/validation_data/repositories/django_django/tests/template_tests/filter_tests/test_default_if_none.py'.
Hint: make sure your test modules/packages have valid Python names.
Traceback:
../../../.pyenv/versions/3.11.9/lib/python3.11/importlib/__init__.py:126: in import_module
    return _bootstrap._gcd_import(name[level:], package, level)
           ^^^^^^^^^^^^^^^^^^^^^^^^^^^^^^^^^^^^^^^^^^^^^^^^^^^^
validation_data/repositories/django_django/tests/template_tests/filter_tests/test_default_if_none.py:1: in &lt;module&gt;
    from django.template.defaultfilters import default_if_none
E   ModuleNotFoundError: No module named 'django'</error></testcase><testcase classname="" name="validation_data.repositories.django_django.tests.template_tests.filter_tests.test_dictsort" time="0.000"><error message="collection failure">ImportError while importing test module '/home/dee/workspace/AI/Repo-Scanner/validation_data/repositories/django_django/tests/template_tests/filter_tests/test_dictsort.py'.
Hint: make sure your test modules/packages have valid Python names.
Traceback:
../../../.pyenv/versions/3.11.9/lib/python3.11/importlib/__init__.py:126: in import_module
    return _bootstrap._gcd_import(name[level:], package, level)
           ^^^^^^^^^^^^^^^^^^^^^^^^^^^^^^^^^^^^^^^^^^^^^^^^^^^^
validation_data/repositories/django_django/tests/template_tests/filter_tests/test_dictsort.py:1: in &lt;module&gt;
    from django.template.defaultfilters import _property_resolver, dictsort
E   ModuleNotFoundError: No module named 'django'</error></testcase><testcase classname="" name="validation_data.repositories.django_django.tests.template_tests.filter_tests.test_dictsortreversed" time="0.000"><error message="collection failure">ImportError while importing test module '/home/dee/workspace/AI/Repo-Scanner/validation_data/repositories/django_django/tests/template_tests/filter_tests/test_dictsortreversed.py'.
Hint: make sure your test modules/packages have valid Python names.
Traceback:
../../../.pyenv/versions/3.11.9/lib/python3.11/importlib/__init__.py:126: in import_module
    return _bootstrap._gcd_import(name[level:], package, level)
           ^^^^^^^^^^^^^^^^^^^^^^^^^^^^^^^^^^^^^^^^^^^^^^^^^^^^
validation_data/repositories/django_django/tests/template_tests/filter_tests/test_dictsortreversed.py:1: in &lt;module&gt;
    from django.template.defaultfilters import dictsortreversed
E   ModuleNotFoundError: No module named 'django'</error></testcase><testcase classname="" name="validation_data.repositories.django_django.tests.template_tests.filter_tests.test_divisibleby" time="0.000"><error message="collection failure">ImportError while importing test module '/home/dee/workspace/AI/Repo-Scanner/validation_data/repositories/django_django/tests/template_tests/filter_tests/test_divisibleby.py'.
Hint: make sure your test modules/packages have valid Python names.
Traceback:
../../../.pyenv/versions/3.11.9/lib/python3.11/importlib/__init__.py:126: in import_module
    return _bootstrap._gcd_import(name[level:], package, level)
           ^^^^^^^^^^^^^^^^^^^^^^^^^^^^^^^^^^^^^^^^^^^^^^^^^^^^
validation_data/repositories/django_django/tests/template_tests/filter_tests/test_divisibleby.py:1: in &lt;module&gt;
    from django.template.defaultfilters import divisibleby
E   ModuleNotFoundError: No module named 'django'</error></testcase><testcase classname="" name="validation_data.repositories.django_django.tests.template_tests.filter_tests.test_escape" time="0.000"><error message="collection failure">ImportError while importing test module '/home/dee/workspace/AI/Repo-Scanner/validation_data/repositories/django_django/tests/template_tests/filter_tests/test_escape.py'.
Hint: make sure your test modules/packages have valid Python names.
Traceback:
../../../.pyenv/versions/3.11.9/lib/python3.11/importlib/__init__.py:126: in import_module
    return _bootstrap._gcd_import(name[level:], package, level)
           ^^^^^^^^^^^^^^^^^^^^^^^^^^^^^^^^^^^^^^^^^^^^^^^^^^^^
validation_data/repositories/django_django/tests/template_tests/filter_tests/test_escape.py:1: in &lt;module&gt;
    from django.template.defaultfilters import escape
E   ModuleNotFoundError: No module named 'django'</error></testcase><testcase classname="" name="validation_data.repositories.django_django.tests.template_tests.filter_tests.test_escapejs" time="0.000"><error message="collection failure">ImportError while importing test module '/home/dee/workspace/AI/Repo-Scanner/validation_data/repositories/django_django/tests/template_tests/filter_tests/test_escapejs.py'.
Hint: make sure your test modules/packages have valid Python names.
Traceback:
../../../.pyenv/versions/3.11.9/lib/python3.11/importlib/__init__.py:126: in import_module
    return _bootstrap._gcd_import(name[level:], package, level)
           ^^^^^^^^^^^^^^^^^^^^^^^^^^^^^^^^^^^^^^^^^^^^^^^^^^^^
validation_data/repositories/django_django/tests/template_tests/filter_tests/test_escapejs.py:1: in &lt;module&gt;
    from django.template.defaultfilters import escapejs_filter
E   ModuleNotFoundError: No module named 'django'</error></testcase><testcase classname="" name="validation_data.repositories.django_django.tests.template_tests.filter_tests.test_escapeseq" time="0.000"><error message="collection failure">ImportError while importing test module '/home/dee/workspace/AI/Repo-Scanner/validation_data/repositories/django_django/tests/template_tests/filter_tests/test_escapeseq.py'.
Hint: make sure your test modules/packages have valid Python names.
Traceback:
../../../.pyenv/versions/3.11.9/lib/python3.11/importlib/__init__.py:126: in import_module
    return _bootstrap._gcd_import(name[level:], package, level)
           ^^^^^^^^^^^^^^^^^^^^^^^^^^^^^^^^^^^^^^^^^^^^^^^^^^^^
validation_data/repositories/django_django/tests/template_tests/filter_tests/test_escapeseq.py:1: in &lt;module&gt;
    from django.test import SimpleTestCase
E   ModuleNotFoundError: No module named 'django'</error></testcase><testcase classname="" name="validation_data.repositories.django_django.tests.template_tests.filter_tests.test_filesizeformat" time="0.000"><error message="collection failure">ImportError while importing test module '/home/dee/workspace/AI/Repo-Scanner/validation_data/repositories/django_django/tests/template_tests/filter_tests/test_filesizeformat.py'.
Hint: make sure your test modules/packages have valid Python names.
Traceback:
../../../.pyenv/versions/3.11.9/lib/python3.11/importlib/__init__.py:126: in import_module
    return _bootstrap._gcd_import(name[level:], package, level)
           ^^^^^^^^^^^^^^^^^^^^^^^^^^^^^^^^^^^^^^^^^^^^^^^^^^^^
validation_data/repositories/django_django/tests/template_tests/filter_tests/test_filesizeformat.py:1: in &lt;module&gt;
    from django.template.defaultfilters import filesizeformat
E   ModuleNotFoundError: No module named 'django'</error></testcase><testcase classname="" name="validation_data.repositories.django_django.tests.template_tests.filter_tests.test_first" time="0.000"><error message="collection failure">ImportError while importing test module '/home/dee/workspace/AI/Repo-Scanner/validation_data/repositories/django_django/tests/template_tests/filter_tests/test_first.py'.
Hint: make sure your test modules/packages have valid Python names.
Traceback:
../../../.pyenv/versions/3.11.9/lib/python3.11/importlib/__init__.py:126: in import_module
    return _bootstrap._gcd_import(name[level:], package, level)
           ^^^^^^^^^^^^^^^^^^^^^^^^^^^^^^^^^^^^^^^^^^^^^^^^^^^^
validation_data/repositories/django_django/tests/template_tests/filter_tests/test_first.py:1: in &lt;module&gt;
    from django.template.defaultfilters import first
E   ModuleNotFoundError: No module named 'django'</error></testcase><testcase classname="" name="validation_data.repositories.django_django.tests.template_tests.filter_tests.test_floatformat" time="0.000"><error message="collection failure">ImportError while importing test module '/home/dee/workspace/AI/Repo-Scanner/validation_data/repositories/django_django/tests/template_tests/filter_tests/test_floatformat.py'.
Hint: make sure your test modules/packages have valid Python names.
Traceback:
../../../.pyenv/versions/3.11.9/lib/python3.11/importlib/__init__.py:126: in import_module
    return _bootstrap._gcd_import(name[level:], package, level)
           ^^^^^^^^^^^^^^^^^^^^^^^^^^^^^^^^^^^^^^^^^^^^^^^^^^^^
validation_data/repositories/django_django/tests/template_tests/filter_tests/test_floatformat.py:3: in &lt;module&gt;
    from django.template.defaultfilters import floatformat
E   ModuleNotFoundError: No module named 'django'</error></testcase><testcase classname="" name="validation_data.repositories.django_django.tests.template_tests.filter_tests.test_force_escape" time="0.000"><error message="collection failure">ImportError while importing test module '/home/dee/workspace/AI/Repo-Scanner/validation_data/repositories/django_django/tests/template_tests/filter_tests/test_force_escape.py'.
Hint: make sure your test modules/packages have valid Python names.
Traceback:
../../../.pyenv/versions/3.11.9/lib/python3.11/importlib/__init__.py:126: in import_module
    return _bootstrap._gcd_import(name[level:], package, level)
           ^^^^^^^^^^^^^^^^^^^^^^^^^^^^^^^^^^^^^^^^^^^^^^^^^^^^
validation_data/repositories/django_django/tests/template_tests/filter_tests/test_force_escape.py:1: in &lt;module&gt;
    from django.template.defaultfilters import force_escape
E   ModuleNotFoundError: No module named 'django'</error></testcase><testcase classname="" name="validation_data.repositories.django_django.tests.template_tests.filter_tests.test_get_digit" time="0.000"><error message="collection failure">ImportError while importing test module '/home/dee/workspace/AI/Repo-Scanner/validation_data/repositories/django_django/tests/template_tests/filter_tests/test_get_digit.py'.
Hint: make sure your test modules/packages have valid Python names.
Traceback:
../../../.pyenv/versions/3.11.9/lib/python3.11/importlib/__init__.py:126: in import_module
    return _bootstrap._gcd_import(name[level:], package, level)
           ^^^^^^^^^^^^^^^^^^^^^^^^^^^^^^^^^^^^^^^^^^^^^^^^^^^^
validation_data/repositories/django_django/tests/template_tests/filter_tests/test_get_digit.py:1: in &lt;module&gt;
    from django.template.defaultfilters import get_digit
E   ModuleNotFoundError: No module named 'django'</error></testcase><testcase classname="" name="validation_data.repositories.django_django.tests.template_tests.filter_tests.test_iriencode" time="0.000"><error message="collection failure">ImportError while importing test module '/home/dee/workspace/AI/Repo-Scanner/validation_data/repositories/django_django/tests/template_tests/filter_tests/test_iriencode.py'.
Hint: make sure your test modules/packages have valid Python names.
Traceback:
../../../.pyenv/versions/3.11.9/lib/python3.11/importlib/__init__.py:126: in import_module
    return _bootstrap._gcd_import(name[level:], package, level)
           ^^^^^^^^^^^^^^^^^^^^^^^^^^^^^^^^^^^^^^^^^^^^^^^^^^^^
validation_data/repositories/django_django/tests/template_tests/filter_tests/test_iriencode.py:1: in &lt;module&gt;
    from django.template.defaultfilters import iriencode, urlencode
E   ModuleNotFoundError: No module named 'django'</error></testcase><testcase classname="" name="validation_data.repositories.django_django.tests.template_tests.filter_tests.test_join" time="0.000"><error message="collection failure">ImportError while importing test module '/home/dee/workspace/AI/Repo-Scanner/validation_data/repositories/django_django/tests/template_tests/filter_tests/test_join.py'.
Hint: make sure your test modules/packages have valid Python names.
Traceback:
../../../.pyenv/versions/3.11.9/lib/python3.11/importlib/__init__.py:126: in import_module
    return _bootstrap._gcd_import(name[level:], package, level)
           ^^^^^^^^^^^^^^^^^^^^^^^^^^^^^^^^^^^^^^^^^^^^^^^^^^^^
validation_data/repositories/django_django/tests/template_tests/filter_tests/test_join.py:1: in &lt;module&gt;
    from django.template.defaultfilters import join
E   ModuleNotFoundError: No module named 'django'</error></testcase><testcase classname="" name="validation_data.repositories.django_django.tests.template_tests.filter_tests.test_json_script" time="0.000"><error message="collection failure">ImportError while importing test module '/home/dee/workspace/AI/Repo-Scanner/validation_data/repositories/django_django/tests/template_tests/filter_tests/test_json_script.py'.
Hint: make sure your test modules/packages have valid Python names.
Traceback:
../../../.pyenv/versions/3.11.9/lib/python3.11/importlib/__init__.py:126: in import_module
    return _bootstrap._gcd_import(name[level:], package, level)
           ^^^^^^^^^^^^^^^^^^^^^^^^^^^^^^^^^^^^^^^^^^^^^^^^^^^^
validation_data/repositories/django_django/tests/template_tests/filter_tests/test_json_script.py:1: in &lt;module&gt;
    from django.test import SimpleTestCase
E   ModuleNotFoundError: No module named 'django'</error></testcase><testcase classname="" name="validation_data.repositories.django_django.tests.template_tests.filter_tests.test_last" time="0.000"><error message="collection failure">ImportError while importing test module '/home/dee/workspace/AI/Repo-Scanner/validation_data/repositories/django_django/tests/template_tests/filter_tests/test_last.py'.
Hint: make sure your test modules/packages have valid Python names.
Traceback:
../../../.pyenv/versions/3.11.9/lib/python3.11/importlib/__init__.py:126: in import_module
    return _bootstrap._gcd_import(name[level:], package, level)
           ^^^^^^^^^^^^^^^^^^^^^^^^^^^^^^^^^^^^^^^^^^^^^^^^^^^^
validation_data/repositories/django_django/tests/template_tests/filter_tests/test_last.py:1: in &lt;module&gt;
    from django.test import SimpleTestCase
E   ModuleNotFoundError: No module named 'django'</error></testcase><testcase classname="" name="validation_data.repositories.django_django.tests.template_tests.filter_tests.test_length" time="0.000"><error message="collection failure">ImportError while importing test module '/home/dee/workspace/AI/Repo-Scanner/validation_data/repositories/django_django/tests/template_tests/filter_tests/test_length.py'.
Hint: make sure your test modules/packages have valid Python names.
Traceback:
../../../.pyenv/versions/3.11.9/lib/python3.11/importlib/__init__.py:126: in import_module
    return _bootstrap._gcd_import(name[level:], package, level)
           ^^^^^^^^^^^^^^^^^^^^^^^^^^^^^^^^^^^^^^^^^^^^^^^^^^^^
validation_data/repositories/django_django/tests/template_tests/filter_tests/test_length.py:1: in &lt;module&gt;
    from django.template.defaultfilters import length
E   ModuleNotFoundError: No module named 'django'</error></testcase><testcase classname="" name="validation_data.repositories.django_django.tests.template_tests.filter_tests.test_linebreaks" time="0.000"><error message="collection failure">ImportError while importing test module '/home/dee/workspace/AI/Repo-Scanner/validation_data/repositories/django_django/tests/template_tests/filter_tests/test_linebreaks.py'.
Hint: make sure your test modules/packages have valid Python names.
Traceback:
../../../.pyenv/versions/3.11.9/lib/python3.11/importlib/__init__.py:126: in import_module
    return _bootstrap._gcd_import(name[level:], package, level)
           ^^^^^^^^^^^^^^^^^^^^^^^^^^^^^^^^^^^^^^^^^^^^^^^^^^^^
validation_data/repositories/django_django/tests/template_tests/filter_tests/test_linebreaks.py:1: in &lt;module&gt;
    from django.template.defaultfilters import linebreaks_filter
E   ModuleNotFoundError: No module named 'django'</error></testcase><testcase classname="" name="validation_data.repositories.django_django.tests.template_tests.filter_tests.test_linebreaksbr" time="0.000"><error message="collection failure">ImportError while importing test module '/home/dee/workspace/AI/Repo-Scanner/validation_data/repositories/django_django/tests/template_tests/filter_tests/test_linebreaksbr.py'.
Hint: make sure your test modules/packages have valid Python names.
Traceback:
../../../.pyenv/versions/3.11.9/lib/python3.11/importlib/__init__.py:126: in import_module
    return _bootstrap._gcd_import(name[level:], package, level)
           ^^^^^^^^^^^^^^^^^^^^^^^^^^^^^^^^^^^^^^^^^^^^^^^^^^^^
validation_data/repositories/django_django/tests/template_tests/filter_tests/test_linebreaksbr.py:1: in &lt;module&gt;
    from django.template.defaultfilters import linebreaksbr
E   ModuleNotFoundError: No module named 'django'</error></testcase><testcase classname="" name="validation_data.repositories.django_django.tests.template_tests.filter_tests.test_linenumbers" time="0.000"><error message="collection failure">ImportError while importing test module '/home/dee/workspace/AI/Repo-Scanner/validation_data/repositories/django_django/tests/template_tests/filter_tests/test_linenumbers.py'.
Hint: make sure your test modules/packages have valid Python names.
Traceback:
../../../.pyenv/versions/3.11.9/lib/python3.11/importlib/__init__.py:126: in import_module
    return _bootstrap._gcd_import(name[level:], package, level)
           ^^^^^^^^^^^^^^^^^^^^^^^^^^^^^^^^^^^^^^^^^^^^^^^^^^^^
validation_data/repositories/django_django/tests/template_tests/filter_tests/test_linenumbers.py:1: in &lt;module&gt;
    from django.template.defaultfilters import linenumbers
E   ModuleNotFoundError: No module named 'django'</error></testcase><testcase classname="" name="validation_data.repositories.django_django.tests.template_tests.filter_tests.test_ljust" time="0.000"><error message="collection failure">ImportError while importing test module '/home/dee/workspace/AI/Repo-Scanner/validation_data/repositories/django_django/tests/template_tests/filter_tests/test_ljust.py'.
Hint: make sure your test modules/packages have valid Python names.
Traceback:
../../../.pyenv/versions/3.11.9/lib/python3.11/importlib/__init__.py:126: in import_module
    return _bootstrap._gcd_import(name[level:], package, level)
           ^^^^^^^^^^^^^^^^^^^^^^^^^^^^^^^^^^^^^^^^^^^^^^^^^^^^
validation_data/repositories/django_django/tests/template_tests/filter_tests/test_ljust.py:1: in &lt;module&gt;
    from django.template.defaultfilters import ljust
E   ModuleNotFoundError: No module named 'django'</error></testcase><testcase classname="" name="validation_data.repositories.django_django.tests.template_tests.filter_tests.test_lower" time="0.000"><error message="collection failure">ImportError while importing test module '/home/dee/workspace/AI/Repo-Scanner/validation_data/repositories/django_django/tests/template_tests/filter_tests/test_lower.py'.
Hint: make sure your test modules/packages have valid Python names.
Traceback:
../../../.pyenv/versions/3.11.9/lib/python3.11/importlib/__init__.py:126: in import_module
    return _bootstrap._gcd_import(name[level:], package, level)
           ^^^^^^^^^^^^^^^^^^^^^^^^^^^^^^^^^^^^^^^^^^^^^^^^^^^^
validation_data/repositories/django_django/tests/template_tests/filter_tests/test_lower.py:1: in &lt;module&gt;
    from django.template.defaultfilters import lower
E   ModuleNotFoundError: No module named 'django'</error></testcase><testcase classname="" name="validation_data.repositories.django_django.tests.template_tests.filter_tests.test_make_list" time="0.000"><error message="collection failure">ImportError while importing test module '/home/dee/workspace/AI/Repo-Scanner/validation_data/repositories/django_django/tests/template_tests/filter_tests/test_make_list.py'.
Hint: make sure your test modules/packages have valid Python names.
Traceback:
../../../.pyenv/versions/3.11.9/lib/python3.11/importlib/__init__.py:126: in import_module
    return _bootstrap._gcd_import(name[level:], package, level)
           ^^^^^^^^^^^^^^^^^^^^^^^^^^^^^^^^^^^^^^^^^^^^^^^^^^^^
validation_data/repositories/django_django/tests/template_tests/filter_tests/test_make_list.py:1: in &lt;module&gt;
    from django.template.defaultfilters import make_list
E   ModuleNotFoundError: No module named 'django'</error></testcase><testcase classname="" name="validation_data.repositories.django_django.tests.template_tests.filter_tests.test_phone2numeric" time="0.000"><error message="collection failure">ImportError while importing test module '/home/dee/workspace/AI/Repo-Scanner/validation_data/repositories/django_django/tests/template_tests/filter_tests/test_phone2numeric.py'.
Hint: make sure your test modules/packages have valid Python names.
Traceback:
../../../.pyenv/versions/3.11.9/lib/python3.11/importlib/__init__.py:126: in import_module
    return _bootstrap._gcd_import(name[level:], package, level)
           ^^^^^^^^^^^^^^^^^^^^^^^^^^^^^^^^^^^^^^^^^^^^^^^^^^^^
validation_data/repositories/django_django/tests/template_tests/filter_tests/test_phone2numeric.py:1: in &lt;module&gt;
    from django.template.defaultfilters import phone2numeric_filter
E   ModuleNotFoundError: No module named 'django'</error></testcase><testcase classname="" name="validation_data.repositories.django_django.tests.template_tests.filter_tests.test_pluralize" time="0.000"><error message="collection failure">ImportError while importing test module '/home/dee/workspace/AI/Repo-Scanner/validation_data/repositories/django_django/tests/template_tests/filter_tests/test_pluralize.py'.
Hint: make sure your test modules/packages have valid Python names.
Traceback:
../../../.pyenv/versions/3.11.9/lib/python3.11/importlib/__init__.py:126: in import_module
    return _bootstrap._gcd_import(name[level:], package, level)
           ^^^^^^^^^^^^^^^^^^^^^^^^^^^^^^^^^^^^^^^^^^^^^^^^^^^^
validation_data/repositories/django_django/tests/template_tests/filter_tests/test_pluralize.py:3: in &lt;module&gt;
    from django.template.defaultfilters import pluralize
E   ModuleNotFoundError: No module named 'django'</error></testcase><testcase classname="" name="validation_data.repositories.django_django.tests.template_tests.filter_tests.test_random" time="0.000"><error message="collection failure">ImportError while importing test module '/home/dee/workspace/AI/Repo-Scanner/validation_data/repositories/django_django/tests/template_tests/filter_tests/test_random.py'.
Hint: make sure your test modules/packages have valid Python names.
Traceback:
../../../.pyenv/versions/3.11.9/lib/python3.11/importlib/__init__.py:126: in import_module
    return _bootstrap._gcd_import(name[level:], package, level)
           ^^^^^^^^^^^^^^^^^^^^^^^^^^^^^^^^^^^^^^^^^^^^^^^^^^^^
validation_data/repositories/django_django/tests/template_tests/filter_tests/test_random.py:1: in &lt;module&gt;
    from django.test import SimpleTestCase
E   ModuleNotFoundError: No module named 'django'</error></testcase><testcase classname="" name="validation_data.repositories.django_django.tests.template_tests.filter_tests.test_rjust" time="0.000"><error message="collection failure">ImportError while importing test module '/home/dee/workspace/AI/Repo-Scanner/validation_data/repositories/django_django/tests/template_tests/filter_tests/test_rjust.py'.
Hint: make sure your test modules/packages have valid Python names.
Traceback:
../../../.pyenv/versions/3.11.9/lib/python3.11/importlib/__init__.py:126: in import_module
    return _bootstrap._gcd_import(name[level:], package, level)
           ^^^^^^^^^^^^^^^^^^^^^^^^^^^^^^^^^^^^^^^^^^^^^^^^^^^^
validation_data/repositories/django_django/tests/template_tests/filter_tests/test_rjust.py:1: in &lt;module&gt;
    from django.template.defaultfilters import rjust
E   ModuleNotFoundError: No module named 'django'</error></testcase><testcase classname="" name="validation_data.repositories.django_django.tests.template_tests.filter_tests.test_safe" time="0.000"><error message="collection failure">ImportError while importing test module '/home/dee/workspace/AI/Repo-Scanner/validation_data/repositories/django_django/tests/template_tests/filter_tests/test_safe.py'.
Hint: make sure your test modules/packages have valid Python names.
Traceback:
../../../.pyenv/versions/3.11.9/lib/python3.11/importlib/__init__.py:126: in import_module
    return _bootstrap._gcd_import(name[level:], package, level)
           ^^^^^^^^^^^^^^^^^^^^^^^^^^^^^^^^^^^^^^^^^^^^^^^^^^^^
validation_data/repositories/django_django/tests/template_tests/filter_tests/test_safe.py:1: in &lt;module&gt;
    from django.test import SimpleTestCase
E   ModuleNotFoundError: No module named 'django'</error></testcase><testcase classname="" name="validation_data.repositories.django_django.tests.template_tests.filter_tests.test_safeseq" time="0.000"><error message="collection failure">ImportError while importing test module '/home/dee/workspace/AI/Repo-Scanner/validation_data/repositories/django_django/tests/template_tests/filter_tests/test_safeseq.py'.
Hint: make sure your test modules/packages have valid Python names.
Traceback:
../../../.pyenv/versions/3.11.9/lib/python3.11/importlib/__init__.py:126: in import_module
    return _bootstrap._gcd_import(name[level:], package, level)
           ^^^^^^^^^^^^^^^^^^^^^^^^^^^^^^^^^^^^^^^^^^^^^^^^^^^^
validation_data/repositories/django_django/tests/template_tests/filter_tests/test_safeseq.py:1: in &lt;module&gt;
    from django.test import SimpleTestCase
E   ModuleNotFoundError: No module named 'django'</error></testcase><testcase classname="" name="validation_data.repositories.django_django.tests.template_tests.filter_tests.test_slice" time="0.000"><error message="collection failure">ImportError while importing test module '/home/dee/workspace/AI/Repo-Scanner/validation_data/repositories/django_django/tests/template_tests/filter_tests/test_slice.py'.
Hint: make sure your test modules/packages have valid Python names.
Traceback:
../../../.pyenv/versions/3.11.9/lib/python3.11/importlib/__init__.py:126: in import_module
    return _bootstrap._gcd_import(name[level:], package, level)
           ^^^^^^^^^^^^^^^^^^^^^^^^^^^^^^^^^^^^^^^^^^^^^^^^^^^^
validation_data/repositories/django_django/tests/template_tests/filter_tests/test_slice.py:1: in &lt;module&gt;
    from django.template.defaultfilters import slice_filter
E   ModuleNotFoundError: No module named 'django'</error></testcase><testcase classname="" name="validation_data.repositories.django_django.tests.template_tests.filter_tests.test_slugify" time="0.000"><error message="collection failure">ImportError while importing test module '/home/dee/workspace/AI/Repo-Scanner/validation_data/repositories/django_django/tests/template_tests/filter_tests/test_slugify.py'.
Hint: make sure your test modules/packages have valid Python names.
Traceback:
../../../.pyenv/versions/3.11.9/lib/python3.11/importlib/__init__.py:126: in import_module
    return _bootstrap._gcd_import(name[level:], package, level)
           ^^^^^^^^^^^^^^^^^^^^^^^^^^^^^^^^^^^^^^^^^^^^^^^^^^^^
validation_data/repositories/django_django/tests/template_tests/filter_tests/test_slugify.py:1: in &lt;module&gt;
    from django.template.defaultfilters import slugify
E   ModuleNotFoundError: No module named 'django'</error></testcase><testcase classname="" name="validation_data.repositories.django_django.tests.template_tests.filter_tests.test_stringformat" time="0.000"><error message="collection failure">ImportError while importing test module '/home/dee/workspace/AI/Repo-Scanner/validation_data/repositories/django_django/tests/template_tests/filter_tests/test_stringformat.py'.
Hint: make sure your test modules/packages have valid Python names.
Traceback:
../../../.pyenv/versions/3.11.9/lib/python3.11/importlib/__init__.py:126: in import_module
    return _bootstrap._gcd_import(name[level:], package, level)
           ^^^^^^^^^^^^^^^^^^^^^^^^^^^^^^^^^^^^^^^^^^^^^^^^^^^^
validation_data/repositories/django_django/tests/template_tests/filter_tests/test_stringformat.py:1: in &lt;module&gt;
    from django.template.defaultfilters import stringformat
E   ModuleNotFoundError: No module named 'django'</error></testcase><testcase classname="" name="validation_data.repositories.django_django.tests.template_tests.filter_tests.test_striptags" time="0.000"><error message="collection failure">ImportError while importing test module '/home/dee/workspace/AI/Repo-Scanner/validation_data/repositories/django_django/tests/template_tests/filter_tests/test_striptags.py'.
Hint: make sure your test modules/packages have valid Python names.
Traceback:
../../../.pyenv/versions/3.11.9/lib/python3.11/importlib/__init__.py:126: in import_module
    return _bootstrap._gcd_import(name[level:], package, level)
           ^^^^^^^^^^^^^^^^^^^^^^^^^^^^^^^^^^^^^^^^^^^^^^^^^^^^
validation_data/repositories/django_django/tests/template_tests/filter_tests/test_striptags.py:1: in &lt;module&gt;
    from django.template.defaultfilters import striptags
E   ModuleNotFoundError: No module named 'django'</error></testcase><testcase classname="" name="validation_data.repositories.django_django.tests.template_tests.filter_tests.test_time" time="0.000"><error message="collection failure">ImportError while importing test module '/home/dee/workspace/AI/Repo-Scanner/validation_data/repositories/django_django/tests/template_tests/filter_tests/test_time.py'.
Hint: make sure your test modules/packages have valid Python names.
Traceback:
../../../.pyenv/versions/3.11.9/lib/python3.11/importlib/__init__.py:126: in import_module
    return _bootstrap._gcd_import(name[level:], package, level)
           ^^^^^^^^^^^^^^^^^^^^^^^^^^^^^^^^^^^^^^^^^^^^^^^^^^^^
validation_data/repositories/django_django/tests/template_tests/filter_tests/test_time.py:3: in &lt;module&gt;
    from django.template.defaultfilters import time as time_filter
E   ModuleNotFoundError: No module named 'django'</error></testcase><testcase classname="" name="validation_data.repositories.django_django.tests.template_tests.filter_tests.test_timesince" time="0.000"><error message="collection failure">ImportError while importing test module '/home/dee/workspace/AI/Repo-Scanner/validation_data/repositories/django_django/tests/template_tests/filter_tests/test_timesince.py'.
Hint: make sure your test modules/packages have valid Python names.
Traceback:
../../../.pyenv/versions/3.11.9/lib/python3.11/importlib/__init__.py:126: in import_module
    return _bootstrap._gcd_import(name[level:], package, level)
           ^^^^^^^^^^^^^^^^^^^^^^^^^^^^^^^^^^^^^^^^^^^^^^^^^^^^
validation_data/repositories/django_django/tests/template_tests/filter_tests/test_timesince.py:3: in &lt;module&gt;
    from django.template.defaultfilters import timesince_filter
E   ModuleNotFoundError: No module named 'django'</error></testcase><testcase classname="" name="validation_data.repositories.django_django.tests.template_tests.filter_tests.test_timeuntil" time="0.000"><error message="collection failure">ImportError while importing test module '/home/dee/workspace/AI/Repo-Scanner/validation_data/repositories/django_django/tests/template_tests/filter_tests/test_timeuntil.py'.
Hint: make sure your test modules/packages have valid Python names.
Traceback:
../../../.pyenv/versions/3.11.9/lib/python3.11/importlib/__init__.py:126: in import_module
    return _bootstrap._gcd_import(name[level:], package, level)
           ^^^^^^^^^^^^^^^^^^^^^^^^^^^^^^^^^^^^^^^^^^^^^^^^^^^^
validation_data/repositories/django_django/tests/template_tests/filter_tests/test_timeuntil.py:3: in &lt;module&gt;
    from django.template.defaultfilters import timeuntil_filter
E   ModuleNotFoundError: No module named 'django'</error></testcase><testcase classname="" name="validation_data.repositories.django_django.tests.template_tests.filter_tests.test_title" time="0.000"><error message="collection failure">ImportError while importing test module '/home/dee/workspace/AI/Repo-Scanner/validation_data/repositories/django_django/tests/template_tests/filter_tests/test_title.py'.
Hint: make sure your test modules/packages have valid Python names.
Traceback:
../../../.pyenv/versions/3.11.9/lib/python3.11/importlib/__init__.py:126: in import_module
    return _bootstrap._gcd_import(name[level:], package, level)
           ^^^^^^^^^^^^^^^^^^^^^^^^^^^^^^^^^^^^^^^^^^^^^^^^^^^^
validation_data/repositories/django_django/tests/template_tests/filter_tests/test_title.py:1: in &lt;module&gt;
    from django.template.defaultfilters import title
E   ModuleNotFoundError: No module named 'django'</error></testcase><testcase classname="" name="validation_data.repositories.django_django.tests.template_tests.filter_tests.test_truncatechars" time="0.000"><error message="collection failure">ImportError while importing test module '/home/dee/workspace/AI/Repo-Scanner/validation_data/repositories/django_django/tests/template_tests/filter_tests/test_truncatechars.py'.
Hint: make sure your test modules/packages have valid Python names.
Traceback:
../../../.pyenv/versions/3.11.9/lib/python3.11/importlib/__init__.py:126: in import_module
    return _bootstrap._gcd_import(name[level:], package, level)
           ^^^^^^^^^^^^^^^^^^^^^^^^^^^^^^^^^^^^^^^^^^^^^^^^^^^^
validation_data/repositories/django_django/tests/template_tests/filter_tests/test_truncatechars.py:1: in &lt;module&gt;
    from django.test import SimpleTestCase
E   ModuleNotFoundError: No module named 'django'</error></testcase><testcase classname="" name="validation_data.repositories.django_django.tests.template_tests.filter_tests.test_truncatechars_html" time="0.000"><error message="collection failure">ImportError while importing test module '/home/dee/workspace/AI/Repo-Scanner/validation_data/repositories/django_django/tests/template_tests/filter_tests/test_truncatechars_html.py'.
Hint: make sure your test modules/packages have valid Python names.
Traceback:
../../../.pyenv/versions/3.11.9/lib/python3.11/importlib/__init__.py:126: in import_module
    return _bootstrap._gcd_import(name[level:], package, level)
           ^^^^^^^^^^^^^^^^^^^^^^^^^^^^^^^^^^^^^^^^^^^^^^^^^^^^
validation_data/repositories/django_django/tests/template_tests/filter_tests/test_truncatechars_html.py:1: in &lt;module&gt;
    from django.template.defaultfilters import truncatechars_html
E   ModuleNotFoundError: No module named 'django'</error></testcase><testcase classname="" name="validation_data.repositories.django_django.tests.template_tests.filter_tests.test_truncatewords" time="0.000"><error message="collection failure">ImportError while importing test module '/home/dee/workspace/AI/Repo-Scanner/validation_data/repositories/django_django/tests/template_tests/filter_tests/test_truncatewords.py'.
Hint: make sure your test modules/packages have valid Python names.
Traceback:
../../../.pyenv/versions/3.11.9/lib/python3.11/importlib/__init__.py:126: in import_module
    return _bootstrap._gcd_import(name[level:], package, level)
           ^^^^^^^^^^^^^^^^^^^^^^^^^^^^^^^^^^^^^^^^^^^^^^^^^^^^
validation_data/repositories/django_django/tests/template_tests/filter_tests/test_truncatewords.py:1: in &lt;module&gt;
    from django.template.defaultfilters import truncatewords
E   ModuleNotFoundError: No module named 'django'</error></testcase><testcase classname="" name="validation_data.repositories.django_django.tests.template_tests.filter_tests.test_truncatewords_html" time="0.000"><error message="collection failure">ImportError while importing test module '/home/dee/workspace/AI/Repo-Scanner/validation_data/repositories/django_django/tests/template_tests/filter_tests/test_truncatewords_html.py'.
Hint: make sure your test modules/packages have valid Python names.
Traceback:
../../../.pyenv/versions/3.11.9/lib/python3.11/importlib/__init__.py:126: in import_module
    return _bootstrap._gcd_import(name[level:], package, level)
           ^^^^^^^^^^^^^^^^^^^^^^^^^^^^^^^^^^^^^^^^^^^^^^^^^^^^
validation_data/repositories/django_django/tests/template_tests/filter_tests/test_truncatewords_html.py:1: in &lt;module&gt;
    from django.template.defaultfilters import truncatewords_html
E   ModuleNotFoundError: No module named 'django'</error></testcase><testcase classname="" name="validation_data.repositories.django_django.tests.template_tests.filter_tests.test_unordered_list" time="0.000"><error message="collection failure">ImportError while importing test module '/home/dee/workspace/AI/Repo-Scanner/validation_data/repositories/django_django/tests/template_tests/filter_tests/test_unordered_list.py'.
Hint: make sure your test modules/packages have valid Python names.
Traceback:
../../../.pyenv/versions/3.11.9/lib/python3.11/importlib/__init__.py:126: in import_module
    return _bootstrap._gcd_import(name[level:], package, level)
           ^^^^^^^^^^^^^^^^^^^^^^^^^^^^^^^^^^^^^^^^^^^^^^^^^^^^
validation_data/repositories/django_django/tests/template_tests/filter_tests/test_unordered_list.py:1: in &lt;module&gt;
    from django.template.defaultfilters import unordered_list
E   ModuleNotFoundError: No module named 'django'</error></testcase><testcase classname="" name="validation_data.repositories.django_django.tests.template_tests.filter_tests.test_upper" time="0.000"><error message="collection failure">ImportError while importing test module '/home/dee/workspace/AI/Repo-Scanner/validation_data/repositories/django_django/tests/template_tests/filter_tests/test_upper.py'.
Hint: make sure your test modules/packages have valid Python names.
Traceback:
../../../.pyenv/versions/3.11.9/lib/python3.11/importlib/__init__.py:126: in import_module
    return _bootstrap._gcd_import(name[level:], package, level)
           ^^^^^^^^^^^^^^^^^^^^^^^^^^^^^^^^^^^^^^^^^^^^^^^^^^^^
validation_data/repositories/django_django/tests/template_tests/filter_tests/test_upper.py:1: in &lt;module&gt;
    from django.template.defaultfilters import upper
E   ModuleNotFoundError: No module named 'django'</error></testcase><testcase classname="" name="validation_data.repositories.django_django.tests.template_tests.filter_tests.test_urlencode" time="0.000"><error message="collection failure">ImportError while importing test module '/home/dee/workspace/AI/Repo-Scanner/validation_data/repositories/django_django/tests/template_tests/filter_tests/test_urlencode.py'.
Hint: make sure your test modules/packages have valid Python names.
Traceback:
../../../.pyenv/versions/3.11.9/lib/python3.11/importlib/__init__.py:126: in import_module
    return _bootstrap._gcd_import(name[level:], package, level)
           ^^^^^^^^^^^^^^^^^^^^^^^^^^^^^^^^^^^^^^^^^^^^^^^^^^^^
validation_data/repositories/django_django/tests/template_tests/filter_tests/test_urlencode.py:1: in &lt;module&gt;
    from django.template.defaultfilters import urlencode
E   ModuleNotFoundError: No module named 'django'</error></testcase><testcase classname="" name="validation_data.repositories.django_django.tests.template_tests.filter_tests.test_urlize" time="0.000"><error message="collection failure">ImportError while importing test module '/home/dee/workspace/AI/Repo-Scanner/validation_data/repositories/django_django/tests/template_tests/filter_tests/test_urlize.py'.
Hint: make sure your test modules/packages have valid Python names.
Traceback:
../../../.pyenv/versions/3.11.9/lib/python3.11/importlib/__init__.py:126: in import_module
    return _bootstrap._gcd_import(name[level:], package, level)
           ^^^^^^^^^^^^^^^^^^^^^^^^^^^^^^^^^^^^^^^^^^^^^^^^^^^^
validation_data/repositories/django_django/tests/template_tests/filter_tests/test_urlize.py:3: in &lt;module&gt;
    from django.template.defaultfilters import urlize
E   ModuleNotFoundError: No module named 'django'</error></testcase><testcase classname="" name="validation_data.repositories.django_django.tests.template_tests.filter_tests.test_urlizetrunc" time="0.000"><error message="collection failure">ImportError while importing test module '/home/dee/workspace/AI/Repo-Scanner/validation_data/repositories/django_django/tests/template_tests/filter_tests/test_urlizetrunc.py'.
Hint: make sure your test modules/packages have valid Python names.
Traceback:
../../../.pyenv/versions/3.11.9/lib/python3.11/importlib/__init__.py:126: in import_module
    return _bootstrap._gcd_import(name[level:], package, level)
           ^^^^^^^^^^^^^^^^^^^^^^^^^^^^^^^^^^^^^^^^^^^^^^^^^^^^
validation_data/repositories/django_django/tests/template_tests/filter_tests/test_urlizetrunc.py:1: in &lt;module&gt;
    from django.template.defaultfilters import urlizetrunc
E   ModuleNotFoundError: No module named 'django'</error></testcase><testcase classname="" name="validation_data.repositories.django_django.tests.template_tests.filter_tests.test_wordcount" time="0.000"><error message="collection failure">ImportError while importing test module '/home/dee/workspace/AI/Repo-Scanner/validation_data/repositories/django_django/tests/template_tests/filter_tests/test_wordcount.py'.
Hint: make sure your test modules/packages have valid Python names.
Traceback:
../../../.pyenv/versions/3.11.9/lib/python3.11/importlib/__init__.py:126: in import_module
    return _bootstrap._gcd_import(name[level:], package, level)
           ^^^^^^^^^^^^^^^^^^^^^^^^^^^^^^^^^^^^^^^^^^^^^^^^^^^^
validation_data/repositories/django_django/tests/template_tests/filter_tests/test_wordcount.py:1: in &lt;module&gt;
    from django.template.defaultfilters import wordcount
E   ModuleNotFoundError: No module named 'django'</error></testcase><testcase classname="" name="validation_data.repositories.django_django.tests.template_tests.filter_tests.test_wordwrap" time="0.000"><error message="collection failure">ImportError while importing test module '/home/dee/workspace/AI/Repo-Scanner/validation_data/repositories/django_django/tests/template_tests/filter_tests/test_wordwrap.py'.
Hint: make sure your test modules/packages have valid Python names.
Traceback:
../../../.pyenv/versions/3.11.9/lib/python3.11/importlib/__init__.py:126: in import_module
    return _bootstrap._gcd_import(name[level:], package, level)
           ^^^^^^^^^^^^^^^^^^^^^^^^^^^^^^^^^^^^^^^^^^^^^^^^^^^^
validation_data/repositories/django_django/tests/template_tests/filter_tests/test_wordwrap.py:1: in &lt;module&gt;
    from django.template.defaultfilters import wordwrap
E   ModuleNotFoundError: No module named 'django'</error></testcase><testcase classname="" name="validation_data.repositories.django_django.tests.template_tests.filter_tests.test_yesno" time="0.000"><error message="collection failure">ImportError while importing test module '/home/dee/workspace/AI/Repo-Scanner/validation_data/repositories/django_django/tests/template_tests/filter_tests/test_yesno.py'.
Hint: make sure your test modules/packages have valid Python names.
Traceback:
../../../.pyenv/versions/3.11.9/lib/python3.11/importlib/__init__.py:126: in import_module
    return _bootstrap._gcd_import(name[level:], package, level)
           ^^^^^^^^^^^^^^^^^^^^^^^^^^^^^^^^^^^^^^^^^^^^^^^^^^^^
validation_data/repositories/django_django/tests/template_tests/filter_tests/test_yesno.py:1: in &lt;module&gt;
    from django.template.defaultfilters import yesno
E   ModuleNotFoundError: No module named 'django'</error></testcase><testcase classname="" name="validation_data.repositories.django_django.tests.template_tests.syntax_tests.i18n.test_blocktranslate" time="0.000"><error message="collection failure">ImportError while importing test module '/home/dee/workspace/AI/Repo-Scanner/validation_data/repositories/django_django/tests/template_tests/syntax_tests/i18n/test_blocktranslate.py'.
Hint: make sure your test modules/packages have valid Python names.
Traceback:
../../../.pyenv/versions/3.11.9/lib/python3.11/importlib/__init__.py:126: in import_module
    return _bootstrap._gcd_import(name[level:], package, level)
           ^^^^^^^^^^^^^^^^^^^^^^^^^^^^^^^^^^^^^^^^^^^^^^^^^^^^
validation_data/repositories/django_django/tests/template_tests/syntax_tests/i18n/test_blocktranslate.py:7: in &lt;module&gt;
    from django.template import Context, Template, TemplateSyntaxError
E   ModuleNotFoundError: No module named 'django'</error></testcase><testcase classname="" name="validation_data.repositories.django_django.tests.template_tests.syntax_tests.i18n.test_filters" time="0.000"><error message="collection failure">ImportError while importing test module '/home/dee/workspace/AI/Repo-Scanner/validation_data/repositories/django_django/tests/template_tests/syntax_tests/i18n/test_filters.py'.
Hint: make sure your test modules/packages have valid Python names.
Traceback:
../../../.pyenv/versions/3.11.9/lib/python3.11/importlib/__init__.py:126: in import_module
    return _bootstrap._gcd_import(name[level:], package, level)
           ^^^^^^^^^^^^^^^^^^^^^^^^^^^^^^^^^^^^^^^^^^^^^^^^^^^^
validation_data/repositories/django_django/tests/template_tests/syntax_tests/i18n/test_filters.py:1: in &lt;module&gt;
    from django.test import SimpleTestCase
E   ModuleNotFoundError: No module named 'django'</error></testcase><testcase classname="" name="validation_data.repositories.django_django.tests.template_tests.syntax_tests.i18n.test_get_available_languages" time="0.000"><error message="collection failure">ImportError while importing test module '/home/dee/workspace/AI/Repo-Scanner/validation_data/repositories/django_django/tests/template_tests/syntax_tests/i18n/test_get_available_languages.py'.
Hint: make sure your test modules/packages have valid Python names.
Traceback:
../../../.pyenv/versions/3.11.9/lib/python3.11/importlib/__init__.py:126: in import_module
    return _bootstrap._gcd_import(name[level:], package, level)
           ^^^^^^^^^^^^^^^^^^^^^^^^^^^^^^^^^^^^^^^^^^^^^^^^^^^^
validation_data/repositories/django_django/tests/template_tests/syntax_tests/i18n/test_get_available_languages.py:1: in &lt;module&gt;
    from django.template import TemplateSyntaxError
E   ModuleNotFoundError: No module named 'django'</error></testcase><testcase classname="" name="validation_data.repositories.django_django.tests.template_tests.syntax_tests.i18n.test_get_current_language" time="0.000"><error message="collection failure">ImportError while importing test module '/home/dee/workspace/AI/Repo-Scanner/validation_data/repositories/django_django/tests/template_tests/syntax_tests/i18n/test_get_current_language.py'.
Hint: make sure your test modules/packages have valid Python names.
Traceback:
../../../.pyenv/versions/3.11.9/lib/python3.11/importlib/__init__.py:126: in import_module
    return _bootstrap._gcd_import(name[level:], package, level)
           ^^^^^^^^^^^^^^^^^^^^^^^^^^^^^^^^^^^^^^^^^^^^^^^^^^^^
validation_data/repositories/django_django/tests/template_tests/syntax_tests/i18n/test_get_current_language.py:1: in &lt;module&gt;
    from template_tests.utils import setup
validation_data/repositories/django_django/tests/template_tests/utils.py:4: in &lt;module&gt;
    from django.template.engine import Engine
E   ModuleNotFoundError: No module named 'django'</error></testcase><testcase classname="" name="validation_data.repositories.django_django.tests.template_tests.syntax_tests.i18n.test_get_current_language_bidi" time="0.000"><error message="collection failure">ImportError while importing test module '/home/dee/workspace/AI/Repo-Scanner/validation_data/repositories/django_django/tests/template_tests/syntax_tests/i18n/test_get_current_language_bidi.py'.
Hint: make sure your test modules/packages have valid Python names.
Traceback:
../../../.pyenv/versions/3.11.9/lib/python3.11/importlib/__init__.py:126: in import_module
    return _bootstrap._gcd_import(name[level:], package, level)
           ^^^^^^^^^^^^^^^^^^^^^^^^^^^^^^^^^^^^^^^^^^^^^^^^^^^^
validation_data/repositories/django_django/tests/template_tests/syntax_tests/i18n/test_get_current_language_bidi.py:1: in &lt;module&gt;
    from template_tests.utils import setup
validation_data/repositories/django_django/tests/template_tests/utils.py:4: in &lt;module&gt;
    from django.template.engine import Engine
E   ModuleNotFoundError: No module named 'django'</error></testcase><testcase classname="" name="validation_data.repositories.django_django.tests.template_tests.syntax_tests.i18n.test_get_language_info" time="0.000"><error message="collection failure">ImportError while importing test module '/home/dee/workspace/AI/Repo-Scanner/validation_data/repositories/django_django/tests/template_tests/syntax_tests/i18n/test_get_language_info.py'.
Hint: make sure your test modules/packages have valid Python names.
Traceback:
../../../.pyenv/versions/3.11.9/lib/python3.11/importlib/__init__.py:126: in import_module
    return _bootstrap._gcd_import(name[level:], package, level)
           ^^^^^^^^^^^^^^^^^^^^^^^^^^^^^^^^^^^^^^^^^^^^^^^^^^^^
validation_data/repositories/django_django/tests/template_tests/syntax_tests/i18n/test_get_language_info.py:1: in &lt;module&gt;
    from django.template import TemplateSyntaxError
E   ModuleNotFoundError: No module named 'django'</error></testcase><testcase classname="" name="validation_data.repositories.django_django.tests.template_tests.syntax_tests.i18n.test_get_language_info_list" time="0.000"><error message="collection failure">ImportError while importing test module '/home/dee/workspace/AI/Repo-Scanner/validation_data/repositories/django_django/tests/template_tests/syntax_tests/i18n/test_get_language_info_list.py'.
Hint: make sure your test modules/packages have valid Python names.
Traceback:
../../../.pyenv/versions/3.11.9/lib/python3.11/importlib/__init__.py:126: in import_module
    return _bootstrap._gcd_import(name[level:], package, level)
           ^^^^^^^^^^^^^^^^^^^^^^^^^^^^^^^^^^^^^^^^^^^^^^^^^^^^
validation_data/repositories/django_django/tests/template_tests/syntax_tests/i18n/test_get_language_info_list.py:1: in &lt;module&gt;
    from django.template import TemplateSyntaxError
E   ModuleNotFoundError: No module named 'django'</error></testcase><testcase classname="" name="validation_data.repositories.django_django.tests.template_tests.syntax_tests.i18n.test_language" time="0.000"><error message="collection failure">ImportError while importing test module '/home/dee/workspace/AI/Repo-Scanner/validation_data/repositories/django_django/tests/template_tests/syntax_tests/i18n/test_language.py'.
Hint: make sure your test modules/packages have valid Python names.
Traceback:
../../../.pyenv/versions/3.11.9/lib/python3.11/importlib/__init__.py:126: in import_module
    return _bootstrap._gcd_import(name[level:], package, level)
           ^^^^^^^^^^^^^^^^^^^^^^^^^^^^^^^^^^^^^^^^^^^^^^^^^^^^
validation_data/repositories/django_django/tests/template_tests/syntax_tests/i18n/test_language.py:1: in &lt;module&gt;
    from template_tests.utils import setup
validation_data/repositories/django_django/tests/template_tests/utils.py:4: in &lt;module&gt;
    from django.template.engine import Engine
E   ModuleNotFoundError: No module named 'django'</error></testcase><testcase classname="" name="validation_data.repositories.django_django.tests.template_tests.syntax_tests.i18n.test_translate" time="0.000"><error message="collection failure">ImportError while importing test module '/home/dee/workspace/AI/Repo-Scanner/validation_data/repositories/django_django/tests/template_tests/syntax_tests/i18n/test_translate.py'.
Hint: make sure your test modules/packages have valid Python names.
Traceback:
../../../.pyenv/versions/3.11.9/lib/python3.11/importlib/__init__.py:126: in import_module
    return _bootstrap._gcd_import(name[level:], package, level)
           ^^^^^^^^^^^^^^^^^^^^^^^^^^^^^^^^^^^^^^^^^^^^^^^^^^^^
validation_data/repositories/django_django/tests/template_tests/syntax_tests/i18n/test_translate.py:6: in &lt;module&gt;
    from django.template import Context, Template, TemplateSyntaxError
E   ModuleNotFoundError: No module named 'django'</error></testcase><testcase classname="" name="validation_data.repositories.django_django.tests.template_tests.syntax_tests.i18n.test_underscore_syntax" time="0.000"><error message="collection failure">ImportError while importing test module '/home/dee/workspace/AI/Repo-Scanner/validation_data/repositories/django_django/tests/template_tests/syntax_tests/i18n/test_underscore_syntax.py'.
Hint: make sure your test modules/packages have valid Python names.
Traceback:
../../../.pyenv/versions/3.11.9/lib/python3.11/importlib/__init__.py:126: in import_module
    return _bootstrap._gcd_import(name[level:], package, level)
           ^^^^^^^^^^^^^^^^^^^^^^^^^^^^^^^^^^^^^^^^^^^^^^^^^^^^
validation_data/repositories/django_django/tests/template_tests/syntax_tests/i18n/test_underscore_syntax.py:1: in &lt;module&gt;
    from django.template import Context, Template
E   ModuleNotFoundError: No module named 'django'</error></testcase><testcase classname="" name="validation_data.repositories.django_django.tests.template_tests.syntax_tests.test_autoescape" time="0.000"><error message="collection failure">ImportError while importing test module '/home/dee/workspace/AI/Repo-Scanner/validation_data/repositories/django_django/tests/template_tests/syntax_tests/test_autoescape.py'.
Hint: make sure your test modules/packages have valid Python names.
Traceback:
../../../.pyenv/versions/3.11.9/lib/python3.11/importlib/__init__.py:126: in import_module
    return _bootstrap._gcd_import(name[level:], package, level)
           ^^^^^^^^^^^^^^^^^^^^^^^^^^^^^^^^^^^^^^^^^^^^^^^^^^^^
validation_data/repositories/django_django/tests/template_tests/syntax_tests/test_autoescape.py:1: in &lt;module&gt;
    from django.template import TemplateSyntaxError
E   ModuleNotFoundError: No module named 'django'</error></testcase><testcase classname="" name="validation_data.repositories.django_django.tests.template_tests.syntax_tests.test_basic" time="0.000"><error message="collection failure">ImportError while importing test module '/home/dee/workspace/AI/Repo-Scanner/validation_data/repositories/django_django/tests/template_tests/syntax_tests/test_basic.py'.
Hint: make sure your test modules/packages have valid Python names.
Traceback:
../../../.pyenv/versions/3.11.9/lib/python3.11/importlib/__init__.py:126: in import_module
    return _bootstrap._gcd_import(name[level:], package, level)
           ^^^^^^^^^^^^^^^^^^^^^^^^^^^^^^^^^^^^^^^^^^^^^^^^^^^^
validation_data/repositories/django_django/tests/template_tests/syntax_tests/test_basic.py:1: in &lt;module&gt;
    from django.template.base import Origin, Template, TemplateSyntaxError
E   ModuleNotFoundError: No module named 'django'</error></testcase><testcase classname="" name="validation_data.repositories.django_django.tests.template_tests.syntax_tests.test_builtins" time="0.000"><error message="collection failure">ImportError while importing test module '/home/dee/workspace/AI/Repo-Scanner/validation_data/repositories/django_django/tests/template_tests/syntax_tests/test_builtins.py'.
Hint: make sure your test modules/packages have valid Python names.
Traceback:
../../../.pyenv/versions/3.11.9/lib/python3.11/importlib/__init__.py:126: in import_module
    return _bootstrap._gcd_import(name[level:], package, level)
           ^^^^^^^^^^^^^^^^^^^^^^^^^^^^^^^^^^^^^^^^^^^^^^^^^^^^
validation_data/repositories/django_django/tests/template_tests/syntax_tests/test_builtins.py:1: in &lt;module&gt;
    from django.test import SimpleTestCase
E   ModuleNotFoundError: No module named 'django'</error></testcase><testcase classname="" name="validation_data.repositories.django_django.tests.template_tests.syntax_tests.test_cache" time="0.000"><error message="collection failure">ImportError while importing test module '/home/dee/workspace/AI/Repo-Scanner/validation_data/repositories/django_django/tests/template_tests/syntax_tests/test_cache.py'.
Hint: make sure your test modules/packages have valid Python names.
Traceback:
../../../.pyenv/versions/3.11.9/lib/python3.11/importlib/__init__.py:126: in import_module
    return _bootstrap._gcd_import(name[level:], package, level)
           ^^^^^^^^^^^^^^^^^^^^^^^^^^^^^^^^^^^^^^^^^^^^^^^^^^^^
validation_data/repositories/django_django/tests/template_tests/syntax_tests/test_cache.py:1: in &lt;module&gt;
    from django.core.cache import cache
E   ModuleNotFoundError: No module named 'django'</error></testcase><testcase classname="" name="validation_data.repositories.django_django.tests.template_tests.syntax_tests.test_comment" time="0.000"><error message="collection failure">ImportError while importing test module '/home/dee/workspace/AI/Repo-Scanner/validation_data/repositories/django_django/tests/template_tests/syntax_tests/test_comment.py'.
Hint: make sure your test modules/packages have valid Python names.
Traceback:
../../../.pyenv/versions/3.11.9/lib/python3.11/importlib/__init__.py:126: in import_module
    return _bootstrap._gcd_import(name[level:], package, level)
           ^^^^^^^^^^^^^^^^^^^^^^^^^^^^^^^^^^^^^^^^^^^^^^^^^^^^
validation_data/repositories/django_django/tests/template_tests/syntax_tests/test_comment.py:1: in &lt;module&gt;
    from django.test import SimpleTestCase
E   ModuleNotFoundError: No module named 'django'</error></testcase><testcase classname="" name="validation_data.repositories.django_django.tests.template_tests.syntax_tests.test_cycle" time="0.000"><error message="collection failure">ImportError while importing test module '/home/dee/workspace/AI/Repo-Scanner/validation_data/repositories/django_django/tests/template_tests/syntax_tests/test_cycle.py'.
Hint: make sure your test modules/packages have valid Python names.
Traceback:
../../../.pyenv/versions/3.11.9/lib/python3.11/importlib/__init__.py:126: in import_module
    return _bootstrap._gcd_import(name[level:], package, level)
           ^^^^^^^^^^^^^^^^^^^^^^^^^^^^^^^^^^^^^^^^^^^^^^^^^^^^
validation_data/repositories/django_django/tests/template_tests/syntax_tests/test_cycle.py:1: in &lt;module&gt;
    from django.template import TemplateSyntaxError
E   ModuleNotFoundError: No module named 'django'</error></testcase><testcase classname="" name="validation_data.repositories.django_django.tests.template_tests.syntax_tests.test_debug" time="0.000"><error message="collection failure">ImportError while importing test module '/home/dee/workspace/AI/Repo-Scanner/validation_data/repositories/django_django/tests/template_tests/syntax_tests/test_debug.py'.
Hint: make sure your test modules/packages have valid Python names.
Traceback:
../../../.pyenv/versions/3.11.9/lib/python3.11/importlib/__init__.py:126: in import_module
    return _bootstrap._gcd_import(name[level:], package, level)
           ^^^^^^^^^^^^^^^^^^^^^^^^^^^^^^^^^^^^^^^^^^^^^^^^^^^^
validation_data/repositories/django_django/tests/template_tests/syntax_tests/test_debug.py:1: in &lt;module&gt;
    from django.contrib.auth.models import Group
E   ModuleNotFoundError: No module named 'django'</error></testcase><testcase classname="" name="validation_data.repositories.django_django.tests.template_tests.syntax_tests.test_exceptions" time="0.000"><error message="collection failure">ImportError while importing test module '/home/dee/workspace/AI/Repo-Scanner/validation_data/repositories/django_django/tests/template_tests/syntax_tests/test_exceptions.py'.
Hint: make sure your test modules/packages have valid Python names.
Traceback:
../../../.pyenv/versions/3.11.9/lib/python3.11/importlib/__init__.py:126: in import_module
    return _bootstrap._gcd_import(name[level:], package, level)
           ^^^^^^^^^^^^^^^^^^^^^^^^^^^^^^^^^^^^^^^^^^^^^^^^^^^^
validation_data/repositories/django_django/tests/template_tests/syntax_tests/test_exceptions.py:1: in &lt;module&gt;
    from django.template import Template, TemplateDoesNotExist, TemplateSyntaxError
E   ModuleNotFoundError: No module named 'django'</error></testcase><testcase classname="" name="validation_data.repositories.django_django.tests.template_tests.syntax_tests.test_extends" time="0.000"><error message="collection failure">ImportError while importing test module '/home/dee/workspace/AI/Repo-Scanner/validation_data/repositories/django_django/tests/template_tests/syntax_tests/test_extends.py'.
Hint: make sure your test modules/packages have valid Python names.
Traceback:
../../../.pyenv/versions/3.11.9/lib/python3.11/importlib/__init__.py:126: in import_module
    return _bootstrap._gcd_import(name[level:], package, level)
           ^^^^^^^^^^^^^^^^^^^^^^^^^^^^^^^^^^^^^^^^^^^^^^^^^^^^
validation_data/repositories/django_django/tests/template_tests/syntax_tests/test_extends.py:1: in &lt;module&gt;
    from django.template import NodeList, TemplateSyntaxError
E   ModuleNotFoundError: No module named 'django'</error></testcase><testcase classname="" name="validation_data.repositories.django_django.tests.template_tests.syntax_tests.test_filter_syntax" time="0.000"><error message="collection failure">ImportError while importing test module '/home/dee/workspace/AI/Repo-Scanner/validation_data/repositories/django_django/tests/template_tests/syntax_tests/test_filter_syntax.py'.
Hint: make sure your test modules/packages have valid Python names.
Traceback:
../../../.pyenv/versions/3.11.9/lib/python3.11/importlib/__init__.py:126: in import_module
    return _bootstrap._gcd_import(name[level:], package, level)
           ^^^^^^^^^^^^^^^^^^^^^^^^^^^^^^^^^^^^^^^^^^^^^^^^^^^^
validation_data/repositories/django_django/tests/template_tests/syntax_tests/test_filter_syntax.py:1: in &lt;module&gt;
    from django.template import TemplateSyntaxError
E   ModuleNotFoundError: No module named 'django'</error></testcase><testcase classname="" name="validation_data.repositories.django_django.tests.template_tests.syntax_tests.test_filter_tag" time="0.000"><error message="collection failure">ImportError while importing test module '/home/dee/workspace/AI/Repo-Scanner/validation_data/repositories/django_django/tests/template_tests/syntax_tests/test_filter_tag.py'.
Hint: make sure your test modules/packages have valid Python names.
Traceback:
../../../.pyenv/versions/3.11.9/lib/python3.11/importlib/__init__.py:126: in import_module
    return _bootstrap._gcd_import(name[level:], package, level)
           ^^^^^^^^^^^^^^^^^^^^^^^^^^^^^^^^^^^^^^^^^^^^^^^^^^^^
validation_data/repositories/django_django/tests/template_tests/syntax_tests/test_filter_tag.py:1: in &lt;module&gt;
    from django.template import TemplateSyntaxError
E   ModuleNotFoundError: No module named 'django'</error></testcase><testcase classname="" name="validation_data.repositories.django_django.tests.template_tests.syntax_tests.test_firstof" time="0.000"><error message="collection failure">ImportError while importing test module '/home/dee/workspace/AI/Repo-Scanner/validation_data/repositories/django_django/tests/template_tests/syntax_tests/test_firstof.py'.
Hint: make sure your test modules/packages have valid Python names.
Traceback:
../../../.pyenv/versions/3.11.9/lib/python3.11/importlib/__init__.py:126: in import_module
    return _bootstrap._gcd_import(name[level:], package, level)
           ^^^^^^^^^^^^^^^^^^^^^^^^^^^^^^^^^^^^^^^^^^^^^^^^^^^^
validation_data/repositories/django_django/tests/template_tests/syntax_tests/test_firstof.py:1: in &lt;module&gt;
    from django.template import TemplateSyntaxError
E   ModuleNotFoundError: No module named 'django'</error></testcase><testcase classname="" name="validation_data.repositories.django_django.tests.template_tests.syntax_tests.test_for" time="0.000"><error message="collection failure">ImportError while importing test module '/home/dee/workspace/AI/Repo-Scanner/validation_data/repositories/django_django/tests/template_tests/syntax_tests/test_for.py'.
Hint: make sure your test modules/packages have valid Python names.
Traceback:
../../../.pyenv/versions/3.11.9/lib/python3.11/importlib/__init__.py:126: in import_module
    return _bootstrap._gcd_import(name[level:], package, level)
           ^^^^^^^^^^^^^^^^^^^^^^^^^^^^^^^^^^^^^^^^^^^^^^^^^^^^
validation_data/repositories/django_django/tests/template_tests/syntax_tests/test_for.py:1: in &lt;module&gt;
    from django.template import TemplateSyntaxError
E   ModuleNotFoundError: No module named 'django'</error></testcase><testcase classname="" name="validation_data.repositories.django_django.tests.template_tests.syntax_tests.test_if" time="0.000"><error message="collection failure">ImportError while importing test module '/home/dee/workspace/AI/Repo-Scanner/validation_data/repositories/django_django/tests/template_tests/syntax_tests/test_if.py'.
Hint: make sure your test modules/packages have valid Python names.
Traceback:
../../../.pyenv/versions/3.11.9/lib/python3.11/importlib/__init__.py:126: in import_module
    return _bootstrap._gcd_import(name[level:], package, level)
           ^^^^^^^^^^^^^^^^^^^^^^^^^^^^^^^^^^^^^^^^^^^^^^^^^^^^
validation_data/repositories/django_django/tests/template_tests/syntax_tests/test_if.py:1: in &lt;module&gt;
    from django.template import TemplateSyntaxError
E   ModuleNotFoundError: No module named 'django'</error></testcase><testcase classname="" name="validation_data.repositories.django_django.tests.template_tests.syntax_tests.test_if_changed" time="0.000"><error message="collection failure">ImportError while importing test module '/home/dee/workspace/AI/Repo-Scanner/validation_data/repositories/django_django/tests/template_tests/syntax_tests/test_if_changed.py'.
Hint: make sure your test modules/packages have valid Python names.
Traceback:
../../../.pyenv/versions/3.11.9/lib/python3.11/importlib/__init__.py:126: in import_module
    return _bootstrap._gcd_import(name[level:], package, level)
           ^^^^^^^^^^^^^^^^^^^^^^^^^^^^^^^^^^^^^^^^^^^^^^^^^^^^
validation_data/repositories/django_django/tests/template_tests/syntax_tests/test_if_changed.py:1: in &lt;module&gt;
    from django.template import Context, Engine
E   ModuleNotFoundError: No module named 'django'</error></testcase><testcase classname="" name="validation_data.repositories.django_django.tests.template_tests.syntax_tests.test_include" time="0.000"><error message="collection failure">ImportError while importing test module '/home/dee/workspace/AI/Repo-Scanner/validation_data/repositories/django_django/tests/template_tests/syntax_tests/test_include.py'.
Hint: make sure your test modules/packages have valid Python names.
Traceback:
../../../.pyenv/versions/3.11.9/lib/python3.11/importlib/__init__.py:126: in import_module
    return _bootstrap._gcd_import(name[level:], package, level)
           ^^^^^^^^^^^^^^^^^^^^^^^^^^^^^^^^^^^^^^^^^^^^^^^^^^^^
validation_data/repositories/django_django/tests/template_tests/syntax_tests/test_include.py:1: in &lt;module&gt;
    from django.template import (
E   ModuleNotFoundError: No module named 'django'</error></testcase><testcase classname="" name="validation_data.repositories.django_django.tests.template_tests.syntax_tests.test_invalid_string" time="0.000"><error message="collection failure">ImportError while importing test module '/home/dee/workspace/AI/Repo-Scanner/validation_data/repositories/django_django/tests/template_tests/syntax_tests/test_invalid_string.py'.
Hint: make sure your test modules/packages have valid Python names.
Traceback:
../../../.pyenv/versions/3.11.9/lib/python3.11/importlib/__init__.py:126: in import_module
    return _bootstrap._gcd_import(name[level:], package, level)
           ^^^^^^^^^^^^^^^^^^^^^^^^^^^^^^^^^^^^^^^^^^^^^^^^^^^^
validation_data/repositories/django_django/tests/template_tests/syntax_tests/test_invalid_string.py:1: in &lt;module&gt;
    from django.test import SimpleTestCase
E   ModuleNotFoundError: No module named 'django'</error></testcase><testcase classname="" name="validation_data.repositories.django_django.tests.template_tests.syntax_tests.test_list_index" time="0.000"><error message="collection failure">ImportError while importing test module '/home/dee/workspace/AI/Repo-Scanner/validation_data/repositories/django_django/tests/template_tests/syntax_tests/test_list_index.py'.
Hint: make sure your test modules/packages have valid Python names.
Traceback:
../../../.pyenv/versions/3.11.9/lib/python3.11/importlib/__init__.py:126: in import_module
    return _bootstrap._gcd_import(name[level:], package, level)
           ^^^^^^^^^^^^^^^^^^^^^^^^^^^^^^^^^^^^^^^^^^^^^^^^^^^^
validation_data/repositories/django_django/tests/template_tests/syntax_tests/test_list_index.py:1: in &lt;module&gt;
    from django.test import SimpleTestCase
E   ModuleNotFoundError: No module named 'django'</error></testcase><testcase classname="" name="validation_data.repositories.django_django.tests.template_tests.syntax_tests.test_load" time="0.000"><error message="collection failure">ImportError while importing test module '/home/dee/workspace/AI/Repo-Scanner/validation_data/repositories/django_django/tests/template_tests/syntax_tests/test_load.py'.
Hint: make sure your test modules/packages have valid Python names.
Traceback:
../../../.pyenv/versions/3.11.9/lib/python3.11/importlib/__init__.py:126: in import_module
    return _bootstrap._gcd_import(name[level:], package, level)
           ^^^^^^^^^^^^^^^^^^^^^^^^^^^^^^^^^^^^^^^^^^^^^^^^^^^^
validation_data/repositories/django_django/tests/template_tests/syntax_tests/test_load.py:1: in &lt;module&gt;
    from django.template import TemplateSyntaxError
E   ModuleNotFoundError: No module named 'django'</error></testcase><testcase classname="" name="validation_data.repositories.django_django.tests.template_tests.syntax_tests.test_lorem" time="0.000"><error message="collection failure">ImportError while importing test module '/home/dee/workspace/AI/Repo-Scanner/validation_data/repositories/django_django/tests/template_tests/syntax_tests/test_lorem.py'.
Hint: make sure your test modules/packages have valid Python names.
Traceback:
../../../.pyenv/versions/3.11.9/lib/python3.11/importlib/__init__.py:126: in import_module
    return _bootstrap._gcd_import(name[level:], package, level)
           ^^^^^^^^^^^^^^^^^^^^^^^^^^^^^^^^^^^^^^^^^^^^^^^^^^^^
validation_data/repositories/django_django/tests/template_tests/syntax_tests/test_lorem.py:1: in &lt;module&gt;
    from django.template.base import TemplateSyntaxError
E   ModuleNotFoundError: No module named 'django'</error></testcase><testcase classname="" name="validation_data.repositories.django_django.tests.template_tests.syntax_tests.test_multiline" time="0.000"><error message="collection failure">ImportError while importing test module '/home/dee/workspace/AI/Repo-Scanner/validation_data/repositories/django_django/tests/template_tests/syntax_tests/test_multiline.py'.
Hint: make sure your test modules/packages have valid Python names.
Traceback:
../../../.pyenv/versions/3.11.9/lib/python3.11/importlib/__init__.py:126: in import_module
    return _bootstrap._gcd_import(name[level:], package, level)
           ^^^^^^^^^^^^^^^^^^^^^^^^^^^^^^^^^^^^^^^^^^^^^^^^^^^^
validation_data/repositories/django_django/tests/template_tests/syntax_tests/test_multiline.py:1: in &lt;module&gt;
    from django.test import SimpleTestCase
E   ModuleNotFoundError: No module named 'django'</error></testcase><testcase classname="" name="validation_data.repositories.django_django.tests.template_tests.syntax_tests.test_named_endblock" time="0.000"><error message="collection failure">ImportError while importing test module '/home/dee/workspace/AI/Repo-Scanner/validation_data/repositories/django_django/tests/template_tests/syntax_tests/test_named_endblock.py'.
Hint: make sure your test modules/packages have valid Python names.
Traceback:
../../../.pyenv/versions/3.11.9/lib/python3.11/importlib/__init__.py:126: in import_module
    return _bootstrap._gcd_import(name[level:], package, level)
           ^^^^^^^^^^^^^^^^^^^^^^^^^^^^^^^^^^^^^^^^^^^^^^^^^^^^
validation_data/repositories/django_django/tests/template_tests/syntax_tests/test_named_endblock.py:1: in &lt;module&gt;
    from django.template import TemplateSyntaxError
E   ModuleNotFoundError: No module named 'django'</error></testcase><testcase classname="" name="validation_data.repositories.django_django.tests.template_tests.syntax_tests.test_now" time="0.000"><error message="collection failure">ImportError while importing test module '/home/dee/workspace/AI/Repo-Scanner/validation_data/repositories/django_django/tests/template_tests/syntax_tests/test_now.py'.
Hint: make sure your test modules/packages have valid Python names.
Traceback:
../../../.pyenv/versions/3.11.9/lib/python3.11/importlib/__init__.py:126: in import_module
    return _bootstrap._gcd_import(name[level:], package, level)
           ^^^^^^^^^^^^^^^^^^^^^^^^^^^^^^^^^^^^^^^^^^^^^^^^^^^^
validation_data/repositories/django_django/tests/template_tests/syntax_tests/test_now.py:3: in &lt;module&gt;
    from django.template import TemplateSyntaxError
E   ModuleNotFoundError: No module named 'django'</error></testcase><testcase classname="" name="validation_data.repositories.django_django.tests.template_tests.syntax_tests.test_numpy" time="0.000"><error message="collection failure">ImportError while importing test module '/home/dee/workspace/AI/Repo-Scanner/validation_data/repositories/django_django/tests/template_tests/syntax_tests/test_numpy.py'.
Hint: make sure your test modules/packages have valid Python names.
Traceback:
../../../.pyenv/versions/3.11.9/lib/python3.11/importlib/__init__.py:126: in import_module
    return _bootstrap._gcd_import(name[level:], package, level)
           ^^^^^^^^^^^^^^^^^^^^^^^^^^^^^^^^^^^^^^^^^^^^^^^^^^^^
validation_data/repositories/django_django/tests/template_tests/syntax_tests/test_numpy.py:3: in &lt;module&gt;
    from django.test import SimpleTestCase
E   ModuleNotFoundError: No module named 'django'</error></testcase><testcase classname="" name="validation_data.repositories.django_django.tests.template_tests.syntax_tests.test_partials" time="0.000"><error message="collection failure">ImportError while importing test module '/home/dee/workspace/AI/Repo-Scanner/validation_data/repositories/django_django/tests/template_tests/syntax_tests/test_partials.py'.
Hint: make sure your test modules/packages have valid Python names.
Traceback:
../../../.pyenv/versions/3.11.9/lib/python3.11/importlib/__init__.py:126: in import_module
    return _bootstrap._gcd_import(name[level:], package, level)
           ^^^^^^^^^^^^^^^^^^^^^^^^^^^^^^^^^^^^^^^^^^^^^^^^^^^^
validation_data/repositories/django_django/tests/template_tests/syntax_tests/test_partials.py:1: in &lt;module&gt;
    from django.template import (
E   ModuleNotFoundError: No module named 'django'</error></testcase><testcase classname="" name="validation_data.repositories.django_django.tests.template_tests.syntax_tests.test_querystring" time="0.000"><error message="collection failure">ImportError while importing test module '/home/dee/workspace/AI/Repo-Scanner/validation_data/repositories/django_django/tests/template_tests/syntax_tests/test_querystring.py'.
Hint: make sure your test modules/packages have valid Python names.
Traceback:
../../../.pyenv/versions/3.11.9/lib/python3.11/importlib/__init__.py:126: in import_module
    return _bootstrap._gcd_import(name[level:], package, level)
           ^^^^^^^^^^^^^^^^^^^^^^^^^^^^^^^^^^^^^^^^^^^^^^^^^^^^
validation_data/repositories/django_django/tests/template_tests/syntax_tests/test_querystring.py:1: in &lt;module&gt;
    from django.http import QueryDict
E   ModuleNotFoundError: No module named 'django'</error></testcase><testcase classname="" name="validation_data.repositories.django_django.tests.template_tests.syntax_tests.test_regroup" time="0.000"><error message="collection failure">ImportError while importing test module '/home/dee/workspace/AI/Repo-Scanner/validation_data/repositories/django_django/tests/template_tests/syntax_tests/test_regroup.py'.
Hint: make sure your test modules/packages have valid Python names.
Traceback:
../../../.pyenv/versions/3.11.9/lib/python3.11/importlib/__init__.py:126: in import_module
    return _bootstrap._gcd_import(name[level:], package, level)
           ^^^^^^^^^^^^^^^^^^^^^^^^^^^^^^^^^^^^^^^^^^^^^^^^^^^^
validation_data/repositories/django_django/tests/template_tests/syntax_tests/test_regroup.py:3: in &lt;module&gt;
    from django.template import TemplateSyntaxError
E   ModuleNotFoundError: No module named 'django'</error></testcase><testcase classname="" name="validation_data.repositories.django_django.tests.template_tests.syntax_tests.test_resetcycle" time="0.000"><error message="collection failure">ImportError while importing test module '/home/dee/workspace/AI/Repo-Scanner/validation_data/repositories/django_django/tests/template_tests/syntax_tests/test_resetcycle.py'.
Hint: make sure your test modules/packages have valid Python names.
Traceback:
../../../.pyenv/versions/3.11.9/lib/python3.11/importlib/__init__.py:126: in import_module
    return _bootstrap._gcd_import(name[level:], package, level)
           ^^^^^^^^^^^^^^^^^^^^^^^^^^^^^^^^^^^^^^^^^^^^^^^^^^^^
validation_data/repositories/django_django/tests/template_tests/syntax_tests/test_resetcycle.py:1: in &lt;module&gt;
    from django.template import TemplateSyntaxError
E   ModuleNotFoundError: No module named 'django'</error></testcase><testcase classname="" name="validation_data.repositories.django_django.tests.template_tests.syntax_tests.test_setup" time="0.000"><error message="collection failure">ImportError while importing test module '/home/dee/workspace/AI/Repo-Scanner/validation_data/repositories/django_django/tests/template_tests/syntax_tests/test_setup.py'.
Hint: make sure your test modules/packages have valid Python names.
Traceback:
../../../.pyenv/versions/3.11.9/lib/python3.11/importlib/__init__.py:126: in import_module
    return _bootstrap._gcd_import(name[level:], package, level)
           ^^^^^^^^^^^^^^^^^^^^^^^^^^^^^^^^^^^^^^^^^^^^^^^^^^^^
validation_data/repositories/django_django/tests/template_tests/syntax_tests/test_setup.py:1: in &lt;module&gt;
    from django.test import SimpleTestCase
E   ModuleNotFoundError: No module named 'django'</error></testcase><testcase classname="" name="validation_data.repositories.django_django.tests.template_tests.syntax_tests.test_simple_tag" time="0.000"><error message="collection failure">ImportError while importing test module '/home/dee/workspace/AI/Repo-Scanner/validation_data/repositories/django_django/tests/template_tests/syntax_tests/test_simple_tag.py'.
Hint: make sure your test modules/packages have valid Python names.
Traceback:
../../../.pyenv/versions/3.11.9/lib/python3.11/importlib/__init__.py:126: in import_module
    return _bootstrap._gcd_import(name[level:], package, level)
           ^^^^^^^^^^^^^^^^^^^^^^^^^^^^^^^^^^^^^^^^^^^^^^^^^^^^
validation_data/repositories/django_django/tests/template_tests/syntax_tests/test_simple_tag.py:1: in &lt;module&gt;
    from django.template import TemplateSyntaxError
E   ModuleNotFoundError: No module named 'django'</error></testcase><testcase classname="" name="validation_data.repositories.django_django.tests.template_tests.syntax_tests.test_spaceless" time="0.000"><error message="collection failure">ImportError while importing test module '/home/dee/workspace/AI/Repo-Scanner/validation_data/repositories/django_django/tests/template_tests/syntax_tests/test_spaceless.py'.
Hint: make sure your test modules/packages have valid Python names.
Traceback:
../../../.pyenv/versions/3.11.9/lib/python3.11/importlib/__init__.py:126: in import_module
    return _bootstrap._gcd_import(name[level:], package, level)
           ^^^^^^^^^^^^^^^^^^^^^^^^^^^^^^^^^^^^^^^^^^^^^^^^^^^^
validation_data/repositories/django_django/tests/template_tests/syntax_tests/test_spaceless.py:1: in &lt;module&gt;
    from django.test import SimpleTestCase
E   ModuleNotFoundError: No module named 'django'</error></testcase><testcase classname="" name="validation_data.repositories.django_django.tests.template_tests.syntax_tests.test_static" time="0.000"><error message="collection failure">ImportError while importing test module '/home/dee/workspace/AI/Repo-Scanner/validation_data/repositories/django_django/tests/template_tests/syntax_tests/test_static.py'.
Hint: make sure your test modules/packages have valid Python names.
Traceback:
../../../.pyenv/versions/3.11.9/lib/python3.11/importlib/__init__.py:126: in import_module
    return _bootstrap._gcd_import(name[level:], package, level)
           ^^^^^^^^^^^^^^^^^^^^^^^^^^^^^^^^^^^^^^^^^^^^^^^^^^^^
validation_data/repositories/django_django/tests/template_tests/syntax_tests/test_static.py:3: in &lt;module&gt;
    from django.conf import settings
E   ModuleNotFoundError: No module named 'django'</error></testcase><testcase classname="" name="validation_data.repositories.django_django.tests.template_tests.syntax_tests.test_template_tag" time="0.000"><error message="collection failure">ImportError while importing test module '/home/dee/workspace/AI/Repo-Scanner/validation_data/repositories/django_django/tests/template_tests/syntax_tests/test_template_tag.py'.
Hint: make sure your test modules/packages have valid Python names.
Traceback:
../../../.pyenv/versions/3.11.9/lib/python3.11/importlib/__init__.py:126: in import_module
    return _bootstrap._gcd_import(name[level:], package, level)
           ^^^^^^^^^^^^^^^^^^^^^^^^^^^^^^^^^^^^^^^^^^^^^^^^^^^^
validation_data/repositories/django_django/tests/template_tests/syntax_tests/test_template_tag.py:1: in &lt;module&gt;
    from django.template import TemplateSyntaxError
E   ModuleNotFoundError: No module named 'django'</error></testcase><testcase classname="" name="validation_data.repositories.django_django.tests.template_tests.syntax_tests.test_url" time="0.000"><error message="collection failure">ImportError while importing test module '/home/dee/workspace/AI/Repo-Scanner/validation_data/repositories/django_django/tests/template_tests/syntax_tests/test_url.py'.
Hint: make sure your test modules/packages have valid Python names.
Traceback:
../../../.pyenv/versions/3.11.9/lib/python3.11/importlib/__init__.py:126: in import_module
    return _bootstrap._gcd_import(name[level:], package, level)
           ^^^^^^^^^^^^^^^^^^^^^^^^^^^^^^^^^^^^^^^^^^^^^^^^^^^^
validation_data/repositories/django_django/tests/template_tests/syntax_tests/test_url.py:1: in &lt;module&gt;
    from django.template import RequestContext, TemplateSyntaxError
E   ModuleNotFoundError: No module named 'django'</error></testcase><testcase classname="" name="validation_data.repositories.django_django.tests.template_tests.syntax_tests.test_verbatim" time="0.000"><error message="collection failure">ImportError while importing test module '/home/dee/workspace/AI/Repo-Scanner/validation_data/repositories/django_django/tests/template_tests/syntax_tests/test_verbatim.py'.
Hint: make sure your test modules/packages have valid Python names.
Traceback:
../../../.pyenv/versions/3.11.9/lib/python3.11/importlib/__init__.py:126: in import_module
    return _bootstrap._gcd_import(name[level:], package, level)
           ^^^^^^^^^^^^^^^^^^^^^^^^^^^^^^^^^^^^^^^^^^^^^^^^^^^^
validation_data/repositories/django_django/tests/template_tests/syntax_tests/test_verbatim.py:1: in &lt;module&gt;
    from django.template import TemplateSyntaxError
E   ModuleNotFoundError: No module named 'django'</error></testcase><testcase classname="" name="validation_data.repositories.django_django.tests.template_tests.syntax_tests.test_width_ratio" time="0.000"><error message="collection failure">ImportError while importing test module '/home/dee/workspace/AI/Repo-Scanner/validation_data/repositories/django_django/tests/template_tests/syntax_tests/test_width_ratio.py'.
Hint: make sure your test modules/packages have valid Python names.
Traceback:
../../../.pyenv/versions/3.11.9/lib/python3.11/importlib/__init__.py:126: in import_module
    return _bootstrap._gcd_import(name[level:], package, level)
           ^^^^^^^^^^^^^^^^^^^^^^^^^^^^^^^^^^^^^^^^^^^^^^^^^^^^
validation_data/repositories/django_django/tests/template_tests/syntax_tests/test_width_ratio.py:1: in &lt;module&gt;
    from django.template import TemplateSyntaxError
E   ModuleNotFoundError: No module named 'django'</error></testcase><testcase classname="" name="validation_data.repositories.django_django.tests.template_tests.syntax_tests.test_with" time="0.000"><error message="collection failure">ImportError while importing test module '/home/dee/workspace/AI/Repo-Scanner/validation_data/repositories/django_django/tests/template_tests/syntax_tests/test_with.py'.
Hint: make sure your test modules/packages have valid Python names.
Traceback:
../../../.pyenv/versions/3.11.9/lib/python3.11/importlib/__init__.py:126: in import_module
    return _bootstrap._gcd_import(name[level:], package, level)
           ^^^^^^^^^^^^^^^^^^^^^^^^^^^^^^^^^^^^^^^^^^^^^^^^^^^^
validation_data/repositories/django_django/tests/template_tests/syntax_tests/test_with.py:1: in &lt;module&gt;
    from django.template import TemplateSyntaxError
E   ModuleNotFoundError: No module named 'django'</error></testcase><testcase classname="" name="validation_data.repositories.django_django.tests.template_tests.test_autoreloader" time="0.000"><error message="collection failure">ImportError while importing test module '/home/dee/workspace/AI/Repo-Scanner/validation_data/repositories/django_django/tests/template_tests/test_autoreloader.py'.
Hint: make sure your test modules/packages have valid Python names.
Traceback:
../../../.pyenv/versions/3.11.9/lib/python3.11/importlib/__init__.py:126: in import_module
    return _bootstrap._gcd_import(name[level:], package, level)
           ^^^^^^^^^^^^^^^^^^^^^^^^^^^^^^^^^^^^^^^^^^^^^^^^^^^^
validation_data/repositories/django_django/tests/template_tests/test_autoreloader.py:4: in &lt;module&gt;
    from django.template import autoreload
E   ModuleNotFoundError: No module named 'django'</error></testcase><testcase classname="" name="validation_data.repositories.django_django.tests.template_tests.test_base" time="0.000"><error message="collection failure">ImportError while importing test module '/home/dee/workspace/AI/Repo-Scanner/validation_data/repositories/django_django/tests/template_tests/test_base.py'.
Hint: make sure your test modules/packages have valid Python names.
Traceback:
../../../.pyenv/versions/3.11.9/lib/python3.11/importlib/__init__.py:126: in import_module
    return _bootstrap._gcd_import(name[level:], package, level)
           ^^^^^^^^^^^^^^^^^^^^^^^^^^^^^^^^^^^^^^^^^^^^^^^^^^^^
validation_data/repositories/django_django/tests/template_tests/test_base.py:1: in &lt;module&gt;
    from django.template import Context, Template, Variable, VariableDoesNotExist
E   ModuleNotFoundError: No module named 'django'</error></testcase><testcase classname="" name="validation_data.repositories.django_django.tests.template_tests.test_callables" time="0.000"><error message="collection failure">ImportError while importing test module '/home/dee/workspace/AI/Repo-Scanner/validation_data/repositories/django_django/tests/template_tests/test_callables.py'.
Hint: make sure your test modules/packages have valid Python names.
Traceback:
../../../.pyenv/versions/3.11.9/lib/python3.11/importlib/__init__.py:126: in import_module
    return _bootstrap._gcd_import(name[level:], package, level)
           ^^^^^^^^^^^^^^^^^^^^^^^^^^^^^^^^^^^^^^^^^^^^^^^^^^^^
validation_data/repositories/django_django/tests/template_tests/test_callables.py:3: in &lt;module&gt;
    from django.db.models.utils import AltersData
E   ModuleNotFoundError: No module named 'django'</error></testcase><testcase classname="" name="validation_data.repositories.django_django.tests.template_tests.test_context" time="0.000"><error message="collection failure">ImportError while importing test module '/home/dee/workspace/AI/Repo-Scanner/validation_data/repositories/django_django/tests/template_tests/test_context.py'.
Hint: make sure your test modules/packages have valid Python names.
Traceback:
../../../.pyenv/versions/3.11.9/lib/python3.11/importlib/__init__.py:126: in import_module
    return _bootstrap._gcd_import(name[level:], package, level)
           ^^^^^^^^^^^^^^^^^^^^^^^^^^^^^^^^^^^^^^^^^^^^^^^^^^^^
validation_data/repositories/django_django/tests/template_tests/test_context.py:4: in &lt;module&gt;
    from django.http import HttpRequest
E   ModuleNotFoundError: No module named 'django'</error></testcase><testcase classname="" name="validation_data.repositories.django_django.tests.template_tests.test_custom" time="0.000"><error message="collection failure">ImportError while importing test module '/home/dee/workspace/AI/Repo-Scanner/validation_data/repositories/django_django/tests/template_tests/test_custom.py'.
Hint: make sure your test modules/packages have valid Python names.
Traceback:
../../../.pyenv/versions/3.11.9/lib/python3.11/importlib/__init__.py:126: in import_module
    return _bootstrap._gcd_import(name[level:], package, level)
           ^^^^^^^^^^^^^^^^^^^^^^^^^^^^^^^^^^^^^^^^^^^^^^^^^^^^
validation_data/repositories/django_django/tests/template_tests/test_custom.py:3: in &lt;module&gt;
    from django.template import Context, Engine, TemplateSyntaxError
E   ModuleNotFoundError: No module named 'django'</error></testcase><testcase classname="" name="validation_data.repositories.django_django.tests.template_tests.test_engine" time="0.000"><error message="collection failure">ImportError while importing test module '/home/dee/workspace/AI/Repo-Scanner/validation_data/repositories/django_django/tests/template_tests/test_engine.py'.
Hint: make sure your test modules/packages have valid Python names.
Traceback:
../../../.pyenv/versions/3.11.9/lib/python3.11/importlib/__init__.py:126: in import_module
    return _bootstrap._gcd_import(name[level:], package, level)
           ^^^^^^^^^^^^^^^^^^^^^^^^^^^^^^^^^^^^^^^^^^^^^^^^^^^^
validation_data/repositories/django_django/tests/template_tests/test_engine.py:3: in &lt;module&gt;
    from django.core.exceptions import ImproperlyConfigured
E   ModuleNotFoundError: No module named 'django'</error></testcase><testcase classname="" name="validation_data.repositories.django_django.tests.template_tests.test_extends" time="0.000"><error message="collection failure">ImportError while importing test module '/home/dee/workspace/AI/Repo-Scanner/validation_data/repositories/django_django/tests/template_tests/test_extends.py'.
Hint: make sure your test modules/packages have valid Python names.
Traceback:
../../../.pyenv/versions/3.11.9/lib/python3.11/importlib/__init__.py:126: in import_module
    return _bootstrap._gcd_import(name[level:], package, level)
           ^^^^^^^^^^^^^^^^^^^^^^^^^^^^^^^^^^^^^^^^^^^^^^^^^^^^
validation_data/repositories/django_django/tests/template_tests/test_extends.py:3: in &lt;module&gt;
    from django.template import Context, Engine, TemplateDoesNotExist, TemplateSyntaxError
E   ModuleNotFoundError: No module named 'django'</error></testcase><testcase classname="" name="validation_data.repositories.django_django.tests.template_tests.test_extends_relative" time="0.000"><error message="collection failure">ImportError while importing test module '/home/dee/workspace/AI/Repo-Scanner/validation_data/repositories/django_django/tests/template_tests/test_extends_relative.py'.
Hint: make sure your test modules/packages have valid Python names.
Traceback:
../../../.pyenv/versions/3.11.9/lib/python3.11/importlib/__init__.py:126: in import_module
    return _bootstrap._gcd_import(name[level:], package, level)
           ^^^^^^^^^^^^^^^^^^^^^^^^^^^^^^^^^^^^^^^^^^^^^^^^^^^^
validation_data/repositories/django_django/tests/template_tests/test_extends_relative.py:3: in &lt;module&gt;
    from django.template import Context, Engine, TemplateSyntaxError
E   ModuleNotFoundError: No module named 'django'</error></testcase><testcase classname="" name="validation_data.repositories.django_django.tests.template_tests.test_library" time="0.000"><error message="collection failure">ImportError while importing test module '/home/dee/workspace/AI/Repo-Scanner/validation_data/repositories/django_django/tests/template_tests/test_library.py'.
Hint: make sure your test modules/packages have valid Python names.
Traceback:
../../../.pyenv/versions/3.11.9/lib/python3.11/importlib/__init__.py:126: in import_module
    return _bootstrap._gcd_import(name[level:], package, level)
           ^^^^^^^^^^^^^^^^^^^^^^^^^^^^^^^^^^^^^^^^^^^^^^^^^^^^
validation_data/repositories/django_django/tests/template_tests/test_library.py:4: in &lt;module&gt;
    from django.template import Library
E   ModuleNotFoundError: No module named 'django'</error></testcase><testcase classname="" name="validation_data.repositories.django_django.tests.template_tests.test_loaders" time="0.000"><error message="collection failure">ImportError while importing test module '/home/dee/workspace/AI/Repo-Scanner/validation_data/repositories/django_django/tests/template_tests/test_loaders.py'.
Hint: make sure your test modules/packages have valid Python names.
Traceback:
../../../.pyenv/versions/3.11.9/lib/python3.11/importlib/__init__.py:126: in import_module
    return _bootstrap._gcd_import(name[level:], package, level)
           ^^^^^^^^^^^^^^^^^^^^^^^^^^^^^^^^^^^^^^^^^^^^^^^^^^^^
validation_data/repositories/django_django/tests/template_tests/test_loaders.py:7: in &lt;module&gt;
    from django.template import TemplateDoesNotExist
E   ModuleNotFoundError: No module named 'django'</error></testcase><testcase classname="" name="validation_data.repositories.django_django.tests.template_tests.test_logging" time="0.000"><error message="collection failure">ImportError while importing test module '/home/dee/workspace/AI/Repo-Scanner/validation_data/repositories/django_django/tests/template_tests/test_logging.py'.
Hint: make sure your test modules/packages have valid Python names.
Traceback:
../../../.pyenv/versions/3.11.9/lib/python3.11/importlib/__init__.py:126: in import_module
    return _bootstrap._gcd_import(name[level:], package, level)
           ^^^^^^^^^^^^^^^^^^^^^^^^^^^^^^^^^^^^^^^^^^^^^^^^^^^^
validation_data/repositories/django_django/tests/template_tests/test_logging.py:3: in &lt;module&gt;
    from django.template import Engine, Variable, VariableDoesNotExist
E   ModuleNotFoundError: No module named 'django'</error></testcase><testcase classname="" name="validation_data.repositories.django_django.tests.template_tests.test_nodelist" time="0.000"><error message="collection failure">ImportError while importing test module '/home/dee/workspace/AI/Repo-Scanner/validation_data/repositories/django_django/tests/template_tests/test_nodelist.py'.
Hint: make sure your test modules/packages have valid Python names.
Traceback:
../../../.pyenv/versions/3.11.9/lib/python3.11/importlib/__init__.py:126: in import_module
    return _bootstrap._gcd_import(name[level:], package, level)
           ^^^^^^^^^^^^^^^^^^^^^^^^^^^^^^^^^^^^^^^^^^^^^^^^^^^^
validation_data/repositories/django_django/tests/template_tests/test_nodelist.py:1: in &lt;module&gt;
    from django.template import Context, Engine
E   ModuleNotFoundError: No module named 'django'</error></testcase><testcase classname="" name="validation_data.repositories.django_django.tests.template_tests.test_origin" time="0.000"><error message="collection failure">ImportError while importing test module '/home/dee/workspace/AI/Repo-Scanner/validation_data/repositories/django_django/tests/template_tests/test_origin.py'.
Hint: make sure your test modules/packages have valid Python names.
Traceback:
../../../.pyenv/versions/3.11.9/lib/python3.11/importlib/__init__.py:126: in import_module
    return _bootstrap._gcd_import(name[level:], package, level)
           ^^^^^^^^^^^^^^^^^^^^^^^^^^^^^^^^^^^^^^^^^^^^^^^^^^^^
validation_data/repositories/django_django/tests/template_tests/test_origin.py:4: in &lt;module&gt;
    from django.template import Engine
E   ModuleNotFoundError: No module named 'django'</error></testcase><testcase classname="" name="validation_data.repositories.django_django.tests.template_tests.test_parser" time="0.000"><error message="collection failure">ImportError while importing test module '/home/dee/workspace/AI/Repo-Scanner/validation_data/repositories/django_django/tests/template_tests/test_parser.py'.
Hint: make sure your test modules/packages have valid Python names.
Traceback:
../../../.pyenv/versions/3.11.9/lib/python3.11/importlib/__init__.py:126: in import_module
    return _bootstrap._gcd_import(name[level:], package, level)
           ^^^^^^^^^^^^^^^^^^^^^^^^^^^^^^^^^^^^^^^^^^^^^^^^^^^^
validation_data/repositories/django_django/tests/template_tests/test_parser.py:8: in &lt;module&gt;
    from django.template import Library, TemplateSyntaxError
E   ModuleNotFoundError: No module named 'django'</error></testcase><testcase classname="" name="validation_data.repositories.django_django.tests.template_tests.test_partials" time="0.000"><error message="collection failure">ImportError while importing test module '/home/dee/workspace/AI/Repo-Scanner/validation_data/repositories/django_django/tests/template_tests/test_partials.py'.
Hint: make sure your test modules/packages have valid Python names.
Traceback:
../../../.pyenv/versions/3.11.9/lib/python3.11/importlib/__init__.py:126: in import_module
    return _bootstrap._gcd_import(name[level:], package, level)
           ^^^^^^^^^^^^^^^^^^^^^^^^^^^^^^^^^^^^^^^^^^^^^^^^^^^^
validation_data/repositories/django_django/tests/template_tests/test_partials.py:4: in &lt;module&gt;
    from django.http import HttpResponse
E   ModuleNotFoundError: No module named 'django'</error></testcase><testcase classname="" name="validation_data.repositories.django_django.tests.template_tests.test_response" time="0.000"><error message="collection failure">ImportError while importing test module '/home/dee/workspace/AI/Repo-Scanner/validation_data/repositories/django_django/tests/template_tests/test_response.py'.
Hint: make sure your test modules/packages have valid Python names.
Traceback:
../../../.pyenv/versions/3.11.9/lib/python3.11/importlib/__init__.py:126: in import_module
    return _bootstrap._gcd_import(name[level:], package, level)
           ^^^^^^^^^^^^^^^^^^^^^^^^^^^^^^^^^^^^^^^^^^^^^^^^^^^^
validation_data/repositories/django_django/tests/template_tests/test_response.py:5: in &lt;module&gt;
    from django.template import engines
E   ModuleNotFoundError: No module named 'django'</error></testcase><testcase classname="" name="validation_data.repositories.django_django.tests.template_tests.test_smartif" time="0.000"><error message="collection failure">ImportError while importing test module '/home/dee/workspace/AI/Repo-Scanner/validation_data/repositories/django_django/tests/template_tests/test_smartif.py'.
Hint: make sure your test modules/packages have valid Python names.
Traceback:
../../../.pyenv/versions/3.11.9/lib/python3.11/importlib/__init__.py:126: in import_module
    return _bootstrap._gcd_import(name[level:], package, level)
           ^^^^^^^^^^^^^^^^^^^^^^^^^^^^^^^^^^^^^^^^^^^^^^^^^^^^
validation_data/repositories/django_django/tests/template_tests/test_smartif.py:3: in &lt;module&gt;
    from django.template.smartif import IfParser
E   ModuleNotFoundError: No module named 'django'</error></testcase><testcase classname="" name="validation_data.repositories.django_django.tests.test_client.test_conditional_content_removal" time="0.000"><error message="collection failure">ImportError while importing test module '/home/dee/workspace/AI/Repo-Scanner/validation_data/repositories/django_django/tests/test_client/test_conditional_content_removal.py'.
Hint: make sure your test modules/packages have valid Python names.
Traceback:
../../../.pyenv/versions/3.11.9/lib/python3.11/importlib/__init__.py:126: in import_module
    return _bootstrap._gcd_import(name[level:], package, level)
           ^^^^^^^^^^^^^^^^^^^^^^^^^^^^^^^^^^^^^^^^^^^^^^^^^^^^
validation_data/repositories/django_django/tests/test_client/test_conditional_content_removal.py:3: in &lt;module&gt;
    from django.http import HttpRequest, HttpResponse, StreamingHttpResponse
E   ModuleNotFoundError: No module named 'django'</error></testcase><testcase classname="" name="validation_data.repositories.django_django.tests.test_client.test_fakepayload" time="0.000"><error message="collection failure">ImportError while importing test module '/home/dee/workspace/AI/Repo-Scanner/validation_data/repositories/django_django/tests/test_client/test_fakepayload.py'.
Hint: make sure your test modules/packages have valid Python names.
Traceback:
../../../.pyenv/versions/3.11.9/lib/python3.11/importlib/__init__.py:126: in import_module
    return _bootstrap._gcd_import(name[level:], package, level)
           ^^^^^^^^^^^^^^^^^^^^^^^^^^^^^^^^^^^^^^^^^^^^^^^^^^^^
validation_data/repositories/django_django/tests/test_client/test_fakepayload.py:1: in &lt;module&gt;
    from django.test import SimpleTestCase
E   ModuleNotFoundError: No module named 'django'</error></testcase><testcase classname="" name="validation_data.repositories.django_django.tests.test_exceptions.test_validation_error" time="0.000"><error message="collection failure">ImportError while importing test module '/home/dee/workspace/AI/Repo-Scanner/validation_data/repositories/django_django/tests/test_exceptions/test_validation_error.py'.
Hint: make sure your test modules/packages have valid Python names.
Traceback:
../../../.pyenv/versions/3.11.9/lib/python3.11/importlib/__init__.py:126: in import_module
    return _bootstrap._gcd_import(name[level:], package, level)
           ^^^^^^^^^^^^^^^^^^^^^^^^^^^^^^^^^^^^^^^^^^^^^^^^^^^^
validation_data/repositories/django_django/tests/test_exceptions/test_validation_error.py:4: in &lt;module&gt;
    from django.core.exceptions import ValidationError
E   ModuleNotFoundError: No module named 'django'</error></testcase><testcase classname="" name="validation_data.repositories.django_django.tests.test_runner.test_debug_sql" time="0.000"><error message="collection failure">ImportError while importing test module '/home/dee/workspace/AI/Repo-Scanner/validation_data/repositories/django_django/tests/test_runner/test_debug_sql.py'.
Hint: make sure your test modules/packages have valid Python names.
Traceback:
../../../.pyenv/versions/3.11.9/lib/python3.11/importlib/__init__.py:126: in import_module
    return _bootstrap._gcd_import(name[level:], package, level)
           ^^^^^^^^^^^^^^^^^^^^^^^^^^^^^^^^^^^^^^^^^^^^^^^^^^^^
validation_data/repositories/django_django/tests/test_runner/test_debug_sql.py:7: in &lt;module&gt;
    from django.db import DEFAULT_DB_ALIAS, connection, connections
E   ModuleNotFoundError: No module named 'django'</error></testcase><testcase classname="" name="validation_data.repositories.django_django.tests.test_runner.test_discover_runner" time="0.000"><error message="collection failure">ImportError while importing test module '/home/dee/workspace/AI/Repo-Scanner/validation_data/repositories/django_django/tests/test_runner/test_discover_runner.py'.
Hint: make sure your test modules/packages have valid Python names.
Traceback:
../../../.pyenv/versions/3.11.9/lib/python3.11/importlib/__init__.py:126: in import_module
    return _bootstrap._gcd_import(name[level:], package, level)
           ^^^^^^^^^^^^^^^^^^^^^^^^^^^^^^^^^^^^^^^^^^^^^^^^^^^^
validation_data/repositories/django_django/tests/test_runner/test_discover_runner.py:10: in &lt;module&gt;
    from django.db import connections
E   ModuleNotFoundError: No module named 'django'</error></testcase><testcase classname="" name="validation_data.repositories.django_django.tests.test_runner.test_parallel" time="0.000"><error message="collection failure">ImportError while importing test module '/home/dee/workspace/AI/Repo-Scanner/validation_data/repositories/django_django/tests/test_runner/test_parallel.py'.
Hint: make sure your test modules/packages have valid Python names.
Traceback:
../../../.pyenv/versions/3.11.9/lib/python3.11/importlib/__init__.py:126: in import_module
    return _bootstrap._gcd_import(name[level:], package, level)
           ^^^^^^^^^^^^^^^^^^^^^^^^^^^^^^^^^^^^^^^^^^^^^^^^^^^^
validation_data/repositories/django_django/tests/test_runner/test_parallel.py:8: in &lt;module&gt;
    from django.test import SimpleTestCase
E   ModuleNotFoundError: No module named 'django'</error></testcase><testcase classname="" name="validation_data.repositories.django_django.tests.test_runner.test_shuffler" time="0.000"><error message="collection failure">ImportError while importing test module '/home/dee/workspace/AI/Repo-Scanner/validation_data/repositories/django_django/tests/test_runner/test_shuffler.py'.
Hint: make sure your test modules/packages have valid Python names.
Traceback:
../../../.pyenv/versions/3.11.9/lib/python3.11/importlib/__init__.py:126: in import_module
    return _bootstrap._gcd_import(name[level:], package, level)
           ^^^^^^^^^^^^^^^^^^^^^^^^^^^^^^^^^^^^^^^^^^^^^^^^^^^^
validation_data/repositories/django_django/tests/test_runner/test_shuffler.py:3: in &lt;module&gt;
    from django.test import SimpleTestCase
E   ModuleNotFoundError: No module named 'django'</error></testcase><testcase classname="" name="validation_data.repositories.django_django.tests.test_utils.test_serializemixin" time="0.000"><error message="collection failure">ImportError while importing test module '/home/dee/workspace/AI/Repo-Scanner/validation_data/repositories/django_django/tests/test_utils/test_serializemixin.py'.
Hint: make sure your test modules/packages have valid Python names.
Traceback:
../../../.pyenv/versions/3.11.9/lib/python3.11/importlib/__init__.py:126: in import_module
    return _bootstrap._gcd_import(name[level:], package, level)
           ^^^^^^^^^^^^^^^^^^^^^^^^^^^^^^^^^^^^^^^^^^^^^^^^^^^^
validation_data/repositories/django_django/tests/test_utils/test_serializemixin.py:1: in &lt;module&gt;
    from django.test import SimpleTestCase
E   ModuleNotFoundError: No module named 'django'</error></testcase><testcase classname="" name="validation_data.repositories.django_django.tests.test_utils.test_simpletestcase" time="0.000"><error message="collection failure">ImportError while importing test module '/home/dee/workspace/AI/Repo-Scanner/validation_data/repositories/django_django/tests/test_utils/test_simpletestcase.py'.
Hint: make sure your test modules/packages have valid Python names.
Traceback:
../../../.pyenv/versions/3.11.9/lib/python3.11/importlib/__init__.py:126: in import_module
    return _bootstrap._gcd_import(name[level:], package, level)
           ^^^^^^^^^^^^^^^^^^^^^^^^^^^^^^^^^^^^^^^^^^^^^^^^^^^^
validation_data/repositories/django_django/tests/test_utils/test_simpletestcase.py:6: in &lt;module&gt;
    from django.test import SimpleTestCase
E   ModuleNotFoundError: No module named 'django'</error></testcase><testcase classname="" name="validation_data.repositories.django_django.tests.test_utils.test_testcase" time="0.000"><error message="collection failure">ImportError while importing test module '/home/dee/workspace/AI/Repo-Scanner/validation_data/repositories/django_django/tests/test_utils/test_testcase.py'.
Hint: make sure your test modules/packages have valid Python names.
Traceback:
../../../.pyenv/versions/3.11.9/lib/python3.11/importlib/__init__.py:126: in import_module
    return _bootstrap._gcd_import(name[level:], package, level)
           ^^^^^^^^^^^^^^^^^^^^^^^^^^^^^^^^^^^^^^^^^^^^^^^^^^^^
validation_data/repositories/django_django/tests/test_utils/test_testcase.py:4: in &lt;module&gt;
    from django.db import IntegrityError, connections, transaction
E   ModuleNotFoundError: No module named 'django'</error></testcase><testcase classname="" name="validation_data.repositories.django_django.tests.test_utils.test_transactiontestcase" time="0.000"><error message="collection failure">ImportError while importing test module '/home/dee/workspace/AI/Repo-Scanner/validation_data/repositories/django_django/tests/test_utils/test_transactiontestcase.py'.
Hint: make sure your test modules/packages have valid Python names.
Traceback:
../../../.pyenv/versions/3.11.9/lib/python3.11/importlib/__init__.py:126: in import_module
    return _bootstrap._gcd_import(name[level:], package, level)
           ^^^^^^^^^^^^^^^^^^^^^^^^^^^^^^^^^^^^^^^^^^^^^^^^^^^^
validation_data/repositories/django_django/tests/test_utils/test_transactiontestcase.py:3: in &lt;module&gt;
    from django.db import connections
E   ModuleNotFoundError: No module named 'django'</error></testcase><testcase classname="" name="validation_data.repositories.django_django.tests.urlpatterns.test_resolvers" time="0.000"><error message="collection failure">ImportError while importing test module '/home/dee/workspace/AI/Repo-Scanner/validation_data/repositories/django_django/tests/urlpatterns/test_resolvers.py'.
Hint: make sure your test modules/packages have valid Python names.
Traceback:
../../../.pyenv/versions/3.11.9/lib/python3.11/importlib/__init__.py:126: in import_module
    return _bootstrap._gcd_import(name[level:], package, level)
           ^^^^^^^^^^^^^^^^^^^^^^^^^^^^^^^^^^^^^^^^^^^^^^^^^^^^
validation_data/repositories/django_django/tests/urlpatterns/test_resolvers.py:1: in &lt;module&gt;
    from django.test import SimpleTestCase
E   ModuleNotFoundError: No module named 'django'</error></testcase><testcase classname="" name="validation_data.repositories.django_django.tests.urlpatterns_reverse.test_localeregexdescriptor" time="0.000"><error message="collection failure">ImportError while importing test module '/home/dee/workspace/AI/Repo-Scanner/validation_data/repositories/django_django/tests/urlpatterns_reverse/test_localeregexdescriptor.py'.
Hint: make sure your test modules/packages have valid Python names.
Traceback:
../../../.pyenv/versions/3.11.9/lib/python3.11/importlib/__init__.py:126: in import_module
    return _bootstrap._gcd_import(name[level:], package, level)
           ^^^^^^^^^^^^^^^^^^^^^^^^^^^^^^^^^^^^^^^^^^^^^^^^^^^^
validation_data/repositories/django_django/tests/urlpatterns_reverse/test_localeregexdescriptor.py:5: in &lt;module&gt;
    from django.core.exceptions import ImproperlyConfigured
E   ModuleNotFoundError: No module named 'django'</error></testcase><testcase classname="" name="validation_data.repositories.django_django.tests.utils_tests.test_archive" time="0.000"><error message="collection failure">ImportError while importing test module '/home/dee/workspace/AI/Repo-Scanner/validation_data/repositories/django_django/tests/utils_tests/test_archive.py'.
Hint: make sure your test modules/packages have valid Python names.
Traceback:
../../../.pyenv/versions/3.11.9/lib/python3.11/importlib/__init__.py:126: in import_module
    return _bootstrap._gcd_import(name[level:], package, level)
           ^^^^^^^^^^^^^^^^^^^^^^^^^^^^^^^^^^^^^^^^^^^^^^^^^^^^
validation_data/repositories/django_django/tests/utils_tests/test_archive.py:8: in &lt;module&gt;
    from django.core.exceptions import SuspiciousOperation
E   ModuleNotFoundError: No module named 'django'</error></testcase><testcase classname="" name="validation_data.repositories.django_django.tests.utils_tests.test_autoreload" time="0.000"><error message="collection failure">ImportError while importing test module '/home/dee/workspace/AI/Repo-Scanner/validation_data/repositories/django_django/tests/utils_tests/test_autoreload.py'.
Hint: make sure your test modules/packages have valid Python names.
Traceback:
../../../.pyenv/versions/3.11.9/lib/python3.11/importlib/__init__.py:126: in import_module
    return _bootstrap._gcd_import(name[level:], package, level)
           ^^^^^^^^^^^^^^^^^^^^^^^^^^^^^^^^^^^^^^^^^^^^^^^^^^^^
validation_data/repositories/django_django/tests/utils_tests/test_autoreload.py:18: in &lt;module&gt;
    import django.__main__
E   ModuleNotFoundError: No module named 'django'</error></testcase><testcase classname="" name="validation_data.repositories.django_django.tests.utils_tests.test_choices" time="0.000"><error message="collection failure">ImportError while importing test module '/home/dee/workspace/AI/Repo-Scanner/validation_data/repositories/django_django/tests/utils_tests/test_choices.py'.
Hint: make sure your test modules/packages have valid Python names.
Traceback:
../../../.pyenv/versions/3.11.9/lib/python3.11/importlib/__init__.py:126: in import_module
    return _bootstrap._gcd_import(name[level:], package, level)
           ^^^^^^^^^^^^^^^^^^^^^^^^^^^^^^^^^^^^^^^^^^^^^^^^^^^^
validation_data/repositories/django_django/tests/utils_tests/test_choices.py:4: in &lt;module&gt;
    from django.db.models import TextChoices
E   ModuleNotFoundError: No module named 'django'</error></testcase><testcase classname="" name="validation_data.repositories.django_django.tests.utils_tests.test_connection" time="0.000"><error message="collection failure">ImportError while importing test module '/home/dee/workspace/AI/Repo-Scanner/validation_data/repositories/django_django/tests/utils_tests/test_connection.py'.
Hint: make sure your test modules/packages have valid Python names.
Traceback:
../../../.pyenv/versions/3.11.9/lib/python3.11/importlib/__init__.py:126: in import_module
    return _bootstrap._gcd_import(name[level:], package, level)
           ^^^^^^^^^^^^^^^^^^^^^^^^^^^^^^^^^^^^^^^^^^^^^^^^^^^^
validation_data/repositories/django_django/tests/utils_tests/test_connection.py:1: in &lt;module&gt;
    from django.test import SimpleTestCase
E   ModuleNotFoundError: No module named 'django'</error></testcase><testcase classname="" name="validation_data.repositories.django_django.tests.utils_tests.test_crypto" time="0.000"><error message="collection failure">ImportError while importing test module '/home/dee/workspace/AI/Repo-Scanner/validation_data/repositories/django_django/tests/utils_tests/test_crypto.py'.
Hint: make sure your test modules/packages have valid Python names.
Traceback:
../../../.pyenv/versions/3.11.9/lib/python3.11/importlib/__init__.py:126: in import_module
    return _bootstrap._gcd_import(name[level:], package, level)
           ^^^^^^^^^^^^^^^^^^^^^^^^^^^^^^^^^^^^^^^^^^^^^^^^^^^^
validation_data/repositories/django_django/tests/utils_tests/test_crypto.py:4: in &lt;module&gt;
    from django.test import SimpleTestCase
E   ModuleNotFoundError: No module named 'django'</error></testcase><testcase classname="" name="validation_data.repositories.django_django.tests.utils_tests.test_csp" time="0.000"><error message="collection failure">ImportError while importing test module '/home/dee/workspace/AI/Repo-Scanner/validation_data/repositories/django_django/tests/utils_tests/test_csp.py'.
Hint: make sure your test modules/packages have valid Python names.
Traceback:
../../../.pyenv/versions/3.11.9/lib/python3.11/importlib/__init__.py:126: in import_module
    return _bootstrap._gcd_import(name[level:], package, level)
           ^^^^^^^^^^^^^^^^^^^^^^^^^^^^^^^^^^^^^^^^^^^^^^^^^^^^
validation_data/repositories/django_django/tests/utils_tests/test_csp.py:4: in &lt;module&gt;
    from django.test import SimpleTestCase
E   ModuleNotFoundError: No module named 'django'</error></testcase><testcase classname="" name="validation_data.repositories.django_django.tests.utils_tests.test_datastructures" time="0.000"><error message="collection failure">ImportError while importing test module '/home/dee/workspace/AI/Repo-Scanner/validation_data/repositories/django_django/tests/utils_tests/test_datastructures.py'.
Hint: make sure your test modules/packages have valid Python names.
Traceback:
../../../.pyenv/versions/3.11.9/lib/python3.11/importlib/__init__.py:126: in import_module
    return _bootstrap._gcd_import(name[level:], package, level)
           ^^^^^^^^^^^^^^^^^^^^^^^^^^^^^^^^^^^^^^^^^^^^^^^^^^^^
validation_data/repositories/django_django/tests/utils_tests/test_datastructures.py:9: in &lt;module&gt;
    from django.test import SimpleTestCase
E   ModuleNotFoundError: No module named 'django'</error></testcase><testcase classname="" name="validation_data.repositories.django_django.tests.utils_tests.test_dateformat" time="0.000"><error message="collection failure">ImportError while importing test module '/home/dee/workspace/AI/Repo-Scanner/validation_data/repositories/django_django/tests/utils_tests/test_dateformat.py'.
Hint: make sure your test modules/packages have valid Python names.
Traceback:
../../../.pyenv/versions/3.11.9/lib/python3.11/importlib/__init__.py:126: in import_module
    return _bootstrap._gcd_import(name[level:], package, level)
           ^^^^^^^^^^^^^^^^^^^^^^^^^^^^^^^^^^^^^^^^^^^^^^^^^^^^
validation_data/repositories/django_django/tests/utils_tests/test_dateformat.py:3: in &lt;module&gt;
    from django.test import SimpleTestCase, override_settings
E   ModuleNotFoundError: No module named 'django'</error></testcase><testcase classname="" name="validation_data.repositories.django_django.tests.utils_tests.test_dateparse" time="0.000"><error message="collection failure">ImportError while importing test module '/home/dee/workspace/AI/Repo-Scanner/validation_data/repositories/django_django/tests/utils_tests/test_dateparse.py'.
Hint: make sure your test modules/packages have valid Python names.
Traceback:
../../../.pyenv/versions/3.11.9/lib/python3.11/importlib/__init__.py:126: in import_module
    return _bootstrap._gcd_import(name[level:], package, level)
           ^^^^^^^^^^^^^^^^^^^^^^^^^^^^^^^^^^^^^^^^^^^^^^^^^^^^
validation_data/repositories/django_django/tests/utils_tests/test_dateparse.py:4: in &lt;module&gt;
    from django.utils.dateparse import (
E   ModuleNotFoundError: No module named 'django'</error></testcase><testcase classname="" name="validation_data.repositories.django_django.tests.utils_tests.test_deconstruct" time="0.000"><error message="collection failure">ImportError while importing test module '/home/dee/workspace/AI/Repo-Scanner/validation_data/repositories/django_django/tests/utils_tests/test_deconstruct.py'.
Hint: make sure your test modules/packages have valid Python names.
Traceback:
../../../.pyenv/versions/3.11.9/lib/python3.11/importlib/__init__.py:126: in import_module
    return _bootstrap._gcd_import(name[level:], package, level)
           ^^^^^^^^^^^^^^^^^^^^^^^^^^^^^^^^^^^^^^^^^^^^^^^^^^^^
validation_data/repositories/django_django/tests/utils_tests/test_deconstruct.py:1: in &lt;module&gt;
    from django.test import SimpleTestCase
E   ModuleNotFoundError: No module named 'django'</error></testcase><testcase classname="" name="validation_data.repositories.django_django.tests.utils_tests.test_decorators" time="0.000"><error message="collection failure">ImportError while importing test module '/home/dee/workspace/AI/Repo-Scanner/validation_data/repositories/django_django/tests/utils_tests/test_decorators.py'.
Hint: make sure your test modules/packages have valid Python names.
Traceback:
../../../.pyenv/versions/3.11.9/lib/python3.11/importlib/__init__.py:126: in import_module
    return _bootstrap._gcd_import(name[level:], package, level)
           ^^^^^^^^^^^^^^^^^^^^^^^^^^^^^^^^^^^^^^^^^^^^^^^^^^^^
validation_data/repositories/django_django/tests/utils_tests/test_decorators.py:1: in &lt;module&gt;
    from django.http import HttpResponse
E   ModuleNotFoundError: No module named 'django'</error></testcase><testcase classname="" name="validation_data.repositories.django_django.tests.utils_tests.test_duration" time="0.000"><error message="collection failure">ImportError while importing test module '/home/dee/workspace/AI/Repo-Scanner/validation_data/repositories/django_django/tests/utils_tests/test_duration.py'.
Hint: make sure your test modules/packages have valid Python names.
Traceback:
../../../.pyenv/versions/3.11.9/lib/python3.11/importlib/__init__.py:126: in import_module
    return _bootstrap._gcd_import(name[level:], package, level)
           ^^^^^^^^^^^^^^^^^^^^^^^^^^^^^^^^^^^^^^^^^^^^^^^^^^^^
validation_data/repositories/django_django/tests/utils_tests/test_duration.py:4: in &lt;module&gt;
    from django.utils.dateparse import parse_duration
E   ModuleNotFoundError: No module named 'django'</error></testcase><testcase classname="" name="validation_data.repositories.django_django.tests.utils_tests.test_encoding" time="0.000"><error message="collection failure">ImportError while importing test module '/home/dee/workspace/AI/Repo-Scanner/validation_data/repositories/django_django/tests/utils_tests/test_encoding.py'.
Hint: make sure your test modules/packages have valid Python names.
Traceback:
../../../.pyenv/versions/3.11.9/lib/python3.11/importlib/__init__.py:126: in import_module
    return _bootstrap._gcd_import(name[level:], package, level)
           ^^^^^^^^^^^^^^^^^^^^^^^^^^^^^^^^^^^^^^^^^^^^^^^^^^^^
validation_data/repositories/django_django/tests/utils_tests/test_encoding.py:9: in &lt;module&gt;
    from django.test import SimpleTestCase
E   ModuleNotFoundError: No module named 'django'</error></testcase><testcase classname="" name="validation_data.repositories.django_django.tests.utils_tests.test_feedgenerator" time="0.000"><error message="collection failure">ImportError while importing test module '/home/dee/workspace/AI/Repo-Scanner/validation_data/repositories/django_django/tests/utils_tests/test_feedgenerator.py'.
Hint: make sure your test modules/packages have valid Python names.
Traceback:
../../../.pyenv/versions/3.11.9/lib/python3.11/importlib/__init__.py:126: in import_module
    return _bootstrap._gcd_import(name[level:], package, level)
           ^^^^^^^^^^^^^^^^^^^^^^^^^^^^^^^^^^^^^^^^^^^^^^^^^^^^
validation_data/repositories/django_django/tests/utils_tests/test_feedgenerator.py:4: in &lt;module&gt;
    from django.test import SimpleTestCase
E   ModuleNotFoundError: No module named 'django'</error></testcase><testcase classname="" name="validation_data.repositories.django_django.tests.utils_tests.test_functional" time="0.000"><error message="collection failure">ImportError while importing test module '/home/dee/workspace/AI/Repo-Scanner/validation_data/repositories/django_django/tests/utils_tests/test_functional.py'.
Hint: make sure your test modules/packages have valid Python names.
Traceback:
../../../.pyenv/versions/3.11.9/lib/python3.11/importlib/__init__.py:126: in import_module
    return _bootstrap._gcd_import(name[level:], package, level)
           ^^^^^^^^^^^^^^^^^^^^^^^^^^^^^^^^^^^^^^^^^^^^^^^^^^^^
validation_data/repositories/django_django/tests/utils_tests/test_functional.py:1: in &lt;module&gt;
    from django.test import SimpleTestCase
E   ModuleNotFoundError: No module named 'django'</error></testcase><testcase classname="" name="validation_data.repositories.django_django.tests.utils_tests.test_hashable" time="0.000"><error message="collection failure">ImportError while importing test module '/home/dee/workspace/AI/Repo-Scanner/validation_data/repositories/django_django/tests/utils_tests/test_hashable.py'.
Hint: make sure your test modules/packages have valid Python names.
Traceback:
../../../.pyenv/versions/3.11.9/lib/python3.11/importlib/__init__.py:126: in import_module
    return _bootstrap._gcd_import(name[level:], package, level)
           ^^^^^^^^^^^^^^^^^^^^^^^^^^^^^^^^^^^^^^^^^^^^^^^^^^^^
validation_data/repositories/django_django/tests/utils_tests/test_hashable.py:1: in &lt;module&gt;
    from django.test import SimpleTestCase
E   ModuleNotFoundError: No module named 'django'</error></testcase><testcase classname="" name="validation_data.repositories.django_django.tests.utils_tests.test_html" time="0.000"><error message="collection failure">ImportError while importing test module '/home/dee/workspace/AI/Repo-Scanner/validation_data/repositories/django_django/tests/utils_tests/test_html.py'.
Hint: make sure your test modules/packages have valid Python names.
Traceback:
../../../.pyenv/versions/3.11.9/lib/python3.11/importlib/__init__.py:126: in import_module
    return _bootstrap._gcd_import(name[level:], package, level)
           ^^^^^^^^^^^^^^^^^^^^^^^^^^^^^^^^^^^^^^^^^^^^^^^^^^^^
validation_data/repositories/django_django/tests/utils_tests/test_html.py:6: in &lt;module&gt;
    from django.core.exceptions import SuspiciousOperation
E   ModuleNotFoundError: No module named 'django'</error></testcase><testcase classname="" name="validation_data.repositories.django_django.tests.utils_tests.test_http" time="0.000"><error message="collection failure">ImportError while importing test module '/home/dee/workspace/AI/Repo-Scanner/validation_data/repositories/django_django/tests/utils_tests/test_http.py'.
Hint: make sure your test modules/packages have valid Python names.
Traceback:
../../../.pyenv/versions/3.11.9/lib/python3.11/importlib/__init__.py:126: in import_module
    return _bootstrap._gcd_import(name[level:], package, level)
           ^^^^^^^^^^^^^^^^^^^^^^^^^^^^^^^^^^^^^^^^^^^^^^^^^^^^
validation_data/repositories/django_django/tests/utils_tests/test_http.py:6: in &lt;module&gt;
    from django.test import SimpleTestCase
E   ModuleNotFoundError: No module named 'django'</error></testcase><testcase classname="" name="validation_data.repositories.django_django.tests.utils_tests.test_inspect" time="0.000"><error message="collection failure">ImportError while importing test module '/home/dee/workspace/AI/Repo-Scanner/validation_data/repositories/django_django/tests/utils_tests/test_inspect.py'.
Hint: make sure your test modules/packages have valid Python names.
Traceback:
../../../.pyenv/versions/3.11.9/lib/python3.11/importlib/__init__.py:126: in import_module
    return _bootstrap._gcd_import(name[level:], package, level)
           ^^^^^^^^^^^^^^^^^^^^^^^^^^^^^^^^^^^^^^^^^^^^^^^^^^^^
validation_data/repositories/django_django/tests/utils_tests/test_inspect.py:5: in &lt;module&gt;
    from django.shortcuts import aget_object_or_404
E   ModuleNotFoundError: No module named 'django'</error></testcase><testcase classname="" name="validation_data.repositories.django_django.tests.utils_tests.test_ipv6" time="0.000"><error message="collection failure">ImportError while importing test module '/home/dee/workspace/AI/Repo-Scanner/validation_data/repositories/django_django/tests/utils_tests/test_ipv6.py'.
Hint: make sure your test modules/packages have valid Python names.
Traceback:
../../../.pyenv/versions/3.11.9/lib/python3.11/importlib/__init__.py:126: in import_module
    return _bootstrap._gcd_import(name[level:], package, level)
           ^^^^^^^^^^^^^^^^^^^^^^^^^^^^^^^^^^^^^^^^^^^^^^^^^^^^
validation_data/repositories/django_django/tests/utils_tests/test_ipv6.py:6: in &lt;module&gt;
    from django.core.exceptions import ValidationError
E   ModuleNotFoundError: No module named 'django'</error></testcase><testcase classname="" name="validation_data.repositories.django_django.tests.utils_tests.test_json" time="0.000"><error message="collection failure">ImportError while importing test module '/home/dee/workspace/AI/Repo-Scanner/validation_data/repositories/django_django/tests/utils_tests/test_json.py'.
Hint: make sure your test modules/packages have valid Python names.
Traceback:
../../../.pyenv/versions/3.11.9/lib/python3.11/importlib/__init__.py:126: in import_module
    return _bootstrap._gcd_import(name[level:], package, level)
           ^^^^^^^^^^^^^^^^^^^^^^^^^^^^^^^^^^^^^^^^^^^^^^^^^^^^
validation_data/repositories/django_django/tests/utils_tests/test_json.py:6: in &lt;module&gt;
    from django.test import SimpleTestCase
E   ModuleNotFoundError: No module named 'django'</error></testcase><testcase classname="" name="validation_data.repositories.django_django.tests.utils_tests.test_lazyobject" time="0.000"><error message="collection failure">ImportError while importing test module '/home/dee/workspace/AI/Repo-Scanner/validation_data/repositories/django_django/tests/utils_tests/test_lazyobject.py'.
Hint: make sure your test modules/packages have valid Python names.
Traceback:
../../../.pyenv/versions/3.11.9/lib/python3.11/importlib/__init__.py:126: in import_module
    return _bootstrap._gcd_import(name[level:], package, level)
           ^^^^^^^^^^^^^^^^^^^^^^^^^^^^^^^^^^^^^^^^^^^^^^^^^^^^
validation_data/repositories/django_django/tests/utils_tests/test_lazyobject.py:7: in &lt;module&gt;
    from django.test import TestCase
E   ModuleNotFoundError: No module named 'django'</error></testcase><testcase classname="" name="validation_data.repositories.django_django.tests.utils_tests.test_lorem_ipsum" time="0.000"><error message="collection failure">ImportError while importing test module '/home/dee/workspace/AI/Repo-Scanner/validation_data/repositories/django_django/tests/utils_tests/test_lorem_ipsum.py'.
Hint: make sure your test modules/packages have valid Python names.
Traceback:
../../../.pyenv/versions/3.11.9/lib/python3.11/importlib/__init__.py:126: in import_module
    return _bootstrap._gcd_import(name[level:], package, level)
           ^^^^^^^^^^^^^^^^^^^^^^^^^^^^^^^^^^^^^^^^^^^^^^^^^^^^
validation_data/repositories/django_django/tests/utils_tests/test_lorem_ipsum.py:4: in &lt;module&gt;
    from django.utils.lorem_ipsum import paragraph, paragraphs, sentence, words
E   ModuleNotFoundError: No module named 'django'</error></testcase><testcase classname="" name="validation_data.repositories.django_django.tests.utils_tests.test_module_loading" time="0.000"><error message="collection failure">ImportError while importing test module '/home/dee/workspace/AI/Repo-Scanner/validation_data/repositories/django_django/tests/utils_tests/test_module_loading.py'.
Hint: make sure your test modules/packages have valid Python names.
Traceback:
../../../.pyenv/versions/3.11.9/lib/python3.11/importlib/__init__.py:126: in import_module
    return _bootstrap._gcd_import(name[level:], package, level)
           ^^^^^^^^^^^^^^^^^^^^^^^^^^^^^^^^^^^^^^^^^^^^^^^^^^^^
validation_data/repositories/django_django/tests/utils_tests/test_module_loading.py:7: in &lt;module&gt;
    from django.test import SimpleTestCase, modify_settings
E   ModuleNotFoundError: No module named 'django'</error></testcase><testcase classname="" name="validation_data.repositories.django_django.tests.utils_tests.test_numberformat" time="0.000"><error message="collection failure">ImportError while importing test module '/home/dee/workspace/AI/Repo-Scanner/validation_data/repositories/django_django/tests/utils_tests/test_numberformat.py'.
Hint: make sure your test modules/packages have valid Python names.
Traceback:
../../../.pyenv/versions/3.11.9/lib/python3.11/importlib/__init__.py:126: in import_module
    return _bootstrap._gcd_import(name[level:], package, level)
           ^^^^^^^^^^^^^^^^^^^^^^^^^^^^^^^^^^^^^^^^^^^^^^^^^^^^
validation_data/repositories/django_django/tests/utils_tests/test_numberformat.py:4: in &lt;module&gt;
    from django.test import SimpleTestCase
E   ModuleNotFoundError: No module named 'django'</error></testcase><testcase classname="" name="validation_data.repositories.django_django.tests.utils_tests.test_os_utils" time="0.000"><error message="collection failure">ImportError while importing test module '/home/dee/workspace/AI/Repo-Scanner/validation_data/repositories/django_django/tests/utils_tests/test_os_utils.py'.
Hint: make sure your test modules/packages have valid Python names.
Traceback:
../../../.pyenv/versions/3.11.9/lib/python3.11/importlib/__init__.py:126: in import_module
    return _bootstrap._gcd_import(name[level:], package, level)
           ^^^^^^^^^^^^^^^^^^^^^^^^^^^^^^^^^^^^^^^^^^^^^^^^^^^^
validation_data/repositories/django_django/tests/utils_tests/test_os_utils.py:5: in &lt;module&gt;
    from django.core.exceptions import SuspiciousFileOperation
E   ModuleNotFoundError: No module named 'django'</error></testcase><testcase classname="" name="validation_data.repositories.django_django.tests.utils_tests.test_regex_helper" time="0.000"><error message="collection failure">ImportError while importing test module '/home/dee/workspace/AI/Repo-Scanner/validation_data/repositories/django_django/tests/utils_tests/test_regex_helper.py'.
Hint: make sure your test modules/packages have valid Python names.
Traceback:
../../../.pyenv/versions/3.11.9/lib/python3.11/importlib/__init__.py:126: in import_module
    return _bootstrap._gcd_import(name[level:], package, level)
           ^^^^^^^^^^^^^^^^^^^^^^^^^^^^^^^^^^^^^^^^^^^^^^^^^^^^
validation_data/repositories/django_django/tests/utils_tests/test_regex_helper.py:4: in &lt;module&gt;
    from django.test import SimpleTestCase
E   ModuleNotFoundError: No module named 'django'</error></testcase><testcase classname="" name="validation_data.repositories.django_django.tests.utils_tests.test_safestring" time="0.000"><error message="collection failure">ImportError while importing test module '/home/dee/workspace/AI/Repo-Scanner/validation_data/repositories/django_django/tests/utils_tests/test_safestring.py'.
Hint: make sure your test modules/packages have valid Python names.
Traceback:
../../../.pyenv/versions/3.11.9/lib/python3.11/importlib/__init__.py:126: in import_module
    return _bootstrap._gcd_import(name[level:], package, level)
           ^^^^^^^^^^^^^^^^^^^^^^^^^^^^^^^^^^^^^^^^^^^^^^^^^^^^
validation_data/repositories/django_django/tests/utils_tests/test_safestring.py:1: in &lt;module&gt;
    from django.template import Context, Template
E   ModuleNotFoundError: No module named 'django'</error></testcase><testcase classname="" name="validation_data.repositories.django_django.tests.utils_tests.test_simplelazyobject" time="0.000"><error message="collection failure">ImportError while importing test module '/home/dee/workspace/AI/Repo-Scanner/validation_data/repositories/django_django/tests/utils_tests/test_simplelazyobject.py'.
Hint: make sure your test modules/packages have valid Python names.
Traceback:
../../../.pyenv/versions/3.11.9/lib/python3.11/importlib/__init__.py:126: in import_module
    return _bootstrap._gcd_import(name[level:], package, level)
           ^^^^^^^^^^^^^^^^^^^^^^^^^^^^^^^^^^^^^^^^^^^^^^^^^^^^
validation_data/repositories/django_django/tests/utils_tests/test_simplelazyobject.py:3: in &lt;module&gt;
    from django.contrib.auth.models import User
E   ModuleNotFoundError: No module named 'django'</error></testcase><testcase classname="" name="validation_data.repositories.django_django.tests.utils_tests.test_termcolors" time="0.000"><error message="collection failure">ImportError while importing test module '/home/dee/workspace/AI/Repo-Scanner/validation_data/repositories/django_django/tests/utils_tests/test_termcolors.py'.
Hint: make sure your test modules/packages have valid Python names.
Traceback:
../../../.pyenv/versions/3.11.9/lib/python3.11/importlib/__init__.py:126: in import_module
    return _bootstrap._gcd_import(name[level:], package, level)
           ^^^^^^^^^^^^^^^^^^^^^^^^^^^^^^^^^^^^^^^^^^^^^^^^^^^^
validation_data/repositories/django_django/tests/utils_tests/test_termcolors.py:3: in &lt;module&gt;
    from django.utils.termcolors import (
E   ModuleNotFoundError: No module named 'django'</error></testcase><testcase classname="" name="validation_data.repositories.django_django.tests.utils_tests.test_text" time="0.000"><error message="collection failure">ImportError while importing test module '/home/dee/workspace/AI/Repo-Scanner/validation_data/repositories/django_django/tests/utils_tests/test_text.py'.
Hint: make sure your test modules/packages have valid Python names.
Traceback:
../../../.pyenv/versions/3.11.9/lib/python3.11/importlib/__init__.py:126: in import_module
    return _bootstrap._gcd_import(name[level:], package, level)
           ^^^^^^^^^^^^^^^^^^^^^^^^^^^^^^^^^^^^^^^^^^^^^^^^^^^^
validation_data/repositories/django_django/tests/utils_tests/test_text.py:5: in &lt;module&gt;
    from django.core.exceptions import SuspiciousFileOperation
E   ModuleNotFoundError: No module named 'django'</error></testcase><testcase classname="" name="validation_data.repositories.django_django.tests.utils_tests.test_timesince" time="0.000"><error message="collection failure">ImportError while importing test module '/home/dee/workspace/AI/Repo-Scanner/validation_data/repositories/django_django/tests/utils_tests/test_timesince.py'.
Hint: make sure your test modules/packages have valid Python names.
Traceback:
../../../.pyenv/versions/3.11.9/lib/python3.11/importlib/__init__.py:126: in import_module
    return _bootstrap._gcd_import(name[level:], package, level)
           ^^^^^^^^^^^^^^^^^^^^^^^^^^^^^^^^^^^^^^^^^^^^^^^^^^^^
validation_data/repositories/django_django/tests/utils_tests/test_timesince.py:4: in &lt;module&gt;
    from django.test import TestCase
E   ModuleNotFoundError: No module named 'django'</error></testcase><testcase classname="" name="validation_data.repositories.django_django.tests.utils_tests.test_timezone" time="0.000"><error message="collection failure">ImportError while importing test module '/home/dee/workspace/AI/Repo-Scanner/validation_data/repositories/django_django/tests/utils_tests/test_timezone.py'.
Hint: make sure your test modules/packages have valid Python names.
Traceback:
../../../.pyenv/versions/3.11.9/lib/python3.11/importlib/__init__.py:126: in import_module
    return _bootstrap._gcd_import(name[level:], package, level)
           ^^^^^^^^^^^^^^^^^^^^^^^^^^^^^^^^^^^^^^^^^^^^^^^^^^^^
validation_data/repositories/django_django/tests/utils_tests/test_timezone.py:5: in &lt;module&gt;
    from django.test import SimpleTestCase, override_settings
E   ModuleNotFoundError: No module named 'django'</error></testcase><testcase classname="" name="validation_data.repositories.django_django.tests.utils_tests.test_tree" time="0.000"><error message="collection failure">ImportError while importing test module '/home/dee/workspace/AI/Repo-Scanner/validation_data/repositories/django_django/tests/utils_tests/test_tree.py'.
Hint: make sure your test modules/packages have valid Python names.
Traceback:
../../../.pyenv/versions/3.11.9/lib/python3.11/importlib/__init__.py:126: in import_module
    return _bootstrap._gcd_import(name[level:], package, level)
           ^^^^^^^^^^^^^^^^^^^^^^^^^^^^^^^^^^^^^^^^^^^^^^^^^^^^
validation_data/repositories/django_django/tests/utils_tests/test_tree.py:4: in &lt;module&gt;
    from django.db.models.sql import AND, OR
E   ModuleNotFoundError: No module named 'django'</error></testcase><testcase classname="" name="validation_data.repositories.django_django.tests.validation.test_constraints" time="0.000"><error message="collection failure">ImportError while importing test module '/home/dee/workspace/AI/Repo-Scanner/validation_data/repositories/django_django/tests/validation/test_constraints.py'.
Hint: make sure your test modules/packages have valid Python names.
Traceback:
../../../.pyenv/versions/3.11.9/lib/python3.11/importlib/__init__.py:126: in import_module
    return _bootstrap._gcd_import(name[level:], package, level)
           ^^^^^^^^^^^^^^^^^^^^^^^^^^^^^^^^^^^^^^^^^^^^^^^^^^^^
validation_data/repositories/django_django/tests/validation/__init__.py:1: in &lt;module&gt;
    from django.core.exceptions import ValidationError
E   ModuleNotFoundError: No module named 'django'</error></testcase><testcase classname="" name="validation_data.repositories.django_django.tests.validation.test_custom_messages" time="0.000"><error message="collection failure">ImportError while importing test module '/home/dee/workspace/AI/Repo-Scanner/validation_data/repositories/django_django/tests/validation/test_custom_messages.py'.
Hint: make sure your test modules/packages have valid Python names.
Traceback:
../../../.pyenv/versions/3.11.9/lib/python3.11/importlib/__init__.py:126: in import_module
    return _bootstrap._gcd_import(name[level:], package, level)
           ^^^^^^^^^^^^^^^^^^^^^^^^^^^^^^^^^^^^^^^^^^^^^^^^^^^^
validation_data/repositories/django_django/tests/validation/__init__.py:1: in &lt;module&gt;
    from django.core.exceptions import ValidationError
E   ModuleNotFoundError: No module named 'django'</error></testcase><testcase classname="" name="validation_data.repositories.django_django.tests.validation.test_error_messages" time="0.000"><error message="collection failure">ImportError while importing test module '/home/dee/workspace/AI/Repo-Scanner/validation_data/repositories/django_django/tests/validation/test_error_messages.py'.
Hint: make sure your test modules/packages have valid Python names.
Traceback:
../../../.pyenv/versions/3.11.9/lib/python3.11/importlib/__init__.py:126: in import_module
    return _bootstrap._gcd_import(name[level:], package, level)
           ^^^^^^^^^^^^^^^^^^^^^^^^^^^^^^^^^^^^^^^^^^^^^^^^^^^^
validation_data/repositories/django_django/tests/validation/__init__.py:1: in &lt;module&gt;
    from django.core.exceptions import ValidationError
E   ModuleNotFoundError: No module named 'django'</error></testcase><testcase classname="" name="validation_data.repositories.django_django.tests.validation.test_picklable" time="0.000"><error message="collection failure">ImportError while importing test module '/home/dee/workspace/AI/Repo-Scanner/validation_data/repositories/django_django/tests/validation/test_picklable.py'.
Hint: make sure your test modules/packages have valid Python names.
Traceback:
../../../.pyenv/versions/3.11.9/lib/python3.11/importlib/__init__.py:126: in import_module
    return _bootstrap._gcd_import(name[level:], package, level)
           ^^^^^^^^^^^^^^^^^^^^^^^^^^^^^^^^^^^^^^^^^^^^^^^^^^^^
validation_data/repositories/django_django/tests/validation/__init__.py:1: in &lt;module&gt;
    from django.core.exceptions import ValidationError
E   ModuleNotFoundError: No module named 'django'</error></testcase><testcase classname="" name="validation_data.repositories.django_django.tests.validation.test_unique" time="0.000"><error message="collection failure">ImportError while importing test module '/home/dee/workspace/AI/Repo-Scanner/validation_data/repositories/django_django/tests/validation/test_unique.py'.
Hint: make sure your test modules/packages have valid Python names.
Traceback:
../../../.pyenv/versions/3.11.9/lib/python3.11/importlib/__init__.py:126: in import_module
    return _bootstrap._gcd_import(name[level:], package, level)
           ^^^^^^^^^^^^^^^^^^^^^^^^^^^^^^^^^^^^^^^^^^^^^^^^^^^^
validation_data/repositories/django_django/tests/validation/__init__.py:1: in &lt;module&gt;
    from django.core.exceptions import ValidationError
E   ModuleNotFoundError: No module named 'django'</error></testcase><testcase classname="" name="validation_data.repositories.django_django.tests.validation.test_validators" time="0.000"><error message="collection failure">ImportError while importing test module '/home/dee/workspace/AI/Repo-Scanner/validation_data/repositories/django_django/tests/validation/test_validators.py'.
Hint: make sure your test modules/packages have valid Python names.
Traceback:
../../../.pyenv/versions/3.11.9/lib/python3.11/importlib/__init__.py:126: in import_module
    return _bootstrap._gcd_import(name[level:], package, level)
           ^^^^^^^^^^^^^^^^^^^^^^^^^^^^^^^^^^^^^^^^^^^^^^^^^^^^
validation_data/repositories/django_django/tests/validation/__init__.py:1: in &lt;module&gt;
    from django.core.exceptions import ValidationError
E   ModuleNotFoundError: No module named 'django'</error></testcase><testcase classname="" name="validation_data.repositories.django_django.tests.view_tests.tests.test_csrf" time="0.000"><error message="collection failure">ImportError while importing test module '/home/dee/workspace/AI/Repo-Scanner/validation_data/repositories/django_django/tests/view_tests/tests/test_csrf.py'.
Hint: make sure your test modules/packages have valid Python names.
Traceback:
../../../.pyenv/versions/3.11.9/lib/python3.11/importlib/__init__.py:126: in import_module
    return _bootstrap._gcd_import(name[level:], package, level)
           ^^^^^^^^^^^^^^^^^^^^^^^^^^^^^^^^^^^^^^^^^^^^^^^^^^^^
validation_data/repositories/django_django/tests/view_tests/tests/test_csrf.py:3: in &lt;module&gt;
    from django.template import TemplateDoesNotExist
E   ModuleNotFoundError: No module named 'django'</error></testcase><testcase classname="" name="validation_data.repositories.django_django.tests.view_tests.tests.test_debug" time="0.000"><error message="collection failure">ImportError while importing test module '/home/dee/workspace/AI/Repo-Scanner/validation_data/repositories/django_django/tests/view_tests/tests/test_debug.py'.
Hint: make sure your test modules/packages have valid Python names.
Traceback:
../../../.pyenv/versions/3.11.9/lib/python3.11/importlib/__init__.py:126: in import_module
    return _bootstrap._gcd_import(name[level:], package, level)
           ^^^^^^^^^^^^^^^^^^^^^^^^^^^^^^^^^^^^^^^^^^^^^^^^^^^^
validation_data/repositories/django_django/tests/view_tests/tests/test_debug.py:14: in &lt;module&gt;
    from django.core import mail
E   ModuleNotFoundError: No module named 'django'</error></testcase><testcase classname="" name="validation_data.repositories.django_django.tests.view_tests.tests.test_defaults" time="0.000"><error message="collection failure">ImportError while importing test module '/home/dee/workspace/AI/Repo-Scanner/validation_data/repositories/django_django/tests/view_tests/tests/test_defaults.py'.
Hint: make sure your test modules/packages have valid Python names.
Traceback:
../../../.pyenv/versions/3.11.9/lib/python3.11/importlib/__init__.py:126: in import_module
    return _bootstrap._gcd_import(name[level:], package, level)
           ^^^^^^^^^^^^^^^^^^^^^^^^^^^^^^^^^^^^^^^^^^^^^^^^^^^^
validation_data/repositories/django_django/tests/view_tests/tests/test_defaults.py:3: in &lt;module&gt;
    from django.contrib.sites.models import Site
E   ModuleNotFoundError: No module named 'django'</error></testcase><testcase classname="" name="validation_data.repositories.django_django.tests.view_tests.tests.test_i18n" time="0.000"><error message="collection failure">ImportError while importing test module '/home/dee/workspace/AI/Repo-Scanner/validation_data/repositories/django_django/tests/view_tests/tests/test_i18n.py'.
Hint: make sure your test modules/packages have valid Python names.
Traceback:
../../../.pyenv/versions/3.11.9/lib/python3.11/importlib/__init__.py:126: in import_module
    return _bootstrap._gcd_import(name[level:], package, level)
           ^^^^^^^^^^^^^^^^^^^^^^^^^^^^^^^^^^^^^^^^^^^^^^^^^^^^
validation_data/repositories/django_django/tests/view_tests/tests/test_i18n.py:6: in &lt;module&gt;
    from django.conf import settings
E   ModuleNotFoundError: No module named 'django'</error></testcase><testcase classname="" name="validation_data.repositories.django_django.tests.view_tests.tests.test_json" time="0.000"><error message="collection failure">ImportError while importing test module '/home/dee/workspace/AI/Repo-Scanner/validation_data/repositories/django_django/tests/view_tests/tests/test_json.py'.
Hint: make sure your test modules/packages have valid Python names.
Traceback:
../../../.pyenv/versions/3.11.9/lib/python3.11/importlib/__init__.py:126: in import_module
    return _bootstrap._gcd_import(name[level:], package, level)
           ^^^^^^^^^^^^^^^^^^^^^^^^^^^^^^^^^^^^^^^^^^^^^^^^^^^^
validation_data/repositories/django_django/tests/view_tests/tests/test_json.py:3: in &lt;module&gt;
    from django.test import SimpleTestCase, override_settings
E   ModuleNotFoundError: No module named 'django'</error></testcase><testcase classname="" name="validation_data.repositories.django_django.tests.view_tests.tests.test_specials" time="0.000"><error message="collection failure">ImportError while importing test module '/home/dee/workspace/AI/Repo-Scanner/validation_data/repositories/django_django/tests/view_tests/tests/test_specials.py'.
Hint: make sure your test modules/packages have valid Python names.
Traceback:
../../../.pyenv/versions/3.11.9/lib/python3.11/importlib/__init__.py:126: in import_module
    return _bootstrap._gcd_import(name[level:], package, level)
           ^^^^^^^^^^^^^^^^^^^^^^^^^^^^^^^^^^^^^^^^^^^^^^^^^^^^
validation_data/repositories/django_django/tests/view_tests/tests/test_specials.py:1: in &lt;module&gt;
    from django.test import SimpleTestCase, override_settings
E   ModuleNotFoundError: No module named 'django'</error></testcase><testcase classname="" name="validation_data.repositories.django_django.tests.view_tests.tests.test_static" time="0.000"><error message="collection failure">ImportError while importing test module '/home/dee/workspace/AI/Repo-Scanner/validation_data/repositories/django_django/tests/view_tests/tests/test_static.py'.
Hint: make sure your test modules/packages have valid Python names.
Traceback:
../../../.pyenv/versions/3.11.9/lib/python3.11/importlib/__init__.py:126: in import_module
    return _bootstrap._gcd_import(name[level:], package, level)
           ^^^^^^^^^^^^^^^^^^^^^^^^^^^^^^^^^^^^^^^^^^^^^^^^^^^^
validation_data/repositories/django_django/tests/view_tests/tests/test_static.py:7: in &lt;module&gt;
    from django.conf.urls.static import static
E   ModuleNotFoundError: No module named 'django'</error></testcase><testcase classname="" name="validation_data.repositories.fastapi_fastapi.docs_src.app_testing.app_b_an_py310.test_main" time="0.000"><error message="collection failure">validation_data/repositories/fastapi_fastapi/docs_src/app_testing/app_b_an_py310/test_main.py:3: in &lt;module&gt;
    from .main import app
validation_data/repositories/fastapi_fastapi/docs_src/app_testing/app_b_an_py310/main.py:22: in &lt;module&gt;
    @app.get("/items/{item_id}", response_model=Item)
     ^^^^^^^^^^^^^^^^^^^^^^^^^^^^^^^^^^^^^^^^^^^^^^^^
../../../.pyenv/versions/3.11.9/lib/python3.11/site-packages/fastapi/routing.py:921: in decorator
    self.add_api_route(
../../../.pyenv/versions/3.11.9/lib/python3.11/site-packages/fastapi/routing.py:860: in add_api_route
    route = route_class(
../../../.pyenv/versions/3.11.9/lib/python3.11/site-packages/fastapi/routing.py:490: in __init__
    self.dependant = get_dependant(path=self.path_format, call=self.endpoint)
                     ^^^^^^^^^^^^^^^^^^^^^^^^^^^^^^^^^^^^^^^^^^^^^^^^^^^^^^^^
../../../.pyenv/versions/3.11.9/lib/python3.11/site-packages/fastapi/dependencies/utils.py:290: in get_dependant
    add_param_to_fields(field=param_field, dependant=dependant)
../../../.pyenv/versions/3.11.9/lib/python3.11/site-packages/fastapi/dependencies/utils.py:470: in add_param_to_fields
    if field_info.in_ == params.ParamTypes.path:
       ^^^^^^^^^^^^^^
E   AttributeError: 'FieldInfo' object has no attribute 'in_'</error></testcase><testcase classname="" name="validation_data.repositories.fastapi_fastapi.docs_src.app_testing.app_b_an_py39.test_main" time="0.000"><error message="collection failure">validation_data/repositories/fastapi_fastapi/docs_src/app_testing/app_b_an_py39/test_main.py:3: in &lt;module&gt;
    from .main import app
validation_data/repositories/fastapi_fastapi/docs_src/app_testing/app_b_an_py39/main.py:22: in &lt;module&gt;
    @app.get("/items/{item_id}", response_model=Item)
     ^^^^^^^^^^^^^^^^^^^^^^^^^^^^^^^^^^^^^^^^^^^^^^^^
../../../.pyenv/versions/3.11.9/lib/python3.11/site-packages/fastapi/routing.py:921: in decorator
    self.add_api_route(
../../../.pyenv/versions/3.11.9/lib/python3.11/site-packages/fastapi/routing.py:860: in add_api_route
    route = route_class(
../../../.pyenv/versions/3.11.9/lib/python3.11/site-packages/fastapi/routing.py:490: in __init__
    self.dependant = get_dependant(path=self.path_format, call=self.endpoint)
                     ^^^^^^^^^^^^^^^^^^^^^^^^^^^^^^^^^^^^^^^^^^^^^^^^^^^^^^^^
../../../.pyenv/versions/3.11.9/lib/python3.11/site-packages/fastapi/dependencies/utils.py:290: in get_dependant
    add_param_to_fields(field=param_field, dependant=dependant)
../../../.pyenv/versions/3.11.9/lib/python3.11/site-packages/fastapi/dependencies/utils.py:470: in add_param_to_fields
    if field_info.in_ == params.ParamTypes.path:
       ^^^^^^^^^^^^^^
E   AttributeError: 'FieldInfo' object has no attribute 'in_'</error></testcase><testcase classname="" name="validation_data.repositories.fastapi_fastapi.tests.benchmarks.test_general_performance" time="0.000"><error message="collection failure">ImportError while importing test module '/home/dee/workspace/AI/Repo-Scanner/validation_data/repositories/fastapi_fastapi/tests/benchmarks/test_general_performance.py'.
Hint: make sure your test modules/packages have valid Python names.
Traceback:
../../../.pyenv/versions/3.11.9/lib/python3.11/importlib/__init__.py:126: in import_module
    return _bootstrap._gcd_import(name[level:], package, level)
           ^^^^^^^^^^^^^^^^^^^^^^^^^^^^^^^^^^^^^^^^^^^^^^^^^^^^
E   ModuleNotFoundError: No module named 'tests.benchmarks'</error></testcase><testcase classname="" name="validation_data.repositories.fastapi_fastapi.tests.test_additional_properties" time="0.000"><error message="collection failure">ImportError while importing test module '/home/dee/workspace/AI/Repo-Scanner/validation_data/repositories/fastapi_fastapi/tests/test_additional_properties.py'.
Hint: make sure your test modules/packages have valid Python names.
Traceback:
../../../.pyenv/versions/3.11.9/lib/python3.11/importlib/__init__.py:126: in import_module
    return _bootstrap._gcd_import(name[level:], package, level)
           ^^^^^^^^^^^^^^^^^^^^^^^^^^^^^^^^^^^^^^^^^^^^^^^^^^^^
E   ModuleNotFoundError: No module named 'tests.test_additional_properties'</error></testcase><testcase classname="" name="validation_data.repositories.fastapi_fastapi.tests.test_additional_properties_bool" time="0.000"><error message="collection failure">ImportError while importing test module '/home/dee/workspace/AI/Repo-Scanner/validation_data/repositories/fastapi_fastapi/tests/test_additional_properties_bool.py'.
Hint: make sure your test modules/packages have valid Python names.
Traceback:
../../../.pyenv/versions/3.11.9/lib/python3.11/importlib/__init__.py:126: in import_module
    return _bootstrap._gcd_import(name[level:], package, level)
           ^^^^^^^^^^^^^^^^^^^^^^^^^^^^^^^^^^^^^^^^^^^^^^^^^^^^
E   ModuleNotFoundError: No module named 'tests.test_additional_properties_bool'</error></testcase><testcase classname="" name="validation_data.repositories.fastapi_fastapi.tests.test_additional_response_extra" time="0.000"><error message="collection failure">ImportError while importing test module '/home/dee/workspace/AI/Repo-Scanner/validation_data/repositories/fastapi_fastapi/tests/test_additional_response_extra.py'.
Hint: make sure your test modules/packages have valid Python names.
Traceback:
../../../.pyenv/versions/3.11.9/lib/python3.11/importlib/__init__.py:126: in import_module
    return _bootstrap._gcd_import(name[level:], package, level)
           ^^^^^^^^^^^^^^^^^^^^^^^^^^^^^^^^^^^^^^^^^^^^^^^^^^^^
E   ModuleNotFoundError: No module named 'tests.test_additional_response_extra'</error></testcase><testcase classname="" name="validation_data.repositories.fastapi_fastapi.tests.test_additional_responses_bad" time="0.000"><error message="collection failure">ImportError while importing test module '/home/dee/workspace/AI/Repo-Scanner/validation_data/repositories/fastapi_fastapi/tests/test_additional_responses_bad.py'.
Hint: make sure your test modules/packages have valid Python names.
Traceback:
../../../.pyenv/versions/3.11.9/lib/python3.11/importlib/__init__.py:126: in import_module
    return _bootstrap._gcd_import(name[level:], package, level)
           ^^^^^^^^^^^^^^^^^^^^^^^^^^^^^^^^^^^^^^^^^^^^^^^^^^^^
E   ModuleNotFoundError: No module named 'tests.test_additional_responses_bad'</error></testcase><testcase classname="" name="validation_data.repositories.fastapi_fastapi.tests.test_additional_responses_custom_model_in_callback" time="0.000"><error message="collection failure">ImportError while importing test module '/home/dee/workspace/AI/Repo-Scanner/validation_data/repositories/fastapi_fastapi/tests/test_additional_responses_custom_model_in_callback.py'.
Hint: make sure your test modules/packages have valid Python names.
Traceback:
../../../.pyenv/versions/3.11.9/lib/python3.11/importlib/__init__.py:126: in import_module
    return _bootstrap._gcd_import(name[level:], package, level)
           ^^^^^^^^^^^^^^^^^^^^^^^^^^^^^^^^^^^^^^^^^^^^^^^^^^^^
E   ModuleNotFoundError: No module named 'tests.test_additional_responses_custom_model_in_callback'</error></testcase><testcase classname="" name="validation_data.repositories.fastapi_fastapi.tests.test_additional_responses_custom_validationerror" time="0.000"><error message="collection failure">ImportError while importing test module '/home/dee/workspace/AI/Repo-Scanner/validation_data/repositories/fastapi_fastapi/tests/test_additional_responses_custom_validationerror.py'.
Hint: make sure your test modules/packages have valid Python names.
Traceback:
../../../.pyenv/versions/3.11.9/lib/python3.11/importlib/__init__.py:126: in import_module
    return _bootstrap._gcd_import(name[level:], package, level)
           ^^^^^^^^^^^^^^^^^^^^^^^^^^^^^^^^^^^^^^^^^^^^^^^^^^^^
E   ModuleNotFoundError: No module named 'tests.test_additional_responses_custom_validationerror'</error></testcase><testcase classname="" name="validation_data.repositories.fastapi_fastapi.tests.test_additional_responses_default_validationerror" time="0.000"><error message="collection failure">ImportError while importing test module '/home/dee/workspace/AI/Repo-Scanner/validation_data/repositories/fastapi_fastapi/tests/test_additional_responses_default_validationerror.py'.
Hint: make sure your test modules/packages have valid Python names.
Traceback:
../../../.pyenv/versions/3.11.9/lib/python3.11/importlib/__init__.py:126: in import_module
    return _bootstrap._gcd_import(name[level:], package, level)
           ^^^^^^^^^^^^^^^^^^^^^^^^^^^^^^^^^^^^^^^^^^^^^^^^^^^^
E   ModuleNotFoundError: No module named 'tests.test_additional_responses_default_validationerror'</error></testcase><testcase classname="" name="validation_data.repositories.fastapi_fastapi.tests.test_additional_responses_response_class" time="0.000"><error message="collection failure">ImportError while importing test module '/home/dee/workspace/AI/Repo-Scanner/validation_data/repositories/fastapi_fastapi/tests/test_additional_responses_response_class.py'.
Hint: make sure your test modules/packages have valid Python names.
Traceback:
../../../.pyenv/versions/3.11.9/lib/python3.11/importlib/__init__.py:126: in import_module
    return _bootstrap._gcd_import(name[level:], package, level)
           ^^^^^^^^^^^^^^^^^^^^^^^^^^^^^^^^^^^^^^^^^^^^^^^^^^^^
E   ModuleNotFoundError: No module named 'tests.test_additional_responses_response_class'</error></testcase><testcase classname="" name="validation_data.repositories.fastapi_fastapi.tests.test_additional_responses_router" time="0.000"><error message="collection failure">ImportError while importing test module '/home/dee/workspace/AI/Repo-Scanner/validation_data/repositories/fastapi_fastapi/tests/test_additional_responses_router.py'.
Hint: make sure your test modules/packages have valid Python names.
Traceback:
../../../.pyenv/versions/3.11.9/lib/python3.11/importlib/__init__.py:126: in import_module
    return _bootstrap._gcd_import(name[level:], package, level)
           ^^^^^^^^^^^^^^^^^^^^^^^^^^^^^^^^^^^^^^^^^^^^^^^^^^^^
E   ModuleNotFoundError: No module named 'tests.test_additional_responses_router'</error></testcase><testcase classname="" name="validation_data.repositories.fastapi_fastapi.tests.test_allow_inf_nan_in_enforcing" time="0.000"><error message="collection failure">ImportError while importing test module '/home/dee/workspace/AI/Repo-Scanner/validation_data/repositories/fastapi_fastapi/tests/test_allow_inf_nan_in_enforcing.py'.
Hint: make sure your test modules/packages have valid Python names.
Traceback:
../../../.pyenv/versions/3.11.9/lib/python3.11/importlib/__init__.py:126: in import_module
    return _bootstrap._gcd_import(name[level:], package, level)
           ^^^^^^^^^^^^^^^^^^^^^^^^^^^^^^^^^^^^^^^^^^^^^^^^^^^^
E   ModuleNotFoundError: No module named 'tests.test_allow_inf_nan_in_enforcing'</error></testcase><testcase classname="" name="validation_data.repositories.fastapi_fastapi.tests.test_ambiguous_params" time="0.000"><error message="collection failure">ImportError while importing test module '/home/dee/workspace/AI/Repo-Scanner/validation_data/repositories/fastapi_fastapi/tests/test_ambiguous_params.py'.
Hint: make sure your test modules/packages have valid Python names.
Traceback:
../../../.pyenv/versions/3.11.9/lib/python3.11/importlib/__init__.py:126: in import_module
    return _bootstrap._gcd_import(name[level:], package, level)
           ^^^^^^^^^^^^^^^^^^^^^^^^^^^^^^^^^^^^^^^^^^^^^^^^^^^^
E   ModuleNotFoundError: No module named 'tests.test_ambiguous_params'</error></testcase><testcase classname="" name="validation_data.repositories.fastapi_fastapi.tests.test_annotated" time="0.000"><error message="collection failure">ImportError while importing test module '/home/dee/workspace/AI/Repo-Scanner/validation_data/repositories/fastapi_fastapi/tests/test_annotated.py'.
Hint: make sure your test modules/packages have valid Python names.
Traceback:
../../../.pyenv/versions/3.11.9/lib/python3.11/importlib/__init__.py:126: in import_module
    return _bootstrap._gcd_import(name[level:], package, level)
           ^^^^^^^^^^^^^^^^^^^^^^^^^^^^^^^^^^^^^^^^^^^^^^^^^^^^
E   ModuleNotFoundError: No module named 'tests.test_annotated'</error></testcase><testcase classname="" name="validation_data.repositories.fastapi_fastapi.tests.test_application" time="0.000"><error message="collection failure">ImportError while importing test module '/home/dee/workspace/AI/Repo-Scanner/validation_data/repositories/fastapi_fastapi/tests/test_application.py'.
Hint: make sure your test modules/packages have valid Python names.
Traceback:
../../../.pyenv/versions/3.11.9/lib/python3.11/importlib/__init__.py:126: in import_module
    return _bootstrap._gcd_import(name[level:], package, level)
           ^^^^^^^^^^^^^^^^^^^^^^^^^^^^^^^^^^^^^^^^^^^^^^^^^^^^
E   ModuleNotFoundError: No module named 'tests.test_application'</error></testcase><testcase classname="" name="validation_data.repositories.fastapi_fastapi.tests.test_arbitrary_types" time="0.000"><error message="collection failure">ImportError while importing test module '/home/dee/workspace/AI/Repo-Scanner/validation_data/repositories/fastapi_fastapi/tests/test_arbitrary_types.py'.
Hint: make sure your test modules/packages have valid Python names.
Traceback:
../../../.pyenv/versions/3.11.9/lib/python3.11/importlib/__init__.py:126: in import_module
    return _bootstrap._gcd_import(name[level:], package, level)
           ^^^^^^^^^^^^^^^^^^^^^^^^^^^^^^^^^^^^^^^^^^^^^^^^^^^^
E   ModuleNotFoundError: No module named 'tests.test_arbitrary_types'</error></testcase><testcase classname="" name="validation_data.repositories.fastapi_fastapi.tests.test_callable_endpoint" time="0.000"><error message="collection failure">ImportError while importing test module '/home/dee/workspace/AI/Repo-Scanner/validation_data/repositories/fastapi_fastapi/tests/test_callable_endpoint.py'.
Hint: make sure your test modules/packages have valid Python names.
Traceback:
../../../.pyenv/versions/3.11.9/lib/python3.11/importlib/__init__.py:126: in import_module
    return _bootstrap._gcd_import(name[level:], package, level)
           ^^^^^^^^^^^^^^^^^^^^^^^^^^^^^^^^^^^^^^^^^^^^^^^^^^^^
E   ModuleNotFoundError: No module named 'tests.test_callable_endpoint'</error></testcase><testcase classname="" name="validation_data.repositories.fastapi_fastapi.tests.test_compat" time="0.000"><error message="collection failure">ImportError while importing test module '/home/dee/workspace/AI/Repo-Scanner/validation_data/repositories/fastapi_fastapi/tests/test_compat.py'.
Hint: make sure your test modules/packages have valid Python names.
Traceback:
../../../.pyenv/versions/3.11.9/lib/python3.11/importlib/__init__.py:126: in import_module
    return _bootstrap._gcd_import(name[level:], package, level)
           ^^^^^^^^^^^^^^^^^^^^^^^^^^^^^^^^^^^^^^^^^^^^^^^^^^^^
E   ModuleNotFoundError: No module named 'tests.test_compat'</error></testcase><testcase classname="" name="validation_data.repositories.fastapi_fastapi.tests.test_computed_fields" time="0.000"><error message="collection failure">ImportError while importing test module '/home/dee/workspace/AI/Repo-Scanner/validation_data/repositories/fastapi_fastapi/tests/test_computed_fields.py'.
Hint: make sure your test modules/packages have valid Python names.
Traceback:
../../../.pyenv/versions/3.11.9/lib/python3.11/importlib/__init__.py:126: in import_module
    return _bootstrap._gcd_import(name[level:], package, level)
           ^^^^^^^^^^^^^^^^^^^^^^^^^^^^^^^^^^^^^^^^^^^^^^^^^^^^
E   ModuleNotFoundError: No module named 'tests.test_computed_fields'</error></testcase><testcase classname="" name="validation_data.repositories.fastapi_fastapi.tests.test_custom_middleware_exception" time="0.000"><error message="collection failure">ImportError while importing test module '/home/dee/workspace/AI/Repo-Scanner/validation_data/repositories/fastapi_fastapi/tests/test_custom_middleware_exception.py'.
Hint: make sure your test modules/packages have valid Python names.
Traceback:
../../../.pyenv/versions/3.11.9/lib/python3.11/importlib/__init__.py:126: in import_module
    return _bootstrap._gcd_import(name[level:], package, level)
           ^^^^^^^^^^^^^^^^^^^^^^^^^^^^^^^^^^^^^^^^^^^^^^^^^^^^
E   ModuleNotFoundError: No module named 'tests.test_custom_middleware_exception'</error></testcase><testcase classname="" name="validation_data.repositories.fastapi_fastapi.tests.test_custom_route_class" time="0.000"><error message="collection failure">ImportError while importing test module '/home/dee/workspace/AI/Repo-Scanner/validation_data/repositories/fastapi_fastapi/tests/test_custom_route_class.py'.
Hint: make sure your test modules/packages have valid Python names.
Traceback:
../../../.pyenv/versions/3.11.9/lib/python3.11/importlib/__init__.py:126: in import_module
    return _bootstrap._gcd_import(name[level:], package, level)
           ^^^^^^^^^^^^^^^^^^^^^^^^^^^^^^^^^^^^^^^^^^^^^^^^^^^^
E   ModuleNotFoundError: No module named 'tests.test_custom_route_class'</error></testcase><testcase classname="" name="validation_data.repositories.fastapi_fastapi.tests.test_custom_schema_fields" time="0.000"><error message="collection failure">ImportError while importing test module '/home/dee/workspace/AI/Repo-Scanner/validation_data/repositories/fastapi_fastapi/tests/test_custom_schema_fields.py'.
Hint: make sure your test modules/packages have valid Python names.
Traceback:
../../../.pyenv/versions/3.11.9/lib/python3.11/importlib/__init__.py:126: in import_module
    return _bootstrap._gcd_import(name[level:], package, level)
           ^^^^^^^^^^^^^^^^^^^^^^^^^^^^^^^^^^^^^^^^^^^^^^^^^^^^
E   ModuleNotFoundError: No module named 'tests.test_custom_schema_fields'</error></testcase><testcase classname="" name="validation_data.repositories.fastapi_fastapi.tests.test_custom_swagger_ui_redirect" time="0.000"><error message="collection failure">ImportError while importing test module '/home/dee/workspace/AI/Repo-Scanner/validation_data/repositories/fastapi_fastapi/tests/test_custom_swagger_ui_redirect.py'.
Hint: make sure your test modules/packages have valid Python names.
Traceback:
../../../.pyenv/versions/3.11.9/lib/python3.11/importlib/__init__.py:126: in import_module
    return _bootstrap._gcd_import(name[level:], package, level)
           ^^^^^^^^^^^^^^^^^^^^^^^^^^^^^^^^^^^^^^^^^^^^^^^^^^^^
E   ModuleNotFoundError: No module named 'tests.test_custom_swagger_ui_redirect'</error></testcase><testcase classname="" name="validation_data.repositories.fastapi_fastapi.tests.test_datastructures" time="0.000"><error message="collection failure">ImportError while importing test module '/home/dee/workspace/AI/Repo-Scanner/validation_data/repositories/fastapi_fastapi/tests/test_datastructures.py'.
Hint: make sure your test modules/packages have valid Python names.
Traceback:
../../../.pyenv/versions/3.11.9/lib/python3.11/importlib/__init__.py:126: in import_module
    return _bootstrap._gcd_import(name[level:], package, level)
           ^^^^^^^^^^^^^^^^^^^^^^^^^^^^^^^^^^^^^^^^^^^^^^^^^^^^
E   ModuleNotFoundError: No module named 'tests.test_datastructures'</error></testcase><testcase classname="" name="validation_data.repositories.fastapi_fastapi.tests.test_datetime_custom_encoder" time="0.000"><error message="collection failure">ImportError while importing test module '/home/dee/workspace/AI/Repo-Scanner/validation_data/repositories/fastapi_fastapi/tests/test_datetime_custom_encoder.py'.
Hint: make sure your test modules/packages have valid Python names.
Traceback:
../../../.pyenv/versions/3.11.9/lib/python3.11/importlib/__init__.py:126: in import_module
    return _bootstrap._gcd_import(name[level:], package, level)
           ^^^^^^^^^^^^^^^^^^^^^^^^^^^^^^^^^^^^^^^^^^^^^^^^^^^^
E   ModuleNotFoundError: No module named 'tests.test_datetime_custom_encoder'</error></testcase><testcase classname="" name="validation_data.repositories.fastapi_fastapi.tests.test_default_response_class" time="0.000"><error message="collection failure">ImportError while importing test module '/home/dee/workspace/AI/Repo-Scanner/validation_data/repositories/fastapi_fastapi/tests/test_default_response_class.py'.
Hint: make sure your test modules/packages have valid Python names.
Traceback:
../../../.pyenv/versions/3.11.9/lib/python3.11/importlib/__init__.py:126: in import_module
    return _bootstrap._gcd_import(name[level:], package, level)
           ^^^^^^^^^^^^^^^^^^^^^^^^^^^^^^^^^^^^^^^^^^^^^^^^^^^^
E   ModuleNotFoundError: No module named 'tests.test_default_response_class'</error></testcase><testcase classname="" name="validation_data.repositories.fastapi_fastapi.tests.test_default_response_class_router" time="0.000"><error message="collection failure">ImportError while importing test module '/home/dee/workspace/AI/Repo-Scanner/validation_data/repositories/fastapi_fastapi/tests/test_default_response_class_router.py'.
Hint: make sure your test modules/packages have valid Python names.
Traceback:
../../../.pyenv/versions/3.11.9/lib/python3.11/importlib/__init__.py:126: in import_module
    return _bootstrap._gcd_import(name[level:], package, level)
           ^^^^^^^^^^^^^^^^^^^^^^^^^^^^^^^^^^^^^^^^^^^^^^^^^^^^
E   ModuleNotFoundError: No module named 'tests.test_default_response_class_router'</error></testcase><testcase classname="" name="validation_data.repositories.fastapi_fastapi.tests.test_dependency_after_yield_raise" time="0.000"><error message="collection failure">ImportError while importing test module '/home/dee/workspace/AI/Repo-Scanner/validation_data/repositories/fastapi_fastapi/tests/test_dependency_after_yield_raise.py'.
Hint: make sure your test modules/packages have valid Python names.
Traceback:
../../../.pyenv/versions/3.11.9/lib/python3.11/importlib/__init__.py:126: in import_module
    return _bootstrap._gcd_import(name[level:], package, level)
           ^^^^^^^^^^^^^^^^^^^^^^^^^^^^^^^^^^^^^^^^^^^^^^^^^^^^
E   ModuleNotFoundError: No module named 'tests.test_dependency_after_yield_raise'</error></testcase><testcase classname="" name="validation_data.repositories.fastapi_fastapi.tests.test_dependency_after_yield_streaming" time="0.000"><error message="collection failure">ImportError while importing test module '/home/dee/workspace/AI/Repo-Scanner/validation_data/repositories/fastapi_fastapi/tests/test_dependency_after_yield_streaming.py'.
Hint: make sure your test modules/packages have valid Python names.
Traceback:
../../../.pyenv/versions/3.11.9/lib/python3.11/importlib/__init__.py:126: in import_module
    return _bootstrap._gcd_import(name[level:], package, level)
           ^^^^^^^^^^^^^^^^^^^^^^^^^^^^^^^^^^^^^^^^^^^^^^^^^^^^
E   ModuleNotFoundError: No module named 'tests.test_dependency_after_yield_streaming'</error></testcase><testcase classname="" name="validation_data.repositories.fastapi_fastapi.tests.test_dependency_after_yield_websockets" time="0.000"><error message="collection failure">ImportError while importing test module '/home/dee/workspace/AI/Repo-Scanner/validation_data/repositories/fastapi_fastapi/tests/test_dependency_after_yield_websockets.py'.
Hint: make sure your test modules/packages have valid Python names.
Traceback:
../../../.pyenv/versions/3.11.9/lib/python3.11/importlib/__init__.py:126: in import_module
    return _bootstrap._gcd_import(name[level:], package, level)
           ^^^^^^^^^^^^^^^^^^^^^^^^^^^^^^^^^^^^^^^^^^^^^^^^^^^^
E   ModuleNotFoundError: No module named 'tests.test_dependency_after_yield_websockets'</error></testcase><testcase classname="" name="validation_data.repositories.fastapi_fastapi.tests.test_dependency_cache" time="0.000"><error message="collection failure">ImportError while importing test module '/home/dee/workspace/AI/Repo-Scanner/validation_data/repositories/fastapi_fastapi/tests/test_dependency_cache.py'.
Hint: make sure your test modules/packages have valid Python names.
Traceback:
../../../.pyenv/versions/3.11.9/lib/python3.11/importlib/__init__.py:126: in import_module
    return _bootstrap._gcd_import(name[level:], package, level)
           ^^^^^^^^^^^^^^^^^^^^^^^^^^^^^^^^^^^^^^^^^^^^^^^^^^^^
E   ModuleNotFoundError: No module named 'tests.test_dependency_cache'</error></testcase><testcase classname="" name="validation_data.repositories.fastapi_fastapi.tests.test_dependency_class" time="0.000"><error message="collection failure">ImportError while importing test module '/home/dee/workspace/AI/Repo-Scanner/validation_data/repositories/fastapi_fastapi/tests/test_dependency_class.py'.
Hint: make sure your test modules/packages have valid Python names.
Traceback:
../../../.pyenv/versions/3.11.9/lib/python3.11/importlib/__init__.py:126: in import_module
    return _bootstrap._gcd_import(name[level:], package, level)
           ^^^^^^^^^^^^^^^^^^^^^^^^^^^^^^^^^^^^^^^^^^^^^^^^^^^^
E   ModuleNotFoundError: No module named 'tests.test_dependency_class'</error></testcase><testcase classname="" name="validation_data.repositories.fastapi_fastapi.tests.test_dependency_contextmanager" time="0.000"><error message="collection failure">ImportError while importing test module '/home/dee/workspace/AI/Repo-Scanner/validation_data/repositories/fastapi_fastapi/tests/test_dependency_contextmanager.py'.
Hint: make sure your test modules/packages have valid Python names.
Traceback:
../../../.pyenv/versions/3.11.9/lib/python3.11/importlib/__init__.py:126: in import_module
    return _bootstrap._gcd_import(name[level:], package, level)
           ^^^^^^^^^^^^^^^^^^^^^^^^^^^^^^^^^^^^^^^^^^^^^^^^^^^^
E   ModuleNotFoundError: No module named 'tests.test_dependency_contextmanager'</error></testcase><testcase classname="" name="validation_data.repositories.fastapi_fastapi.tests.test_dependency_contextvars" time="0.000"><error message="collection failure">ImportError while importing test module '/home/dee/workspace/AI/Repo-Scanner/validation_data/repositories/fastapi_fastapi/tests/test_dependency_contextvars.py'.
Hint: make sure your test modules/packages have valid Python names.
Traceback:
../../../.pyenv/versions/3.11.9/lib/python3.11/importlib/__init__.py:126: in import_module
    return _bootstrap._gcd_import(name[level:], package, level)
           ^^^^^^^^^^^^^^^^^^^^^^^^^^^^^^^^^^^^^^^^^^^^^^^^^^^^
E   ModuleNotFoundError: No module named 'tests.test_dependency_contextvars'</error></testcase><testcase classname="" name="validation_data.repositories.fastapi_fastapi.tests.test_dependency_duplicates" time="0.000"><error message="collection failure">ImportError while importing test module '/home/dee/workspace/AI/Repo-Scanner/validation_data/repositories/fastapi_fastapi/tests/test_dependency_duplicates.py'.
Hint: make sure your test modules/packages have valid Python names.
Traceback:
../../../.pyenv/versions/3.11.9/lib/python3.11/importlib/__init__.py:126: in import_module
    return _bootstrap._gcd_import(name[level:], package, level)
           ^^^^^^^^^^^^^^^^^^^^^^^^^^^^^^^^^^^^^^^^^^^^^^^^^^^^
E   ModuleNotFoundError: No module named 'tests.test_dependency_duplicates'</error></testcase><testcase classname="" name="validation_data.repositories.fastapi_fastapi.tests.test_dependency_overrides" time="0.000"><error message="collection failure">ImportError while importing test module '/home/dee/workspace/AI/Repo-Scanner/validation_data/repositories/fastapi_fastapi/tests/test_dependency_overrides.py'.
Hint: make sure your test modules/packages have valid Python names.
Traceback:
../../../.pyenv/versions/3.11.9/lib/python3.11/importlib/__init__.py:126: in import_module
    return _bootstrap._gcd_import(name[level:], package, level)
           ^^^^^^^^^^^^^^^^^^^^^^^^^^^^^^^^^^^^^^^^^^^^^^^^^^^^
E   ModuleNotFoundError: No module named 'tests.test_dependency_overrides'</error></testcase><testcase classname="" name="validation_data.repositories.fastapi_fastapi.tests.test_dependency_paramless" time="0.000"><error message="collection failure">ImportError while importing test module '/home/dee/workspace/AI/Repo-Scanner/validation_data/repositories/fastapi_fastapi/tests/test_dependency_paramless.py'.
Hint: make sure your test modules/packages have valid Python names.
Traceback:
../../../.pyenv/versions/3.11.9/lib/python3.11/importlib/__init__.py:126: in import_module
    return _bootstrap._gcd_import(name[level:], package, level)
           ^^^^^^^^^^^^^^^^^^^^^^^^^^^^^^^^^^^^^^^^^^^^^^^^^^^^
E   ModuleNotFoundError: No module named 'tests.test_dependency_paramless'</error></testcase><testcase classname="" name="validation_data.repositories.fastapi_fastapi.tests.test_dependency_partial" time="0.000"><error message="collection failure">ImportError while importing test module '/home/dee/workspace/AI/Repo-Scanner/validation_data/repositories/fastapi_fastapi/tests/test_dependency_partial.py'.
Hint: make sure your test modules/packages have valid Python names.
Traceback:
../../../.pyenv/versions/3.11.9/lib/python3.11/importlib/__init__.py:126: in import_module
    return _bootstrap._gcd_import(name[level:], package, level)
           ^^^^^^^^^^^^^^^^^^^^^^^^^^^^^^^^^^^^^^^^^^^^^^^^^^^^
E   ModuleNotFoundError: No module named 'tests.test_dependency_partial'</error></testcase><testcase classname="" name="validation_data.repositories.fastapi_fastapi.tests.test_dependency_security_overrides" time="0.000"><error message="collection failure">ImportError while importing test module '/home/dee/workspace/AI/Repo-Scanner/validation_data/repositories/fastapi_fastapi/tests/test_dependency_security_overrides.py'.
Hint: make sure your test modules/packages have valid Python names.
Traceback:
../../../.pyenv/versions/3.11.9/lib/python3.11/importlib/__init__.py:126: in import_module
    return _bootstrap._gcd_import(name[level:], package, level)
           ^^^^^^^^^^^^^^^^^^^^^^^^^^^^^^^^^^^^^^^^^^^^^^^^^^^^
E   ModuleNotFoundError: No module named 'tests.test_dependency_security_overrides'</error></testcase><testcase classname="" name="validation_data.repositories.fastapi_fastapi.tests.test_dependency_wrapped" time="0.000"><error message="collection failure">ImportError while importing test module '/home/dee/workspace/AI/Repo-Scanner/validation_data/repositories/fastapi_fastapi/tests/test_dependency_wrapped.py'.
Hint: make sure your test modules/packages have valid Python names.
Traceback:
../../../.pyenv/versions/3.11.9/lib/python3.11/importlib/__init__.py:126: in import_module
    return _bootstrap._gcd_import(name[level:], package, level)
           ^^^^^^^^^^^^^^^^^^^^^^^^^^^^^^^^^^^^^^^^^^^^^^^^^^^^
E   ModuleNotFoundError: No module named 'tests.test_dependency_wrapped'</error></testcase><testcase classname="" name="validation_data.repositories.fastapi_fastapi.tests.test_dependency_yield_except_httpexception" time="0.000"><error message="collection failure">ImportError while importing test module '/home/dee/workspace/AI/Repo-Scanner/validation_data/repositories/fastapi_fastapi/tests/test_dependency_yield_except_httpexception.py'.
Hint: make sure your test modules/packages have valid Python names.
Traceback:
../../../.pyenv/versions/3.11.9/lib/python3.11/importlib/__init__.py:126: in import_module
    return _bootstrap._gcd_import(name[level:], package, level)
           ^^^^^^^^^^^^^^^^^^^^^^^^^^^^^^^^^^^^^^^^^^^^^^^^^^^^
E   ModuleNotFoundError: No module named 'tests.test_dependency_yield_except_httpexception'</error></testcase><testcase classname="" name="validation_data.repositories.fastapi_fastapi.tests.test_dependency_yield_scope" time="0.000"><error message="collection failure">ImportError while importing test module '/home/dee/workspace/AI/Repo-Scanner/validation_data/repositories/fastapi_fastapi/tests/test_dependency_yield_scope.py'.
Hint: make sure your test modules/packages have valid Python names.
Traceback:
../../../.pyenv/versions/3.11.9/lib/python3.11/importlib/__init__.py:126: in import_module
    return _bootstrap._gcd_import(name[level:], package, level)
           ^^^^^^^^^^^^^^^^^^^^^^^^^^^^^^^^^^^^^^^^^^^^^^^^^^^^
E   ModuleNotFoundError: No module named 'tests.test_dependency_yield_scope'</error></testcase><testcase classname="" name="validation_data.repositories.fastapi_fastapi.tests.test_dependency_yield_scope_websockets" time="0.000"><error message="collection failure">ImportError while importing test module '/home/dee/workspace/AI/Repo-Scanner/validation_data/repositories/fastapi_fastapi/tests/test_dependency_yield_scope_websockets.py'.
Hint: make sure your test modules/packages have valid Python names.
Traceback:
../../../.pyenv/versions/3.11.9/lib/python3.11/importlib/__init__.py:126: in import_module
    return _bootstrap._gcd_import(name[level:], package, level)
           ^^^^^^^^^^^^^^^^^^^^^^^^^^^^^^^^^^^^^^^^^^^^^^^^^^^^
E   ModuleNotFoundError: No module named 'tests.test_dependency_yield_scope_websockets'</error></testcase><testcase classname="" name="validation_data.repositories.fastapi_fastapi.tests.test_depends_hashable" time="0.000"><error message="collection failure">ImportError while importing test module '/home/dee/workspace/AI/Repo-Scanner/validation_data/repositories/fastapi_fastapi/tests/test_depends_hashable.py'.
Hint: make sure your test modules/packages have valid Python names.
Traceback:
../../../.pyenv/versions/3.11.9/lib/python3.11/importlib/__init__.py:126: in import_module
    return _bootstrap._gcd_import(name[level:], package, level)
           ^^^^^^^^^^^^^^^^^^^^^^^^^^^^^^^^^^^^^^^^^^^^^^^^^^^^
E   ModuleNotFoundError: No module named 'tests.test_depends_hashable'</error></testcase><testcase classname="" name="validation_data.repositories.fastapi_fastapi.tests.test_deprecated_openapi_prefix" time="0.000"><error message="collection failure">ImportError while importing test module '/home/dee/workspace/AI/Repo-Scanner/validation_data/repositories/fastapi_fastapi/tests/test_deprecated_openapi_prefix.py'.
Hint: make sure your test modules/packages have valid Python names.
Traceback:
../../../.pyenv/versions/3.11.9/lib/python3.11/importlib/__init__.py:126: in import_module
    return _bootstrap._gcd_import(name[level:], package, level)
           ^^^^^^^^^^^^^^^^^^^^^^^^^^^^^^^^^^^^^^^^^^^^^^^^^^^^
E   ModuleNotFoundError: No module named 'tests.test_deprecated_openapi_prefix'</error></testcase><testcase classname="" name="validation_data.repositories.fastapi_fastapi.tests.test_duplicate_models_openapi" time="0.000"><error message="collection failure">ImportError while importing test module '/home/dee/workspace/AI/Repo-Scanner/validation_data/repositories/fastapi_fastapi/tests/test_duplicate_models_openapi.py'.
Hint: make sure your test modules/packages have valid Python names.
Traceback:
../../../.pyenv/versions/3.11.9/lib/python3.11/importlib/__init__.py:126: in import_module
    return _bootstrap._gcd_import(name[level:], package, level)
           ^^^^^^^^^^^^^^^^^^^^^^^^^^^^^^^^^^^^^^^^^^^^^^^^^^^^
E   ModuleNotFoundError: No module named 'tests.test_duplicate_models_openapi'</error></testcase><testcase classname="" name="validation_data.repositories.fastapi_fastapi.tests.test_empty_router" time="0.000"><error message="collection failure">ImportError while importing test module '/home/dee/workspace/AI/Repo-Scanner/validation_data/repositories/fastapi_fastapi/tests/test_empty_router.py'.
Hint: make sure your test modules/packages have valid Python names.
Traceback:
../../../.pyenv/versions/3.11.9/lib/python3.11/importlib/__init__.py:126: in import_module
    return _bootstrap._gcd_import(name[level:], package, level)
           ^^^^^^^^^^^^^^^^^^^^^^^^^^^^^^^^^^^^^^^^^^^^^^^^^^^^
E   ModuleNotFoundError: No module named 'tests.test_empty_router'</error></testcase><testcase classname="" name="validation_data.repositories.fastapi_fastapi.tests.test_enforce_once_required_parameter" time="0.000"><error message="collection failure">ImportError while importing test module '/home/dee/workspace/AI/Repo-Scanner/validation_data/repositories/fastapi_fastapi/tests/test_enforce_once_required_parameter.py'.
Hint: make sure your test modules/packages have valid Python names.
Traceback:
../../../.pyenv/versions/3.11.9/lib/python3.11/importlib/__init__.py:126: in import_module
    return _bootstrap._gcd_import(name[level:], package, level)
           ^^^^^^^^^^^^^^^^^^^^^^^^^^^^^^^^^^^^^^^^^^^^^^^^^^^^
E   ModuleNotFoundError: No module named 'tests.test_enforce_once_required_parameter'</error></testcase><testcase classname="" name="validation_data.repositories.fastapi_fastapi.tests.test_exception_handlers" time="0.000"><error message="collection failure">ImportError while importing test module '/home/dee/workspace/AI/Repo-Scanner/validation_data/repositories/fastapi_fastapi/tests/test_exception_handlers.py'.
Hint: make sure your test modules/packages have valid Python names.
Traceback:
../../../.pyenv/versions/3.11.9/lib/python3.11/importlib/__init__.py:126: in import_module
    return _bootstrap._gcd_import(name[level:], package, level)
           ^^^^^^^^^^^^^^^^^^^^^^^^^^^^^^^^^^^^^^^^^^^^^^^^^^^^
E   ModuleNotFoundError: No module named 'tests.test_exception_handlers'</error></testcase><testcase classname="" name="validation_data.repositories.fastapi_fastapi.tests.test_extra_routes" time="0.000"><error message="collection failure">ImportError while importing test module '/home/dee/workspace/AI/Repo-Scanner/validation_data/repositories/fastapi_fastapi/tests/test_extra_routes.py'.
Hint: make sure your test modules/packages have valid Python names.
Traceback:
../../../.pyenv/versions/3.11.9/lib/python3.11/importlib/__init__.py:126: in import_module
    return _bootstrap._gcd_import(name[level:], package, level)
           ^^^^^^^^^^^^^^^^^^^^^^^^^^^^^^^^^^^^^^^^^^^^^^^^^^^^
E   ModuleNotFoundError: No module named 'tests.test_extra_routes'</error></testcase><testcase classname="" name="validation_data.repositories.fastapi_fastapi.tests.test_fastapi_cli" time="0.000"><error message="collection failure">ImportError while importing test module '/home/dee/workspace/AI/Repo-Scanner/validation_data/repositories/fastapi_fastapi/tests/test_fastapi_cli.py'.
Hint: make sure your test modules/packages have valid Python names.
Traceback:
../../../.pyenv/versions/3.11.9/lib/python3.11/importlib/__init__.py:126: in import_module
    return _bootstrap._gcd_import(name[level:], package, level)
           ^^^^^^^^^^^^^^^^^^^^^^^^^^^^^^^^^^^^^^^^^^^^^^^^^^^^
E   ModuleNotFoundError: No module named 'tests.test_fastapi_cli'</error></testcase><testcase classname="" name="validation_data.repositories.fastapi_fastapi.tests.test_file_and_form_order_issue_9116" time="0.000"><error message="collection failure">ImportError while importing test module '/home/dee/workspace/AI/Repo-Scanner/validation_data/repositories/fastapi_fastapi/tests/test_file_and_form_order_issue_9116.py'.
Hint: make sure your test modules/packages have valid Python names.
Traceback:
../../../.pyenv/versions/3.11.9/lib/python3.11/importlib/__init__.py:126: in import_module
    return _bootstrap._gcd_import(name[level:], package, level)
           ^^^^^^^^^^^^^^^^^^^^^^^^^^^^^^^^^^^^^^^^^^^^^^^^^^^^
E   ModuleNotFoundError: No module named 'tests.test_file_and_form_order_issue_9116'</error></testcase><testcase classname="" name="validation_data.repositories.fastapi_fastapi.tests.test_filter_pydantic_sub_model_pv2" time="0.000"><error message="collection failure">ImportError while importing test module '/home/dee/workspace/AI/Repo-Scanner/validation_data/repositories/fastapi_fastapi/tests/test_filter_pydantic_sub_model_pv2.py'.
Hint: make sure your test modules/packages have valid Python names.
Traceback:
../../../.pyenv/versions/3.11.9/lib/python3.11/importlib/__init__.py:126: in import_module
    return _bootstrap._gcd_import(name[level:], package, level)
           ^^^^^^^^^^^^^^^^^^^^^^^^^^^^^^^^^^^^^^^^^^^^^^^^^^^^
E   ModuleNotFoundError: No module named 'tests.test_filter_pydantic_sub_model_pv2'</error></testcase><testcase classname="" name="validation_data.repositories.fastapi_fastapi.tests.test_form_default" time="0.000"><error message="collection failure">ImportError while importing test module '/home/dee/workspace/AI/Repo-Scanner/validation_data/repositories/fastapi_fastapi/tests/test_form_default.py'.
Hint: make sure your test modules/packages have valid Python names.
Traceback:
../../../.pyenv/versions/3.11.9/lib/python3.11/importlib/__init__.py:126: in import_module
    return _bootstrap._gcd_import(name[level:], package, level)
           ^^^^^^^^^^^^^^^^^^^^^^^^^^^^^^^^^^^^^^^^^^^^^^^^^^^^
E   ModuleNotFoundError: No module named 'tests.test_form_default'</error></testcase><testcase classname="" name="validation_data.repositories.fastapi_fastapi.tests.test_forms_from_non_typing_sequences" time="0.000"><error message="collection failure">ImportError while importing test module '/home/dee/workspace/AI/Repo-Scanner/validation_data/repositories/fastapi_fastapi/tests/test_forms_from_non_typing_sequences.py'.
Hint: make sure your test modules/packages have valid Python names.
Traceback:
../../../.pyenv/versions/3.11.9/lib/python3.11/importlib/__init__.py:126: in import_module
    return _bootstrap._gcd_import(name[level:], package, level)
           ^^^^^^^^^^^^^^^^^^^^^^^^^^^^^^^^^^^^^^^^^^^^^^^^^^^^
E   ModuleNotFoundError: No module named 'tests.test_forms_from_non_typing_sequences'</error></testcase><testcase classname="" name="validation_data.repositories.fastapi_fastapi.tests.test_forms_single_model" time="0.000"><error message="collection failure">ImportError while importing test module '/home/dee/workspace/AI/Repo-Scanner/validation_data/repositories/fastapi_fastapi/tests/test_forms_single_model.py'.
Hint: make sure your test modules/packages have valid Python names.
Traceback:
../../../.pyenv/versions/3.11.9/lib/python3.11/importlib/__init__.py:126: in import_module
    return _bootstrap._gcd_import(name[level:], package, level)
           ^^^^^^^^^^^^^^^^^^^^^^^^^^^^^^^^^^^^^^^^^^^^^^^^^^^^
E   ModuleNotFoundError: No module named 'tests.test_forms_single_model'</error></testcase><testcase classname="" name="validation_data.repositories.fastapi_fastapi.tests.test_forms_single_param" time="0.000"><error message="collection failure">ImportError while importing test module '/home/dee/workspace/AI/Repo-Scanner/validation_data/repositories/fastapi_fastapi/tests/test_forms_single_param.py'.
Hint: make sure your test modules/packages have valid Python names.
Traceback:
../../../.pyenv/versions/3.11.9/lib/python3.11/importlib/__init__.py:126: in import_module
    return _bootstrap._gcd_import(name[level:], package, level)
           ^^^^^^^^^^^^^^^^^^^^^^^^^^^^^^^^^^^^^^^^^^^^^^^^^^^^
E   ModuleNotFoundError: No module named 'tests.test_forms_single_param'</error></testcase><testcase classname="" name="validation_data.repositories.fastapi_fastapi.tests.test_generate_unique_id_function" time="0.000"><error message="collection failure">ImportError while importing test module '/home/dee/workspace/AI/Repo-Scanner/validation_data/repositories/fastapi_fastapi/tests/test_generate_unique_id_function.py'.
Hint: make sure your test modules/packages have valid Python names.
Traceback:
../../../.pyenv/versions/3.11.9/lib/python3.11/importlib/__init__.py:126: in import_module
    return _bootstrap._gcd_import(name[level:], package, level)
           ^^^^^^^^^^^^^^^^^^^^^^^^^^^^^^^^^^^^^^^^^^^^^^^^^^^^
E   ModuleNotFoundError: No module named 'tests.test_generate_unique_id_function'</error></testcase><testcase classname="" name="validation_data.repositories.fastapi_fastapi.tests.test_generic_parameterless_depends" time="0.000"><error message="collection failure">ImportError while importing test module '/home/dee/workspace/AI/Repo-Scanner/validation_data/repositories/fastapi_fastapi/tests/test_generic_parameterless_depends.py'.
Hint: make sure your test modules/packages have valid Python names.
Traceback:
../../../.pyenv/versions/3.11.9/lib/python3.11/importlib/__init__.py:126: in import_module
    return _bootstrap._gcd_import(name[level:], package, level)
           ^^^^^^^^^^^^^^^^^^^^^^^^^^^^^^^^^^^^^^^^^^^^^^^^^^^^
E   ModuleNotFoundError: No module named 'tests.test_generic_parameterless_depends'</error></testcase><testcase classname="" name="validation_data.repositories.fastapi_fastapi.tests.test_get_model_definitions_formfeed_escape" time="0.000"><error message="collection failure">ImportError while importing test module '/home/dee/workspace/AI/Repo-Scanner/validation_data/repositories/fastapi_fastapi/tests/test_get_model_definitions_formfeed_escape.py'.
Hint: make sure your test modules/packages have valid Python names.
Traceback:
../../../.pyenv/versions/3.11.9/lib/python3.11/importlib/__init__.py:126: in import_module
    return _bootstrap._gcd_import(name[level:], package, level)
           ^^^^^^^^^^^^^^^^^^^^^^^^^^^^^^^^^^^^^^^^^^^^^^^^^^^^
E   ModuleNotFoundError: No module named 'tests.test_get_model_definitions_formfeed_escape'</error></testcase><testcase classname="" name="validation_data.repositories.fastapi_fastapi.tests.test_get_request_body" time="0.000"><error message="collection failure">ImportError while importing test module '/home/dee/workspace/AI/Repo-Scanner/validation_data/repositories/fastapi_fastapi/tests/test_get_request_body.py'.
Hint: make sure your test modules/packages have valid Python names.
Traceback:
../../../.pyenv/versions/3.11.9/lib/python3.11/importlib/__init__.py:126: in import_module
    return _bootstrap._gcd_import(name[level:], package, level)
           ^^^^^^^^^^^^^^^^^^^^^^^^^^^^^^^^^^^^^^^^^^^^^^^^^^^^
E   ModuleNotFoundError: No module named 'tests.test_get_request_body'</error></testcase><testcase classname="" name="validation_data.repositories.fastapi_fastapi.tests.test_http_connection_injection" time="0.000"><error message="collection failure">ImportError while importing test module '/home/dee/workspace/AI/Repo-Scanner/validation_data/repositories/fastapi_fastapi/tests/test_http_connection_injection.py'.
Hint: make sure your test modules/packages have valid Python names.
Traceback:
../../../.pyenv/versions/3.11.9/lib/python3.11/importlib/__init__.py:126: in import_module
    return _bootstrap._gcd_import(name[level:], package, level)
           ^^^^^^^^^^^^^^^^^^^^^^^^^^^^^^^^^^^^^^^^^^^^^^^^^^^^
E   ModuleNotFoundError: No module named 'tests.test_http_connection_injection'</error></testcase><testcase classname="" name="validation_data.repositories.fastapi_fastapi.tests.test_include_route" time="0.000"><error message="collection failure">ImportError while importing test module '/home/dee/workspace/AI/Repo-Scanner/validation_data/repositories/fastapi_fastapi/tests/test_include_route.py'.
Hint: make sure your test modules/packages have valid Python names.
Traceback:
../../../.pyenv/versions/3.11.9/lib/python3.11/importlib/__init__.py:126: in import_module
    return _bootstrap._gcd_import(name[level:], package, level)
           ^^^^^^^^^^^^^^^^^^^^^^^^^^^^^^^^^^^^^^^^^^^^^^^^^^^^
E   ModuleNotFoundError: No module named 'tests.test_include_route'</error></testcase><testcase classname="" name="validation_data.repositories.fastapi_fastapi.tests.test_include_router_defaults_overrides" time="0.000"><error message="collection failure">ImportError while importing test module '/home/dee/workspace/AI/Repo-Scanner/validation_data/repositories/fastapi_fastapi/tests/test_include_router_defaults_overrides.py'.
Hint: make sure your test modules/packages have valid Python names.
Traceback:
../../../.pyenv/versions/3.11.9/lib/python3.11/importlib/__init__.py:126: in import_module
    return _bootstrap._gcd_import(name[level:], package, level)
           ^^^^^^^^^^^^^^^^^^^^^^^^^^^^^^^^^^^^^^^^^^^^^^^^^^^^
E   ModuleNotFoundError: No module named 'tests.test_include_router_defaults_overrides'</error></testcase><testcase classname="" name="validation_data.repositories.fastapi_fastapi.tests.test_infer_param_optionality" time="0.000"><error message="collection failure">ImportError while importing test module '/home/dee/workspace/AI/Repo-Scanner/validation_data/repositories/fastapi_fastapi/tests/test_infer_param_optionality.py'.
Hint: make sure your test modules/packages have valid Python names.
Traceback:
../../../.pyenv/versions/3.11.9/lib/python3.11/importlib/__init__.py:126: in import_module
    return _bootstrap._gcd_import(name[level:], package, level)
           ^^^^^^^^^^^^^^^^^^^^^^^^^^^^^^^^^^^^^^^^^^^^^^^^^^^^
E   ModuleNotFoundError: No module named 'tests.test_infer_param_optionality'</error></testcase><testcase classname="" name="validation_data.repositories.fastapi_fastapi.tests.test_inherited_custom_class" time="0.000"><error message="collection failure">ImportError while importing test module '/home/dee/workspace/AI/Repo-Scanner/validation_data/repositories/fastapi_fastapi/tests/test_inherited_custom_class.py'.
Hint: make sure your test modules/packages have valid Python names.
Traceback:
../../../.pyenv/versions/3.11.9/lib/python3.11/importlib/__init__.py:126: in import_module
    return _bootstrap._gcd_import(name[level:], package, level)
           ^^^^^^^^^^^^^^^^^^^^^^^^^^^^^^^^^^^^^^^^^^^^^^^^^^^^
E   ModuleNotFoundError: No module named 'tests.test_inherited_custom_class'</error></testcase><testcase classname="" name="validation_data.repositories.fastapi_fastapi.tests.test_invalid_path_param" time="0.000"><error message="collection failure">ImportError while importing test module '/home/dee/workspace/AI/Repo-Scanner/validation_data/repositories/fastapi_fastapi/tests/test_invalid_path_param.py'.
Hint: make sure your test modules/packages have valid Python names.
Traceback:
../../../.pyenv/versions/3.11.9/lib/python3.11/importlib/__init__.py:126: in import_module
    return _bootstrap._gcd_import(name[level:], package, level)
           ^^^^^^^^^^^^^^^^^^^^^^^^^^^^^^^^^^^^^^^^^^^^^^^^^^^^
E   ModuleNotFoundError: No module named 'tests.test_invalid_path_param'</error></testcase><testcase classname="" name="validation_data.repositories.fastapi_fastapi.tests.test_invalid_sequence_param" time="0.000"><error message="collection failure">ImportError while importing test module '/home/dee/workspace/AI/Repo-Scanner/validation_data/repositories/fastapi_fastapi/tests/test_invalid_sequence_param.py'.
Hint: make sure your test modules/packages have valid Python names.
Traceback:
../../../.pyenv/versions/3.11.9/lib/python3.11/importlib/__init__.py:126: in import_module
    return _bootstrap._gcd_import(name[level:], package, level)
           ^^^^^^^^^^^^^^^^^^^^^^^^^^^^^^^^^^^^^^^^^^^^^^^^^^^^
E   ModuleNotFoundError: No module named 'tests.test_invalid_sequence_param'</error></testcase><testcase classname="" name="validation_data.repositories.fastapi_fastapi.tests.test_jsonable_encoder" time="0.000"><error message="collection failure">ImportError while importing test module '/home/dee/workspace/AI/Repo-Scanner/validation_data/repositories/fastapi_fastapi/tests/test_jsonable_encoder.py'.
Hint: make sure your test modules/packages have valid Python names.
Traceback:
../../../.pyenv/versions/3.11.9/lib/python3.11/importlib/__init__.py:126: in import_module
    return _bootstrap._gcd_import(name[level:], package, level)
           ^^^^^^^^^^^^^^^^^^^^^^^^^^^^^^^^^^^^^^^^^^^^^^^^^^^^
E   ModuleNotFoundError: No module named 'tests.test_jsonable_encoder'</error></testcase><testcase classname="" name="validation_data.repositories.fastapi_fastapi.tests.test_local_docs" time="0.000"><error message="collection failure">ImportError while importing test module '/home/dee/workspace/AI/Repo-Scanner/validation_data/repositories/fastapi_fastapi/tests/test_local_docs.py'.
Hint: make sure your test modules/packages have valid Python names.
Traceback:
../../../.pyenv/versions/3.11.9/lib/python3.11/importlib/__init__.py:126: in import_module
    return _bootstrap._gcd_import(name[level:], package, level)
           ^^^^^^^^^^^^^^^^^^^^^^^^^^^^^^^^^^^^^^^^^^^^^^^^^^^^
E   ModuleNotFoundError: No module named 'tests.test_local_docs'</error></testcase><testcase classname="" name="validation_data.repositories.fastapi_fastapi.tests.test_modules_same_name_body.test_main" time="0.000"><error message="collection failure">ImportError while importing test module '/home/dee/workspace/AI/Repo-Scanner/validation_data/repositories/fastapi_fastapi/tests/test_modules_same_name_body/test_main.py'.
Hint: make sure your test modules/packages have valid Python names.
Traceback:
../../../.pyenv/versions/3.11.9/lib/python3.11/importlib/__init__.py:126: in import_module
    return _bootstrap._gcd_import(name[level:], package, level)
           ^^^^^^^^^^^^^^^^^^^^^^^^^^^^^^^^^^^^^^^^^^^^^^^^^^^^
E   ModuleNotFoundError: No module named 'tests.test_modules_same_name_body'</error></testcase><testcase classname="" name="validation_data.repositories.fastapi_fastapi.tests.test_multi_body_errors" time="0.000"><error message="collection failure">ImportError while importing test module '/home/dee/workspace/AI/Repo-Scanner/validation_data/repositories/fastapi_fastapi/tests/test_multi_body_errors.py'.
Hint: make sure your test modules/packages have valid Python names.
Traceback:
../../../.pyenv/versions/3.11.9/lib/python3.11/importlib/__init__.py:126: in import_module
    return _bootstrap._gcd_import(name[level:], package, level)
           ^^^^^^^^^^^^^^^^^^^^^^^^^^^^^^^^^^^^^^^^^^^^^^^^^^^^
E   ModuleNotFoundError: No module named 'tests.test_multi_body_errors'</error></testcase><testcase classname="" name="validation_data.repositories.fastapi_fastapi.tests.test_multi_query_errors" time="0.000"><error message="collection failure">ImportError while importing test module '/home/dee/workspace/AI/Repo-Scanner/validation_data/repositories/fastapi_fastapi/tests/test_multi_query_errors.py'.
Hint: make sure your test modules/packages have valid Python names.
Traceback:
../../../.pyenv/versions/3.11.9/lib/python3.11/importlib/__init__.py:126: in import_module
    return _bootstrap._gcd_import(name[level:], package, level)
           ^^^^^^^^^^^^^^^^^^^^^^^^^^^^^^^^^^^^^^^^^^^^^^^^^^^^
E   ModuleNotFoundError: No module named 'tests.test_multi_query_errors'</error></testcase><testcase classname="" name="validation_data.repositories.fastapi_fastapi.tests.test_multipart_installation" time="0.000"><error message="collection failure">ImportError while importing test module '/home/dee/workspace/AI/Repo-Scanner/validation_data/repositories/fastapi_fastapi/tests/test_multipart_installation.py'.
Hint: make sure your test modules/packages have valid Python names.
Traceback:
../../../.pyenv/versions/3.11.9/lib/python3.11/importlib/__init__.py:126: in import_module
    return _bootstrap._gcd_import(name[level:], package, level)
           ^^^^^^^^^^^^^^^^^^^^^^^^^^^^^^^^^^^^^^^^^^^^^^^^^^^^
E   ModuleNotFoundError: No module named 'tests.test_multipart_installation'</error></testcase><testcase classname="" name="validation_data.repositories.fastapi_fastapi.tests.test_no_schema_split" time="0.000"><error message="collection failure">ImportError while importing test module '/home/dee/workspace/AI/Repo-Scanner/validation_data/repositories/fastapi_fastapi/tests/test_no_schema_split.py'.
Hint: make sure your test modules/packages have valid Python names.
Traceback:
../../../.pyenv/versions/3.11.9/lib/python3.11/importlib/__init__.py:126: in import_module
    return _bootstrap._gcd_import(name[level:], package, level)
           ^^^^^^^^^^^^^^^^^^^^^^^^^^^^^^^^^^^^^^^^^^^^^^^^^^^^
E   ModuleNotFoundError: No module named 'tests.test_no_schema_split'</error></testcase><testcase classname="" name="validation_data.repositories.fastapi_fastapi.tests.test_no_swagger_ui_redirect" time="0.000"><error message="collection failure">ImportError while importing test module '/home/dee/workspace/AI/Repo-Scanner/validation_data/repositories/fastapi_fastapi/tests/test_no_swagger_ui_redirect.py'.
Hint: make sure your test modules/packages have valid Python names.
Traceback:
../../../.pyenv/versions/3.11.9/lib/python3.11/importlib/__init__.py:126: in import_module
    return _bootstrap._gcd_import(name[level:], package, level)
           ^^^^^^^^^^^^^^^^^^^^^^^^^^^^^^^^^^^^^^^^^^^^^^^^^^^^
E   ModuleNotFoundError: No module named 'tests.test_no_swagger_ui_redirect'</error></testcase><testcase classname="" name="validation_data.repositories.fastapi_fastapi.tests.test_openapi_examples" time="0.000"><error message="collection failure">ImportError while importing test module '/home/dee/workspace/AI/Repo-Scanner/validation_data/repositories/fastapi_fastapi/tests/test_openapi_examples.py'.
Hint: make sure your test modules/packages have valid Python names.
Traceback:
../../../.pyenv/versions/3.11.9/lib/python3.11/importlib/__init__.py:126: in import_module
    return _bootstrap._gcd_import(name[level:], package, level)
           ^^^^^^^^^^^^^^^^^^^^^^^^^^^^^^^^^^^^^^^^^^^^^^^^^^^^
E   ModuleNotFoundError: No module named 'tests.test_openapi_examples'</error></testcase><testcase classname="" name="validation_data.repositories.fastapi_fastapi.tests.test_openapi_model_description_trim_on_formfeed" time="0.000"><error message="collection failure">ImportError while importing test module '/home/dee/workspace/AI/Repo-Scanner/validation_data/repositories/fastapi_fastapi/tests/test_openapi_model_description_trim_on_formfeed.py'.
Hint: make sure your test modules/packages have valid Python names.
Traceback:
../../../.pyenv/versions/3.11.9/lib/python3.11/importlib/__init__.py:126: in import_module
    return _bootstrap._gcd_import(name[level:], package, level)
           ^^^^^^^^^^^^^^^^^^^^^^^^^^^^^^^^^^^^^^^^^^^^^^^^^^^^
E   ModuleNotFoundError: No module named 'tests.test_openapi_model_description_trim_on_formfeed'</error></testcase><testcase classname="" name="validation_data.repositories.fastapi_fastapi.tests.test_openapi_query_parameter_extension" time="0.000"><error message="collection failure">ImportError while importing test module '/home/dee/workspace/AI/Repo-Scanner/validation_data/repositories/fastapi_fastapi/tests/test_openapi_query_parameter_extension.py'.
Hint: make sure your test modules/packages have valid Python names.
Traceback:
../../../.pyenv/versions/3.11.9/lib/python3.11/importlib/__init__.py:126: in import_module
    return _bootstrap._gcd_import(name[level:], package, level)
           ^^^^^^^^^^^^^^^^^^^^^^^^^^^^^^^^^^^^^^^^^^^^^^^^^^^^
E   ModuleNotFoundError: No module named 'tests.test_openapi_query_parameter_extension'</error></testcase><testcase classname="" name="validation_data.repositories.fastapi_fastapi.tests.test_openapi_route_extensions" time="0.000"><error message="collection failure">ImportError while importing test module '/home/dee/workspace/AI/Repo-Scanner/validation_data/repositories/fastapi_fastapi/tests/test_openapi_route_extensions.py'.
Hint: make sure your test modules/packages have valid Python names.
Traceback:
../../../.pyenv/versions/3.11.9/lib/python3.11/importlib/__init__.py:126: in import_module
    return _bootstrap._gcd_import(name[level:], package, level)
           ^^^^^^^^^^^^^^^^^^^^^^^^^^^^^^^^^^^^^^^^^^^^^^^^^^^^
E   ModuleNotFoundError: No module named 'tests.test_openapi_route_extensions'</error></testcase><testcase classname="" name="validation_data.repositories.fastapi_fastapi.tests.test_openapi_schema_type" time="0.000"><error message="collection failure">ImportError while importing test module '/home/dee/workspace/AI/Repo-Scanner/validation_data/repositories/fastapi_fastapi/tests/test_openapi_schema_type.py'.
Hint: make sure your test modules/packages have valid Python names.
Traceback:
../../../.pyenv/versions/3.11.9/lib/python3.11/importlib/__init__.py:126: in import_module
    return _bootstrap._gcd_import(name[level:], package, level)
           ^^^^^^^^^^^^^^^^^^^^^^^^^^^^^^^^^^^^^^^^^^^^^^^^^^^^
E   ModuleNotFoundError: No module named 'tests.test_openapi_schema_type'</error></testcase><testcase classname="" name="validation_data.repositories.fastapi_fastapi.tests.test_openapi_separate_input_output_schemas" time="0.000"><error message="collection failure">ImportError while importing test module '/home/dee/workspace/AI/Repo-Scanner/validation_data/repositories/fastapi_fastapi/tests/test_openapi_separate_input_output_schemas.py'.
Hint: make sure your test modules/packages have valid Python names.
Traceback:
../../../.pyenv/versions/3.11.9/lib/python3.11/importlib/__init__.py:126: in import_module
    return _bootstrap._gcd_import(name[level:], package, level)
           ^^^^^^^^^^^^^^^^^^^^^^^^^^^^^^^^^^^^^^^^^^^^^^^^^^^^
E   ModuleNotFoundError: No module named 'tests.test_openapi_separate_input_output_schemas'</error></testcase><testcase classname="" name="validation_data.repositories.fastapi_fastapi.tests.test_openapi_servers" time="0.000"><error message="collection failure">ImportError while importing test module '/home/dee/workspace/AI/Repo-Scanner/validation_data/repositories/fastapi_fastapi/tests/test_openapi_servers.py'.
Hint: make sure your test modules/packages have valid Python names.
Traceback:
../../../.pyenv/versions/3.11.9/lib/python3.11/importlib/__init__.py:126: in import_module
    return _bootstrap._gcd_import(name[level:], package, level)
           ^^^^^^^^^^^^^^^^^^^^^^^^^^^^^^^^^^^^^^^^^^^^^^^^^^^^
E   ModuleNotFoundError: No module named 'tests.test_openapi_servers'</error></testcase><testcase classname="" name="validation_data.repositories.fastapi_fastapi.tests.test_operations_signatures" time="0.000"><error message="collection failure">ImportError while importing test module '/home/dee/workspace/AI/Repo-Scanner/validation_data/repositories/fastapi_fastapi/tests/test_operations_signatures.py'.
Hint: make sure your test modules/packages have valid Python names.
Traceback:
../../../.pyenv/versions/3.11.9/lib/python3.11/importlib/__init__.py:126: in import_module
    return _bootstrap._gcd_import(name[level:], package, level)
           ^^^^^^^^^^^^^^^^^^^^^^^^^^^^^^^^^^^^^^^^^^^^^^^^^^^^
E   ModuleNotFoundError: No module named 'tests.test_operations_signatures'</error></testcase><testcase classname="" name="validation_data.repositories.fastapi_fastapi.tests.test_optional_file_list" time="0.000"><error message="collection failure">ImportError while importing test module '/home/dee/workspace/AI/Repo-Scanner/validation_data/repositories/fastapi_fastapi/tests/test_optional_file_list.py'.
Hint: make sure your test modules/packages have valid Python names.
Traceback:
../../../.pyenv/versions/3.11.9/lib/python3.11/importlib/__init__.py:126: in import_module
    return _bootstrap._gcd_import(name[level:], package, level)
           ^^^^^^^^^^^^^^^^^^^^^^^^^^^^^^^^^^^^^^^^^^^^^^^^^^^^
E   ModuleNotFoundError: No module named 'tests.test_optional_file_list'</error></testcase><testcase classname="" name="validation_data.repositories.fastapi_fastapi.tests.test_orjson_response_class" time="0.000"><error message="collection failure">ImportError while importing test module '/home/dee/workspace/AI/Repo-Scanner/validation_data/repositories/fastapi_fastapi/tests/test_orjson_response_class.py'.
Hint: make sure your test modules/packages have valid Python names.
Traceback:
../../../.pyenv/versions/3.11.9/lib/python3.11/importlib/__init__.py:126: in import_module
    return _bootstrap._gcd_import(name[level:], package, level)
           ^^^^^^^^^^^^^^^^^^^^^^^^^^^^^^^^^^^^^^^^^^^^^^^^^^^^
E   ModuleNotFoundError: No module named 'tests.test_orjson_response_class'</error></testcase><testcase classname="" name="validation_data.repositories.fastapi_fastapi.tests.test_param_class" time="0.000"><error message="collection failure">ImportError while importing test module '/home/dee/workspace/AI/Repo-Scanner/validation_data/repositories/fastapi_fastapi/tests/test_param_class.py'.
Hint: make sure your test modules/packages have valid Python names.
Traceback:
../../../.pyenv/versions/3.11.9/lib/python3.11/importlib/__init__.py:126: in import_module
    return _bootstrap._gcd_import(name[level:], package, level)
           ^^^^^^^^^^^^^^^^^^^^^^^^^^^^^^^^^^^^^^^^^^^^^^^^^^^^
E   ModuleNotFoundError: No module named 'tests.test_param_class'</error></testcase><testcase classname="" name="validation_data.repositories.fastapi_fastapi.tests.test_param_in_path_and_dependency" time="0.000"><error message="collection failure">ImportError while importing test module '/home/dee/workspace/AI/Repo-Scanner/validation_data/repositories/fastapi_fastapi/tests/test_param_in_path_and_dependency.py'.
Hint: make sure your test modules/packages have valid Python names.
Traceback:
../../../.pyenv/versions/3.11.9/lib/python3.11/importlib/__init__.py:126: in import_module
    return _bootstrap._gcd_import(name[level:], package, level)
           ^^^^^^^^^^^^^^^^^^^^^^^^^^^^^^^^^^^^^^^^^^^^^^^^^^^^
E   ModuleNotFoundError: No module named 'tests.test_param_in_path_and_dependency'</error></testcase><testcase classname="" name="validation_data.repositories.fastapi_fastapi.tests.test_param_include_in_schema" time="0.000"><error message="collection failure">ImportError while importing test module '/home/dee/workspace/AI/Repo-Scanner/validation_data/repositories/fastapi_fastapi/tests/test_param_include_in_schema.py'.
Hint: make sure your test modules/packages have valid Python names.
Traceback:
../../../.pyenv/versions/3.11.9/lib/python3.11/importlib/__init__.py:126: in import_module
    return _bootstrap._gcd_import(name[level:], package, level)
           ^^^^^^^^^^^^^^^^^^^^^^^^^^^^^^^^^^^^^^^^^^^^^^^^^^^^
E   ModuleNotFoundError: No module named 'tests.test_param_include_in_schema'</error></testcase><testcase classname="" name="validation_data.repositories.fastapi_fastapi.tests.test_params_repr" time="0.000"><error message="collection failure">ImportError while importing test module '/home/dee/workspace/AI/Repo-Scanner/validation_data/repositories/fastapi_fastapi/tests/test_params_repr.py'.
Hint: make sure your test modules/packages have valid Python names.
Traceback:
../../../.pyenv/versions/3.11.9/lib/python3.11/importlib/__init__.py:126: in import_module
    return _bootstrap._gcd_import(name[level:], package, level)
           ^^^^^^^^^^^^^^^^^^^^^^^^^^^^^^^^^^^^^^^^^^^^^^^^^^^^
E   ModuleNotFoundError: No module named 'tests.test_params_repr'</error></testcase><testcase classname="" name="validation_data.repositories.fastapi_fastapi.tests.test_path" time="0.000"><error message="collection failure">ImportError while importing test module '/home/dee/workspace/AI/Repo-Scanner/validation_data/repositories/fastapi_fastapi/tests/test_path.py'.
Hint: make sure your test modules/packages have valid Python names.
Traceback:
../../../.pyenv/versions/3.11.9/lib/python3.11/importlib/__init__.py:126: in import_module
    return _bootstrap._gcd_import(name[level:], package, level)
           ^^^^^^^^^^^^^^^^^^^^^^^^^^^^^^^^^^^^^^^^^^^^^^^^^^^^
E   ModuleNotFoundError: No module named 'tests.test_path'</error></testcase><testcase classname="" name="validation_data.repositories.fastapi_fastapi.tests.test_put_no_body" time="0.000"><error message="collection failure">ImportError while importing test module '/home/dee/workspace/AI/Repo-Scanner/validation_data/repositories/fastapi_fastapi/tests/test_put_no_body.py'.
Hint: make sure your test modules/packages have valid Python names.
Traceback:
../../../.pyenv/versions/3.11.9/lib/python3.11/importlib/__init__.py:126: in import_module
    return _bootstrap._gcd_import(name[level:], package, level)
           ^^^^^^^^^^^^^^^^^^^^^^^^^^^^^^^^^^^^^^^^^^^^^^^^^^^^
E   ModuleNotFoundError: No module named 'tests.test_put_no_body'</error></testcase><testcase classname="" name="validation_data.repositories.fastapi_fastapi.tests.test_pydantic_v1_error" time="0.000"><error message="collection failure">ImportError while importing test module '/home/dee/workspace/AI/Repo-Scanner/validation_data/repositories/fastapi_fastapi/tests/test_pydantic_v1_error.py'.
Hint: make sure your test modules/packages have valid Python names.
Traceback:
../../../.pyenv/versions/3.11.9/lib/python3.11/importlib/__init__.py:126: in import_module
    return _bootstrap._gcd_import(name[level:], package, level)
           ^^^^^^^^^^^^^^^^^^^^^^^^^^^^^^^^^^^^^^^^^^^^^^^^^^^^
E   ModuleNotFoundError: No module named 'tests.test_pydantic_v1_error'</error></testcase><testcase classname="" name="validation_data.repositories.fastapi_fastapi.tests.test_pydanticv2_dataclasses_uuid_stringified_annotations" time="0.000"><error message="collection failure">ImportError while importing test module '/home/dee/workspace/AI/Repo-Scanner/validation_data/repositories/fastapi_fastapi/tests/test_pydanticv2_dataclasses_uuid_stringified_annotations.py'.
Hint: make sure your test modules/packages have valid Python names.
Traceback:
../../../.pyenv/versions/3.11.9/lib/python3.11/importlib/__init__.py:126: in import_module
    return _bootstrap._gcd_import(name[level:], package, level)
           ^^^^^^^^^^^^^^^^^^^^^^^^^^^^^^^^^^^^^^^^^^^^^^^^^^^^
E   ModuleNotFoundError: No module named 'tests.test_pydanticv2_dataclasses_uuid_stringified_annotations'</error></testcase><testcase classname="" name="validation_data.repositories.fastapi_fastapi.tests.test_query" time="0.000"><error message="collection failure">ImportError while importing test module '/home/dee/workspace/AI/Repo-Scanner/validation_data/repositories/fastapi_fastapi/tests/test_query.py'.
Hint: make sure your test modules/packages have valid Python names.
Traceback:
../../../.pyenv/versions/3.11.9/lib/python3.11/importlib/__init__.py:126: in import_module
    return _bootstrap._gcd_import(name[level:], package, level)
           ^^^^^^^^^^^^^^^^^^^^^^^^^^^^^^^^^^^^^^^^^^^^^^^^^^^^
E   ModuleNotFoundError: No module named 'tests.test_query'</error></testcase><testcase classname="" name="validation_data.repositories.fastapi_fastapi.tests.test_query_cookie_header_model_extra_params" time="0.000"><error message="collection failure">ImportError while importing test module '/home/dee/workspace/AI/Repo-Scanner/validation_data/repositories/fastapi_fastapi/tests/test_query_cookie_header_model_extra_params.py'.
Hint: make sure your test modules/packages have valid Python names.
Traceback:
../../../.pyenv/versions/3.11.9/lib/python3.11/importlib/__init__.py:126: in import_module
    return _bootstrap._gcd_import(name[level:], package, level)
           ^^^^^^^^^^^^^^^^^^^^^^^^^^^^^^^^^^^^^^^^^^^^^^^^^^^^
E   ModuleNotFoundError: No module named 'tests.test_query_cookie_header_model_extra_params'</error></testcase><testcase classname="" name="validation_data.repositories.fastapi_fastapi.tests.test_read_with_orm_mode" time="0.000"><error message="collection failure">ImportError while importing test module '/home/dee/workspace/AI/Repo-Scanner/validation_data/repositories/fastapi_fastapi/tests/test_read_with_orm_mode.py'.
Hint: make sure your test modules/packages have valid Python names.
Traceback:
../../../.pyenv/versions/3.11.9/lib/python3.11/importlib/__init__.py:126: in import_module
    return _bootstrap._gcd_import(name[level:], package, level)
           ^^^^^^^^^^^^^^^^^^^^^^^^^^^^^^^^^^^^^^^^^^^^^^^^^^^^
E   ModuleNotFoundError: No module named 'tests.test_read_with_orm_mode'</error></testcase><testcase classname="" name="validation_data.repositories.fastapi_fastapi.tests.test_regex_deprecated_body" time="0.000"><error message="collection failure">ImportError while importing test module '/home/dee/workspace/AI/Repo-Scanner/validation_data/repositories/fastapi_fastapi/tests/test_regex_deprecated_body.py'.
Hint: make sure your test modules/packages have valid Python names.
Traceback:
../../../.pyenv/versions/3.11.9/lib/python3.11/importlib/__init__.py:126: in import_module
    return _bootstrap._gcd_import(name[level:], package, level)
           ^^^^^^^^^^^^^^^^^^^^^^^^^^^^^^^^^^^^^^^^^^^^^^^^^^^^
E   ModuleNotFoundError: No module named 'tests.test_regex_deprecated_body'</error></testcase><testcase classname="" name="validation_data.repositories.fastapi_fastapi.tests.test_regex_deprecated_params" time="0.000"><error message="collection failure">ImportError while importing test module '/home/dee/workspace/AI/Repo-Scanner/validation_data/repositories/fastapi_fastapi/tests/test_regex_deprecated_params.py'.
Hint: make sure your test modules/packages have valid Python names.
Traceback:
../../../.pyenv/versions/3.11.9/lib/python3.11/importlib/__init__.py:126: in import_module
    return _bootstrap._gcd_import(name[level:], package, level)
           ^^^^^^^^^^^^^^^^^^^^^^^^^^^^^^^^^^^^^^^^^^^^^^^^^^^^
E   ModuleNotFoundError: No module named 'tests.test_regex_deprecated_params'</error></testcase><testcase classname="" name="validation_data.repositories.fastapi_fastapi.tests.test_repeated_cookie_headers" time="0.000"><error message="collection failure">ImportError while importing test module '/home/dee/workspace/AI/Repo-Scanner/validation_data/repositories/fastapi_fastapi/tests/test_repeated_cookie_headers.py'.
Hint: make sure your test modules/packages have valid Python names.
Traceback:
../../../.pyenv/versions/3.11.9/lib/python3.11/importlib/__init__.py:126: in import_module
    return _bootstrap._gcd_import(name[level:], package, level)
           ^^^^^^^^^^^^^^^^^^^^^^^^^^^^^^^^^^^^^^^^^^^^^^^^^^^^
E   ModuleNotFoundError: No module named 'tests.test_repeated_cookie_headers'</error></testcase><testcase classname="" name="validation_data.repositories.fastapi_fastapi.tests.test_repeated_dependency_schema" time="0.000"><error message="collection failure">ImportError while importing test module '/home/dee/workspace/AI/Repo-Scanner/validation_data/repositories/fastapi_fastapi/tests/test_repeated_dependency_schema.py'.
Hint: make sure your test modules/packages have valid Python names.
Traceback:
../../../.pyenv/versions/3.11.9/lib/python3.11/importlib/__init__.py:126: in import_module
    return _bootstrap._gcd_import(name[level:], package, level)
           ^^^^^^^^^^^^^^^^^^^^^^^^^^^^^^^^^^^^^^^^^^^^^^^^^^^^
E   ModuleNotFoundError: No module named 'tests.test_repeated_dependency_schema'</error></testcase><testcase classname="" name="validation_data.repositories.fastapi_fastapi.tests.test_repeated_parameter_alias" time="0.000"><error message="collection failure">ImportError while importing test module '/home/dee/workspace/AI/Repo-Scanner/validation_data/repositories/fastapi_fastapi/tests/test_repeated_parameter_alias.py'.
Hint: make sure your test modules/packages have valid Python names.
Traceback:
../../../.pyenv/versions/3.11.9/lib/python3.11/importlib/__init__.py:126: in import_module
    return _bootstrap._gcd_import(name[level:], package, level)
           ^^^^^^^^^^^^^^^^^^^^^^^^^^^^^^^^^^^^^^^^^^^^^^^^^^^^
E   ModuleNotFoundError: No module named 'tests.test_repeated_parameter_alias'</error></testcase><testcase classname="" name="validation_data.repositories.fastapi_fastapi.tests.test_reponse_set_reponse_code_empty" time="0.000"><error message="collection failure">ImportError while importing test module '/home/dee/workspace/AI/Repo-Scanner/validation_data/repositories/fastapi_fastapi/tests/test_reponse_set_reponse_code_empty.py'.
Hint: make sure your test modules/packages have valid Python names.
Traceback:
../../../.pyenv/versions/3.11.9/lib/python3.11/importlib/__init__.py:126: in import_module
    return _bootstrap._gcd_import(name[level:], package, level)
           ^^^^^^^^^^^^^^^^^^^^^^^^^^^^^^^^^^^^^^^^^^^^^^^^^^^^
E   ModuleNotFoundError: No module named 'tests.test_reponse_set_reponse_code_empty'</error></testcase><testcase classname="" name="validation_data.repositories.fastapi_fastapi.tests.test_request_body_parameters_media_type" time="0.000"><error message="collection failure">ImportError while importing test module '/home/dee/workspace/AI/Repo-Scanner/validation_data/repositories/fastapi_fastapi/tests/test_request_body_parameters_media_type.py'.
Hint: make sure your test modules/packages have valid Python names.
Traceback:
../../../.pyenv/versions/3.11.9/lib/python3.11/importlib/__init__.py:126: in import_module
    return _bootstrap._gcd_import(name[level:], package, level)
           ^^^^^^^^^^^^^^^^^^^^^^^^^^^^^^^^^^^^^^^^^^^^^^^^^^^^
E   ModuleNotFoundError: No module named 'tests.test_request_body_parameters_media_type'</error></testcase><testcase classname="" name="validation_data.repositories.fastapi_fastapi.tests.test_request_param_model_by_alias" time="0.000"><error message="collection failure">ImportError while importing test module '/home/dee/workspace/AI/Repo-Scanner/validation_data/repositories/fastapi_fastapi/tests/test_request_param_model_by_alias.py'.
Hint: make sure your test modules/packages have valid Python names.
Traceback:
../../../.pyenv/versions/3.11.9/lib/python3.11/importlib/__init__.py:126: in import_module
    return _bootstrap._gcd_import(name[level:], package, level)
           ^^^^^^^^^^^^^^^^^^^^^^^^^^^^^^^^^^^^^^^^^^^^^^^^^^^^
E   ModuleNotFoundError: No module named 'tests.test_request_param_model_by_alias'</error></testcase><testcase classname="" name="validation_data.repositories.fastapi_fastapi.tests.test_request_params.test_body.test_list" time="0.000"><error message="collection failure">ImportError while importing test module '/home/dee/workspace/AI/Repo-Scanner/validation_data/repositories/fastapi_fastapi/tests/test_request_params/test_body/test_list.py'.
Hint: make sure your test modules/packages have valid Python names.
Traceback:
../../../.pyenv/versions/3.11.9/lib/python3.11/importlib/__init__.py:126: in import_module
    return _bootstrap._gcd_import(name[level:], package, level)
           ^^^^^^^^^^^^^^^^^^^^^^^^^^^^^^^^^^^^^^^^^^^^^^^^^^^^
E   ModuleNotFoundError: No module named 'tests.test_request_params'</error></testcase><testcase classname="" name="validation_data.repositories.fastapi_fastapi.tests.test_request_params.test_body.test_optional_list" time="0.000"><error message="collection failure">ImportError while importing test module '/home/dee/workspace/AI/Repo-Scanner/validation_data/repositories/fastapi_fastapi/tests/test_request_params/test_body/test_optional_list.py'.
Hint: make sure your test modules/packages have valid Python names.
Traceback:
../../../.pyenv/versions/3.11.9/lib/python3.11/importlib/__init__.py:126: in import_module
    return _bootstrap._gcd_import(name[level:], package, level)
           ^^^^^^^^^^^^^^^^^^^^^^^^^^^^^^^^^^^^^^^^^^^^^^^^^^^^
E   ModuleNotFoundError: No module named 'tests.test_request_params'</error></testcase><testcase classname="" name="validation_data.repositories.fastapi_fastapi.tests.test_request_params.test_body.test_optional_str" time="0.000"><error message="collection failure">ImportError while importing test module '/home/dee/workspace/AI/Repo-Scanner/validation_data/repositories/fastapi_fastapi/tests/test_request_params/test_body/test_optional_str.py'.
Hint: make sure your test modules/packages have valid Python names.
Traceback:
../../../.pyenv/versions/3.11.9/lib/python3.11/importlib/__init__.py:126: in import_module
    return _bootstrap._gcd_import(name[level:], package, level)
           ^^^^^^^^^^^^^^^^^^^^^^^^^^^^^^^^^^^^^^^^^^^^^^^^^^^^
E   ModuleNotFoundError: No module named 'tests.test_request_params'</error></testcase><testcase classname="" name="validation_data.repositories.fastapi_fastapi.tests.test_request_params.test_body.test_required_str" time="0.000"><error message="collection failure">ImportError while importing test module '/home/dee/workspace/AI/Repo-Scanner/validation_data/repositories/fastapi_fastapi/tests/test_request_params/test_body/test_required_str.py'.
Hint: make sure your test modules/packages have valid Python names.
Traceback:
../../../.pyenv/versions/3.11.9/lib/python3.11/importlib/__init__.py:126: in import_module
    return _bootstrap._gcd_import(name[level:], package, level)
           ^^^^^^^^^^^^^^^^^^^^^^^^^^^^^^^^^^^^^^^^^^^^^^^^^^^^
E   ModuleNotFoundError: No module named 'tests.test_request_params'</error></testcase><testcase classname="" name="validation_data.repositories.fastapi_fastapi.tests.test_request_params.test_cookie.test_list" time="0.000"><error message="collection failure">ImportError while importing test module '/home/dee/workspace/AI/Repo-Scanner/validation_data/repositories/fastapi_fastapi/tests/test_request_params/test_cookie/test_list.py'.
Hint: make sure your test modules/packages have valid Python names.
Traceback:
../../../.pyenv/versions/3.11.9/lib/python3.11/importlib/__init__.py:126: in import_module
    return _bootstrap._gcd_import(name[level:], package, level)
           ^^^^^^^^^^^^^^^^^^^^^^^^^^^^^^^^^^^^^^^^^^^^^^^^^^^^
E   ModuleNotFoundError: No module named 'tests.test_request_params'</error></testcase><testcase classname="" name="validation_data.repositories.fastapi_fastapi.tests.test_request_params.test_cookie.test_optional_list" time="0.000"><error message="collection failure">ImportError while importing test module '/home/dee/workspace/AI/Repo-Scanner/validation_data/repositories/fastapi_fastapi/tests/test_request_params/test_cookie/test_optional_list.py'.
Hint: make sure your test modules/packages have valid Python names.
Traceback:
../../../.pyenv/versions/3.11.9/lib/python3.11/importlib/__init__.py:126: in import_module
    return _bootstrap._gcd_import(name[level:], package, level)
           ^^^^^^^^^^^^^^^^^^^^^^^^^^^^^^^^^^^^^^^^^^^^^^^^^^^^
E   ModuleNotFoundError: No module named 'tests.test_request_params'</error></testcase><testcase classname="" name="validation_data.repositories.fastapi_fastapi.tests.test_request_params.test_cookie.test_optional_str" time="0.000"><error message="collection failure">ImportError while importing test module '/home/dee/workspace/AI/Repo-Scanner/validation_data/repositories/fastapi_fastapi/tests/test_request_params/test_cookie/test_optional_str.py'.
Hint: make sure your test modules/packages have valid Python names.
Traceback:
../../../.pyenv/versions/3.11.9/lib/python3.11/importlib/__init__.py:126: in import_module
    return _bootstrap._gcd_import(name[level:], package, level)
           ^^^^^^^^^^^^^^^^^^^^^^^^^^^^^^^^^^^^^^^^^^^^^^^^^^^^
E   ModuleNotFoundError: No module named 'tests.test_request_params'</error></testcase><testcase classname="" name="validation_data.repositories.fastapi_fastapi.tests.test_request_params.test_cookie.test_required_str" time="0.000"><error message="collection failure">ImportError while importing test module '/home/dee/workspace/AI/Repo-Scanner/validation_data/repositories/fastapi_fastapi/tests/test_request_params/test_cookie/test_required_str.py'.
Hint: make sure your test modules/packages have valid Python names.
Traceback:
../../../.pyenv/versions/3.11.9/lib/python3.11/importlib/__init__.py:126: in import_module
    return _bootstrap._gcd_import(name[level:], package, level)
           ^^^^^^^^^^^^^^^^^^^^^^^^^^^^^^^^^^^^^^^^^^^^^^^^^^^^
E   ModuleNotFoundError: No module named 'tests.test_request_params'</error></testcase><testcase classname="" name="validation_data.repositories.fastapi_fastapi.tests.test_request_params.test_file.test_list" time="0.000"><error message="collection failure">ImportError while importing test module '/home/dee/workspace/AI/Repo-Scanner/validation_data/repositories/fastapi_fastapi/tests/test_request_params/test_file/test_list.py'.
Hint: make sure your test modules/packages have valid Python names.
Traceback:
../../../.pyenv/versions/3.11.9/lib/python3.11/importlib/__init__.py:126: in import_module
    return _bootstrap._gcd_import(name[level:], package, level)
           ^^^^^^^^^^^^^^^^^^^^^^^^^^^^^^^^^^^^^^^^^^^^^^^^^^^^
E   ModuleNotFoundError: No module named 'tests.test_request_params'</error></testcase><testcase classname="" name="validation_data.repositories.fastapi_fastapi.tests.test_request_params.test_file.test_optional" time="0.000"><error message="collection failure">ImportError while importing test module '/home/dee/workspace/AI/Repo-Scanner/validation_data/repositories/fastapi_fastapi/tests/test_request_params/test_file/test_optional.py'.
Hint: make sure your test modules/packages have valid Python names.
Traceback:
../../../.pyenv/versions/3.11.9/lib/python3.11/importlib/__init__.py:126: in import_module
    return _bootstrap._gcd_import(name[level:], package, level)
           ^^^^^^^^^^^^^^^^^^^^^^^^^^^^^^^^^^^^^^^^^^^^^^^^^^^^
E   ModuleNotFoundError: No module named 'tests.test_request_params'</error></testcase><testcase classname="" name="validation_data.repositories.fastapi_fastapi.tests.test_request_params.test_file.test_optional_list" time="0.000"><error message="collection failure">ImportError while importing test module '/home/dee/workspace/AI/Repo-Scanner/validation_data/repositories/fastapi_fastapi/tests/test_request_params/test_file/test_optional_list.py'.
Hint: make sure your test modules/packages have valid Python names.
Traceback:
../../../.pyenv/versions/3.11.9/lib/python3.11/importlib/__init__.py:126: in import_module
    return _bootstrap._gcd_import(name[level:], package, level)
           ^^^^^^^^^^^^^^^^^^^^^^^^^^^^^^^^^^^^^^^^^^^^^^^^^^^^
E   ModuleNotFoundError: No module named 'tests.test_request_params'</error></testcase><testcase classname="" name="validation_data.repositories.fastapi_fastapi.tests.test_request_params.test_file.test_required" time="0.000"><error message="collection failure">ImportError while importing test module '/home/dee/workspace/AI/Repo-Scanner/validation_data/repositories/fastapi_fastapi/tests/test_request_params/test_file/test_required.py'.
Hint: make sure your test modules/packages have valid Python names.
Traceback:
../../../.pyenv/versions/3.11.9/lib/python3.11/importlib/__init__.py:126: in import_module
    return _bootstrap._gcd_import(name[level:], package, level)
           ^^^^^^^^^^^^^^^^^^^^^^^^^^^^^^^^^^^^^^^^^^^^^^^^^^^^
E   ModuleNotFoundError: No module named 'tests.test_request_params'</error></testcase><testcase classname="" name="validation_data.repositories.fastapi_fastapi.tests.test_request_params.test_form.test_list" time="0.000"><error message="collection failure">ImportError while importing test module '/home/dee/workspace/AI/Repo-Scanner/validation_data/repositories/fastapi_fastapi/tests/test_request_params/test_form/test_list.py'.
Hint: make sure your test modules/packages have valid Python names.
Traceback:
../../../.pyenv/versions/3.11.9/lib/python3.11/importlib/__init__.py:126: in import_module
    return _bootstrap._gcd_import(name[level:], package, level)
           ^^^^^^^^^^^^^^^^^^^^^^^^^^^^^^^^^^^^^^^^^^^^^^^^^^^^
E   ModuleNotFoundError: No module named 'tests.test_request_params'</error></testcase><testcase classname="" name="validation_data.repositories.fastapi_fastapi.tests.test_request_params.test_form.test_optional_list" time="0.000"><error message="collection failure">ImportError while importing test module '/home/dee/workspace/AI/Repo-Scanner/validation_data/repositories/fastapi_fastapi/tests/test_request_params/test_form/test_optional_list.py'.
Hint: make sure your test modules/packages have valid Python names.
Traceback:
../../../.pyenv/versions/3.11.9/lib/python3.11/importlib/__init__.py:126: in import_module
    return _bootstrap._gcd_import(name[level:], package, level)
           ^^^^^^^^^^^^^^^^^^^^^^^^^^^^^^^^^^^^^^^^^^^^^^^^^^^^
E   ModuleNotFoundError: No module named 'tests.test_request_params'</error></testcase><testcase classname="" name="validation_data.repositories.fastapi_fastapi.tests.test_request_params.test_form.test_optional_str" time="0.000"><error message="collection failure">ImportError while importing test module '/home/dee/workspace/AI/Repo-Scanner/validation_data/repositories/fastapi_fastapi/tests/test_request_params/test_form/test_optional_str.py'.
Hint: make sure your test modules/packages have valid Python names.
Traceback:
../../../.pyenv/versions/3.11.9/lib/python3.11/importlib/__init__.py:126: in import_module
    return _bootstrap._gcd_import(name[level:], package, level)
           ^^^^^^^^^^^^^^^^^^^^^^^^^^^^^^^^^^^^^^^^^^^^^^^^^^^^
E   ModuleNotFoundError: No module named 'tests.test_request_params'</error></testcase><testcase classname="" name="validation_data.repositories.fastapi_fastapi.tests.test_request_params.test_form.test_required_str" time="0.000"><error message="collection failure">ImportError while importing test module '/home/dee/workspace/AI/Repo-Scanner/validation_data/repositories/fastapi_fastapi/tests/test_request_params/test_form/test_required_str.py'.
Hint: make sure your test modules/packages have valid Python names.
Traceback:
../../../.pyenv/versions/3.11.9/lib/python3.11/importlib/__init__.py:126: in import_module
    return _bootstrap._gcd_import(name[level:], package, level)
           ^^^^^^^^^^^^^^^^^^^^^^^^^^^^^^^^^^^^^^^^^^^^^^^^^^^^
E   ModuleNotFoundError: No module named 'tests.test_request_params'</error></testcase><testcase classname="" name="validation_data.repositories.fastapi_fastapi.tests.test_request_params.test_header.test_list" time="0.000"><error message="collection failure">ImportError while importing test module '/home/dee/workspace/AI/Repo-Scanner/validation_data/repositories/fastapi_fastapi/tests/test_request_params/test_header/test_list.py'.
Hint: make sure your test modules/packages have valid Python names.
Traceback:
../../../.pyenv/versions/3.11.9/lib/python3.11/importlib/__init__.py:126: in import_module
    return _bootstrap._gcd_import(name[level:], package, level)
           ^^^^^^^^^^^^^^^^^^^^^^^^^^^^^^^^^^^^^^^^^^^^^^^^^^^^
E   ModuleNotFoundError: No module named 'tests.test_request_params'</error></testcase><testcase classname="" name="validation_data.repositories.fastapi_fastapi.tests.test_request_params.test_header.test_optional_list" time="0.000"><error message="collection failure">ImportError while importing test module '/home/dee/workspace/AI/Repo-Scanner/validation_data/repositories/fastapi_fastapi/tests/test_request_params/test_header/test_optional_list.py'.
Hint: make sure your test modules/packages have valid Python names.
Traceback:
../../../.pyenv/versions/3.11.9/lib/python3.11/importlib/__init__.py:126: in import_module
    return _bootstrap._gcd_import(name[level:], package, level)
           ^^^^^^^^^^^^^^^^^^^^^^^^^^^^^^^^^^^^^^^^^^^^^^^^^^^^
E   ModuleNotFoundError: No module named 'tests.test_request_params'</error></testcase><testcase classname="" name="validation_data.repositories.fastapi_fastapi.tests.test_request_params.test_header.test_optional_str" time="0.000"><error message="collection failure">ImportError while importing test module '/home/dee/workspace/AI/Repo-Scanner/validation_data/repositories/fastapi_fastapi/tests/test_request_params/test_header/test_optional_str.py'.
Hint: make sure your test modules/packages have valid Python names.
Traceback:
../../../.pyenv/versions/3.11.9/lib/python3.11/importlib/__init__.py:126: in import_module
    return _bootstrap._gcd_import(name[level:], package, level)
           ^^^^^^^^^^^^^^^^^^^^^^^^^^^^^^^^^^^^^^^^^^^^^^^^^^^^
E   ModuleNotFoundError: No module named 'tests.test_request_params'</error></testcase><testcase classname="" name="validation_data.repositories.fastapi_fastapi.tests.test_request_params.test_header.test_required_str" time="0.000"><error message="collection failure">ImportError while importing test module '/home/dee/workspace/AI/Repo-Scanner/validation_data/repositories/fastapi_fastapi/tests/test_request_params/test_header/test_required_str.py'.
Hint: make sure your test modules/packages have valid Python names.
Traceback:
../../../.pyenv/versions/3.11.9/lib/python3.11/importlib/__init__.py:126: in import_module
    return _bootstrap._gcd_import(name[level:], package, level)
           ^^^^^^^^^^^^^^^^^^^^^^^^^^^^^^^^^^^^^^^^^^^^^^^^^^^^
E   ModuleNotFoundError: No module named 'tests.test_request_params'</error></testcase><testcase classname="" name="validation_data.repositories.fastapi_fastapi.tests.test_request_params.test_path.test_list" time="0.000"><error message="collection failure">ImportError while importing test module '/home/dee/workspace/AI/Repo-Scanner/validation_data/repositories/fastapi_fastapi/tests/test_request_params/test_path/test_list.py'.
Hint: make sure your test modules/packages have valid Python names.
Traceback:
../../../.pyenv/versions/3.11.9/lib/python3.11/importlib/__init__.py:126: in import_module
    return _bootstrap._gcd_import(name[level:], package, level)
           ^^^^^^^^^^^^^^^^^^^^^^^^^^^^^^^^^^^^^^^^^^^^^^^^^^^^
E   ModuleNotFoundError: No module named 'tests.test_request_params'</error></testcase><testcase classname="" name="validation_data.repositories.fastapi_fastapi.tests.test_request_params.test_path.test_optional_list" time="0.000"><error message="collection failure">ImportError while importing test module '/home/dee/workspace/AI/Repo-Scanner/validation_data/repositories/fastapi_fastapi/tests/test_request_params/test_path/test_optional_list.py'.
Hint: make sure your test modules/packages have valid Python names.
Traceback:
../../../.pyenv/versions/3.11.9/lib/python3.11/importlib/__init__.py:126: in import_module
    return _bootstrap._gcd_import(name[level:], package, level)
           ^^^^^^^^^^^^^^^^^^^^^^^^^^^^^^^^^^^^^^^^^^^^^^^^^^^^
E   ModuleNotFoundError: No module named 'tests.test_request_params'</error></testcase><testcase classname="" name="validation_data.repositories.fastapi_fastapi.tests.test_request_params.test_path.test_optional_str" time="0.000"><error message="collection failure">ImportError while importing test module '/home/dee/workspace/AI/Repo-Scanner/validation_data/repositories/fastapi_fastapi/tests/test_request_params/test_path/test_optional_str.py'.
Hint: make sure your test modules/packages have valid Python names.
Traceback:
../../../.pyenv/versions/3.11.9/lib/python3.11/importlib/__init__.py:126: in import_module
    return _bootstrap._gcd_import(name[level:], package, level)
           ^^^^^^^^^^^^^^^^^^^^^^^^^^^^^^^^^^^^^^^^^^^^^^^^^^^^
E   ModuleNotFoundError: No module named 'tests.test_request_params'</error></testcase><testcase classname="" name="validation_data.repositories.fastapi_fastapi.tests.test_request_params.test_path.test_required_str" time="0.000"><error message="collection failure">ImportError while importing test module '/home/dee/workspace/AI/Repo-Scanner/validation_data/repositories/fastapi_fastapi/tests/test_request_params/test_path/test_required_str.py'.
Hint: make sure your test modules/packages have valid Python names.
Traceback:
../../../.pyenv/versions/3.11.9/lib/python3.11/importlib/__init__.py:126: in import_module
    return _bootstrap._gcd_import(name[level:], package, level)
           ^^^^^^^^^^^^^^^^^^^^^^^^^^^^^^^^^^^^^^^^^^^^^^^^^^^^
E   ModuleNotFoundError: No module named 'tests.test_request_params'</error></testcase><testcase classname="" name="validation_data.repositories.fastapi_fastapi.tests.test_request_params.test_query.test_list" time="0.000"><error message="collection failure">ImportError while importing test module '/home/dee/workspace/AI/Repo-Scanner/validation_data/repositories/fastapi_fastapi/tests/test_request_params/test_query/test_list.py'.
Hint: make sure your test modules/packages have valid Python names.
Traceback:
../../../.pyenv/versions/3.11.9/lib/python3.11/importlib/__init__.py:126: in import_module
    return _bootstrap._gcd_import(name[level:], package, level)
           ^^^^^^^^^^^^^^^^^^^^^^^^^^^^^^^^^^^^^^^^^^^^^^^^^^^^
E   ModuleNotFoundError: No module named 'tests.test_request_params'</error></testcase><testcase classname="" name="validation_data.repositories.fastapi_fastapi.tests.test_request_params.test_query.test_optional_list" time="0.000"><error message="collection failure">ImportError while importing test module '/home/dee/workspace/AI/Repo-Scanner/validation_data/repositories/fastapi_fastapi/tests/test_request_params/test_query/test_optional_list.py'.
Hint: make sure your test modules/packages have valid Python names.
Traceback:
../../../.pyenv/versions/3.11.9/lib/python3.11/importlib/__init__.py:126: in import_module
    return _bootstrap._gcd_import(name[level:], package, level)
           ^^^^^^^^^^^^^^^^^^^^^^^^^^^^^^^^^^^^^^^^^^^^^^^^^^^^
E   ModuleNotFoundError: No module named 'tests.test_request_params'</error></testcase><testcase classname="" name="validation_data.repositories.fastapi_fastapi.tests.test_request_params.test_query.test_optional_str" time="0.000"><error message="collection failure">ImportError while importing test module '/home/dee/workspace/AI/Repo-Scanner/validation_data/repositories/fastapi_fastapi/tests/test_request_params/test_query/test_optional_str.py'.
Hint: make sure your test modules/packages have valid Python names.
Traceback:
../../../.pyenv/versions/3.11.9/lib/python3.11/importlib/__init__.py:126: in import_module
    return _bootstrap._gcd_import(name[level:], package, level)
           ^^^^^^^^^^^^^^^^^^^^^^^^^^^^^^^^^^^^^^^^^^^^^^^^^^^^
E   ModuleNotFoundError: No module named 'tests.test_request_params'</error></testcase><testcase classname="" name="validation_data.repositories.fastapi_fastapi.tests.test_request_params.test_query.test_required_str" time="0.000"><error message="collection failure">ImportError while importing test module '/home/dee/workspace/AI/Repo-Scanner/validation_data/repositories/fastapi_fastapi/tests/test_request_params/test_query/test_required_str.py'.
Hint: make sure your test modules/packages have valid Python names.
Traceback:
../../../.pyenv/versions/3.11.9/lib/python3.11/importlib/__init__.py:126: in import_module
    return _bootstrap._gcd_import(name[level:], package, level)
           ^^^^^^^^^^^^^^^^^^^^^^^^^^^^^^^^^^^^^^^^^^^^^^^^^^^^
E   ModuleNotFoundError: No module named 'tests.test_request_params'</error></testcase><testcase classname="" name="validation_data.repositories.fastapi_fastapi.tests.test_required_noneable" time="0.000"><error message="collection failure">ImportError while importing test module '/home/dee/workspace/AI/Repo-Scanner/validation_data/repositories/fastapi_fastapi/tests/test_required_noneable.py'.
Hint: make sure your test modules/packages have valid Python names.
Traceback:
../../../.pyenv/versions/3.11.9/lib/python3.11/importlib/__init__.py:126: in import_module
    return _bootstrap._gcd_import(name[level:], package, level)
           ^^^^^^^^^^^^^^^^^^^^^^^^^^^^^^^^^^^^^^^^^^^^^^^^^^^^
E   ModuleNotFoundError: No module named 'tests.test_required_noneable'</error></testcase><testcase classname="" name="validation_data.repositories.fastapi_fastapi.tests.test_response_by_alias" time="0.000"><error message="collection failure">ImportError while importing test module '/home/dee/workspace/AI/Repo-Scanner/validation_data/repositories/fastapi_fastapi/tests/test_response_by_alias.py'.
Hint: make sure your test modules/packages have valid Python names.
Traceback:
../../../.pyenv/versions/3.11.9/lib/python3.11/importlib/__init__.py:126: in import_module
    return _bootstrap._gcd_import(name[level:], package, level)
           ^^^^^^^^^^^^^^^^^^^^^^^^^^^^^^^^^^^^^^^^^^^^^^^^^^^^
E   ModuleNotFoundError: No module named 'tests.test_response_by_alias'</error></testcase><testcase classname="" name="validation_data.repositories.fastapi_fastapi.tests.test_response_change_status_code" time="0.000"><error message="collection failure">ImportError while importing test module '/home/dee/workspace/AI/Repo-Scanner/validation_data/repositories/fastapi_fastapi/tests/test_response_change_status_code.py'.
Hint: make sure your test modules/packages have valid Python names.
Traceback:
../../../.pyenv/versions/3.11.9/lib/python3.11/importlib/__init__.py:126: in import_module
    return _bootstrap._gcd_import(name[level:], package, level)
           ^^^^^^^^^^^^^^^^^^^^^^^^^^^^^^^^^^^^^^^^^^^^^^^^^^^^
E   ModuleNotFoundError: No module named 'tests.test_response_change_status_code'</error></testcase><testcase classname="" name="validation_data.repositories.fastapi_fastapi.tests.test_response_class_no_mediatype" time="0.000"><error message="collection failure">ImportError while importing test module '/home/dee/workspace/AI/Repo-Scanner/validation_data/repositories/fastapi_fastapi/tests/test_response_class_no_mediatype.py'.
Hint: make sure your test modules/packages have valid Python names.
Traceback:
../../../.pyenv/versions/3.11.9/lib/python3.11/importlib/__init__.py:126: in import_module
    return _bootstrap._gcd_import(name[level:], package, level)
           ^^^^^^^^^^^^^^^^^^^^^^^^^^^^^^^^^^^^^^^^^^^^^^^^^^^^
E   ModuleNotFoundError: No module named 'tests.test_response_class_no_mediatype'</error></testcase><testcase classname="" name="validation_data.repositories.fastapi_fastapi.tests.test_response_code_no_body" time="0.000"><error message="collection failure">ImportError while importing test module '/home/dee/workspace/AI/Repo-Scanner/validation_data/repositories/fastapi_fastapi/tests/test_response_code_no_body.py'.
Hint: make sure your test modules/packages have valid Python names.
Traceback:
../../../.pyenv/versions/3.11.9/lib/python3.11/importlib/__init__.py:126: in import_module
    return _bootstrap._gcd_import(name[level:], package, level)
           ^^^^^^^^^^^^^^^^^^^^^^^^^^^^^^^^^^^^^^^^^^^^^^^^^^^^
E   ModuleNotFoundError: No module named 'tests.test_response_code_no_body'</error></testcase><testcase classname="" name="validation_data.repositories.fastapi_fastapi.tests.test_response_model_as_return_annotation" time="0.000"><error message="collection failure">ImportError while importing test module '/home/dee/workspace/AI/Repo-Scanner/validation_data/repositories/fastapi_fastapi/tests/test_response_model_as_return_annotation.py'.
Hint: make sure your test modules/packages have valid Python names.
Traceback:
../../../.pyenv/versions/3.11.9/lib/python3.11/importlib/__init__.py:126: in import_module
    return _bootstrap._gcd_import(name[level:], package, level)
           ^^^^^^^^^^^^^^^^^^^^^^^^^^^^^^^^^^^^^^^^^^^^^^^^^^^^
E   ModuleNotFoundError: No module named 'tests.test_response_model_as_return_annotation'</error></testcase><testcase classname="" name="validation_data.repositories.fastapi_fastapi.tests.test_response_model_data_filter" time="0.000"><error message="collection failure">ImportError while importing test module '/home/dee/workspace/AI/Repo-Scanner/validation_data/repositories/fastapi_fastapi/tests/test_response_model_data_filter.py'.
Hint: make sure your test modules/packages have valid Python names.
Traceback:
../../../.pyenv/versions/3.11.9/lib/python3.11/importlib/__init__.py:126: in import_module
    return _bootstrap._gcd_import(name[level:], package, level)
           ^^^^^^^^^^^^^^^^^^^^^^^^^^^^^^^^^^^^^^^^^^^^^^^^^^^^
E   ModuleNotFoundError: No module named 'tests.test_response_model_data_filter'</error></testcase><testcase classname="" name="validation_data.repositories.fastapi_fastapi.tests.test_response_model_data_filter_no_inheritance" time="0.000"><error message="collection failure">ImportError while importing test module '/home/dee/workspace/AI/Repo-Scanner/validation_data/repositories/fastapi_fastapi/tests/test_response_model_data_filter_no_inheritance.py'.
Hint: make sure your test modules/packages have valid Python names.
Traceback:
../../../.pyenv/versions/3.11.9/lib/python3.11/importlib/__init__.py:126: in import_module
    return _bootstrap._gcd_import(name[level:], package, level)
           ^^^^^^^^^^^^^^^^^^^^^^^^^^^^^^^^^^^^^^^^^^^^^^^^^^^^
E   ModuleNotFoundError: No module named 'tests.test_response_model_data_filter_no_inheritance'</error></testcase><testcase classname="" name="validation_data.repositories.fastapi_fastapi.tests.test_response_model_default_factory" time="0.000"><error message="collection failure">ImportError while importing test module '/home/dee/workspace/AI/Repo-Scanner/validation_data/repositories/fastapi_fastapi/tests/test_response_model_default_factory.py'.
Hint: make sure your test modules/packages have valid Python names.
Traceback:
../../../.pyenv/versions/3.11.9/lib/python3.11/importlib/__init__.py:126: in import_module
    return _bootstrap._gcd_import(name[level:], package, level)
           ^^^^^^^^^^^^^^^^^^^^^^^^^^^^^^^^^^^^^^^^^^^^^^^^^^^^
E   ModuleNotFoundError: No module named 'tests.test_response_model_default_factory'</error></testcase><testcase classname="" name="validation_data.repositories.fastapi_fastapi.tests.test_response_model_include_exclude" time="0.000"><error message="collection failure">ImportError while importing test module '/home/dee/workspace/AI/Repo-Scanner/validation_data/repositories/fastapi_fastapi/tests/test_response_model_include_exclude.py'.
Hint: make sure your test modules/packages have valid Python names.
Traceback:
../../../.pyenv/versions/3.11.9/lib/python3.11/importlib/__init__.py:126: in import_module
    return _bootstrap._gcd_import(name[level:], package, level)
           ^^^^^^^^^^^^^^^^^^^^^^^^^^^^^^^^^^^^^^^^^^^^^^^^^^^^
E   ModuleNotFoundError: No module named 'tests.test_response_model_include_exclude'</error></testcase><testcase classname="" name="validation_data.repositories.fastapi_fastapi.tests.test_response_model_invalid" time="0.000"><error message="collection failure">ImportError while importing test module '/home/dee/workspace/AI/Repo-Scanner/validation_data/repositories/fastapi_fastapi/tests/test_response_model_invalid.py'.
Hint: make sure your test modules/packages have valid Python names.
Traceback:
../../../.pyenv/versions/3.11.9/lib/python3.11/importlib/__init__.py:126: in import_module
    return _bootstrap._gcd_import(name[level:], package, level)
           ^^^^^^^^^^^^^^^^^^^^^^^^^^^^^^^^^^^^^^^^^^^^^^^^^^^^
E   ModuleNotFoundError: No module named 'tests.test_response_model_invalid'</error></testcase><testcase classname="" name="validation_data.repositories.fastapi_fastapi.tests.test_response_model_sub_types" time="0.000"><error message="collection failure">ImportError while importing test module '/home/dee/workspace/AI/Repo-Scanner/validation_data/repositories/fastapi_fastapi/tests/test_response_model_sub_types.py'.
Hint: make sure your test modules/packages have valid Python names.
Traceback:
../../../.pyenv/versions/3.11.9/lib/python3.11/importlib/__init__.py:126: in import_module
    return _bootstrap._gcd_import(name[level:], package, level)
           ^^^^^^^^^^^^^^^^^^^^^^^^^^^^^^^^^^^^^^^^^^^^^^^^^^^^
E   ModuleNotFoundError: No module named 'tests.test_response_model_sub_types'</error></testcase><testcase classname="" name="validation_data.repositories.fastapi_fastapi.tests.test_return_none_stringified_annotations" time="0.000"><error message="collection failure">ImportError while importing test module '/home/dee/workspace/AI/Repo-Scanner/validation_data/repositories/fastapi_fastapi/tests/test_return_none_stringified_annotations.py'.
Hint: make sure your test modules/packages have valid Python names.
Traceback:
../../../.pyenv/versions/3.11.9/lib/python3.11/importlib/__init__.py:126: in import_module
    return _bootstrap._gcd_import(name[level:], package, level)
           ^^^^^^^^^^^^^^^^^^^^^^^^^^^^^^^^^^^^^^^^^^^^^^^^^^^^
E   ModuleNotFoundError: No module named 'tests.test_return_none_stringified_annotations'</error></testcase><testcase classname="" name="validation_data.repositories.fastapi_fastapi.tests.test_route_scope" time="0.000"><error message="collection failure">ImportError while importing test module '/home/dee/workspace/AI/Repo-Scanner/validation_data/repositories/fastapi_fastapi/tests/test_route_scope.py'.
Hint: make sure your test modules/packages have valid Python names.
Traceback:
../../../.pyenv/versions/3.11.9/lib/python3.11/importlib/__init__.py:126: in import_module
    return _bootstrap._gcd_import(name[level:], package, level)
           ^^^^^^^^^^^^^^^^^^^^^^^^^^^^^^^^^^^^^^^^^^^^^^^^^^^^
E   ModuleNotFoundError: No module named 'tests.test_route_scope'</error></testcase><testcase classname="" name="validation_data.repositories.fastapi_fastapi.tests.test_router_events" time="0.000"><error message="collection failure">ImportError while importing test module '/home/dee/workspace/AI/Repo-Scanner/validation_data/repositories/fastapi_fastapi/tests/test_router_events.py'.
Hint: make sure your test modules/packages have valid Python names.
Traceback:
../../../.pyenv/versions/3.11.9/lib/python3.11/importlib/__init__.py:126: in import_module
    return _bootstrap._gcd_import(name[level:], package, level)
           ^^^^^^^^^^^^^^^^^^^^^^^^^^^^^^^^^^^^^^^^^^^^^^^^^^^^
E   ModuleNotFoundError: No module named 'tests.test_router_events'</error></testcase><testcase classname="" name="validation_data.repositories.fastapi_fastapi.tests.test_router_prefix_with_template" time="0.000"><error message="collection failure">ImportError while importing test module '/home/dee/workspace/AI/Repo-Scanner/validation_data/repositories/fastapi_fastapi/tests/test_router_prefix_with_template.py'.
Hint: make sure your test modules/packages have valid Python names.
Traceback:
../../../.pyenv/versions/3.11.9/lib/python3.11/importlib/__init__.py:126: in import_module
    return _bootstrap._gcd_import(name[level:], package, level)
           ^^^^^^^^^^^^^^^^^^^^^^^^^^^^^^^^^^^^^^^^^^^^^^^^^^^^
E   ModuleNotFoundError: No module named 'tests.test_router_prefix_with_template'</error></testcase><testcase classname="" name="validation_data.repositories.fastapi_fastapi.tests.test_router_redirect_slashes" time="0.000"><error message="collection failure">ImportError while importing test module '/home/dee/workspace/AI/Repo-Scanner/validation_data/repositories/fastapi_fastapi/tests/test_router_redirect_slashes.py'.
Hint: make sure your test modules/packages have valid Python names.
Traceback:
../../../.pyenv/versions/3.11.9/lib/python3.11/importlib/__init__.py:126: in import_module
    return _bootstrap._gcd_import(name[level:], package, level)
           ^^^^^^^^^^^^^^^^^^^^^^^^^^^^^^^^^^^^^^^^^^^^^^^^^^^^
E   ModuleNotFoundError: No module named 'tests.test_router_redirect_slashes'</error></testcase><testcase classname="" name="validation_data.repositories.fastapi_fastapi.tests.test_schema_compat_pydantic_v2" time="0.000"><error message="collection failure">ImportError while importing test module '/home/dee/workspace/AI/Repo-Scanner/validation_data/repositories/fastapi_fastapi/tests/test_schema_compat_pydantic_v2.py'.
Hint: make sure your test modules/packages have valid Python names.
Traceback:
../../../.pyenv/versions/3.11.9/lib/python3.11/importlib/__init__.py:126: in import_module
    return _bootstrap._gcd_import(name[level:], package, level)
           ^^^^^^^^^^^^^^^^^^^^^^^^^^^^^^^^^^^^^^^^^^^^^^^^^^^^
E   ModuleNotFoundError: No module named 'tests.test_schema_compat_pydantic_v2'</error></testcase><testcase classname="" name="validation_data.repositories.fastapi_fastapi.tests.test_schema_extra_examples" time="0.000"><error message="collection failure">ImportError while importing test module '/home/dee/workspace/AI/Repo-Scanner/validation_data/repositories/fastapi_fastapi/tests/test_schema_extra_examples.py'.
Hint: make sure your test modules/packages have valid Python names.
Traceback:
../../../.pyenv/versions/3.11.9/lib/python3.11/importlib/__init__.py:126: in import_module
    return _bootstrap._gcd_import(name[level:], package, level)
           ^^^^^^^^^^^^^^^^^^^^^^^^^^^^^^^^^^^^^^^^^^^^^^^^^^^^
E   ModuleNotFoundError: No module named 'tests.test_schema_extra_examples'</error></testcase><testcase classname="" name="validation_data.repositories.fastapi_fastapi.tests.test_schema_ref_pydantic_v2" time="0.000"><error message="collection failure">ImportError while importing test module '/home/dee/workspace/AI/Repo-Scanner/validation_data/repositories/fastapi_fastapi/tests/test_schema_ref_pydantic_v2.py'.
Hint: make sure your test modules/packages have valid Python names.
Traceback:
../../../.pyenv/versions/3.11.9/lib/python3.11/importlib/__init__.py:126: in import_module
    return _bootstrap._gcd_import(name[level:], package, level)
           ^^^^^^^^^^^^^^^^^^^^^^^^^^^^^^^^^^^^^^^^^^^^^^^^^^^^
E   ModuleNotFoundError: No module named 'tests.test_schema_ref_pydantic_v2'</error></testcase><testcase classname="" name="validation_data.repositories.fastapi_fastapi.tests.test_security_api_key_cookie" time="0.000"><error message="collection failure">ImportError while importing test module '/home/dee/workspace/AI/Repo-Scanner/validation_data/repositories/fastapi_fastapi/tests/test_security_api_key_cookie.py'.
Hint: make sure your test modules/packages have valid Python names.
Traceback:
../../../.pyenv/versions/3.11.9/lib/python3.11/importlib/__init__.py:126: in import_module
    return _bootstrap._gcd_import(name[level:], package, level)
           ^^^^^^^^^^^^^^^^^^^^^^^^^^^^^^^^^^^^^^^^^^^^^^^^^^^^
E   ModuleNotFoundError: No module named 'tests.test_security_api_key_cookie'</error></testcase><testcase classname="" name="validation_data.repositories.fastapi_fastapi.tests.test_security_api_key_cookie_description" time="0.000"><error message="collection failure">ImportError while importing test module '/home/dee/workspace/AI/Repo-Scanner/validation_data/repositories/fastapi_fastapi/tests/test_security_api_key_cookie_description.py'.
Hint: make sure your test modules/packages have valid Python names.
Traceback:
../../../.pyenv/versions/3.11.9/lib/python3.11/importlib/__init__.py:126: in import_module
    return _bootstrap._gcd_import(name[level:], package, level)
           ^^^^^^^^^^^^^^^^^^^^^^^^^^^^^^^^^^^^^^^^^^^^^^^^^^^^
E   ModuleNotFoundError: No module named 'tests.test_security_api_key_cookie_description'</error></testcase><testcase classname="" name="validation_data.repositories.fastapi_fastapi.tests.test_security_api_key_cookie_optional" time="0.000"><error message="collection failure">ImportError while importing test module '/home/dee/workspace/AI/Repo-Scanner/validation_data/repositories/fastapi_fastapi/tests/test_security_api_key_cookie_optional.py'.
Hint: make sure your test modules/packages have valid Python names.
Traceback:
../../../.pyenv/versions/3.11.9/lib/python3.11/importlib/__init__.py:126: in import_module
    return _bootstrap._gcd_import(name[level:], package, level)
           ^^^^^^^^^^^^^^^^^^^^^^^^^^^^^^^^^^^^^^^^^^^^^^^^^^^^
E   ModuleNotFoundError: No module named 'tests.test_security_api_key_cookie_optional'</error></testcase><testcase classname="" name="validation_data.repositories.fastapi_fastapi.tests.test_security_api_key_header" time="0.000"><error message="collection failure">ImportError while importing test module '/home/dee/workspace/AI/Repo-Scanner/validation_data/repositories/fastapi_fastapi/tests/test_security_api_key_header.py'.
Hint: make sure your test modules/packages have valid Python names.
Traceback:
../../../.pyenv/versions/3.11.9/lib/python3.11/importlib/__init__.py:126: in import_module
    return _bootstrap._gcd_import(name[level:], package, level)
           ^^^^^^^^^^^^^^^^^^^^^^^^^^^^^^^^^^^^^^^^^^^^^^^^^^^^
E   ModuleNotFoundError: No module named 'tests.test_security_api_key_header'</error></testcase><testcase classname="" name="validation_data.repositories.fastapi_fastapi.tests.test_security_api_key_header_description" time="0.000"><error message="collection failure">ImportError while importing test module '/home/dee/workspace/AI/Repo-Scanner/validation_data/repositories/fastapi_fastapi/tests/test_security_api_key_header_description.py'.
Hint: make sure your test modules/packages have valid Python names.
Traceback:
../../../.pyenv/versions/3.11.9/lib/python3.11/importlib/__init__.py:126: in import_module
    return _bootstrap._gcd_import(name[level:], package, level)
           ^^^^^^^^^^^^^^^^^^^^^^^^^^^^^^^^^^^^^^^^^^^^^^^^^^^^
E   ModuleNotFoundError: No module named 'tests.test_security_api_key_header_description'</error></testcase><testcase classname="" name="validation_data.repositories.fastapi_fastapi.tests.test_security_api_key_header_optional" time="0.000"><error message="collection failure">ImportError while importing test module '/home/dee/workspace/AI/Repo-Scanner/validation_data/repositories/fastapi_fastapi/tests/test_security_api_key_header_optional.py'.
Hint: make sure your test modules/packages have valid Python names.
Traceback:
../../../.pyenv/versions/3.11.9/lib/python3.11/importlib/__init__.py:126: in import_module
    return _bootstrap._gcd_import(name[level:], package, level)
           ^^^^^^^^^^^^^^^^^^^^^^^^^^^^^^^^^^^^^^^^^^^^^^^^^^^^
E   ModuleNotFoundError: No module named 'tests.test_security_api_key_header_optional'</error></testcase><testcase classname="" name="validation_data.repositories.fastapi_fastapi.tests.test_security_api_key_query" time="0.000"><error message="collection failure">ImportError while importing test module '/home/dee/workspace/AI/Repo-Scanner/validation_data/repositories/fastapi_fastapi/tests/test_security_api_key_query.py'.
Hint: make sure your test modules/packages have valid Python names.
Traceback:
../../../.pyenv/versions/3.11.9/lib/python3.11/importlib/__init__.py:126: in import_module
    return _bootstrap._gcd_import(name[level:], package, level)
           ^^^^^^^^^^^^^^^^^^^^^^^^^^^^^^^^^^^^^^^^^^^^^^^^^^^^
E   ModuleNotFoundError: No module named 'tests.test_security_api_key_query'</error></testcase><testcase classname="" name="validation_data.repositories.fastapi_fastapi.tests.test_security_api_key_query_description" time="0.000"><error message="collection failure">ImportError while importing test module '/home/dee/workspace/AI/Repo-Scanner/validation_data/repositories/fastapi_fastapi/tests/test_security_api_key_query_description.py'.
Hint: make sure your test modules/packages have valid Python names.
Traceback:
../../../.pyenv/versions/3.11.9/lib/python3.11/importlib/__init__.py:126: in import_module
    return _bootstrap._gcd_import(name[level:], package, level)
           ^^^^^^^^^^^^^^^^^^^^^^^^^^^^^^^^^^^^^^^^^^^^^^^^^^^^
E   ModuleNotFoundError: No module named 'tests.test_security_api_key_query_description'</error></testcase><testcase classname="" name="validation_data.repositories.fastapi_fastapi.tests.test_security_api_key_query_optional" time="0.000"><error message="collection failure">ImportError while importing test module '/home/dee/workspace/AI/Repo-Scanner/validation_data/repositories/fastapi_fastapi/tests/test_security_api_key_query_optional.py'.
Hint: make sure your test modules/packages have valid Python names.
Traceback:
../../../.pyenv/versions/3.11.9/lib/python3.11/importlib/__init__.py:126: in import_module
    return _bootstrap._gcd_import(name[level:], package, level)
           ^^^^^^^^^^^^^^^^^^^^^^^^^^^^^^^^^^^^^^^^^^^^^^^^^^^^
E   ModuleNotFoundError: No module named 'tests.test_security_api_key_query_optional'</error></testcase><testcase classname="" name="validation_data.repositories.fastapi_fastapi.tests.test_security_http_base" time="0.000"><error message="collection failure">ImportError while importing test module '/home/dee/workspace/AI/Repo-Scanner/validation_data/repositories/fastapi_fastapi/tests/test_security_http_base.py'.
Hint: make sure your test modules/packages have valid Python names.
Traceback:
../../../.pyenv/versions/3.11.9/lib/python3.11/importlib/__init__.py:126: in import_module
    return _bootstrap._gcd_import(name[level:], package, level)
           ^^^^^^^^^^^^^^^^^^^^^^^^^^^^^^^^^^^^^^^^^^^^^^^^^^^^
E   ModuleNotFoundError: No module named 'tests.test_security_http_base'</error></testcase><testcase classname="" name="validation_data.repositories.fastapi_fastapi.tests.test_security_http_base_description" time="0.000"><error message="collection failure">ImportError while importing test module '/home/dee/workspace/AI/Repo-Scanner/validation_data/repositories/fastapi_fastapi/tests/test_security_http_base_description.py'.
Hint: make sure your test modules/packages have valid Python names.
Traceback:
../../../.pyenv/versions/3.11.9/lib/python3.11/importlib/__init__.py:126: in import_module
    return _bootstrap._gcd_import(name[level:], package, level)
           ^^^^^^^^^^^^^^^^^^^^^^^^^^^^^^^^^^^^^^^^^^^^^^^^^^^^
E   ModuleNotFoundError: No module named 'tests.test_security_http_base_description'</error></testcase><testcase classname="" name="validation_data.repositories.fastapi_fastapi.tests.test_security_http_base_optional" time="0.000"><error message="collection failure">ImportError while importing test module '/home/dee/workspace/AI/Repo-Scanner/validation_data/repositories/fastapi_fastapi/tests/test_security_http_base_optional.py'.
Hint: make sure your test modules/packages have valid Python names.
Traceback:
../../../.pyenv/versions/3.11.9/lib/python3.11/importlib/__init__.py:126: in import_module
    return _bootstrap._gcd_import(name[level:], package, level)
           ^^^^^^^^^^^^^^^^^^^^^^^^^^^^^^^^^^^^^^^^^^^^^^^^^^^^
E   ModuleNotFoundError: No module named 'tests.test_security_http_base_optional'</error></testcase><testcase classname="" name="validation_data.repositories.fastapi_fastapi.tests.test_security_http_basic_optional" time="0.000"><error message="collection failure">ImportError while importing test module '/home/dee/workspace/AI/Repo-Scanner/validation_data/repositories/fastapi_fastapi/tests/test_security_http_basic_optional.py'.
Hint: make sure your test modules/packages have valid Python names.
Traceback:
../../../.pyenv/versions/3.11.9/lib/python3.11/importlib/__init__.py:126: in import_module
    return _bootstrap._gcd_import(name[level:], package, level)
           ^^^^^^^^^^^^^^^^^^^^^^^^^^^^^^^^^^^^^^^^^^^^^^^^^^^^
E   ModuleNotFoundError: No module named 'tests.test_security_http_basic_optional'</error></testcase><testcase classname="" name="validation_data.repositories.fastapi_fastapi.tests.test_security_http_basic_realm" time="0.000"><error message="collection failure">ImportError while importing test module '/home/dee/workspace/AI/Repo-Scanner/validation_data/repositories/fastapi_fastapi/tests/test_security_http_basic_realm.py'.
Hint: make sure your test modules/packages have valid Python names.
Traceback:
../../../.pyenv/versions/3.11.9/lib/python3.11/importlib/__init__.py:126: in import_module
    return _bootstrap._gcd_import(name[level:], package, level)
           ^^^^^^^^^^^^^^^^^^^^^^^^^^^^^^^^^^^^^^^^^^^^^^^^^^^^
E   ModuleNotFoundError: No module named 'tests.test_security_http_basic_realm'</error></testcase><testcase classname="" name="validation_data.repositories.fastapi_fastapi.tests.test_security_http_basic_realm_description" time="0.000"><error message="collection failure">ImportError while importing test module '/home/dee/workspace/AI/Repo-Scanner/validation_data/repositories/fastapi_fastapi/tests/test_security_http_basic_realm_description.py'.
Hint: make sure your test modules/packages have valid Python names.
Traceback:
../../../.pyenv/versions/3.11.9/lib/python3.11/importlib/__init__.py:126: in import_module
    return _bootstrap._gcd_import(name[level:], package, level)
           ^^^^^^^^^^^^^^^^^^^^^^^^^^^^^^^^^^^^^^^^^^^^^^^^^^^^
E   ModuleNotFoundError: No module named 'tests.test_security_http_basic_realm_description'</error></testcase><testcase classname="" name="validation_data.repositories.fastapi_fastapi.tests.test_security_http_bearer" time="0.000"><error message="collection failure">ImportError while importing test module '/home/dee/workspace/AI/Repo-Scanner/validation_data/repositories/fastapi_fastapi/tests/test_security_http_bearer.py'.
Hint: make sure your test modules/packages have valid Python names.
Traceback:
../../../.pyenv/versions/3.11.9/lib/python3.11/importlib/__init__.py:126: in import_module
    return _bootstrap._gcd_import(name[level:], package, level)
           ^^^^^^^^^^^^^^^^^^^^^^^^^^^^^^^^^^^^^^^^^^^^^^^^^^^^
E   ModuleNotFoundError: No module named 'tests.test_security_http_bearer'</error></testcase><testcase classname="" name="validation_data.repositories.fastapi_fastapi.tests.test_security_http_bearer_description" time="0.000"><error message="collection failure">ImportError while importing test module '/home/dee/workspace/AI/Repo-Scanner/validation_data/repositories/fastapi_fastapi/tests/test_security_http_bearer_description.py'.
Hint: make sure your test modules/packages have valid Python names.
Traceback:
../../../.pyenv/versions/3.11.9/lib/python3.11/importlib/__init__.py:126: in import_module
    return _bootstrap._gcd_import(name[level:], package, level)
           ^^^^^^^^^^^^^^^^^^^^^^^^^^^^^^^^^^^^^^^^^^^^^^^^^^^^
E   ModuleNotFoundError: No module named 'tests.test_security_http_bearer_description'</error></testcase><testcase classname="" name="validation_data.repositories.fastapi_fastapi.tests.test_security_http_bearer_optional" time="0.000"><error message="collection failure">ImportError while importing test module '/home/dee/workspace/AI/Repo-Scanner/validation_data/repositories/fastapi_fastapi/tests/test_security_http_bearer_optional.py'.
Hint: make sure your test modules/packages have valid Python names.
Traceback:
../../../.pyenv/versions/3.11.9/lib/python3.11/importlib/__init__.py:126: in import_module
    return _bootstrap._gcd_import(name[level:], package, level)
           ^^^^^^^^^^^^^^^^^^^^^^^^^^^^^^^^^^^^^^^^^^^^^^^^^^^^
E   ModuleNotFoundError: No module named 'tests.test_security_http_bearer_optional'</error></testcase><testcase classname="" name="validation_data.repositories.fastapi_fastapi.tests.test_security_http_digest" time="0.000"><error message="collection failure">ImportError while importing test module '/home/dee/workspace/AI/Repo-Scanner/validation_data/repositories/fastapi_fastapi/tests/test_security_http_digest.py'.
Hint: make sure your test modules/packages have valid Python names.
Traceback:
../../../.pyenv/versions/3.11.9/lib/python3.11/importlib/__init__.py:126: in import_module
    return _bootstrap._gcd_import(name[level:], package, level)
           ^^^^^^^^^^^^^^^^^^^^^^^^^^^^^^^^^^^^^^^^^^^^^^^^^^^^
E   ModuleNotFoundError: No module named 'tests.test_security_http_digest'</error></testcase><testcase classname="" name="validation_data.repositories.fastapi_fastapi.tests.test_security_http_digest_description" time="0.000"><error message="collection failure">ImportError while importing test module '/home/dee/workspace/AI/Repo-Scanner/validation_data/repositories/fastapi_fastapi/tests/test_security_http_digest_description.py'.
Hint: make sure your test modules/packages have valid Python names.
Traceback:
../../../.pyenv/versions/3.11.9/lib/python3.11/importlib/__init__.py:126: in import_module
    return _bootstrap._gcd_import(name[level:], package, level)
           ^^^^^^^^^^^^^^^^^^^^^^^^^^^^^^^^^^^^^^^^^^^^^^^^^^^^
E   ModuleNotFoundError: No module named 'tests.test_security_http_digest_description'</error></testcase><testcase classname="" name="validation_data.repositories.fastapi_fastapi.tests.test_security_http_digest_optional" time="0.000"><error message="collection failure">ImportError while importing test module '/home/dee/workspace/AI/Repo-Scanner/validation_data/repositories/fastapi_fastapi/tests/test_security_http_digest_optional.py'.
Hint: make sure your test modules/packages have valid Python names.
Traceback:
../../../.pyenv/versions/3.11.9/lib/python3.11/importlib/__init__.py:126: in import_module
    return _bootstrap._gcd_import(name[level:], package, level)
           ^^^^^^^^^^^^^^^^^^^^^^^^^^^^^^^^^^^^^^^^^^^^^^^^^^^^
E   ModuleNotFoundError: No module named 'tests.test_security_http_digest_optional'</error></testcase><testcase classname="" name="validation_data.repositories.fastapi_fastapi.tests.test_security_oauth2" time="0.000"><error message="collection failure">ImportError while importing test module '/home/dee/workspace/AI/Repo-Scanner/validation_data/repositories/fastapi_fastapi/tests/test_security_oauth2.py'.
Hint: make sure your test modules/packages have valid Python names.
Traceback:
../../../.pyenv/versions/3.11.9/lib/python3.11/importlib/__init__.py:126: in import_module
    return _bootstrap._gcd_import(name[level:], package, level)
           ^^^^^^^^^^^^^^^^^^^^^^^^^^^^^^^^^^^^^^^^^^^^^^^^^^^^
E   ModuleNotFoundError: No module named 'tests.test_security_oauth2'</error></testcase><testcase classname="" name="validation_data.repositories.fastapi_fastapi.tests.test_security_oauth2_authorization_code_bearer" time="0.000"><error message="collection failure">ImportError while importing test module '/home/dee/workspace/AI/Repo-Scanner/validation_data/repositories/fastapi_fastapi/tests/test_security_oauth2_authorization_code_bearer.py'.
Hint: make sure your test modules/packages have valid Python names.
Traceback:
../../../.pyenv/versions/3.11.9/lib/python3.11/importlib/__init__.py:126: in import_module
    return _bootstrap._gcd_import(name[level:], package, level)
           ^^^^^^^^^^^^^^^^^^^^^^^^^^^^^^^^^^^^^^^^^^^^^^^^^^^^
E   ModuleNotFoundError: No module named 'tests.test_security_oauth2_authorization_code_bearer'</error></testcase><testcase classname="" name="validation_data.repositories.fastapi_fastapi.tests.test_security_oauth2_authorization_code_bearer_description" time="0.000"><error message="collection failure">ImportError while importing test module '/home/dee/workspace/AI/Repo-Scanner/validation_data/repositories/fastapi_fastapi/tests/test_security_oauth2_authorization_code_bearer_description.py'.
Hint: make sure your test modules/packages have valid Python names.
Traceback:
../../../.pyenv/versions/3.11.9/lib/python3.11/importlib/__init__.py:126: in import_module
    return _bootstrap._gcd_import(name[level:], package, level)
           ^^^^^^^^^^^^^^^^^^^^^^^^^^^^^^^^^^^^^^^^^^^^^^^^^^^^
E   ModuleNotFoundError: No module named 'tests.test_security_oauth2_authorization_code_bearer_description'</error></testcase><testcase classname="" name="validation_data.repositories.fastapi_fastapi.tests.test_security_oauth2_authorization_code_bearer_scopes_openapi" time="0.000"><error message="collection failure">ImportError while importing test module '/home/dee/workspace/AI/Repo-Scanner/validation_data/repositories/fastapi_fastapi/tests/test_security_oauth2_authorization_code_bearer_scopes_openapi.py'.
Hint: make sure your test modules/packages have valid Python names.
Traceback:
../../../.pyenv/versions/3.11.9/lib/python3.11/importlib/__init__.py:126: in import_module
    return _bootstrap._gcd_import(name[level:], package, level)
           ^^^^^^^^^^^^^^^^^^^^^^^^^^^^^^^^^^^^^^^^^^^^^^^^^^^^
E   ModuleNotFoundError: No module named 'tests.test_security_oauth2_authorization_code_bearer_scopes_openapi'</error></testcase><testcase classname="" name="validation_data.repositories.fastapi_fastapi.tests.test_security_oauth2_authorization_code_bearer_scopes_openapi_simple" time="0.000"><error message="collection failure">ImportError while importing test module '/home/dee/workspace/AI/Repo-Scanner/validation_data/repositories/fastapi_fastapi/tests/test_security_oauth2_authorization_code_bearer_scopes_openapi_simple.py'.
Hint: make sure your test modules/packages have valid Python names.
Traceback:
../../../.pyenv/versions/3.11.9/lib/python3.11/importlib/__init__.py:126: in import_module
    return _bootstrap._gcd_import(name[level:], package, level)
           ^^^^^^^^^^^^^^^^^^^^^^^^^^^^^^^^^^^^^^^^^^^^^^^^^^^^
E   ModuleNotFoundError: No module named 'tests.test_security_oauth2_authorization_code_bearer_scopes_openapi_simple'</error></testcase><testcase classname="" name="validation_data.repositories.fastapi_fastapi.tests.test_security_oauth2_optional" time="0.000"><error message="collection failure">ImportError while importing test module '/home/dee/workspace/AI/Repo-Scanner/validation_data/repositories/fastapi_fastapi/tests/test_security_oauth2_optional.py'.
Hint: make sure your test modules/packages have valid Python names.
Traceback:
../../../.pyenv/versions/3.11.9/lib/python3.11/importlib/__init__.py:126: in import_module
    return _bootstrap._gcd_import(name[level:], package, level)
           ^^^^^^^^^^^^^^^^^^^^^^^^^^^^^^^^^^^^^^^^^^^^^^^^^^^^
E   ModuleNotFoundError: No module named 'tests.test_security_oauth2_optional'</error></testcase><testcase classname="" name="validation_data.repositories.fastapi_fastapi.tests.test_security_oauth2_optional_description" time="0.000"><error message="collection failure">ImportError while importing test module '/home/dee/workspace/AI/Repo-Scanner/validation_data/repositories/fastapi_fastapi/tests/test_security_oauth2_optional_description.py'.
Hint: make sure your test modules/packages have valid Python names.
Traceback:
../../../.pyenv/versions/3.11.9/lib/python3.11/importlib/__init__.py:126: in import_module
    return _bootstrap._gcd_import(name[level:], package, level)
           ^^^^^^^^^^^^^^^^^^^^^^^^^^^^^^^^^^^^^^^^^^^^^^^^^^^^
E   ModuleNotFoundError: No module named 'tests.test_security_oauth2_optional_description'</error></testcase><testcase classname="" name="validation_data.repositories.fastapi_fastapi.tests.test_security_oauth2_password_bearer_optional" time="0.000"><error message="collection failure">ImportError while importing test module '/home/dee/workspace/AI/Repo-Scanner/validation_data/repositories/fastapi_fastapi/tests/test_security_oauth2_password_bearer_optional.py'.
Hint: make sure your test modules/packages have valid Python names.
Traceback:
../../../.pyenv/versions/3.11.9/lib/python3.11/importlib/__init__.py:126: in import_module
    return _bootstrap._gcd_import(name[level:], package, level)
           ^^^^^^^^^^^^^^^^^^^^^^^^^^^^^^^^^^^^^^^^^^^^^^^^^^^^
E   ModuleNotFoundError: No module named 'tests.test_security_oauth2_password_bearer_optional'</error></testcase><testcase classname="" name="validation_data.repositories.fastapi_fastapi.tests.test_security_oauth2_password_bearer_optional_description" time="0.000"><error message="collection failure">ImportError while importing test module '/home/dee/workspace/AI/Repo-Scanner/validation_data/repositories/fastapi_fastapi/tests/test_security_oauth2_password_bearer_optional_description.py'.
Hint: make sure your test modules/packages have valid Python names.
Traceback:
../../../.pyenv/versions/3.11.9/lib/python3.11/importlib/__init__.py:126: in import_module
    return _bootstrap._gcd_import(name[level:], package, level)
           ^^^^^^^^^^^^^^^^^^^^^^^^^^^^^^^^^^^^^^^^^^^^^^^^^^^^
E   ModuleNotFoundError: No module named 'tests.test_security_oauth2_password_bearer_optional_description'</error></testcase><testcase classname="" name="validation_data.repositories.fastapi_fastapi.tests.test_security_openid_connect" time="0.000"><error message="collection failure">ImportError while importing test module '/home/dee/workspace/AI/Repo-Scanner/validation_data/repositories/fastapi_fastapi/tests/test_security_openid_connect.py'.
Hint: make sure your test modules/packages have valid Python names.
Traceback:
../../../.pyenv/versions/3.11.9/lib/python3.11/importlib/__init__.py:126: in import_module
    return _bootstrap._gcd_import(name[level:], package, level)
           ^^^^^^^^^^^^^^^^^^^^^^^^^^^^^^^^^^^^^^^^^^^^^^^^^^^^
E   ModuleNotFoundError: No module named 'tests.test_security_openid_connect'</error></testcase><testcase classname="" name="validation_data.repositories.fastapi_fastapi.tests.test_security_openid_connect_description" time="0.000"><error message="collection failure">ImportError while importing test module '/home/dee/workspace/AI/Repo-Scanner/validation_data/repositories/fastapi_fastapi/tests/test_security_openid_connect_description.py'.
Hint: make sure your test modules/packages have valid Python names.
Traceback:
../../../.pyenv/versions/3.11.9/lib/python3.11/importlib/__init__.py:126: in import_module
    return _bootstrap._gcd_import(name[level:], package, level)
           ^^^^^^^^^^^^^^^^^^^^^^^^^^^^^^^^^^^^^^^^^^^^^^^^^^^^
E   ModuleNotFoundError: No module named 'tests.test_security_openid_connect_description'</error></testcase><testcase classname="" name="validation_data.repositories.fastapi_fastapi.tests.test_security_openid_connect_optional" time="0.000"><error message="collection failure">ImportError while importing test module '/home/dee/workspace/AI/Repo-Scanner/validation_data/repositories/fastapi_fastapi/tests/test_security_openid_connect_optional.py'.
Hint: make sure your test modules/packages have valid Python names.
Traceback:
../../../.pyenv/versions/3.11.9/lib/python3.11/importlib/__init__.py:126: in import_module
    return _bootstrap._gcd_import(name[level:], package, level)
           ^^^^^^^^^^^^^^^^^^^^^^^^^^^^^^^^^^^^^^^^^^^^^^^^^^^^
E   ModuleNotFoundError: No module named 'tests.test_security_openid_connect_optional'</error></testcase><testcase classname="" name="validation_data.repositories.fastapi_fastapi.tests.test_security_scopes" time="0.000"><error message="collection failure">ImportError while importing test module '/home/dee/workspace/AI/Repo-Scanner/validation_data/repositories/fastapi_fastapi/tests/test_security_scopes.py'.
Hint: make sure your test modules/packages have valid Python names.
Traceback:
../../../.pyenv/versions/3.11.9/lib/python3.11/importlib/__init__.py:126: in import_module
    return _bootstrap._gcd_import(name[level:], package, level)
           ^^^^^^^^^^^^^^^^^^^^^^^^^^^^^^^^^^^^^^^^^^^^^^^^^^^^
E   ModuleNotFoundError: No module named 'tests.test_security_scopes'</error></testcase><testcase classname="" name="validation_data.repositories.fastapi_fastapi.tests.test_security_scopes_dont_propagate" time="0.000"><error message="collection failure">ImportError while importing test module '/home/dee/workspace/AI/Repo-Scanner/validation_data/repositories/fastapi_fastapi/tests/test_security_scopes_dont_propagate.py'.
Hint: make sure your test modules/packages have valid Python names.
Traceback:
../../../.pyenv/versions/3.11.9/lib/python3.11/importlib/__init__.py:126: in import_module
    return _bootstrap._gcd_import(name[level:], package, level)
           ^^^^^^^^^^^^^^^^^^^^^^^^^^^^^^^^^^^^^^^^^^^^^^^^^^^^
E   ModuleNotFoundError: No module named 'tests.test_security_scopes_dont_propagate'</error></testcase><testcase classname="" name="validation_data.repositories.fastapi_fastapi.tests.test_security_scopes_sub_dependency" time="0.000"><error message="collection failure">ImportError while importing test module '/home/dee/workspace/AI/Repo-Scanner/validation_data/repositories/fastapi_fastapi/tests/test_security_scopes_sub_dependency.py'.
Hint: make sure your test modules/packages have valid Python names.
Traceback:
../../../.pyenv/versions/3.11.9/lib/python3.11/importlib/__init__.py:126: in import_module
    return _bootstrap._gcd_import(name[level:], package, level)
           ^^^^^^^^^^^^^^^^^^^^^^^^^^^^^^^^^^^^^^^^^^^^^^^^^^^^
E   ModuleNotFoundError: No module named 'tests.test_security_scopes_sub_dependency'</error></testcase><testcase classname="" name="validation_data.repositories.fastapi_fastapi.tests.test_serialize_response" time="0.000"><error message="collection failure">ImportError while importing test module '/home/dee/workspace/AI/Repo-Scanner/validation_data/repositories/fastapi_fastapi/tests/test_serialize_response.py'.
Hint: make sure your test modules/packages have valid Python names.
Traceback:
../../../.pyenv/versions/3.11.9/lib/python3.11/importlib/__init__.py:126: in import_module
    return _bootstrap._gcd_import(name[level:], package, level)
           ^^^^^^^^^^^^^^^^^^^^^^^^^^^^^^^^^^^^^^^^^^^^^^^^^^^^
E   ModuleNotFoundError: No module named 'tests.test_serialize_response'</error></testcase><testcase classname="" name="validation_data.repositories.fastapi_fastapi.tests.test_serialize_response_dataclass" time="0.000"><error message="collection failure">ImportError while importing test module '/home/dee/workspace/AI/Repo-Scanner/validation_data/repositories/fastapi_fastapi/tests/test_serialize_response_dataclass.py'.
Hint: make sure your test modules/packages have valid Python names.
Traceback:
../../../.pyenv/versions/3.11.9/lib/python3.11/importlib/__init__.py:126: in import_module
    return _bootstrap._gcd_import(name[level:], package, level)
           ^^^^^^^^^^^^^^^^^^^^^^^^^^^^^^^^^^^^^^^^^^^^^^^^^^^^
E   ModuleNotFoundError: No module named 'tests.test_serialize_response_dataclass'</error></testcase><testcase classname="" name="validation_data.repositories.fastapi_fastapi.tests.test_serialize_response_model" time="0.000"><error message="collection failure">ImportError while importing test module '/home/dee/workspace/AI/Repo-Scanner/validation_data/repositories/fastapi_fastapi/tests/test_serialize_response_model.py'.
Hint: make sure your test modules/packages have valid Python names.
Traceback:
../../../.pyenv/versions/3.11.9/lib/python3.11/importlib/__init__.py:126: in import_module
    return _bootstrap._gcd_import(name[level:], package, level)
           ^^^^^^^^^^^^^^^^^^^^^^^^^^^^^^^^^^^^^^^^^^^^^^^^^^^^
E   ModuleNotFoundError: No module named 'tests.test_serialize_response_model'</error></testcase><testcase classname="" name="validation_data.repositories.fastapi_fastapi.tests.test_skip_defaults" time="0.000"><error message="collection failure">ImportError while importing test module '/home/dee/workspace/AI/Repo-Scanner/validation_data/repositories/fastapi_fastapi/tests/test_skip_defaults.py'.
Hint: make sure your test modules/packages have valid Python names.
Traceback:
../../../.pyenv/versions/3.11.9/lib/python3.11/importlib/__init__.py:126: in import_module
    return _bootstrap._gcd_import(name[level:], package, level)
           ^^^^^^^^^^^^^^^^^^^^^^^^^^^^^^^^^^^^^^^^^^^^^^^^^^^^
E   ModuleNotFoundError: No module named 'tests.test_skip_defaults'</error></testcase><testcase classname="" name="validation_data.repositories.fastapi_fastapi.tests.test_starlette_exception" time="0.000"><error message="collection failure">ImportError while importing test module '/home/dee/workspace/AI/Repo-Scanner/validation_data/repositories/fastapi_fastapi/tests/test_starlette_exception.py'.
Hint: make sure your test modules/packages have valid Python names.
Traceback:
../../../.pyenv/versions/3.11.9/lib/python3.11/importlib/__init__.py:126: in import_module
    return _bootstrap._gcd_import(name[level:], package, level)
           ^^^^^^^^^^^^^^^^^^^^^^^^^^^^^^^^^^^^^^^^^^^^^^^^^^^^
E   ModuleNotFoundError: No module named 'tests.test_starlette_exception'</error></testcase><testcase classname="" name="validation_data.repositories.fastapi_fastapi.tests.test_starlette_urlconvertors" time="0.000"><error message="collection failure">ImportError while importing test module '/home/dee/workspace/AI/Repo-Scanner/validation_data/repositories/fastapi_fastapi/tests/test_starlette_urlconvertors.py'.
Hint: make sure your test modules/packages have valid Python names.
Traceback:
../../../.pyenv/versions/3.11.9/lib/python3.11/importlib/__init__.py:126: in import_module
    return _bootstrap._gcd_import(name[level:], package, level)
           ^^^^^^^^^^^^^^^^^^^^^^^^^^^^^^^^^^^^^^^^^^^^^^^^^^^^
E   ModuleNotFoundError: No module named 'tests.test_starlette_urlconvertors'</error></testcase><testcase classname="" name="validation_data.repositories.fastapi_fastapi.tests.test_stringified_annotation_dependency" time="0.000"><error message="collection failure">ImportError while importing test module '/home/dee/workspace/AI/Repo-Scanner/validation_data/repositories/fastapi_fastapi/tests/test_stringified_annotation_dependency.py'.
Hint: make sure your test modules/packages have valid Python names.
Traceback:
../../../.pyenv/versions/3.11.9/lib/python3.11/importlib/__init__.py:126: in import_module
    return _bootstrap._gcd_import(name[level:], package, level)
           ^^^^^^^^^^^^^^^^^^^^^^^^^^^^^^^^^^^^^^^^^^^^^^^^^^^^
E   ModuleNotFoundError: No module named 'tests.test_stringified_annotation_dependency'</error></testcase><testcase classname="" name="validation_data.repositories.fastapi_fastapi.tests.test_stringified_annotations_simple" time="0.000"><error message="collection failure">ImportError while importing test module '/home/dee/workspace/AI/Repo-Scanner/validation_data/repositories/fastapi_fastapi/tests/test_stringified_annotations_simple.py'.
Hint: make sure your test modules/packages have valid Python names.
Traceback:
../../../.pyenv/versions/3.11.9/lib/python3.11/importlib/__init__.py:126: in import_module
    return _bootstrap._gcd_import(name[level:], package, level)
           ^^^^^^^^^^^^^^^^^^^^^^^^^^^^^^^^^^^^^^^^^^^^^^^^^^^^
E   ModuleNotFoundError: No module named 'tests.test_stringified_annotations_simple'</error></testcase><testcase classname="" name="validation_data.repositories.fastapi_fastapi.tests.test_sub_callbacks" time="0.000"><error message="collection failure">ImportError while importing test module '/home/dee/workspace/AI/Repo-Scanner/validation_data/repositories/fastapi_fastapi/tests/test_sub_callbacks.py'.
Hint: make sure your test modules/packages have valid Python names.
Traceback:
../../../.pyenv/versions/3.11.9/lib/python3.11/importlib/__init__.py:126: in import_module
    return _bootstrap._gcd_import(name[level:], package, level)
           ^^^^^^^^^^^^^^^^^^^^^^^^^^^^^^^^^^^^^^^^^^^^^^^^^^^^
E   ModuleNotFoundError: No module named 'tests.test_sub_callbacks'</error></testcase><testcase classname="" name="validation_data.repositories.fastapi_fastapi.tests.test_swagger_ui_init_oauth" time="0.000"><error message="collection failure">ImportError while importing test module '/home/dee/workspace/AI/Repo-Scanner/validation_data/repositories/fastapi_fastapi/tests/test_swagger_ui_init_oauth.py'.
Hint: make sure your test modules/packages have valid Python names.
Traceback:
../../../.pyenv/versions/3.11.9/lib/python3.11/importlib/__init__.py:126: in import_module
    return _bootstrap._gcd_import(name[level:], package, level)
           ^^^^^^^^^^^^^^^^^^^^^^^^^^^^^^^^^^^^^^^^^^^^^^^^^^^^
E   ModuleNotFoundError: No module named 'tests.test_swagger_ui_init_oauth'</error></testcase><testcase classname="" name="validation_data.repositories.fastapi_fastapi.tests.test_top_level_security_scheme_in_openapi" time="0.000"><error message="collection failure">ImportError while importing test module '/home/dee/workspace/AI/Repo-Scanner/validation_data/repositories/fastapi_fastapi/tests/test_top_level_security_scheme_in_openapi.py'.
Hint: make sure your test modules/packages have valid Python names.
Traceback:
../../../.pyenv/versions/3.11.9/lib/python3.11/importlib/__init__.py:126: in import_module
    return _bootstrap._gcd_import(name[level:], package, level)
           ^^^^^^^^^^^^^^^^^^^^^^^^^^^^^^^^^^^^^^^^^^^^^^^^^^^^
E   ModuleNotFoundError: No module named 'tests.test_top_level_security_scheme_in_openapi'</error></testcase><testcase classname="" name="validation_data.repositories.fastapi_fastapi.tests.test_tuples" time="0.000"><error message="collection failure">ImportError while importing test module '/home/dee/workspace/AI/Repo-Scanner/validation_data/repositories/fastapi_fastapi/tests/test_tuples.py'.
Hint: make sure your test modules/packages have valid Python names.
Traceback:
../../../.pyenv/versions/3.11.9/lib/python3.11/importlib/__init__.py:126: in import_module
    return _bootstrap._gcd_import(name[level:], package, level)
           ^^^^^^^^^^^^^^^^^^^^^^^^^^^^^^^^^^^^^^^^^^^^^^^^^^^^
E   ModuleNotFoundError: No module named 'tests.test_tuples'</error></testcase><testcase classname="" name="validation_data.repositories.fastapi_fastapi.tests.test_tutorial.test_additional_responses.test_tutorial001" time="0.000"><error message="collection failure">ImportError while importing test module '/home/dee/workspace/AI/Repo-Scanner/validation_data/repositories/fastapi_fastapi/tests/test_tutorial/test_additional_responses/test_tutorial001.py'.
Hint: make sure your test modules/packages have valid Python names.
Traceback:
../../../.pyenv/versions/3.11.9/lib/python3.11/importlib/__init__.py:126: in import_module
    return _bootstrap._gcd_import(name[level:], package, level)
           ^^^^^^^^^^^^^^^^^^^^^^^^^^^^^^^^^^^^^^^^^^^^^^^^^^^^
E   ModuleNotFoundError: No module named 'tests.test_tutorial'</error></testcase><testcase classname="" name="validation_data.repositories.fastapi_fastapi.tests.test_tutorial.test_additional_responses.test_tutorial002" time="0.000"><error message="collection failure">ImportError while importing test module '/home/dee/workspace/AI/Repo-Scanner/validation_data/repositories/fastapi_fastapi/tests/test_tutorial/test_additional_responses/test_tutorial002.py'.
Hint: make sure your test modules/packages have valid Python names.
Traceback:
../../../.pyenv/versions/3.11.9/lib/python3.11/importlib/__init__.py:126: in import_module
    return _bootstrap._gcd_import(name[level:], package, level)
           ^^^^^^^^^^^^^^^^^^^^^^^^^^^^^^^^^^^^^^^^^^^^^^^^^^^^
E   ModuleNotFoundError: No module named 'tests.test_tutorial'</error></testcase><testcase classname="" name="validation_data.repositories.fastapi_fastapi.tests.test_tutorial.test_additional_responses.test_tutorial003" time="0.000"><error message="collection failure">ImportError while importing test module '/home/dee/workspace/AI/Repo-Scanner/validation_data/repositories/fastapi_fastapi/tests/test_tutorial/test_additional_responses/test_tutorial003.py'.
Hint: make sure your test modules/packages have valid Python names.
Traceback:
../../../.pyenv/versions/3.11.9/lib/python3.11/importlib/__init__.py:126: in import_module
    return _bootstrap._gcd_import(name[level:], package, level)
           ^^^^^^^^^^^^^^^^^^^^^^^^^^^^^^^^^^^^^^^^^^^^^^^^^^^^
E   ModuleNotFoundError: No module named 'tests.test_tutorial'</error></testcase><testcase classname="" name="validation_data.repositories.fastapi_fastapi.tests.test_tutorial.test_additional_responses.test_tutorial004" time="0.000"><error message="collection failure">ImportError while importing test module '/home/dee/workspace/AI/Repo-Scanner/validation_data/repositories/fastapi_fastapi/tests/test_tutorial/test_additional_responses/test_tutorial004.py'.
Hint: make sure your test modules/packages have valid Python names.
Traceback:
../../../.pyenv/versions/3.11.9/lib/python3.11/importlib/__init__.py:126: in import_module
    return _bootstrap._gcd_import(name[level:], package, level)
           ^^^^^^^^^^^^^^^^^^^^^^^^^^^^^^^^^^^^^^^^^^^^^^^^^^^^
E   ModuleNotFoundError: No module named 'tests.test_tutorial'</error></testcase><testcase classname="" name="validation_data.repositories.fastapi_fastapi.tests.test_tutorial.test_additional_status_codes.test_tutorial001" time="0.000"><error message="collection failure">ImportError while importing test module '/home/dee/workspace/AI/Repo-Scanner/validation_data/repositories/fastapi_fastapi/tests/test_tutorial/test_additional_status_codes/test_tutorial001.py'.
Hint: make sure your test modules/packages have valid Python names.
Traceback:
../../../.pyenv/versions/3.11.9/lib/python3.11/importlib/__init__.py:126: in import_module
    return _bootstrap._gcd_import(name[level:], package, level)
           ^^^^^^^^^^^^^^^^^^^^^^^^^^^^^^^^^^^^^^^^^^^^^^^^^^^^
E   ModuleNotFoundError: No module named 'tests.test_tutorial'</error></testcase><testcase classname="" name="validation_data.repositories.fastapi_fastapi.tests.test_tutorial.test_advanced_middleware.test_tutorial001" time="0.000"><error message="collection failure">ImportError while importing test module '/home/dee/workspace/AI/Repo-Scanner/validation_data/repositories/fastapi_fastapi/tests/test_tutorial/test_advanced_middleware/test_tutorial001.py'.
Hint: make sure your test modules/packages have valid Python names.
Traceback:
../../../.pyenv/versions/3.11.9/lib/python3.11/importlib/__init__.py:126: in import_module
    return _bootstrap._gcd_import(name[level:], package, level)
           ^^^^^^^^^^^^^^^^^^^^^^^^^^^^^^^^^^^^^^^^^^^^^^^^^^^^
E   ModuleNotFoundError: No module named 'tests.test_tutorial'</error></testcase><testcase classname="" name="validation_data.repositories.fastapi_fastapi.tests.test_tutorial.test_advanced_middleware.test_tutorial002" time="0.000"><error message="collection failure">ImportError while importing test module '/home/dee/workspace/AI/Repo-Scanner/validation_data/repositories/fastapi_fastapi/tests/test_tutorial/test_advanced_middleware/test_tutorial002.py'.
Hint: make sure your test modules/packages have valid Python names.
Traceback:
../../../.pyenv/versions/3.11.9/lib/python3.11/importlib/__init__.py:126: in import_module
    return _bootstrap._gcd_import(name[level:], package, level)
           ^^^^^^^^^^^^^^^^^^^^^^^^^^^^^^^^^^^^^^^^^^^^^^^^^^^^
E   ModuleNotFoundError: No module named 'tests.test_tutorial'</error></testcase><testcase classname="" name="validation_data.repositories.fastapi_fastapi.tests.test_tutorial.test_advanced_middleware.test_tutorial003" time="0.000"><error message="collection failure">ImportError while importing test module '/home/dee/workspace/AI/Repo-Scanner/validation_data/repositories/fastapi_fastapi/tests/test_tutorial/test_advanced_middleware/test_tutorial003.py'.
Hint: make sure your test modules/packages have valid Python names.
Traceback:
../../../.pyenv/versions/3.11.9/lib/python3.11/importlib/__init__.py:126: in import_module
    return _bootstrap._gcd_import(name[level:], package, level)
           ^^^^^^^^^^^^^^^^^^^^^^^^^^^^^^^^^^^^^^^^^^^^^^^^^^^^
E   ModuleNotFoundError: No module named 'tests.test_tutorial'</error></testcase><testcase classname="" name="validation_data.repositories.fastapi_fastapi.tests.test_tutorial.test_async_tests.test_main_a" time="0.000"><error message="collection failure">ImportError while importing test module '/home/dee/workspace/AI/Repo-Scanner/validation_data/repositories/fastapi_fastapi/tests/test_tutorial/test_async_tests/test_main_a.py'.
Hint: make sure your test modules/packages have valid Python names.
Traceback:
../../../.pyenv/versions/3.11.9/lib/python3.11/importlib/__init__.py:126: in import_module
    return _bootstrap._gcd_import(name[level:], package, level)
           ^^^^^^^^^^^^^^^^^^^^^^^^^^^^^^^^^^^^^^^^^^^^^^^^^^^^
E   ModuleNotFoundError: No module named 'tests.test_tutorial'</error></testcase><testcase classname="" name="validation_data.repositories.fastapi_fastapi.tests.test_tutorial.test_authentication_error_status_code.test_tutorial001" time="0.000"><error message="collection failure">ImportError while importing test module '/home/dee/workspace/AI/Repo-Scanner/validation_data/repositories/fastapi_fastapi/tests/test_tutorial/test_authentication_error_status_code/test_tutorial001.py'.
Hint: make sure your test modules/packages have valid Python names.
Traceback:
../../../.pyenv/versions/3.11.9/lib/python3.11/importlib/__init__.py:126: in import_module
    return _bootstrap._gcd_import(name[level:], package, level)
           ^^^^^^^^^^^^^^^^^^^^^^^^^^^^^^^^^^^^^^^^^^^^^^^^^^^^
E   ModuleNotFoundError: No module named 'tests.test_tutorial'</error></testcase><testcase classname="" name="validation_data.repositories.fastapi_fastapi.tests.test_tutorial.test_background_tasks.test_tutorial001" time="0.000"><error message="collection failure">ImportError while importing test module '/home/dee/workspace/AI/Repo-Scanner/validation_data/repositories/fastapi_fastapi/tests/test_tutorial/test_background_tasks/test_tutorial001.py'.
Hint: make sure your test modules/packages have valid Python names.
Traceback:
../../../.pyenv/versions/3.11.9/lib/python3.11/importlib/__init__.py:126: in import_module
    return _bootstrap._gcd_import(name[level:], package, level)
           ^^^^^^^^^^^^^^^^^^^^^^^^^^^^^^^^^^^^^^^^^^^^^^^^^^^^
E   ModuleNotFoundError: No module named 'tests.test_tutorial'</error></testcase><testcase classname="" name="validation_data.repositories.fastapi_fastapi.tests.test_tutorial.test_background_tasks.test_tutorial002" time="0.000"><error message="collection failure">ImportError while importing test module '/home/dee/workspace/AI/Repo-Scanner/validation_data/repositories/fastapi_fastapi/tests/test_tutorial/test_background_tasks/test_tutorial002.py'.
Hint: make sure your test modules/packages have valid Python names.
Traceback:
../../../.pyenv/versions/3.11.9/lib/python3.11/importlib/__init__.py:126: in import_module
    return _bootstrap._gcd_import(name[level:], package, level)
           ^^^^^^^^^^^^^^^^^^^^^^^^^^^^^^^^^^^^^^^^^^^^^^^^^^^^
E   ModuleNotFoundError: No module named 'tests.test_tutorial'</error></testcase><testcase classname="" name="validation_data.repositories.fastapi_fastapi.tests.test_tutorial.test_behind_a_proxy.test_tutorial001" time="0.000"><error message="collection failure">ImportError while importing test module '/home/dee/workspace/AI/Repo-Scanner/validation_data/repositories/fastapi_fastapi/tests/test_tutorial/test_behind_a_proxy/test_tutorial001.py'.
Hint: make sure your test modules/packages have valid Python names.
Traceback:
../../../.pyenv/versions/3.11.9/lib/python3.11/importlib/__init__.py:126: in import_module
    return _bootstrap._gcd_import(name[level:], package, level)
           ^^^^^^^^^^^^^^^^^^^^^^^^^^^^^^^^^^^^^^^^^^^^^^^^^^^^
E   ModuleNotFoundError: No module named 'tests.test_tutorial'</error></testcase><testcase classname="" name="validation_data.repositories.fastapi_fastapi.tests.test_tutorial.test_behind_a_proxy.test_tutorial001_01" time="0.000"><error message="collection failure">ImportError while importing test module '/home/dee/workspace/AI/Repo-Scanner/validation_data/repositories/fastapi_fastapi/tests/test_tutorial/test_behind_a_proxy/test_tutorial001_01.py'.
Hint: make sure your test modules/packages have valid Python names.
Traceback:
../../../.pyenv/versions/3.11.9/lib/python3.11/importlib/__init__.py:126: in import_module
    return _bootstrap._gcd_import(name[level:], package, level)
           ^^^^^^^^^^^^^^^^^^^^^^^^^^^^^^^^^^^^^^^^^^^^^^^^^^^^
E   ModuleNotFoundError: No module named 'tests.test_tutorial'</error></testcase><testcase classname="" name="validation_data.repositories.fastapi_fastapi.tests.test_tutorial.test_behind_a_proxy.test_tutorial002" time="0.000"><error message="collection failure">ImportError while importing test module '/home/dee/workspace/AI/Repo-Scanner/validation_data/repositories/fastapi_fastapi/tests/test_tutorial/test_behind_a_proxy/test_tutorial002.py'.
Hint: make sure your test modules/packages have valid Python names.
Traceback:
../../../.pyenv/versions/3.11.9/lib/python3.11/importlib/__init__.py:126: in import_module
    return _bootstrap._gcd_import(name[level:], package, level)
           ^^^^^^^^^^^^^^^^^^^^^^^^^^^^^^^^^^^^^^^^^^^^^^^^^^^^
E   ModuleNotFoundError: No module named 'tests.test_tutorial'</error></testcase><testcase classname="" name="validation_data.repositories.fastapi_fastapi.tests.test_tutorial.test_behind_a_proxy.test_tutorial003" time="0.000"><error message="collection failure">ImportError while importing test module '/home/dee/workspace/AI/Repo-Scanner/validation_data/repositories/fastapi_fastapi/tests/test_tutorial/test_behind_a_proxy/test_tutorial003.py'.
Hint: make sure your test modules/packages have valid Python names.
Traceback:
../../../.pyenv/versions/3.11.9/lib/python3.11/importlib/__init__.py:126: in import_module
    return _bootstrap._gcd_import(name[level:], package, level)
           ^^^^^^^^^^^^^^^^^^^^^^^^^^^^^^^^^^^^^^^^^^^^^^^^^^^^
E   ModuleNotFoundError: No module named 'tests.test_tutorial'</error></testcase><testcase classname="" name="validation_data.repositories.fastapi_fastapi.tests.test_tutorial.test_behind_a_proxy.test_tutorial004" time="0.000"><error message="collection failure">ImportError while importing test module '/home/dee/workspace/AI/Repo-Scanner/validation_data/repositories/fastapi_fastapi/tests/test_tutorial/test_behind_a_proxy/test_tutorial004.py'.
Hint: make sure your test modules/packages have valid Python names.
Traceback:
../../../.pyenv/versions/3.11.9/lib/python3.11/importlib/__init__.py:126: in import_module
    return _bootstrap._gcd_import(name[level:], package, level)
           ^^^^^^^^^^^^^^^^^^^^^^^^^^^^^^^^^^^^^^^^^^^^^^^^^^^^
E   ModuleNotFoundError: No module named 'tests.test_tutorial'</error></testcase><testcase classname="" name="validation_data.repositories.fastapi_fastapi.tests.test_tutorial.test_bigger_applications.test_main" time="0.000"><error message="collection failure">ImportError while importing test module '/home/dee/workspace/AI/Repo-Scanner/validation_data/repositories/fastapi_fastapi/tests/test_tutorial/test_bigger_applications/test_main.py'.
Hint: make sure your test modules/packages have valid Python names.
Traceback:
../../../.pyenv/versions/3.11.9/lib/python3.11/importlib/__init__.py:126: in import_module
    return _bootstrap._gcd_import(name[level:], package, level)
           ^^^^^^^^^^^^^^^^^^^^^^^^^^^^^^^^^^^^^^^^^^^^^^^^^^^^
E   ModuleNotFoundError: No module named 'tests.test_tutorial'</error></testcase><testcase classname="" name="validation_data.repositories.fastapi_fastapi.tests.test_tutorial.test_body.test_tutorial001" time="0.000"><error message="collection failure">ImportError while importing test module '/home/dee/workspace/AI/Repo-Scanner/validation_data/repositories/fastapi_fastapi/tests/test_tutorial/test_body/test_tutorial001.py'.
Hint: make sure your test modules/packages have valid Python names.
Traceback:
../../../.pyenv/versions/3.11.9/lib/python3.11/importlib/__init__.py:126: in import_module
    return _bootstrap._gcd_import(name[level:], package, level)
           ^^^^^^^^^^^^^^^^^^^^^^^^^^^^^^^^^^^^^^^^^^^^^^^^^^^^
E   ModuleNotFoundError: No module named 'tests.test_tutorial'</error></testcase><testcase classname="" name="validation_data.repositories.fastapi_fastapi.tests.test_tutorial.test_body.test_tutorial002" time="0.000"><error message="collection failure">ImportError while importing test module '/home/dee/workspace/AI/Repo-Scanner/validation_data/repositories/fastapi_fastapi/tests/test_tutorial/test_body/test_tutorial002.py'.
Hint: make sure your test modules/packages have valid Python names.
Traceback:
../../../.pyenv/versions/3.11.9/lib/python3.11/importlib/__init__.py:126: in import_module
    return _bootstrap._gcd_import(name[level:], package, level)
           ^^^^^^^^^^^^^^^^^^^^^^^^^^^^^^^^^^^^^^^^^^^^^^^^^^^^
E   ModuleNotFoundError: No module named 'tests.test_tutorial'</error></testcase><testcase classname="" name="validation_data.repositories.fastapi_fastapi.tests.test_tutorial.test_body.test_tutorial003" time="0.000"><error message="collection failure">ImportError while importing test module '/home/dee/workspace/AI/Repo-Scanner/validation_data/repositories/fastapi_fastapi/tests/test_tutorial/test_body/test_tutorial003.py'.
Hint: make sure your test modules/packages have valid Python names.
Traceback:
../../../.pyenv/versions/3.11.9/lib/python3.11/importlib/__init__.py:126: in import_module
    return _bootstrap._gcd_import(name[level:], package, level)
           ^^^^^^^^^^^^^^^^^^^^^^^^^^^^^^^^^^^^^^^^^^^^^^^^^^^^
E   ModuleNotFoundError: No module named 'tests.test_tutorial'</error></testcase><testcase classname="" name="validation_data.repositories.fastapi_fastapi.tests.test_tutorial.test_body.test_tutorial004" time="0.000"><error message="collection failure">ImportError while importing test module '/home/dee/workspace/AI/Repo-Scanner/validation_data/repositories/fastapi_fastapi/tests/test_tutorial/test_body/test_tutorial004.py'.
Hint: make sure your test modules/packages have valid Python names.
Traceback:
../../../.pyenv/versions/3.11.9/lib/python3.11/importlib/__init__.py:126: in import_module
    return _bootstrap._gcd_import(name[level:], package, level)
           ^^^^^^^^^^^^^^^^^^^^^^^^^^^^^^^^^^^^^^^^^^^^^^^^^^^^
E   ModuleNotFoundError: No module named 'tests.test_tutorial'</error></testcase><testcase classname="" name="validation_data.repositories.fastapi_fastapi.tests.test_tutorial.test_body_fields.test_tutorial001" time="0.000"><error message="collection failure">ImportError while importing test module '/home/dee/workspace/AI/Repo-Scanner/validation_data/repositories/fastapi_fastapi/tests/test_tutorial/test_body_fields/test_tutorial001.py'.
Hint: make sure your test modules/packages have valid Python names.
Traceback:
../../../.pyenv/versions/3.11.9/lib/python3.11/importlib/__init__.py:126: in import_module
    return _bootstrap._gcd_import(name[level:], package, level)
           ^^^^^^^^^^^^^^^^^^^^^^^^^^^^^^^^^^^^^^^^^^^^^^^^^^^^
E   ModuleNotFoundError: No module named 'tests.test_tutorial'</error></testcase><testcase classname="" name="validation_data.repositories.fastapi_fastapi.tests.test_tutorial.test_body_multiple_params.test_tutorial001" time="0.000"><error message="collection failure">ImportError while importing test module '/home/dee/workspace/AI/Repo-Scanner/validation_data/repositories/fastapi_fastapi/tests/test_tutorial/test_body_multiple_params/test_tutorial001.py'.
Hint: make sure your test modules/packages have valid Python names.
Traceback:
../../../.pyenv/versions/3.11.9/lib/python3.11/importlib/__init__.py:126: in import_module
    return _bootstrap._gcd_import(name[level:], package, level)
           ^^^^^^^^^^^^^^^^^^^^^^^^^^^^^^^^^^^^^^^^^^^^^^^^^^^^
E   ModuleNotFoundError: No module named 'tests.test_tutorial'</error></testcase><testcase classname="" name="validation_data.repositories.fastapi_fastapi.tests.test_tutorial.test_body_multiple_params.test_tutorial002" time="0.000"><error message="collection failure">ImportError while importing test module '/home/dee/workspace/AI/Repo-Scanner/validation_data/repositories/fastapi_fastapi/tests/test_tutorial/test_body_multiple_params/test_tutorial002.py'.
Hint: make sure your test modules/packages have valid Python names.
Traceback:
../../../.pyenv/versions/3.11.9/lib/python3.11/importlib/__init__.py:126: in import_module
    return _bootstrap._gcd_import(name[level:], package, level)
           ^^^^^^^^^^^^^^^^^^^^^^^^^^^^^^^^^^^^^^^^^^^^^^^^^^^^
E   ModuleNotFoundError: No module named 'tests.test_tutorial'</error></testcase><testcase classname="" name="validation_data.repositories.fastapi_fastapi.tests.test_tutorial.test_body_multiple_params.test_tutorial003" time="0.000"><error message="collection failure">ImportError while importing test module '/home/dee/workspace/AI/Repo-Scanner/validation_data/repositories/fastapi_fastapi/tests/test_tutorial/test_body_multiple_params/test_tutorial003.py'.
Hint: make sure your test modules/packages have valid Python names.
Traceback:
../../../.pyenv/versions/3.11.9/lib/python3.11/importlib/__init__.py:126: in import_module
    return _bootstrap._gcd_import(name[level:], package, level)
           ^^^^^^^^^^^^^^^^^^^^^^^^^^^^^^^^^^^^^^^^^^^^^^^^^^^^
E   ModuleNotFoundError: No module named 'tests.test_tutorial'</error></testcase><testcase classname="" name="validation_data.repositories.fastapi_fastapi.tests.test_tutorial.test_body_multiple_params.test_tutorial004" time="0.000"><error message="collection failure">ImportError while importing test module '/home/dee/workspace/AI/Repo-Scanner/validation_data/repositories/fastapi_fastapi/tests/test_tutorial/test_body_multiple_params/test_tutorial004.py'.
Hint: make sure your test modules/packages have valid Python names.
Traceback:
../../../.pyenv/versions/3.11.9/lib/python3.11/importlib/__init__.py:126: in import_module
    return _bootstrap._gcd_import(name[level:], package, level)
           ^^^^^^^^^^^^^^^^^^^^^^^^^^^^^^^^^^^^^^^^^^^^^^^^^^^^
E   ModuleNotFoundError: No module named 'tests.test_tutorial'</error></testcase><testcase classname="" name="validation_data.repositories.fastapi_fastapi.tests.test_tutorial.test_body_multiple_params.test_tutorial005" time="0.000"><error message="collection failure">ImportError while importing test module '/home/dee/workspace/AI/Repo-Scanner/validation_data/repositories/fastapi_fastapi/tests/test_tutorial/test_body_multiple_params/test_tutorial005.py'.
Hint: make sure your test modules/packages have valid Python names.
Traceback:
../../../.pyenv/versions/3.11.9/lib/python3.11/importlib/__init__.py:126: in import_module
    return _bootstrap._gcd_import(name[level:], package, level)
           ^^^^^^^^^^^^^^^^^^^^^^^^^^^^^^^^^^^^^^^^^^^^^^^^^^^^
E   ModuleNotFoundError: No module named 'tests.test_tutorial'</error></testcase><testcase classname="" name="validation_data.repositories.fastapi_fastapi.tests.test_tutorial.test_body_nested_models.test_tutorial001_tutorial002_tutorial003" time="0.000"><error message="collection failure">ImportError while importing test module '/home/dee/workspace/AI/Repo-Scanner/validation_data/repositories/fastapi_fastapi/tests/test_tutorial/test_body_nested_models/test_tutorial001_tutorial002_tutorial003.py'.
Hint: make sure your test modules/packages have valid Python names.
Traceback:
../../../.pyenv/versions/3.11.9/lib/python3.11/importlib/__init__.py:126: in import_module
    return _bootstrap._gcd_import(name[level:], package, level)
           ^^^^^^^^^^^^^^^^^^^^^^^^^^^^^^^^^^^^^^^^^^^^^^^^^^^^
E   ModuleNotFoundError: No module named 'tests.test_tutorial'</error></testcase><testcase classname="" name="validation_data.repositories.fastapi_fastapi.tests.test_tutorial.test_body_nested_models.test_tutorial004" time="0.000"><error message="collection failure">ImportError while importing test module '/home/dee/workspace/AI/Repo-Scanner/validation_data/repositories/fastapi_fastapi/tests/test_tutorial/test_body_nested_models/test_tutorial004.py'.
Hint: make sure your test modules/packages have valid Python names.
Traceback:
../../../.pyenv/versions/3.11.9/lib/python3.11/importlib/__init__.py:126: in import_module
    return _bootstrap._gcd_import(name[level:], package, level)
           ^^^^^^^^^^^^^^^^^^^^^^^^^^^^^^^^^^^^^^^^^^^^^^^^^^^^
E   ModuleNotFoundError: No module named 'tests.test_tutorial'</error></testcase><testcase classname="" name="validation_data.repositories.fastapi_fastapi.tests.test_tutorial.test_body_nested_models.test_tutorial005" time="0.000"><error message="collection failure">ImportError while importing test module '/home/dee/workspace/AI/Repo-Scanner/validation_data/repositories/fastapi_fastapi/tests/test_tutorial/test_body_nested_models/test_tutorial005.py'.
Hint: make sure your test modules/packages have valid Python names.
Traceback:
../../../.pyenv/versions/3.11.9/lib/python3.11/importlib/__init__.py:126: in import_module
    return _bootstrap._gcd_import(name[level:], package, level)
           ^^^^^^^^^^^^^^^^^^^^^^^^^^^^^^^^^^^^^^^^^^^^^^^^^^^^
E   ModuleNotFoundError: No module named 'tests.test_tutorial'</error></testcase><testcase classname="" name="validation_data.repositories.fastapi_fastapi.tests.test_tutorial.test_body_nested_models.test_tutorial006" time="0.000"><error message="collection failure">ImportError while importing test module '/home/dee/workspace/AI/Repo-Scanner/validation_data/repositories/fastapi_fastapi/tests/test_tutorial/test_body_nested_models/test_tutorial006.py'.
Hint: make sure your test modules/packages have valid Python names.
Traceback:
../../../.pyenv/versions/3.11.9/lib/python3.11/importlib/__init__.py:126: in import_module
    return _bootstrap._gcd_import(name[level:], package, level)
           ^^^^^^^^^^^^^^^^^^^^^^^^^^^^^^^^^^^^^^^^^^^^^^^^^^^^
E   ModuleNotFoundError: No module named 'tests.test_tutorial'</error></testcase><testcase classname="" name="validation_data.repositories.fastapi_fastapi.tests.test_tutorial.test_body_nested_models.test_tutorial007" time="0.000"><error message="collection failure">ImportError while importing test module '/home/dee/workspace/AI/Repo-Scanner/validation_data/repositories/fastapi_fastapi/tests/test_tutorial/test_body_nested_models/test_tutorial007.py'.
Hint: make sure your test modules/packages have valid Python names.
Traceback:
../../../.pyenv/versions/3.11.9/lib/python3.11/importlib/__init__.py:126: in import_module
    return _bootstrap._gcd_import(name[level:], package, level)
           ^^^^^^^^^^^^^^^^^^^^^^^^^^^^^^^^^^^^^^^^^^^^^^^^^^^^
E   ModuleNotFoundError: No module named 'tests.test_tutorial'</error></testcase><testcase classname="" name="validation_data.repositories.fastapi_fastapi.tests.test_tutorial.test_body_nested_models.test_tutorial008" time="0.000"><error message="collection failure">ImportError while importing test module '/home/dee/workspace/AI/Repo-Scanner/validation_data/repositories/fastapi_fastapi/tests/test_tutorial/test_body_nested_models/test_tutorial008.py'.
Hint: make sure your test modules/packages have valid Python names.
Traceback:
../../../.pyenv/versions/3.11.9/lib/python3.11/importlib/__init__.py:126: in import_module
    return _bootstrap._gcd_import(name[level:], package, level)
           ^^^^^^^^^^^^^^^^^^^^^^^^^^^^^^^^^^^^^^^^^^^^^^^^^^^^
E   ModuleNotFoundError: No module named 'tests.test_tutorial'</error></testcase><testcase classname="" name="validation_data.repositories.fastapi_fastapi.tests.test_tutorial.test_body_nested_models.test_tutorial009" time="0.000"><error message="collection failure">ImportError while importing test module '/home/dee/workspace/AI/Repo-Scanner/validation_data/repositories/fastapi_fastapi/tests/test_tutorial/test_body_nested_models/test_tutorial009.py'.
Hint: make sure your test modules/packages have valid Python names.
Traceback:
../../../.pyenv/versions/3.11.9/lib/python3.11/importlib/__init__.py:126: in import_module
    return _bootstrap._gcd_import(name[level:], package, level)
           ^^^^^^^^^^^^^^^^^^^^^^^^^^^^^^^^^^^^^^^^^^^^^^^^^^^^
E   ModuleNotFoundError: No module named 'tests.test_tutorial'</error></testcase><testcase classname="" name="validation_data.repositories.fastapi_fastapi.tests.test_tutorial.test_body_updates.test_tutorial001" time="0.000"><error message="collection failure">ImportError while importing test module '/home/dee/workspace/AI/Repo-Scanner/validation_data/repositories/fastapi_fastapi/tests/test_tutorial/test_body_updates/test_tutorial001.py'.
Hint: make sure your test modules/packages have valid Python names.
Traceback:
../../../.pyenv/versions/3.11.9/lib/python3.11/importlib/__init__.py:126: in import_module
    return _bootstrap._gcd_import(name[level:], package, level)
           ^^^^^^^^^^^^^^^^^^^^^^^^^^^^^^^^^^^^^^^^^^^^^^^^^^^^
E   ModuleNotFoundError: No module named 'tests.test_tutorial'</error></testcase><testcase classname="" name="validation_data.repositories.fastapi_fastapi.tests.test_tutorial.test_body_updates.test_tutorial002" time="0.000"><error message="collection failure">ImportError while importing test module '/home/dee/workspace/AI/Repo-Scanner/validation_data/repositories/fastapi_fastapi/tests/test_tutorial/test_body_updates/test_tutorial002.py'.
Hint: make sure your test modules/packages have valid Python names.
Traceback:
../../../.pyenv/versions/3.11.9/lib/python3.11/importlib/__init__.py:126: in import_module
    return _bootstrap._gcd_import(name[level:], package, level)
           ^^^^^^^^^^^^^^^^^^^^^^^^^^^^^^^^^^^^^^^^^^^^^^^^^^^^
E   ModuleNotFoundError: No module named 'tests.test_tutorial'</error></testcase><testcase classname="" name="validation_data.repositories.fastapi_fastapi.tests.test_tutorial.test_conditional_openapi.test_tutorial001" time="0.000"><error message="collection failure">ImportError while importing test module '/home/dee/workspace/AI/Repo-Scanner/validation_data/repositories/fastapi_fastapi/tests/test_tutorial/test_conditional_openapi/test_tutorial001.py'.
Hint: make sure your test modules/packages have valid Python names.
Traceback:
../../../.pyenv/versions/3.11.9/lib/python3.11/importlib/__init__.py:126: in import_module
    return _bootstrap._gcd_import(name[level:], package, level)
           ^^^^^^^^^^^^^^^^^^^^^^^^^^^^^^^^^^^^^^^^^^^^^^^^^^^^
E   ModuleNotFoundError: No module named 'tests.test_tutorial'</error></testcase><testcase classname="" name="validation_data.repositories.fastapi_fastapi.tests.test_tutorial.test_configure_swagger_ui.test_tutorial001" time="0.000"><error message="collection failure">ImportError while importing test module '/home/dee/workspace/AI/Repo-Scanner/validation_data/repositories/fastapi_fastapi/tests/test_tutorial/test_configure_swagger_ui/test_tutorial001.py'.
Hint: make sure your test modules/packages have valid Python names.
Traceback:
../../../.pyenv/versions/3.11.9/lib/python3.11/importlib/__init__.py:126: in import_module
    return _bootstrap._gcd_import(name[level:], package, level)
           ^^^^^^^^^^^^^^^^^^^^^^^^^^^^^^^^^^^^^^^^^^^^^^^^^^^^
E   ModuleNotFoundError: No module named 'tests.test_tutorial'</error></testcase><testcase classname="" name="validation_data.repositories.fastapi_fastapi.tests.test_tutorial.test_configure_swagger_ui.test_tutorial002" time="0.000"><error message="collection failure">ImportError while importing test module '/home/dee/workspace/AI/Repo-Scanner/validation_data/repositories/fastapi_fastapi/tests/test_tutorial/test_configure_swagger_ui/test_tutorial002.py'.
Hint: make sure your test modules/packages have valid Python names.
Traceback:
../../../.pyenv/versions/3.11.9/lib/python3.11/importlib/__init__.py:126: in import_module
    return _bootstrap._gcd_import(name[level:], package, level)
           ^^^^^^^^^^^^^^^^^^^^^^^^^^^^^^^^^^^^^^^^^^^^^^^^^^^^
E   ModuleNotFoundError: No module named 'tests.test_tutorial'</error></testcase><testcase classname="" name="validation_data.repositories.fastapi_fastapi.tests.test_tutorial.test_configure_swagger_ui.test_tutorial003" time="0.000"><error message="collection failure">ImportError while importing test module '/home/dee/workspace/AI/Repo-Scanner/validation_data/repositories/fastapi_fastapi/tests/test_tutorial/test_configure_swagger_ui/test_tutorial003.py'.
Hint: make sure your test modules/packages have valid Python names.
Traceback:
../../../.pyenv/versions/3.11.9/lib/python3.11/importlib/__init__.py:126: in import_module
    return _bootstrap._gcd_import(name[level:], package, level)
           ^^^^^^^^^^^^^^^^^^^^^^^^^^^^^^^^^^^^^^^^^^^^^^^^^^^^
E   ModuleNotFoundError: No module named 'tests.test_tutorial'</error></testcase><testcase classname="" name="validation_data.repositories.fastapi_fastapi.tests.test_tutorial.test_cookie_param_models.test_tutorial001" time="0.000"><error message="collection failure">ImportError while importing test module '/home/dee/workspace/AI/Repo-Scanner/validation_data/repositories/fastapi_fastapi/tests/test_tutorial/test_cookie_param_models/test_tutorial001.py'.
Hint: make sure your test modules/packages have valid Python names.
Traceback:
../../../.pyenv/versions/3.11.9/lib/python3.11/importlib/__init__.py:126: in import_module
    return _bootstrap._gcd_import(name[level:], package, level)
           ^^^^^^^^^^^^^^^^^^^^^^^^^^^^^^^^^^^^^^^^^^^^^^^^^^^^
E   ModuleNotFoundError: No module named 'tests.test_tutorial'</error></testcase><testcase classname="" name="validation_data.repositories.fastapi_fastapi.tests.test_tutorial.test_cookie_param_models.test_tutorial002" time="0.000"><error message="collection failure">ImportError while importing test module '/home/dee/workspace/AI/Repo-Scanner/validation_data/repositories/fastapi_fastapi/tests/test_tutorial/test_cookie_param_models/test_tutorial002.py'.
Hint: make sure your test modules/packages have valid Python names.
Traceback:
../../../.pyenv/versions/3.11.9/lib/python3.11/importlib/__init__.py:126: in import_module
    return _bootstrap._gcd_import(name[level:], package, level)
           ^^^^^^^^^^^^^^^^^^^^^^^^^^^^^^^^^^^^^^^^^^^^^^^^^^^^
E   ModuleNotFoundError: No module named 'tests.test_tutorial'</error></testcase><testcase classname="" name="validation_data.repositories.fastapi_fastapi.tests.test_tutorial.test_cookie_params.test_tutorial001" time="0.000"><error message="collection failure">ImportError while importing test module '/home/dee/workspace/AI/Repo-Scanner/validation_data/repositories/fastapi_fastapi/tests/test_tutorial/test_cookie_params/test_tutorial001.py'.
Hint: make sure your test modules/packages have valid Python names.
Traceback:
../../../.pyenv/versions/3.11.9/lib/python3.11/importlib/__init__.py:126: in import_module
    return _bootstrap._gcd_import(name[level:], package, level)
           ^^^^^^^^^^^^^^^^^^^^^^^^^^^^^^^^^^^^^^^^^^^^^^^^^^^^
E   ModuleNotFoundError: No module named 'tests.test_tutorial'</error></testcase><testcase classname="" name="validation_data.repositories.fastapi_fastapi.tests.test_tutorial.test_cors.test_tutorial001" time="0.000"><error message="collection failure">ImportError while importing test module '/home/dee/workspace/AI/Repo-Scanner/validation_data/repositories/fastapi_fastapi/tests/test_tutorial/test_cors/test_tutorial001.py'.
Hint: make sure your test modules/packages have valid Python names.
Traceback:
../../../.pyenv/versions/3.11.9/lib/python3.11/importlib/__init__.py:126: in import_module
    return _bootstrap._gcd_import(name[level:], package, level)
           ^^^^^^^^^^^^^^^^^^^^^^^^^^^^^^^^^^^^^^^^^^^^^^^^^^^^
E   ModuleNotFoundError: No module named 'tests.test_tutorial'</error></testcase><testcase classname="" name="validation_data.repositories.fastapi_fastapi.tests.test_tutorial.test_custom_docs_ui.test_tutorial001" time="0.000"><error message="collection failure">ImportError while importing test module '/home/dee/workspace/AI/Repo-Scanner/validation_data/repositories/fastapi_fastapi/tests/test_tutorial/test_custom_docs_ui/test_tutorial001.py'.
Hint: make sure your test modules/packages have valid Python names.
Traceback:
../../../.pyenv/versions/3.11.9/lib/python3.11/importlib/__init__.py:126: in import_module
    return _bootstrap._gcd_import(name[level:], package, level)
           ^^^^^^^^^^^^^^^^^^^^^^^^^^^^^^^^^^^^^^^^^^^^^^^^^^^^
E   ModuleNotFoundError: No module named 'tests.test_tutorial'</error></testcase><testcase classname="" name="validation_data.repositories.fastapi_fastapi.tests.test_tutorial.test_custom_docs_ui.test_tutorial002" time="0.000"><error message="collection failure">ImportError while importing test module '/home/dee/workspace/AI/Repo-Scanner/validation_data/repositories/fastapi_fastapi/tests/test_tutorial/test_custom_docs_ui/test_tutorial002.py'.
Hint: make sure your test modules/packages have valid Python names.
Traceback:
../../../.pyenv/versions/3.11.9/lib/python3.11/importlib/__init__.py:126: in import_module
    return _bootstrap._gcd_import(name[level:], package, level)
           ^^^^^^^^^^^^^^^^^^^^^^^^^^^^^^^^^^^^^^^^^^^^^^^^^^^^
E   ModuleNotFoundError: No module named 'tests.test_tutorial'</error></testcase><testcase classname="" name="validation_data.repositories.fastapi_fastapi.tests.test_tutorial.test_custom_request_and_route.test_tutorial001" time="0.000"><error message="collection failure">ImportError while importing test module '/home/dee/workspace/AI/Repo-Scanner/validation_data/repositories/fastapi_fastapi/tests/test_tutorial/test_custom_request_and_route/test_tutorial001.py'.
Hint: make sure your test modules/packages have valid Python names.
Traceback:
../../../.pyenv/versions/3.11.9/lib/python3.11/importlib/__init__.py:126: in import_module
    return _bootstrap._gcd_import(name[level:], package, level)
           ^^^^^^^^^^^^^^^^^^^^^^^^^^^^^^^^^^^^^^^^^^^^^^^^^^^^
E   ModuleNotFoundError: No module named 'tests.test_tutorial'</error></testcase><testcase classname="" name="validation_data.repositories.fastapi_fastapi.tests.test_tutorial.test_custom_request_and_route.test_tutorial002" time="0.000"><error message="collection failure">ImportError while importing test module '/home/dee/workspace/AI/Repo-Scanner/validation_data/repositories/fastapi_fastapi/tests/test_tutorial/test_custom_request_and_route/test_tutorial002.py'.
Hint: make sure your test modules/packages have valid Python names.
Traceback:
../../../.pyenv/versions/3.11.9/lib/python3.11/importlib/__init__.py:126: in import_module
    return _bootstrap._gcd_import(name[level:], package, level)
           ^^^^^^^^^^^^^^^^^^^^^^^^^^^^^^^^^^^^^^^^^^^^^^^^^^^^
E   ModuleNotFoundError: No module named 'tests.test_tutorial'</error></testcase><testcase classname="" name="validation_data.repositories.fastapi_fastapi.tests.test_tutorial.test_custom_request_and_route.test_tutorial003" time="0.000"><error message="collection failure">ImportError while importing test module '/home/dee/workspace/AI/Repo-Scanner/validation_data/repositories/fastapi_fastapi/tests/test_tutorial/test_custom_request_and_route/test_tutorial003.py'.
Hint: make sure your test modules/packages have valid Python names.
Traceback:
../../../.pyenv/versions/3.11.9/lib/python3.11/importlib/__init__.py:126: in import_module
    return _bootstrap._gcd_import(name[level:], package, level)
           ^^^^^^^^^^^^^^^^^^^^^^^^^^^^^^^^^^^^^^^^^^^^^^^^^^^^
E   ModuleNotFoundError: No module named 'tests.test_tutorial'</error></testcase><testcase classname="" name="validation_data.repositories.fastapi_fastapi.tests.test_tutorial.test_custom_response.test_tutorial001" time="0.000"><error message="collection failure">ImportError while importing test module '/home/dee/workspace/AI/Repo-Scanner/validation_data/repositories/fastapi_fastapi/tests/test_tutorial/test_custom_response/test_tutorial001.py'.
Hint: make sure your test modules/packages have valid Python names.
Traceback:
../../../.pyenv/versions/3.11.9/lib/python3.11/importlib/__init__.py:126: in import_module
    return _bootstrap._gcd_import(name[level:], package, level)
           ^^^^^^^^^^^^^^^^^^^^^^^^^^^^^^^^^^^^^^^^^^^^^^^^^^^^
E   ModuleNotFoundError: No module named 'tests.test_tutorial'</error></testcase><testcase classname="" name="validation_data.repositories.fastapi_fastapi.tests.test_tutorial.test_custom_response.test_tutorial001b" time="0.000"><error message="collection failure">ImportError while importing test module '/home/dee/workspace/AI/Repo-Scanner/validation_data/repositories/fastapi_fastapi/tests/test_tutorial/test_custom_response/test_tutorial001b.py'.
Hint: make sure your test modules/packages have valid Python names.
Traceback:
../../../.pyenv/versions/3.11.9/lib/python3.11/importlib/__init__.py:126: in import_module
    return _bootstrap._gcd_import(name[level:], package, level)
           ^^^^^^^^^^^^^^^^^^^^^^^^^^^^^^^^^^^^^^^^^^^^^^^^^^^^
E   ModuleNotFoundError: No module named 'tests.test_tutorial'</error></testcase><testcase classname="" name="validation_data.repositories.fastapi_fastapi.tests.test_tutorial.test_custom_response.test_tutorial002_tutorial003_tutorial004" time="0.000"><error message="collection failure">ImportError while importing test module '/home/dee/workspace/AI/Repo-Scanner/validation_data/repositories/fastapi_fastapi/tests/test_tutorial/test_custom_response/test_tutorial002_tutorial003_tutorial004.py'.
Hint: make sure your test modules/packages have valid Python names.
Traceback:
../../../.pyenv/versions/3.11.9/lib/python3.11/importlib/__init__.py:126: in import_module
    return _bootstrap._gcd_import(name[level:], package, level)
           ^^^^^^^^^^^^^^^^^^^^^^^^^^^^^^^^^^^^^^^^^^^^^^^^^^^^
E   ModuleNotFoundError: No module named 'tests.test_tutorial'</error></testcase><testcase classname="" name="validation_data.repositories.fastapi_fastapi.tests.test_tutorial.test_custom_response.test_tutorial005" time="0.000"><error message="collection failure">ImportError while importing test module '/home/dee/workspace/AI/Repo-Scanner/validation_data/repositories/fastapi_fastapi/tests/test_tutorial/test_custom_response/test_tutorial005.py'.
Hint: make sure your test modules/packages have valid Python names.
Traceback:
../../../.pyenv/versions/3.11.9/lib/python3.11/importlib/__init__.py:126: in import_module
    return _bootstrap._gcd_import(name[level:], package, level)
           ^^^^^^^^^^^^^^^^^^^^^^^^^^^^^^^^^^^^^^^^^^^^^^^^^^^^
E   ModuleNotFoundError: No module named 'tests.test_tutorial'</error></testcase><testcase classname="" name="validation_data.repositories.fastapi_fastapi.tests.test_tutorial.test_custom_response.test_tutorial006" time="0.000"><error message="collection failure">ImportError while importing test module '/home/dee/workspace/AI/Repo-Scanner/validation_data/repositories/fastapi_fastapi/tests/test_tutorial/test_custom_response/test_tutorial006.py'.
Hint: make sure your test modules/packages have valid Python names.
Traceback:
../../../.pyenv/versions/3.11.9/lib/python3.11/importlib/__init__.py:126: in import_module
    return _bootstrap._gcd_import(name[level:], package, level)
           ^^^^^^^^^^^^^^^^^^^^^^^^^^^^^^^^^^^^^^^^^^^^^^^^^^^^
E   ModuleNotFoundError: No module named 'tests.test_tutorial'</error></testcase><testcase classname="" name="validation_data.repositories.fastapi_fastapi.tests.test_tutorial.test_custom_response.test_tutorial006b" time="0.000"><error message="collection failure">ImportError while importing test module '/home/dee/workspace/AI/Repo-Scanner/validation_data/repositories/fastapi_fastapi/tests/test_tutorial/test_custom_response/test_tutorial006b.py'.
Hint: make sure your test modules/packages have valid Python names.
Traceback:
../../../.pyenv/versions/3.11.9/lib/python3.11/importlib/__init__.py:126: in import_module
    return _bootstrap._gcd_import(name[level:], package, level)
           ^^^^^^^^^^^^^^^^^^^^^^^^^^^^^^^^^^^^^^^^^^^^^^^^^^^^
E   ModuleNotFoundError: No module named 'tests.test_tutorial'</error></testcase><testcase classname="" name="validation_data.repositories.fastapi_fastapi.tests.test_tutorial.test_custom_response.test_tutorial006c" time="0.000"><error message="collection failure">ImportError while importing test module '/home/dee/workspace/AI/Repo-Scanner/validation_data/repositories/fastapi_fastapi/tests/test_tutorial/test_custom_response/test_tutorial006c.py'.
Hint: make sure your test modules/packages have valid Python names.
Traceback:
../../../.pyenv/versions/3.11.9/lib/python3.11/importlib/__init__.py:126: in import_module
    return _bootstrap._gcd_import(name[level:], package, level)
           ^^^^^^^^^^^^^^^^^^^^^^^^^^^^^^^^^^^^^^^^^^^^^^^^^^^^
E   ModuleNotFoundError: No module named 'tests.test_tutorial'</error></testcase><testcase classname="" name="validation_data.repositories.fastapi_fastapi.tests.test_tutorial.test_custom_response.test_tutorial007" time="0.000"><error message="collection failure">ImportError while importing test module '/home/dee/workspace/AI/Repo-Scanner/validation_data/repositories/fastapi_fastapi/tests/test_tutorial/test_custom_response/test_tutorial007.py'.
Hint: make sure your test modules/packages have valid Python names.
Traceback:
../../../.pyenv/versions/3.11.9/lib/python3.11/importlib/__init__.py:126: in import_module
    return _bootstrap._gcd_import(name[level:], package, level)
           ^^^^^^^^^^^^^^^^^^^^^^^^^^^^^^^^^^^^^^^^^^^^^^^^^^^^
E   ModuleNotFoundError: No module named 'tests.test_tutorial'</error></testcase><testcase classname="" name="validation_data.repositories.fastapi_fastapi.tests.test_tutorial.test_custom_response.test_tutorial008" time="0.000"><error message="collection failure">ImportError while importing test module '/home/dee/workspace/AI/Repo-Scanner/validation_data/repositories/fastapi_fastapi/tests/test_tutorial/test_custom_response/test_tutorial008.py'.
Hint: make sure your test modules/packages have valid Python names.
Traceback:
../../../.pyenv/versions/3.11.9/lib/python3.11/importlib/__init__.py:126: in import_module
    return _bootstrap._gcd_import(name[level:], package, level)
           ^^^^^^^^^^^^^^^^^^^^^^^^^^^^^^^^^^^^^^^^^^^^^^^^^^^^
E   ModuleNotFoundError: No module named 'tests.test_tutorial'</error></testcase><testcase classname="" name="validation_data.repositories.fastapi_fastapi.tests.test_tutorial.test_custom_response.test_tutorial009" time="0.000"><error message="collection failure">ImportError while importing test module '/home/dee/workspace/AI/Repo-Scanner/validation_data/repositories/fastapi_fastapi/tests/test_tutorial/test_custom_response/test_tutorial009.py'.
Hint: make sure your test modules/packages have valid Python names.
Traceback:
../../../.pyenv/versions/3.11.9/lib/python3.11/importlib/__init__.py:126: in import_module
    return _bootstrap._gcd_import(name[level:], package, level)
           ^^^^^^^^^^^^^^^^^^^^^^^^^^^^^^^^^^^^^^^^^^^^^^^^^^^^
E   ModuleNotFoundError: No module named 'tests.test_tutorial'</error></testcase><testcase classname="" name="validation_data.repositories.fastapi_fastapi.tests.test_tutorial.test_custom_response.test_tutorial009b" time="0.000"><error message="collection failure">ImportError while importing test module '/home/dee/workspace/AI/Repo-Scanner/validation_data/repositories/fastapi_fastapi/tests/test_tutorial/test_custom_response/test_tutorial009b.py'.
Hint: make sure your test modules/packages have valid Python names.
Traceback:
../../../.pyenv/versions/3.11.9/lib/python3.11/importlib/__init__.py:126: in import_module
    return _bootstrap._gcd_import(name[level:], package, level)
           ^^^^^^^^^^^^^^^^^^^^^^^^^^^^^^^^^^^^^^^^^^^^^^^^^^^^
E   ModuleNotFoundError: No module named 'tests.test_tutorial'</error></testcase><testcase classname="" name="validation_data.repositories.fastapi_fastapi.tests.test_tutorial.test_custom_response.test_tutorial009c" time="0.000"><error message="collection failure">ImportError while importing test module '/home/dee/workspace/AI/Repo-Scanner/validation_data/repositories/fastapi_fastapi/tests/test_tutorial/test_custom_response/test_tutorial009c.py'.
Hint: make sure your test modules/packages have valid Python names.
Traceback:
../../../.pyenv/versions/3.11.9/lib/python3.11/importlib/__init__.py:126: in import_module
    return _bootstrap._gcd_import(name[level:], package, level)
           ^^^^^^^^^^^^^^^^^^^^^^^^^^^^^^^^^^^^^^^^^^^^^^^^^^^^
E   ModuleNotFoundError: No module named 'tests.test_tutorial'</error></testcase><testcase classname="" name="validation_data.repositories.fastapi_fastapi.tests.test_tutorial.test_dataclasses.test_tutorial001" time="0.000"><error message="collection failure">ImportError while importing test module '/home/dee/workspace/AI/Repo-Scanner/validation_data/repositories/fastapi_fastapi/tests/test_tutorial/test_dataclasses/test_tutorial001.py'.
Hint: make sure your test modules/packages have valid Python names.
Traceback:
../../../.pyenv/versions/3.11.9/lib/python3.11/importlib/__init__.py:126: in import_module
    return _bootstrap._gcd_import(name[level:], package, level)
           ^^^^^^^^^^^^^^^^^^^^^^^^^^^^^^^^^^^^^^^^^^^^^^^^^^^^
E   ModuleNotFoundError: No module named 'tests.test_tutorial'</error></testcase><testcase classname="" name="validation_data.repositories.fastapi_fastapi.tests.test_tutorial.test_dataclasses.test_tutorial002" time="0.000"><error message="collection failure">ImportError while importing test module '/home/dee/workspace/AI/Repo-Scanner/validation_data/repositories/fastapi_fastapi/tests/test_tutorial/test_dataclasses/test_tutorial002.py'.
Hint: make sure your test modules/packages have valid Python names.
Traceback:
../../../.pyenv/versions/3.11.9/lib/python3.11/importlib/__init__.py:126: in import_module
    return _bootstrap._gcd_import(name[level:], package, level)
           ^^^^^^^^^^^^^^^^^^^^^^^^^^^^^^^^^^^^^^^^^^^^^^^^^^^^
E   ModuleNotFoundError: No module named 'tests.test_tutorial'</error></testcase><testcase classname="" name="validation_data.repositories.fastapi_fastapi.tests.test_tutorial.test_dataclasses.test_tutorial003" time="0.000"><error message="collection failure">ImportError while importing test module '/home/dee/workspace/AI/Repo-Scanner/validation_data/repositories/fastapi_fastapi/tests/test_tutorial/test_dataclasses/test_tutorial003.py'.
Hint: make sure your test modules/packages have valid Python names.
Traceback:
../../../.pyenv/versions/3.11.9/lib/python3.11/importlib/__init__.py:126: in import_module
    return _bootstrap._gcd_import(name[level:], package, level)
           ^^^^^^^^^^^^^^^^^^^^^^^^^^^^^^^^^^^^^^^^^^^^^^^^^^^^
E   ModuleNotFoundError: No module named 'tests.test_tutorial'</error></testcase><testcase classname="" name="validation_data.repositories.fastapi_fastapi.tests.test_tutorial.test_debugging.test_tutorial001" time="0.000"><error message="collection failure">ImportError while importing test module '/home/dee/workspace/AI/Repo-Scanner/validation_data/repositories/fastapi_fastapi/tests/test_tutorial/test_debugging/test_tutorial001.py'.
Hint: make sure your test modules/packages have valid Python names.
Traceback:
../../../.pyenv/versions/3.11.9/lib/python3.11/importlib/__init__.py:126: in import_module
    return _bootstrap._gcd_import(name[level:], package, level)
           ^^^^^^^^^^^^^^^^^^^^^^^^^^^^^^^^^^^^^^^^^^^^^^^^^^^^
E   ModuleNotFoundError: No module named 'tests.test_tutorial'</error></testcase><testcase classname="" name="validation_data.repositories.fastapi_fastapi.tests.test_tutorial.test_dependencies.test_tutorial001_tutorial001_02" time="0.000"><error message="collection failure">ImportError while importing test module '/home/dee/workspace/AI/Repo-Scanner/validation_data/repositories/fastapi_fastapi/tests/test_tutorial/test_dependencies/test_tutorial001_tutorial001_02.py'.
Hint: make sure your test modules/packages have valid Python names.
Traceback:
../../../.pyenv/versions/3.11.9/lib/python3.11/importlib/__init__.py:126: in import_module
    return _bootstrap._gcd_import(name[level:], package, level)
           ^^^^^^^^^^^^^^^^^^^^^^^^^^^^^^^^^^^^^^^^^^^^^^^^^^^^
E   ModuleNotFoundError: No module named 'tests.test_tutorial'</error></testcase><testcase classname="" name="validation_data.repositories.fastapi_fastapi.tests.test_tutorial.test_dependencies.test_tutorial002_tutorial003_tutorial004" time="0.000"><error message="collection failure">ImportError while importing test module '/home/dee/workspace/AI/Repo-Scanner/validation_data/repositories/fastapi_fastapi/tests/test_tutorial/test_dependencies/test_tutorial002_tutorial003_tutorial004.py'.
Hint: make sure your test modules/packages have valid Python names.
Traceback:
../../../.pyenv/versions/3.11.9/lib/python3.11/importlib/__init__.py:126: in import_module
    return _bootstrap._gcd_import(name[level:], package, level)
           ^^^^^^^^^^^^^^^^^^^^^^^^^^^^^^^^^^^^^^^^^^^^^^^^^^^^
E   ModuleNotFoundError: No module named 'tests.test_tutorial'</error></testcase><testcase classname="" name="validation_data.repositories.fastapi_fastapi.tests.test_tutorial.test_dependencies.test_tutorial005" time="0.000"><error message="collection failure">ImportError while importing test module '/home/dee/workspace/AI/Repo-Scanner/validation_data/repositories/fastapi_fastapi/tests/test_tutorial/test_dependencies/test_tutorial005.py'.
Hint: make sure your test modules/packages have valid Python names.
Traceback:
../../../.pyenv/versions/3.11.9/lib/python3.11/importlib/__init__.py:126: in import_module
    return _bootstrap._gcd_import(name[level:], package, level)
           ^^^^^^^^^^^^^^^^^^^^^^^^^^^^^^^^^^^^^^^^^^^^^^^^^^^^
E   ModuleNotFoundError: No module named 'tests.test_tutorial'</error></testcase><testcase classname="" name="validation_data.repositories.fastapi_fastapi.tests.test_tutorial.test_dependencies.test_tutorial006" time="0.000"><error message="collection failure">ImportError while importing test module '/home/dee/workspace/AI/Repo-Scanner/validation_data/repositories/fastapi_fastapi/tests/test_tutorial/test_dependencies/test_tutorial006.py'.
Hint: make sure your test modules/packages have valid Python names.
Traceback:
../../../.pyenv/versions/3.11.9/lib/python3.11/importlib/__init__.py:126: in import_module
    return _bootstrap._gcd_import(name[level:], package, level)
           ^^^^^^^^^^^^^^^^^^^^^^^^^^^^^^^^^^^^^^^^^^^^^^^^^^^^
E   ModuleNotFoundError: No module named 'tests.test_tutorial'</error></testcase><testcase classname="" name="validation_data.repositories.fastapi_fastapi.tests.test_tutorial.test_dependencies.test_tutorial007" time="0.000"><error message="collection failure">ImportError while importing test module '/home/dee/workspace/AI/Repo-Scanner/validation_data/repositories/fastapi_fastapi/tests/test_tutorial/test_dependencies/test_tutorial007.py'.
Hint: make sure your test modules/packages have valid Python names.
Traceback:
../../../.pyenv/versions/3.11.9/lib/python3.11/importlib/__init__.py:126: in import_module
    return _bootstrap._gcd_import(name[level:], package, level)
           ^^^^^^^^^^^^^^^^^^^^^^^^^^^^^^^^^^^^^^^^^^^^^^^^^^^^
E   ModuleNotFoundError: No module named 'tests.test_tutorial'</error></testcase><testcase classname="" name="validation_data.repositories.fastapi_fastapi.tests.test_tutorial.test_dependencies.test_tutorial008" time="0.000"><error message="collection failure">ImportError while importing test module '/home/dee/workspace/AI/Repo-Scanner/validation_data/repositories/fastapi_fastapi/tests/test_tutorial/test_dependencies/test_tutorial008.py'.
Hint: make sure your test modules/packages have valid Python names.
Traceback:
../../../.pyenv/versions/3.11.9/lib/python3.11/importlib/__init__.py:126: in import_module
    return _bootstrap._gcd_import(name[level:], package, level)
           ^^^^^^^^^^^^^^^^^^^^^^^^^^^^^^^^^^^^^^^^^^^^^^^^^^^^
E   ModuleNotFoundError: No module named 'tests.test_tutorial'</error></testcase><testcase classname="" name="validation_data.repositories.fastapi_fastapi.tests.test_tutorial.test_dependencies.test_tutorial008b" time="0.000"><error message="collection failure">ImportError while importing test module '/home/dee/workspace/AI/Repo-Scanner/validation_data/repositories/fastapi_fastapi/tests/test_tutorial/test_dependencies/test_tutorial008b.py'.
Hint: make sure your test modules/packages have valid Python names.
Traceback:
../../../.pyenv/versions/3.11.9/lib/python3.11/importlib/__init__.py:126: in import_module
    return _bootstrap._gcd_import(name[level:], package, level)
           ^^^^^^^^^^^^^^^^^^^^^^^^^^^^^^^^^^^^^^^^^^^^^^^^^^^^
E   ModuleNotFoundError: No module named 'tests.test_tutorial'</error></testcase><testcase classname="" name="validation_data.repositories.fastapi_fastapi.tests.test_tutorial.test_dependencies.test_tutorial008c" time="0.000"><error message="collection failure">ImportError while importing test module '/home/dee/workspace/AI/Repo-Scanner/validation_data/repositories/fastapi_fastapi/tests/test_tutorial/test_dependencies/test_tutorial008c.py'.
Hint: make sure your test modules/packages have valid Python names.
Traceback:
../../../.pyenv/versions/3.11.9/lib/python3.11/importlib/__init__.py:126: in import_module
    return _bootstrap._gcd_import(name[level:], package, level)
           ^^^^^^^^^^^^^^^^^^^^^^^^^^^^^^^^^^^^^^^^^^^^^^^^^^^^
E   ModuleNotFoundError: No module named 'tests.test_tutorial'</error></testcase><testcase classname="" name="validation_data.repositories.fastapi_fastapi.tests.test_tutorial.test_dependencies.test_tutorial008d" time="0.000"><error message="collection failure">ImportError while importing test module '/home/dee/workspace/AI/Repo-Scanner/validation_data/repositories/fastapi_fastapi/tests/test_tutorial/test_dependencies/test_tutorial008d.py'.
Hint: make sure your test modules/packages have valid Python names.
Traceback:
../../../.pyenv/versions/3.11.9/lib/python3.11/importlib/__init__.py:126: in import_module
    return _bootstrap._gcd_import(name[level:], package, level)
           ^^^^^^^^^^^^^^^^^^^^^^^^^^^^^^^^^^^^^^^^^^^^^^^^^^^^
E   ModuleNotFoundError: No module named 'tests.test_tutorial'</error></testcase><testcase classname="" name="validation_data.repositories.fastapi_fastapi.tests.test_tutorial.test_dependencies.test_tutorial008e" time="0.000"><error message="collection failure">ImportError while importing test module '/home/dee/workspace/AI/Repo-Scanner/validation_data/repositories/fastapi_fastapi/tests/test_tutorial/test_dependencies/test_tutorial008e.py'.
Hint: make sure your test modules/packages have valid Python names.
Traceback:
../../../.pyenv/versions/3.11.9/lib/python3.11/importlib/__init__.py:126: in import_module
    return _bootstrap._gcd_import(name[level:], package, level)
           ^^^^^^^^^^^^^^^^^^^^^^^^^^^^^^^^^^^^^^^^^^^^^^^^^^^^
E   ModuleNotFoundError: No module named 'tests.test_tutorial'</error></testcase><testcase classname="" name="validation_data.repositories.fastapi_fastapi.tests.test_tutorial.test_dependencies.test_tutorial010" time="0.000"><error message="collection failure">ImportError while importing test module '/home/dee/workspace/AI/Repo-Scanner/validation_data/repositories/fastapi_fastapi/tests/test_tutorial/test_dependencies/test_tutorial010.py'.
Hint: make sure your test modules/packages have valid Python names.
Traceback:
../../../.pyenv/versions/3.11.9/lib/python3.11/importlib/__init__.py:126: in import_module
    return _bootstrap._gcd_import(name[level:], package, level)
           ^^^^^^^^^^^^^^^^^^^^^^^^^^^^^^^^^^^^^^^^^^^^^^^^^^^^
E   ModuleNotFoundError: No module named 'tests.test_tutorial'</error></testcase><testcase classname="" name="validation_data.repositories.fastapi_fastapi.tests.test_tutorial.test_dependencies.test_tutorial011" time="0.000"><error message="collection failure">ImportError while importing test module '/home/dee/workspace/AI/Repo-Scanner/validation_data/repositories/fastapi_fastapi/tests/test_tutorial/test_dependencies/test_tutorial011.py'.
Hint: make sure your test modules/packages have valid Python names.
Traceback:
../../../.pyenv/versions/3.11.9/lib/python3.11/importlib/__init__.py:126: in import_module
    return _bootstrap._gcd_import(name[level:], package, level)
           ^^^^^^^^^^^^^^^^^^^^^^^^^^^^^^^^^^^^^^^^^^^^^^^^^^^^
E   ModuleNotFoundError: No module named 'tests.test_tutorial'</error></testcase><testcase classname="" name="validation_data.repositories.fastapi_fastapi.tests.test_tutorial.test_dependencies.test_tutorial012" time="0.000"><error message="collection failure">ImportError while importing test module '/home/dee/workspace/AI/Repo-Scanner/validation_data/repositories/fastapi_fastapi/tests/test_tutorial/test_dependencies/test_tutorial012.py'.
Hint: make sure your test modules/packages have valid Python names.
Traceback:
../../../.pyenv/versions/3.11.9/lib/python3.11/importlib/__init__.py:126: in import_module
    return _bootstrap._gcd_import(name[level:], package, level)
           ^^^^^^^^^^^^^^^^^^^^^^^^^^^^^^^^^^^^^^^^^^^^^^^^^^^^
E   ModuleNotFoundError: No module named 'tests.test_tutorial'</error></testcase><testcase classname="" name="validation_data.repositories.fastapi_fastapi.tests.test_tutorial.test_encoder.test_tutorial001" time="0.000"><error message="collection failure">ImportError while importing test module '/home/dee/workspace/AI/Repo-Scanner/validation_data/repositories/fastapi_fastapi/tests/test_tutorial/test_encoder/test_tutorial001.py'.
Hint: make sure your test modules/packages have valid Python names.
Traceback:
../../../.pyenv/versions/3.11.9/lib/python3.11/importlib/__init__.py:126: in import_module
    return _bootstrap._gcd_import(name[level:], package, level)
           ^^^^^^^^^^^^^^^^^^^^^^^^^^^^^^^^^^^^^^^^^^^^^^^^^^^^
E   ModuleNotFoundError: No module named 'tests.test_tutorial'</error></testcase><testcase classname="" name="validation_data.repositories.fastapi_fastapi.tests.test_tutorial.test_events.test_tutorial001" time="0.000"><error message="collection failure">ImportError while importing test module '/home/dee/workspace/AI/Repo-Scanner/validation_data/repositories/fastapi_fastapi/tests/test_tutorial/test_events/test_tutorial001.py'.
Hint: make sure your test modules/packages have valid Python names.
Traceback:
../../../.pyenv/versions/3.11.9/lib/python3.11/importlib/__init__.py:126: in import_module
    return _bootstrap._gcd_import(name[level:], package, level)
           ^^^^^^^^^^^^^^^^^^^^^^^^^^^^^^^^^^^^^^^^^^^^^^^^^^^^
E   ModuleNotFoundError: No module named 'tests.test_tutorial'</error></testcase><testcase classname="" name="validation_data.repositories.fastapi_fastapi.tests.test_tutorial.test_events.test_tutorial002" time="0.000"><error message="collection failure">ImportError while importing test module '/home/dee/workspace/AI/Repo-Scanner/validation_data/repositories/fastapi_fastapi/tests/test_tutorial/test_events/test_tutorial002.py'.
Hint: make sure your test modules/packages have valid Python names.
Traceback:
../../../.pyenv/versions/3.11.9/lib/python3.11/importlib/__init__.py:126: in import_module
    return _bootstrap._gcd_import(name[level:], package, level)
           ^^^^^^^^^^^^^^^^^^^^^^^^^^^^^^^^^^^^^^^^^^^^^^^^^^^^
E   ModuleNotFoundError: No module named 'tests.test_tutorial'</error></testcase><testcase classname="" name="validation_data.repositories.fastapi_fastapi.tests.test_tutorial.test_events.test_tutorial003" time="0.000"><error message="collection failure">ImportError while importing test module '/home/dee/workspace/AI/Repo-Scanner/validation_data/repositories/fastapi_fastapi/tests/test_tutorial/test_events/test_tutorial003.py'.
Hint: make sure your test modules/packages have valid Python names.
Traceback:
../../../.pyenv/versions/3.11.9/lib/python3.11/importlib/__init__.py:126: in import_module
    return _bootstrap._gcd_import(name[level:], package, level)
           ^^^^^^^^^^^^^^^^^^^^^^^^^^^^^^^^^^^^^^^^^^^^^^^^^^^^
E   ModuleNotFoundError: No module named 'tests.test_tutorial'</error></testcase><testcase classname="" name="validation_data.repositories.fastapi_fastapi.tests.test_tutorial.test_extending_openapi.test_tutorial001" time="0.000"><error message="collection failure">ImportError while importing test module '/home/dee/workspace/AI/Repo-Scanner/validation_data/repositories/fastapi_fastapi/tests/test_tutorial/test_extending_openapi/test_tutorial001.py'.
Hint: make sure your test modules/packages have valid Python names.
Traceback:
../../../.pyenv/versions/3.11.9/lib/python3.11/importlib/__init__.py:126: in import_module
    return _bootstrap._gcd_import(name[level:], package, level)
           ^^^^^^^^^^^^^^^^^^^^^^^^^^^^^^^^^^^^^^^^^^^^^^^^^^^^
E   ModuleNotFoundError: No module named 'tests.test_tutorial'</error></testcase><testcase classname="" name="validation_data.repositories.fastapi_fastapi.tests.test_tutorial.test_extra_data_types.test_tutorial001" time="0.000"><error message="collection failure">ImportError while importing test module '/home/dee/workspace/AI/Repo-Scanner/validation_data/repositories/fastapi_fastapi/tests/test_tutorial/test_extra_data_types/test_tutorial001.py'.
Hint: make sure your test modules/packages have valid Python names.
Traceback:
../../../.pyenv/versions/3.11.9/lib/python3.11/importlib/__init__.py:126: in import_module
    return _bootstrap._gcd_import(name[level:], package, level)
           ^^^^^^^^^^^^^^^^^^^^^^^^^^^^^^^^^^^^^^^^^^^^^^^^^^^^
E   ModuleNotFoundError: No module named 'tests.test_tutorial'</error></testcase><testcase classname="" name="validation_data.repositories.fastapi_fastapi.tests.test_tutorial.test_extra_models.test_tutorial001_tutorial002" time="0.000"><error message="collection failure">ImportError while importing test module '/home/dee/workspace/AI/Repo-Scanner/validation_data/repositories/fastapi_fastapi/tests/test_tutorial/test_extra_models/test_tutorial001_tutorial002.py'.
Hint: make sure your test modules/packages have valid Python names.
Traceback:
../../../.pyenv/versions/3.11.9/lib/python3.11/importlib/__init__.py:126: in import_module
    return _bootstrap._gcd_import(name[level:], package, level)
           ^^^^^^^^^^^^^^^^^^^^^^^^^^^^^^^^^^^^^^^^^^^^^^^^^^^^
E   ModuleNotFoundError: No module named 'tests.test_tutorial'</error></testcase><testcase classname="" name="validation_data.repositories.fastapi_fastapi.tests.test_tutorial.test_extra_models.test_tutorial003" time="0.000"><error message="collection failure">ImportError while importing test module '/home/dee/workspace/AI/Repo-Scanner/validation_data/repositories/fastapi_fastapi/tests/test_tutorial/test_extra_models/test_tutorial003.py'.
Hint: make sure your test modules/packages have valid Python names.
Traceback:
../../../.pyenv/versions/3.11.9/lib/python3.11/importlib/__init__.py:126: in import_module
    return _bootstrap._gcd_import(name[level:], package, level)
           ^^^^^^^^^^^^^^^^^^^^^^^^^^^^^^^^^^^^^^^^^^^^^^^^^^^^
E   ModuleNotFoundError: No module named 'tests.test_tutorial'</error></testcase><testcase classname="" name="validation_data.repositories.fastapi_fastapi.tests.test_tutorial.test_extra_models.test_tutorial004" time="0.000"><error message="collection failure">ImportError while importing test module '/home/dee/workspace/AI/Repo-Scanner/validation_data/repositories/fastapi_fastapi/tests/test_tutorial/test_extra_models/test_tutorial004.py'.
Hint: make sure your test modules/packages have valid Python names.
Traceback:
../../../.pyenv/versions/3.11.9/lib/python3.11/importlib/__init__.py:126: in import_module
    return _bootstrap._gcd_import(name[level:], package, level)
           ^^^^^^^^^^^^^^^^^^^^^^^^^^^^^^^^^^^^^^^^^^^^^^^^^^^^
E   ModuleNotFoundError: No module named 'tests.test_tutorial'</error></testcase><testcase classname="" name="validation_data.repositories.fastapi_fastapi.tests.test_tutorial.test_extra_models.test_tutorial005" time="0.000"><error message="collection failure">ImportError while importing test module '/home/dee/workspace/AI/Repo-Scanner/validation_data/repositories/fastapi_fastapi/tests/test_tutorial/test_extra_models/test_tutorial005.py'.
Hint: make sure your test modules/packages have valid Python names.
Traceback:
../../../.pyenv/versions/3.11.9/lib/python3.11/importlib/__init__.py:126: in import_module
    return _bootstrap._gcd_import(name[level:], package, level)
           ^^^^^^^^^^^^^^^^^^^^^^^^^^^^^^^^^^^^^^^^^^^^^^^^^^^^
E   ModuleNotFoundError: No module named 'tests.test_tutorial'</error></testcase><testcase classname="" name="validation_data.repositories.fastapi_fastapi.tests.test_tutorial.test_first_steps.test_tutorial001_tutorial002_tutorial003" time="0.000"><error message="collection failure">ImportError while importing test module '/home/dee/workspace/AI/Repo-Scanner/validation_data/repositories/fastapi_fastapi/tests/test_tutorial/test_first_steps/test_tutorial001_tutorial002_tutorial003.py'.
Hint: make sure your test modules/packages have valid Python names.
Traceback:
../../../.pyenv/versions/3.11.9/lib/python3.11/importlib/__init__.py:126: in import_module
    return _bootstrap._gcd_import(name[level:], package, level)
           ^^^^^^^^^^^^^^^^^^^^^^^^^^^^^^^^^^^^^^^^^^^^^^^^^^^^
E   ModuleNotFoundError: No module named 'tests.test_tutorial'</error></testcase><testcase classname="" name="validation_data.repositories.fastapi_fastapi.tests.test_tutorial.test_generate_clients.test_tutorial001" time="0.000"><error message="collection failure">ImportError while importing test module '/home/dee/workspace/AI/Repo-Scanner/validation_data/repositories/fastapi_fastapi/tests/test_tutorial/test_generate_clients/test_tutorial001.py'.
Hint: make sure your test modules/packages have valid Python names.
Traceback:
../../../.pyenv/versions/3.11.9/lib/python3.11/importlib/__init__.py:126: in import_module
    return _bootstrap._gcd_import(name[level:], package, level)
           ^^^^^^^^^^^^^^^^^^^^^^^^^^^^^^^^^^^^^^^^^^^^^^^^^^^^
E   ModuleNotFoundError: No module named 'tests.test_tutorial'</error></testcase><testcase classname="" name="validation_data.repositories.fastapi_fastapi.tests.test_tutorial.test_generate_clients.test_tutorial002" time="0.000"><error message="collection failure">ImportError while importing test module '/home/dee/workspace/AI/Repo-Scanner/validation_data/repositories/fastapi_fastapi/tests/test_tutorial/test_generate_clients/test_tutorial002.py'.
Hint: make sure your test modules/packages have valid Python names.
Traceback:
../../../.pyenv/versions/3.11.9/lib/python3.11/importlib/__init__.py:126: in import_module
    return _bootstrap._gcd_import(name[level:], package, level)
           ^^^^^^^^^^^^^^^^^^^^^^^^^^^^^^^^^^^^^^^^^^^^^^^^^^^^
E   ModuleNotFoundError: No module named 'tests.test_tutorial'</error></testcase><testcase classname="" name="validation_data.repositories.fastapi_fastapi.tests.test_tutorial.test_generate_clients.test_tutorial003" time="0.000"><error message="collection failure">ImportError while importing test module '/home/dee/workspace/AI/Repo-Scanner/validation_data/repositories/fastapi_fastapi/tests/test_tutorial/test_generate_clients/test_tutorial003.py'.
Hint: make sure your test modules/packages have valid Python names.
Traceback:
../../../.pyenv/versions/3.11.9/lib/python3.11/importlib/__init__.py:126: in import_module
    return _bootstrap._gcd_import(name[level:], package, level)
           ^^^^^^^^^^^^^^^^^^^^^^^^^^^^^^^^^^^^^^^^^^^^^^^^^^^^
E   ModuleNotFoundError: No module named 'tests.test_tutorial'</error></testcase><testcase classname="" name="validation_data.repositories.fastapi_fastapi.tests.test_tutorial.test_generate_clients.test_tutorial004" time="0.000"><error message="collection failure">ImportError while importing test module '/home/dee/workspace/AI/Repo-Scanner/validation_data/repositories/fastapi_fastapi/tests/test_tutorial/test_generate_clients/test_tutorial004.py'.
Hint: make sure your test modules/packages have valid Python names.
Traceback:
../../../.pyenv/versions/3.11.9/lib/python3.11/importlib/__init__.py:126: in import_module
    return _bootstrap._gcd_import(name[level:], package, level)
           ^^^^^^^^^^^^^^^^^^^^^^^^^^^^^^^^^^^^^^^^^^^^^^^^^^^^
E   ModuleNotFoundError: No module named 'tests.test_tutorial'</error></testcase><testcase classname="" name="validation_data.repositories.fastapi_fastapi.tests.test_tutorial.test_graphql.test_tutorial001" time="0.000"><error message="collection failure">ImportError while importing test module '/home/dee/workspace/AI/Repo-Scanner/validation_data/repositories/fastapi_fastapi/tests/test_tutorial/test_graphql/test_tutorial001.py'.
Hint: make sure your test modules/packages have valid Python names.
Traceback:
../../../.pyenv/versions/3.11.9/lib/python3.11/importlib/__init__.py:126: in import_module
    return _bootstrap._gcd_import(name[level:], package, level)
           ^^^^^^^^^^^^^^^^^^^^^^^^^^^^^^^^^^^^^^^^^^^^^^^^^^^^
E   ModuleNotFoundError: No module named 'tests.test_tutorial'</error></testcase><testcase classname="" name="validation_data.repositories.fastapi_fastapi.tests.test_tutorial.test_handling_errors.test_tutorial001" time="0.000"><error message="collection failure">ImportError while importing test module '/home/dee/workspace/AI/Repo-Scanner/validation_data/repositories/fastapi_fastapi/tests/test_tutorial/test_handling_errors/test_tutorial001.py'.
Hint: make sure your test modules/packages have valid Python names.
Traceback:
../../../.pyenv/versions/3.11.9/lib/python3.11/importlib/__init__.py:126: in import_module
    return _bootstrap._gcd_import(name[level:], package, level)
           ^^^^^^^^^^^^^^^^^^^^^^^^^^^^^^^^^^^^^^^^^^^^^^^^^^^^
E   ModuleNotFoundError: No module named 'tests.test_tutorial'</error></testcase><testcase classname="" name="validation_data.repositories.fastapi_fastapi.tests.test_tutorial.test_handling_errors.test_tutorial002" time="0.000"><error message="collection failure">ImportError while importing test module '/home/dee/workspace/AI/Repo-Scanner/validation_data/repositories/fastapi_fastapi/tests/test_tutorial/test_handling_errors/test_tutorial002.py'.
Hint: make sure your test modules/packages have valid Python names.
Traceback:
../../../.pyenv/versions/3.11.9/lib/python3.11/importlib/__init__.py:126: in import_module
    return _bootstrap._gcd_import(name[level:], package, level)
           ^^^^^^^^^^^^^^^^^^^^^^^^^^^^^^^^^^^^^^^^^^^^^^^^^^^^
E   ModuleNotFoundError: No module named 'tests.test_tutorial'</error></testcase><testcase classname="" name="validation_data.repositories.fastapi_fastapi.tests.test_tutorial.test_handling_errors.test_tutorial003" time="0.000"><error message="collection failure">ImportError while importing test module '/home/dee/workspace/AI/Repo-Scanner/validation_data/repositories/fastapi_fastapi/tests/test_tutorial/test_handling_errors/test_tutorial003.py'.
Hint: make sure your test modules/packages have valid Python names.
Traceback:
../../../.pyenv/versions/3.11.9/lib/python3.11/importlib/__init__.py:126: in import_module
    return _bootstrap._gcd_import(name[level:], package, level)
           ^^^^^^^^^^^^^^^^^^^^^^^^^^^^^^^^^^^^^^^^^^^^^^^^^^^^
E   ModuleNotFoundError: No module named 'tests.test_tutorial'</error></testcase><testcase classname="" name="validation_data.repositories.fastapi_fastapi.tests.test_tutorial.test_handling_errors.test_tutorial004" time="0.000"><error message="collection failure">ImportError while importing test module '/home/dee/workspace/AI/Repo-Scanner/validation_data/repositories/fastapi_fastapi/tests/test_tutorial/test_handling_errors/test_tutorial004.py'.
Hint: make sure your test modules/packages have valid Python names.
Traceback:
../../../.pyenv/versions/3.11.9/lib/python3.11/importlib/__init__.py:126: in import_module
    return _bootstrap._gcd_import(name[level:], package, level)
           ^^^^^^^^^^^^^^^^^^^^^^^^^^^^^^^^^^^^^^^^^^^^^^^^^^^^
E   ModuleNotFoundError: No module named 'tests.test_tutorial'</error></testcase><testcase classname="" name="validation_data.repositories.fastapi_fastapi.tests.test_tutorial.test_handling_errors.test_tutorial005" time="0.000"><error message="collection failure">ImportError while importing test module '/home/dee/workspace/AI/Repo-Scanner/validation_data/repositories/fastapi_fastapi/tests/test_tutorial/test_handling_errors/test_tutorial005.py'.
Hint: make sure your test modules/packages have valid Python names.
Traceback:
../../../.pyenv/versions/3.11.9/lib/python3.11/importlib/__init__.py:126: in import_module
    return _bootstrap._gcd_import(name[level:], package, level)
           ^^^^^^^^^^^^^^^^^^^^^^^^^^^^^^^^^^^^^^^^^^^^^^^^^^^^
E   ModuleNotFoundError: No module named 'tests.test_tutorial'</error></testcase><testcase classname="" name="validation_data.repositories.fastapi_fastapi.tests.test_tutorial.test_handling_errors.test_tutorial006" time="0.000"><error message="collection failure">ImportError while importing test module '/home/dee/workspace/AI/Repo-Scanner/validation_data/repositories/fastapi_fastapi/tests/test_tutorial/test_handling_errors/test_tutorial006.py'.
Hint: make sure your test modules/packages have valid Python names.
Traceback:
../../../.pyenv/versions/3.11.9/lib/python3.11/importlib/__init__.py:126: in import_module
    return _bootstrap._gcd_import(name[level:], package, level)
           ^^^^^^^^^^^^^^^^^^^^^^^^^^^^^^^^^^^^^^^^^^^^^^^^^^^^
E   ModuleNotFoundError: No module named 'tests.test_tutorial'</error></testcase><testcase classname="" name="validation_data.repositories.fastapi_fastapi.tests.test_tutorial.test_header_param_models.test_tutorial001" time="0.000"><error message="collection failure">ImportError while importing test module '/home/dee/workspace/AI/Repo-Scanner/validation_data/repositories/fastapi_fastapi/tests/test_tutorial/test_header_param_models/test_tutorial001.py'.
Hint: make sure your test modules/packages have valid Python names.
Traceback:
../../../.pyenv/versions/3.11.9/lib/python3.11/importlib/__init__.py:126: in import_module
    return _bootstrap._gcd_import(name[level:], package, level)
           ^^^^^^^^^^^^^^^^^^^^^^^^^^^^^^^^^^^^^^^^^^^^^^^^^^^^
E   ModuleNotFoundError: No module named 'tests.test_tutorial'</error></testcase><testcase classname="" name="validation_data.repositories.fastapi_fastapi.tests.test_tutorial.test_header_param_models.test_tutorial002" time="0.000"><error message="collection failure">ImportError while importing test module '/home/dee/workspace/AI/Repo-Scanner/validation_data/repositories/fastapi_fastapi/tests/test_tutorial/test_header_param_models/test_tutorial002.py'.
Hint: make sure your test modules/packages have valid Python names.
Traceback:
../../../.pyenv/versions/3.11.9/lib/python3.11/importlib/__init__.py:126: in import_module
    return _bootstrap._gcd_import(name[level:], package, level)
           ^^^^^^^^^^^^^^^^^^^^^^^^^^^^^^^^^^^^^^^^^^^^^^^^^^^^
E   ModuleNotFoundError: No module named 'tests.test_tutorial'</error></testcase><testcase classname="" name="validation_data.repositories.fastapi_fastapi.tests.test_tutorial.test_header_param_models.test_tutorial003" time="0.000"><error message="collection failure">ImportError while importing test module '/home/dee/workspace/AI/Repo-Scanner/validation_data/repositories/fastapi_fastapi/tests/test_tutorial/test_header_param_models/test_tutorial003.py'.
Hint: make sure your test modules/packages have valid Python names.
Traceback:
../../../.pyenv/versions/3.11.9/lib/python3.11/importlib/__init__.py:126: in import_module
    return _bootstrap._gcd_import(name[level:], package, level)
           ^^^^^^^^^^^^^^^^^^^^^^^^^^^^^^^^^^^^^^^^^^^^^^^^^^^^
E   ModuleNotFoundError: No module named 'tests.test_tutorial'</error></testcase><testcase classname="" name="validation_data.repositories.fastapi_fastapi.tests.test_tutorial.test_header_params.test_tutorial001" time="0.000"><error message="collection failure">ImportError while importing test module '/home/dee/workspace/AI/Repo-Scanner/validation_data/repositories/fastapi_fastapi/tests/test_tutorial/test_header_params/test_tutorial001.py'.
Hint: make sure your test modules/packages have valid Python names.
Traceback:
../../../.pyenv/versions/3.11.9/lib/python3.11/importlib/__init__.py:126: in import_module
    return _bootstrap._gcd_import(name[level:], package, level)
           ^^^^^^^^^^^^^^^^^^^^^^^^^^^^^^^^^^^^^^^^^^^^^^^^^^^^
E   ModuleNotFoundError: No module named 'tests.test_tutorial'</error></testcase><testcase classname="" name="validation_data.repositories.fastapi_fastapi.tests.test_tutorial.test_header_params.test_tutorial002" time="0.000"><error message="collection failure">ImportError while importing test module '/home/dee/workspace/AI/Repo-Scanner/validation_data/repositories/fastapi_fastapi/tests/test_tutorial/test_header_params/test_tutorial002.py'.
Hint: make sure your test modules/packages have valid Python names.
Traceback:
../../../.pyenv/versions/3.11.9/lib/python3.11/importlib/__init__.py:126: in import_module
    return _bootstrap._gcd_import(name[level:], package, level)
           ^^^^^^^^^^^^^^^^^^^^^^^^^^^^^^^^^^^^^^^^^^^^^^^^^^^^
E   ModuleNotFoundError: No module named 'tests.test_tutorial'</error></testcase><testcase classname="" name="validation_data.repositories.fastapi_fastapi.tests.test_tutorial.test_header_params.test_tutorial003" time="0.000"><error message="collection failure">ImportError while importing test module '/home/dee/workspace/AI/Repo-Scanner/validation_data/repositories/fastapi_fastapi/tests/test_tutorial/test_header_params/test_tutorial003.py'.
Hint: make sure your test modules/packages have valid Python names.
Traceback:
../../../.pyenv/versions/3.11.9/lib/python3.11/importlib/__init__.py:126: in import_module
    return _bootstrap._gcd_import(name[level:], package, level)
           ^^^^^^^^^^^^^^^^^^^^^^^^^^^^^^^^^^^^^^^^^^^^^^^^^^^^
E   ModuleNotFoundError: No module named 'tests.test_tutorial'</error></testcase><testcase classname="" name="validation_data.repositories.fastapi_fastapi.tests.test_tutorial.test_metadata.test_tutorial001" time="0.000"><error message="collection failure">ImportError while importing test module '/home/dee/workspace/AI/Repo-Scanner/validation_data/repositories/fastapi_fastapi/tests/test_tutorial/test_metadata/test_tutorial001.py'.
Hint: make sure your test modules/packages have valid Python names.
Traceback:
../../../.pyenv/versions/3.11.9/lib/python3.11/importlib/__init__.py:126: in import_module
    return _bootstrap._gcd_import(name[level:], package, level)
           ^^^^^^^^^^^^^^^^^^^^^^^^^^^^^^^^^^^^^^^^^^^^^^^^^^^^
E   ModuleNotFoundError: No module named 'tests.test_tutorial'</error></testcase><testcase classname="" name="validation_data.repositories.fastapi_fastapi.tests.test_tutorial.test_metadata.test_tutorial001_1" time="0.000"><error message="collection failure">ImportError while importing test module '/home/dee/workspace/AI/Repo-Scanner/validation_data/repositories/fastapi_fastapi/tests/test_tutorial/test_metadata/test_tutorial001_1.py'.
Hint: make sure your test modules/packages have valid Python names.
Traceback:
../../../.pyenv/versions/3.11.9/lib/python3.11/importlib/__init__.py:126: in import_module
    return _bootstrap._gcd_import(name[level:], package, level)
           ^^^^^^^^^^^^^^^^^^^^^^^^^^^^^^^^^^^^^^^^^^^^^^^^^^^^
E   ModuleNotFoundError: No module named 'tests.test_tutorial'</error></testcase><testcase classname="" name="validation_data.repositories.fastapi_fastapi.tests.test_tutorial.test_metadata.test_tutorial002" time="0.000"><error message="collection failure">ImportError while importing test module '/home/dee/workspace/AI/Repo-Scanner/validation_data/repositories/fastapi_fastapi/tests/test_tutorial/test_metadata/test_tutorial002.py'.
Hint: make sure your test modules/packages have valid Python names.
Traceback:
../../../.pyenv/versions/3.11.9/lib/python3.11/importlib/__init__.py:126: in import_module
    return _bootstrap._gcd_import(name[level:], package, level)
           ^^^^^^^^^^^^^^^^^^^^^^^^^^^^^^^^^^^^^^^^^^^^^^^^^^^^
E   ModuleNotFoundError: No module named 'tests.test_tutorial'</error></testcase><testcase classname="" name="validation_data.repositories.fastapi_fastapi.tests.test_tutorial.test_metadata.test_tutorial003" time="0.000"><error message="collection failure">ImportError while importing test module '/home/dee/workspace/AI/Repo-Scanner/validation_data/repositories/fastapi_fastapi/tests/test_tutorial/test_metadata/test_tutorial003.py'.
Hint: make sure your test modules/packages have valid Python names.
Traceback:
../../../.pyenv/versions/3.11.9/lib/python3.11/importlib/__init__.py:126: in import_module
    return _bootstrap._gcd_import(name[level:], package, level)
           ^^^^^^^^^^^^^^^^^^^^^^^^^^^^^^^^^^^^^^^^^^^^^^^^^^^^
E   ModuleNotFoundError: No module named 'tests.test_tutorial'</error></testcase><testcase classname="" name="validation_data.repositories.fastapi_fastapi.tests.test_tutorial.test_metadata.test_tutorial004" time="0.000"><error message="collection failure">ImportError while importing test module '/home/dee/workspace/AI/Repo-Scanner/validation_data/repositories/fastapi_fastapi/tests/test_tutorial/test_metadata/test_tutorial004.py'.
Hint: make sure your test modules/packages have valid Python names.
Traceback:
../../../.pyenv/versions/3.11.9/lib/python3.11/importlib/__init__.py:126: in import_module
    return _bootstrap._gcd_import(name[level:], package, level)
           ^^^^^^^^^^^^^^^^^^^^^^^^^^^^^^^^^^^^^^^^^^^^^^^^^^^^
E   ModuleNotFoundError: No module named 'tests.test_tutorial'</error></testcase><testcase classname="" name="validation_data.repositories.fastapi_fastapi.tests.test_tutorial.test_middleware.test_tutorial001" time="0.000"><error message="collection failure">ImportError while importing test module '/home/dee/workspace/AI/Repo-Scanner/validation_data/repositories/fastapi_fastapi/tests/test_tutorial/test_middleware/test_tutorial001.py'.
Hint: make sure your test modules/packages have valid Python names.
Traceback:
../../../.pyenv/versions/3.11.9/lib/python3.11/importlib/__init__.py:126: in import_module
    return _bootstrap._gcd_import(name[level:], package, level)
           ^^^^^^^^^^^^^^^^^^^^^^^^^^^^^^^^^^^^^^^^^^^^^^^^^^^^
E   ModuleNotFoundError: No module named 'tests.test_tutorial'</error></testcase><testcase classname="" name="validation_data.repositories.fastapi_fastapi.tests.test_tutorial.test_openapi_callbacks.test_tutorial001" time="0.000"><error message="collection failure">ImportError while importing test module '/home/dee/workspace/AI/Repo-Scanner/validation_data/repositories/fastapi_fastapi/tests/test_tutorial/test_openapi_callbacks/test_tutorial001.py'.
Hint: make sure your test modules/packages have valid Python names.
Traceback:
../../../.pyenv/versions/3.11.9/lib/python3.11/importlib/__init__.py:126: in import_module
    return _bootstrap._gcd_import(name[level:], package, level)
           ^^^^^^^^^^^^^^^^^^^^^^^^^^^^^^^^^^^^^^^^^^^^^^^^^^^^
E   ModuleNotFoundError: No module named 'tests.test_tutorial'</error></testcase><testcase classname="" name="validation_data.repositories.fastapi_fastapi.tests.test_tutorial.test_openapi_webhooks.test_tutorial001" time="0.000"><error message="collection failure">ImportError while importing test module '/home/dee/workspace/AI/Repo-Scanner/validation_data/repositories/fastapi_fastapi/tests/test_tutorial/test_openapi_webhooks/test_tutorial001.py'.
Hint: make sure your test modules/packages have valid Python names.
Traceback:
../../../.pyenv/versions/3.11.9/lib/python3.11/importlib/__init__.py:126: in import_module
    return _bootstrap._gcd_import(name[level:], package, level)
           ^^^^^^^^^^^^^^^^^^^^^^^^^^^^^^^^^^^^^^^^^^^^^^^^^^^^
E   ModuleNotFoundError: No module named 'tests.test_tutorial'</error></testcase><testcase classname="" name="validation_data.repositories.fastapi_fastapi.tests.test_tutorial.test_path_operation_advanced_configurations.test_tutorial001" time="0.000"><error message="collection failure">ImportError while importing test module '/home/dee/workspace/AI/Repo-Scanner/validation_data/repositories/fastapi_fastapi/tests/test_tutorial/test_path_operation_advanced_configurations/test_tutorial001.py'.
Hint: make sure your test modules/packages have valid Python names.
Traceback:
../../../.pyenv/versions/3.11.9/lib/python3.11/importlib/__init__.py:126: in import_module
    return _bootstrap._gcd_import(name[level:], package, level)
           ^^^^^^^^^^^^^^^^^^^^^^^^^^^^^^^^^^^^^^^^^^^^^^^^^^^^
E   ModuleNotFoundError: No module named 'tests.test_tutorial'</error></testcase><testcase classname="" name="validation_data.repositories.fastapi_fastapi.tests.test_tutorial.test_path_operation_advanced_configurations.test_tutorial002" time="0.000"><error message="collection failure">ImportError while importing test module '/home/dee/workspace/AI/Repo-Scanner/validation_data/repositories/fastapi_fastapi/tests/test_tutorial/test_path_operation_advanced_configurations/test_tutorial002.py'.
Hint: make sure your test modules/packages have valid Python names.
Traceback:
../../../.pyenv/versions/3.11.9/lib/python3.11/importlib/__init__.py:126: in import_module
    return _bootstrap._gcd_import(name[level:], package, level)
           ^^^^^^^^^^^^^^^^^^^^^^^^^^^^^^^^^^^^^^^^^^^^^^^^^^^^
E   ModuleNotFoundError: No module named 'tests.test_tutorial'</error></testcase><testcase classname="" name="validation_data.repositories.fastapi_fastapi.tests.test_tutorial.test_path_operation_advanced_configurations.test_tutorial003" time="0.000"><error message="collection failure">ImportError while importing test module '/home/dee/workspace/AI/Repo-Scanner/validation_data/repositories/fastapi_fastapi/tests/test_tutorial/test_path_operation_advanced_configurations/test_tutorial003.py'.
Hint: make sure your test modules/packages have valid Python names.
Traceback:
../../../.pyenv/versions/3.11.9/lib/python3.11/importlib/__init__.py:126: in import_module
    return _bootstrap._gcd_import(name[level:], package, level)
           ^^^^^^^^^^^^^^^^^^^^^^^^^^^^^^^^^^^^^^^^^^^^^^^^^^^^
E   ModuleNotFoundError: No module named 'tests.test_tutorial'</error></testcase><testcase classname="" name="validation_data.repositories.fastapi_fastapi.tests.test_tutorial.test_path_operation_advanced_configurations.test_tutorial004" time="0.000"><error message="collection failure">ImportError while importing test module '/home/dee/workspace/AI/Repo-Scanner/validation_data/repositories/fastapi_fastapi/tests/test_tutorial/test_path_operation_advanced_configurations/test_tutorial004.py'.
Hint: make sure your test modules/packages have valid Python names.
Traceback:
../../../.pyenv/versions/3.11.9/lib/python3.11/importlib/__init__.py:126: in import_module
    return _bootstrap._gcd_import(name[level:], package, level)
           ^^^^^^^^^^^^^^^^^^^^^^^^^^^^^^^^^^^^^^^^^^^^^^^^^^^^
E   ModuleNotFoundError: No module named 'tests.test_tutorial'</error></testcase><testcase classname="" name="validation_data.repositories.fastapi_fastapi.tests.test_tutorial.test_path_operation_advanced_configurations.test_tutorial005" time="0.000"><error message="collection failure">ImportError while importing test module '/home/dee/workspace/AI/Repo-Scanner/validation_data/repositories/fastapi_fastapi/tests/test_tutorial/test_path_operation_advanced_configurations/test_tutorial005.py'.
Hint: make sure your test modules/packages have valid Python names.
Traceback:
../../../.pyenv/versions/3.11.9/lib/python3.11/importlib/__init__.py:126: in import_module
    return _bootstrap._gcd_import(name[level:], package, level)
           ^^^^^^^^^^^^^^^^^^^^^^^^^^^^^^^^^^^^^^^^^^^^^^^^^^^^
E   ModuleNotFoundError: No module named 'tests.test_tutorial'</error></testcase><testcase classname="" name="validation_data.repositories.fastapi_fastapi.tests.test_tutorial.test_path_operation_advanced_configurations.test_tutorial006" time="0.000"><error message="collection failure">ImportError while importing test module '/home/dee/workspace/AI/Repo-Scanner/validation_data/repositories/fastapi_fastapi/tests/test_tutorial/test_path_operation_advanced_configurations/test_tutorial006.py'.
Hint: make sure your test modules/packages have valid Python names.
Traceback:
../../../.pyenv/versions/3.11.9/lib/python3.11/importlib/__init__.py:126: in import_module
    return _bootstrap._gcd_import(name[level:], package, level)
           ^^^^^^^^^^^^^^^^^^^^^^^^^^^^^^^^^^^^^^^^^^^^^^^^^^^^
E   ModuleNotFoundError: No module named 'tests.test_tutorial'</error></testcase><testcase classname="" name="validation_data.repositories.fastapi_fastapi.tests.test_tutorial.test_path_operation_advanced_configurations.test_tutorial007" time="0.000"><error message="collection failure">ImportError while importing test module '/home/dee/workspace/AI/Repo-Scanner/validation_data/repositories/fastapi_fastapi/tests/test_tutorial/test_path_operation_advanced_configurations/test_tutorial007.py'.
Hint: make sure your test modules/packages have valid Python names.
Traceback:
../../../.pyenv/versions/3.11.9/lib/python3.11/importlib/__init__.py:126: in import_module
    return _bootstrap._gcd_import(name[level:], package, level)
           ^^^^^^^^^^^^^^^^^^^^^^^^^^^^^^^^^^^^^^^^^^^^^^^^^^^^
E   ModuleNotFoundError: No module named 'tests.test_tutorial'</error></testcase><testcase classname="" name="validation_data.repositories.fastapi_fastapi.tests.test_tutorial.test_path_operation_configurations.test_tutorial001" time="0.000"><error message="collection failure">ImportError while importing test module '/home/dee/workspace/AI/Repo-Scanner/validation_data/repositories/fastapi_fastapi/tests/test_tutorial/test_path_operation_configurations/test_tutorial001.py'.
Hint: make sure your test modules/packages have valid Python names.
Traceback:
../../../.pyenv/versions/3.11.9/lib/python3.11/importlib/__init__.py:126: in import_module
    return _bootstrap._gcd_import(name[level:], package, level)
           ^^^^^^^^^^^^^^^^^^^^^^^^^^^^^^^^^^^^^^^^^^^^^^^^^^^^
E   ModuleNotFoundError: No module named 'tests.test_tutorial'</error></testcase><testcase classname="" name="validation_data.repositories.fastapi_fastapi.tests.test_tutorial.test_path_operation_configurations.test_tutorial002" time="0.000"><error message="collection failure">ImportError while importing test module '/home/dee/workspace/AI/Repo-Scanner/validation_data/repositories/fastapi_fastapi/tests/test_tutorial/test_path_operation_configurations/test_tutorial002.py'.
Hint: make sure your test modules/packages have valid Python names.
Traceback:
../../../.pyenv/versions/3.11.9/lib/python3.11/importlib/__init__.py:126: in import_module
    return _bootstrap._gcd_import(name[level:], package, level)
           ^^^^^^^^^^^^^^^^^^^^^^^^^^^^^^^^^^^^^^^^^^^^^^^^^^^^
E   ModuleNotFoundError: No module named 'tests.test_tutorial'</error></testcase><testcase classname="" name="validation_data.repositories.fastapi_fastapi.tests.test_tutorial.test_path_operation_configurations.test_tutorial002b" time="0.000"><error message="collection failure">ImportError while importing test module '/home/dee/workspace/AI/Repo-Scanner/validation_data/repositories/fastapi_fastapi/tests/test_tutorial/test_path_operation_configurations/test_tutorial002b.py'.
Hint: make sure your test modules/packages have valid Python names.
Traceback:
../../../.pyenv/versions/3.11.9/lib/python3.11/importlib/__init__.py:126: in import_module
    return _bootstrap._gcd_import(name[level:], package, level)
           ^^^^^^^^^^^^^^^^^^^^^^^^^^^^^^^^^^^^^^^^^^^^^^^^^^^^
E   ModuleNotFoundError: No module named 'tests.test_tutorial'</error></testcase><testcase classname="" name="validation_data.repositories.fastapi_fastapi.tests.test_tutorial.test_path_operation_configurations.test_tutorial003_tutorial004" time="0.000"><error message="collection failure">ImportError while importing test module '/home/dee/workspace/AI/Repo-Scanner/validation_data/repositories/fastapi_fastapi/tests/test_tutorial/test_path_operation_configurations/test_tutorial003_tutorial004.py'.
Hint: make sure your test modules/packages have valid Python names.
Traceback:
../../../.pyenv/versions/3.11.9/lib/python3.11/importlib/__init__.py:126: in import_module
    return _bootstrap._gcd_import(name[level:], package, level)
           ^^^^^^^^^^^^^^^^^^^^^^^^^^^^^^^^^^^^^^^^^^^^^^^^^^^^
E   ModuleNotFoundError: No module named 'tests.test_tutorial'</error></testcase><testcase classname="" name="validation_data.repositories.fastapi_fastapi.tests.test_tutorial.test_path_operation_configurations.test_tutorial005" time="0.000"><error message="collection failure">ImportError while importing test module '/home/dee/workspace/AI/Repo-Scanner/validation_data/repositories/fastapi_fastapi/tests/test_tutorial/test_path_operation_configurations/test_tutorial005.py'.
Hint: make sure your test modules/packages have valid Python names.
Traceback:
../../../.pyenv/versions/3.11.9/lib/python3.11/importlib/__init__.py:126: in import_module
    return _bootstrap._gcd_import(name[level:], package, level)
           ^^^^^^^^^^^^^^^^^^^^^^^^^^^^^^^^^^^^^^^^^^^^^^^^^^^^
E   ModuleNotFoundError: No module named 'tests.test_tutorial'</error></testcase><testcase classname="" name="validation_data.repositories.fastapi_fastapi.tests.test_tutorial.test_path_operation_configurations.test_tutorial006" time="0.000"><error message="collection failure">ImportError while importing test module '/home/dee/workspace/AI/Repo-Scanner/validation_data/repositories/fastapi_fastapi/tests/test_tutorial/test_path_operation_configurations/test_tutorial006.py'.
Hint: make sure your test modules/packages have valid Python names.
Traceback:
../../../.pyenv/versions/3.11.9/lib/python3.11/importlib/__init__.py:126: in import_module
    return _bootstrap._gcd_import(name[level:], package, level)
           ^^^^^^^^^^^^^^^^^^^^^^^^^^^^^^^^^^^^^^^^^^^^^^^^^^^^
E   ModuleNotFoundError: No module named 'tests.test_tutorial'</error></testcase><testcase classname="" name="validation_data.repositories.fastapi_fastapi.tests.test_tutorial.test_path_params.test_tutorial001" time="0.000"><error message="collection failure">ImportError while importing test module '/home/dee/workspace/AI/Repo-Scanner/validation_data/repositories/fastapi_fastapi/tests/test_tutorial/test_path_params/test_tutorial001.py'.
Hint: make sure your test modules/packages have valid Python names.
Traceback:
../../../.pyenv/versions/3.11.9/lib/python3.11/importlib/__init__.py:126: in import_module
    return _bootstrap._gcd_import(name[level:], package, level)
           ^^^^^^^^^^^^^^^^^^^^^^^^^^^^^^^^^^^^^^^^^^^^^^^^^^^^
E   ModuleNotFoundError: No module named 'tests.test_tutorial'</error></testcase><testcase classname="" name="validation_data.repositories.fastapi_fastapi.tests.test_tutorial.test_path_params.test_tutorial002" time="0.000"><error message="collection failure">ImportError while importing test module '/home/dee/workspace/AI/Repo-Scanner/validation_data/repositories/fastapi_fastapi/tests/test_tutorial/test_path_params/test_tutorial002.py'.
Hint: make sure your test modules/packages have valid Python names.
Traceback:
../../../.pyenv/versions/3.11.9/lib/python3.11/importlib/__init__.py:126: in import_module
    return _bootstrap._gcd_import(name[level:], package, level)
           ^^^^^^^^^^^^^^^^^^^^^^^^^^^^^^^^^^^^^^^^^^^^^^^^^^^^
E   ModuleNotFoundError: No module named 'tests.test_tutorial'</error></testcase><testcase classname="" name="validation_data.repositories.fastapi_fastapi.tests.test_tutorial.test_path_params.test_tutorial003" time="0.000"><error message="collection failure">ImportError while importing test module '/home/dee/workspace/AI/Repo-Scanner/validation_data/repositories/fastapi_fastapi/tests/test_tutorial/test_path_params/test_tutorial003.py'.
Hint: make sure your test modules/packages have valid Python names.
Traceback:
../../../.pyenv/versions/3.11.9/lib/python3.11/importlib/__init__.py:126: in import_module
    return _bootstrap._gcd_import(name[level:], package, level)
           ^^^^^^^^^^^^^^^^^^^^^^^^^^^^^^^^^^^^^^^^^^^^^^^^^^^^
E   ModuleNotFoundError: No module named 'tests.test_tutorial'</error></testcase><testcase classname="" name="validation_data.repositories.fastapi_fastapi.tests.test_tutorial.test_path_params.test_tutorial003b" time="0.000"><error message="collection failure">ImportError while importing test module '/home/dee/workspace/AI/Repo-Scanner/validation_data/repositories/fastapi_fastapi/tests/test_tutorial/test_path_params/test_tutorial003b.py'.
Hint: make sure your test modules/packages have valid Python names.
Traceback:
../../../.pyenv/versions/3.11.9/lib/python3.11/importlib/__init__.py:126: in import_module
    return _bootstrap._gcd_import(name[level:], package, level)
           ^^^^^^^^^^^^^^^^^^^^^^^^^^^^^^^^^^^^^^^^^^^^^^^^^^^^
E   ModuleNotFoundError: No module named 'tests.test_tutorial'</error></testcase><testcase classname="" name="validation_data.repositories.fastapi_fastapi.tests.test_tutorial.test_path_params.test_tutorial004" time="0.000"><error message="collection failure">ImportError while importing test module '/home/dee/workspace/AI/Repo-Scanner/validation_data/repositories/fastapi_fastapi/tests/test_tutorial/test_path_params/test_tutorial004.py'.
Hint: make sure your test modules/packages have valid Python names.
Traceback:
../../../.pyenv/versions/3.11.9/lib/python3.11/importlib/__init__.py:126: in import_module
    return _bootstrap._gcd_import(name[level:], package, level)
           ^^^^^^^^^^^^^^^^^^^^^^^^^^^^^^^^^^^^^^^^^^^^^^^^^^^^
E   ModuleNotFoundError: No module named 'tests.test_tutorial'</error></testcase><testcase classname="" name="validation_data.repositories.fastapi_fastapi.tests.test_tutorial.test_path_params.test_tutorial005" time="0.000"><error message="collection failure">ImportError while importing test module '/home/dee/workspace/AI/Repo-Scanner/validation_data/repositories/fastapi_fastapi/tests/test_tutorial/test_path_params/test_tutorial005.py'.
Hint: make sure your test modules/packages have valid Python names.
Traceback:
../../../.pyenv/versions/3.11.9/lib/python3.11/importlib/__init__.py:126: in import_module
    return _bootstrap._gcd_import(name[level:], package, level)
           ^^^^^^^^^^^^^^^^^^^^^^^^^^^^^^^^^^^^^^^^^^^^^^^^^^^^
E   ModuleNotFoundError: No module named 'tests.test_tutorial'</error></testcase><testcase classname="" name="validation_data.repositories.fastapi_fastapi.tests.test_tutorial.test_path_params_numeric_validations.test_tutorial001" time="0.000"><error message="collection failure">ImportError while importing test module '/home/dee/workspace/AI/Repo-Scanner/validation_data/repositories/fastapi_fastapi/tests/test_tutorial/test_path_params_numeric_validations/test_tutorial001.py'.
Hint: make sure your test modules/packages have valid Python names.
Traceback:
../../../.pyenv/versions/3.11.9/lib/python3.11/importlib/__init__.py:126: in import_module
    return _bootstrap._gcd_import(name[level:], package, level)
           ^^^^^^^^^^^^^^^^^^^^^^^^^^^^^^^^^^^^^^^^^^^^^^^^^^^^
E   ModuleNotFoundError: No module named 'tests.test_tutorial'</error></testcase><testcase classname="" name="validation_data.repositories.fastapi_fastapi.tests.test_tutorial.test_path_params_numeric_validations.test_tutorial002_tutorial003" time="0.000"><error message="collection failure">ImportError while importing test module '/home/dee/workspace/AI/Repo-Scanner/validation_data/repositories/fastapi_fastapi/tests/test_tutorial/test_path_params_numeric_validations/test_tutorial002_tutorial003.py'.
Hint: make sure your test modules/packages have valid Python names.
Traceback:
../../../.pyenv/versions/3.11.9/lib/python3.11/importlib/__init__.py:126: in import_module
    return _bootstrap._gcd_import(name[level:], package, level)
           ^^^^^^^^^^^^^^^^^^^^^^^^^^^^^^^^^^^^^^^^^^^^^^^^^^^^
E   ModuleNotFoundError: No module named 'tests.test_tutorial'</error></testcase><testcase classname="" name="validation_data.repositories.fastapi_fastapi.tests.test_tutorial.test_path_params_numeric_validations.test_tutorial004" time="0.000"><error message="collection failure">ImportError while importing test module '/home/dee/workspace/AI/Repo-Scanner/validation_data/repositories/fastapi_fastapi/tests/test_tutorial/test_path_params_numeric_validations/test_tutorial004.py'.
Hint: make sure your test modules/packages have valid Python names.
Traceback:
../../../.pyenv/versions/3.11.9/lib/python3.11/importlib/__init__.py:126: in import_module
    return _bootstrap._gcd_import(name[level:], package, level)
           ^^^^^^^^^^^^^^^^^^^^^^^^^^^^^^^^^^^^^^^^^^^^^^^^^^^^
E   ModuleNotFoundError: No module named 'tests.test_tutorial'</error></testcase><testcase classname="" name="validation_data.repositories.fastapi_fastapi.tests.test_tutorial.test_path_params_numeric_validations.test_tutorial005" time="0.000"><error message="collection failure">ImportError while importing test module '/home/dee/workspace/AI/Repo-Scanner/validation_data/repositories/fastapi_fastapi/tests/test_tutorial/test_path_params_numeric_validations/test_tutorial005.py'.
Hint: make sure your test modules/packages have valid Python names.
Traceback:
../../../.pyenv/versions/3.11.9/lib/python3.11/importlib/__init__.py:126: in import_module
    return _bootstrap._gcd_import(name[level:], package, level)
           ^^^^^^^^^^^^^^^^^^^^^^^^^^^^^^^^^^^^^^^^^^^^^^^^^^^^
E   ModuleNotFoundError: No module named 'tests.test_tutorial'</error></testcase><testcase classname="" name="validation_data.repositories.fastapi_fastapi.tests.test_tutorial.test_path_params_numeric_validations.test_tutorial006" time="0.000"><error message="collection failure">ImportError while importing test module '/home/dee/workspace/AI/Repo-Scanner/validation_data/repositories/fastapi_fastapi/tests/test_tutorial/test_path_params_numeric_validations/test_tutorial006.py'.
Hint: make sure your test modules/packages have valid Python names.
Traceback:
../../../.pyenv/versions/3.11.9/lib/python3.11/importlib/__init__.py:126: in import_module
    return _bootstrap._gcd_import(name[level:], package, level)
           ^^^^^^^^^^^^^^^^^^^^^^^^^^^^^^^^^^^^^^^^^^^^^^^^^^^^
E   ModuleNotFoundError: No module named 'tests.test_tutorial'</error></testcase><testcase classname="" name="validation_data.repositories.fastapi_fastapi.tests.test_tutorial.test_python_types.test_tutorial001_tutorial002" time="0.000"><error message="collection failure">ImportError while importing test module '/home/dee/workspace/AI/Repo-Scanner/validation_data/repositories/fastapi_fastapi/tests/test_tutorial/test_python_types/test_tutorial001_tutorial002.py'.
Hint: make sure your test modules/packages have valid Python names.
Traceback:
../../../.pyenv/versions/3.11.9/lib/python3.11/importlib/__init__.py:126: in import_module
    return _bootstrap._gcd_import(name[level:], package, level)
           ^^^^^^^^^^^^^^^^^^^^^^^^^^^^^^^^^^^^^^^^^^^^^^^^^^^^
E   ModuleNotFoundError: No module named 'tests.test_tutorial'</error></testcase><testcase classname="" name="validation_data.repositories.fastapi_fastapi.tests.test_tutorial.test_python_types.test_tutorial003" time="0.000"><error message="collection failure">ImportError while importing test module '/home/dee/workspace/AI/Repo-Scanner/validation_data/repositories/fastapi_fastapi/tests/test_tutorial/test_python_types/test_tutorial003.py'.
Hint: make sure your test modules/packages have valid Python names.
Traceback:
../../../.pyenv/versions/3.11.9/lib/python3.11/importlib/__init__.py:126: in import_module
    return _bootstrap._gcd_import(name[level:], package, level)
           ^^^^^^^^^^^^^^^^^^^^^^^^^^^^^^^^^^^^^^^^^^^^^^^^^^^^
E   ModuleNotFoundError: No module named 'tests.test_tutorial'</error></testcase><testcase classname="" name="validation_data.repositories.fastapi_fastapi.tests.test_tutorial.test_python_types.test_tutorial004" time="0.000"><error message="collection failure">ImportError while importing test module '/home/dee/workspace/AI/Repo-Scanner/validation_data/repositories/fastapi_fastapi/tests/test_tutorial/test_python_types/test_tutorial004.py'.
Hint: make sure your test modules/packages have valid Python names.
Traceback:
../../../.pyenv/versions/3.11.9/lib/python3.11/importlib/__init__.py:126: in import_module
    return _bootstrap._gcd_import(name[level:], package, level)
           ^^^^^^^^^^^^^^^^^^^^^^^^^^^^^^^^^^^^^^^^^^^^^^^^^^^^
E   ModuleNotFoundError: No module named 'tests.test_tutorial'</error></testcase><testcase classname="" name="validation_data.repositories.fastapi_fastapi.tests.test_tutorial.test_python_types.test_tutorial005" time="0.000"><error message="collection failure">ImportError while importing test module '/home/dee/workspace/AI/Repo-Scanner/validation_data/repositories/fastapi_fastapi/tests/test_tutorial/test_python_types/test_tutorial005.py'.
Hint: make sure your test modules/packages have valid Python names.
Traceback:
../../../.pyenv/versions/3.11.9/lib/python3.11/importlib/__init__.py:126: in import_module
    return _bootstrap._gcd_import(name[level:], package, level)
           ^^^^^^^^^^^^^^^^^^^^^^^^^^^^^^^^^^^^^^^^^^^^^^^^^^^^
E   ModuleNotFoundError: No module named 'tests.test_tutorial'</error></testcase><testcase classname="" name="validation_data.repositories.fastapi_fastapi.tests.test_tutorial.test_python_types.test_tutorial006" time="0.000"><error message="collection failure">ImportError while importing test module '/home/dee/workspace/AI/Repo-Scanner/validation_data/repositories/fastapi_fastapi/tests/test_tutorial/test_python_types/test_tutorial006.py'.
Hint: make sure your test modules/packages have valid Python names.
Traceback:
../../../.pyenv/versions/3.11.9/lib/python3.11/importlib/__init__.py:126: in import_module
    return _bootstrap._gcd_import(name[level:], package, level)
           ^^^^^^^^^^^^^^^^^^^^^^^^^^^^^^^^^^^^^^^^^^^^^^^^^^^^
E   ModuleNotFoundError: No module named 'tests.test_tutorial'</error></testcase><testcase classname="" name="validation_data.repositories.fastapi_fastapi.tests.test_tutorial.test_python_types.test_tutorial007" time="0.000"><error message="collection failure">ImportError while importing test module '/home/dee/workspace/AI/Repo-Scanner/validation_data/repositories/fastapi_fastapi/tests/test_tutorial/test_python_types/test_tutorial007.py'.
Hint: make sure your test modules/packages have valid Python names.
Traceback:
../../../.pyenv/versions/3.11.9/lib/python3.11/importlib/__init__.py:126: in import_module
    return _bootstrap._gcd_import(name[level:], package, level)
           ^^^^^^^^^^^^^^^^^^^^^^^^^^^^^^^^^^^^^^^^^^^^^^^^^^^^
E   ModuleNotFoundError: No module named 'tests.test_tutorial'</error></testcase><testcase classname="" name="validation_data.repositories.fastapi_fastapi.tests.test_tutorial.test_python_types.test_tutorial008" time="0.000"><error message="collection failure">ImportError while importing test module '/home/dee/workspace/AI/Repo-Scanner/validation_data/repositories/fastapi_fastapi/tests/test_tutorial/test_python_types/test_tutorial008.py'.
Hint: make sure your test modules/packages have valid Python names.
Traceback:
../../../.pyenv/versions/3.11.9/lib/python3.11/importlib/__init__.py:126: in import_module
    return _bootstrap._gcd_import(name[level:], package, level)
           ^^^^^^^^^^^^^^^^^^^^^^^^^^^^^^^^^^^^^^^^^^^^^^^^^^^^
E   ModuleNotFoundError: No module named 'tests.test_tutorial'</error></testcase><testcase classname="" name="validation_data.repositories.fastapi_fastapi.tests.test_tutorial.test_python_types.test_tutorial008b" time="0.000"><error message="collection failure">ImportError while importing test module '/home/dee/workspace/AI/Repo-Scanner/validation_data/repositories/fastapi_fastapi/tests/test_tutorial/test_python_types/test_tutorial008b.py'.
Hint: make sure your test modules/packages have valid Python names.
Traceback:
../../../.pyenv/versions/3.11.9/lib/python3.11/importlib/__init__.py:126: in import_module
    return _bootstrap._gcd_import(name[level:], package, level)
           ^^^^^^^^^^^^^^^^^^^^^^^^^^^^^^^^^^^^^^^^^^^^^^^^^^^^
E   ModuleNotFoundError: No module named 'tests.test_tutorial'</error></testcase><testcase classname="" name="validation_data.repositories.fastapi_fastapi.tests.test_tutorial.test_python_types.test_tutorial009_tutorial009b" time="0.000"><error message="collection failure">ImportError while importing test module '/home/dee/workspace/AI/Repo-Scanner/validation_data/repositories/fastapi_fastapi/tests/test_tutorial/test_python_types/test_tutorial009_tutorial009b.py'.
Hint: make sure your test modules/packages have valid Python names.
Traceback:
../../../.pyenv/versions/3.11.9/lib/python3.11/importlib/__init__.py:126: in import_module
    return _bootstrap._gcd_import(name[level:], package, level)
           ^^^^^^^^^^^^^^^^^^^^^^^^^^^^^^^^^^^^^^^^^^^^^^^^^^^^
E   ModuleNotFoundError: No module named 'tests.test_tutorial'</error></testcase><testcase classname="" name="validation_data.repositories.fastapi_fastapi.tests.test_tutorial.test_python_types.test_tutorial009c" time="0.000"><error message="collection failure">ImportError while importing test module '/home/dee/workspace/AI/Repo-Scanner/validation_data/repositories/fastapi_fastapi/tests/test_tutorial/test_python_types/test_tutorial009c.py'.
Hint: make sure your test modules/packages have valid Python names.
Traceback:
../../../.pyenv/versions/3.11.9/lib/python3.11/importlib/__init__.py:126: in import_module
    return _bootstrap._gcd_import(name[level:], package, level)
           ^^^^^^^^^^^^^^^^^^^^^^^^^^^^^^^^^^^^^^^^^^^^^^^^^^^^
E   ModuleNotFoundError: No module named 'tests.test_tutorial'</error></testcase><testcase classname="" name="validation_data.repositories.fastapi_fastapi.tests.test_tutorial.test_python_types.test_tutorial010" time="0.000"><error message="collection failure">ImportError while importing test module '/home/dee/workspace/AI/Repo-Scanner/validation_data/repositories/fastapi_fastapi/tests/test_tutorial/test_python_types/test_tutorial010.py'.
Hint: make sure your test modules/packages have valid Python names.
Traceback:
../../../.pyenv/versions/3.11.9/lib/python3.11/importlib/__init__.py:126: in import_module
    return _bootstrap._gcd_import(name[level:], package, level)
           ^^^^^^^^^^^^^^^^^^^^^^^^^^^^^^^^^^^^^^^^^^^^^^^^^^^^
E   ModuleNotFoundError: No module named 'tests.test_tutorial'</error></testcase><testcase classname="" name="validation_data.repositories.fastapi_fastapi.tests.test_tutorial.test_python_types.test_tutorial011" time="0.000"><error message="collection failure">ImportError while importing test module '/home/dee/workspace/AI/Repo-Scanner/validation_data/repositories/fastapi_fastapi/tests/test_tutorial/test_python_types/test_tutorial011.py'.
Hint: make sure your test modules/packages have valid Python names.
Traceback:
../../../.pyenv/versions/3.11.9/lib/python3.11/importlib/__init__.py:126: in import_module
    return _bootstrap._gcd_import(name[level:], package, level)
           ^^^^^^^^^^^^^^^^^^^^^^^^^^^^^^^^^^^^^^^^^^^^^^^^^^^^
E   ModuleNotFoundError: No module named 'tests.test_tutorial'</error></testcase><testcase classname="" name="validation_data.repositories.fastapi_fastapi.tests.test_tutorial.test_python_types.test_tutorial012" time="0.000"><error message="collection failure">ImportError while importing test module '/home/dee/workspace/AI/Repo-Scanner/validation_data/repositories/fastapi_fastapi/tests/test_tutorial/test_python_types/test_tutorial012.py'.
Hint: make sure your test modules/packages have valid Python names.
Traceback:
../../../.pyenv/versions/3.11.9/lib/python3.11/importlib/__init__.py:126: in import_module
    return _bootstrap._gcd_import(name[level:], package, level)
           ^^^^^^^^^^^^^^^^^^^^^^^^^^^^^^^^^^^^^^^^^^^^^^^^^^^^
E   ModuleNotFoundError: No module named 'tests.test_tutorial'</error></testcase><testcase classname="" name="validation_data.repositories.fastapi_fastapi.tests.test_tutorial.test_python_types.test_tutorial013" time="0.000"><error message="collection failure">ImportError while importing test module '/home/dee/workspace/AI/Repo-Scanner/validation_data/repositories/fastapi_fastapi/tests/test_tutorial/test_python_types/test_tutorial013.py'.
Hint: make sure your test modules/packages have valid Python names.
Traceback:
../../../.pyenv/versions/3.11.9/lib/python3.11/importlib/__init__.py:126: in import_module
    return _bootstrap._gcd_import(name[level:], package, level)
           ^^^^^^^^^^^^^^^^^^^^^^^^^^^^^^^^^^^^^^^^^^^^^^^^^^^^
E   ModuleNotFoundError: No module named 'tests.test_tutorial'</error></testcase><testcase classname="" name="validation_data.repositories.fastapi_fastapi.tests.test_tutorial.test_query_param_models.test_tutorial001" time="0.000"><error message="collection failure">ImportError while importing test module '/home/dee/workspace/AI/Repo-Scanner/validation_data/repositories/fastapi_fastapi/tests/test_tutorial/test_query_param_models/test_tutorial001.py'.
Hint: make sure your test modules/packages have valid Python names.
Traceback:
../../../.pyenv/versions/3.11.9/lib/python3.11/importlib/__init__.py:126: in import_module
    return _bootstrap._gcd_import(name[level:], package, level)
           ^^^^^^^^^^^^^^^^^^^^^^^^^^^^^^^^^^^^^^^^^^^^^^^^^^^^
E   ModuleNotFoundError: No module named 'tests.test_tutorial'</error></testcase><testcase classname="" name="validation_data.repositories.fastapi_fastapi.tests.test_tutorial.test_query_param_models.test_tutorial002" time="0.000"><error message="collection failure">ImportError while importing test module '/home/dee/workspace/AI/Repo-Scanner/validation_data/repositories/fastapi_fastapi/tests/test_tutorial/test_query_param_models/test_tutorial002.py'.
Hint: make sure your test modules/packages have valid Python names.
Traceback:
../../../.pyenv/versions/3.11.9/lib/python3.11/importlib/__init__.py:126: in import_module
    return _bootstrap._gcd_import(name[level:], package, level)
           ^^^^^^^^^^^^^^^^^^^^^^^^^^^^^^^^^^^^^^^^^^^^^^^^^^^^
E   ModuleNotFoundError: No module named 'tests.test_tutorial'</error></testcase><testcase classname="" name="validation_data.repositories.fastapi_fastapi.tests.test_tutorial.test_query_params.test_tutorial001" time="0.000"><error message="collection failure">ImportError while importing test module '/home/dee/workspace/AI/Repo-Scanner/validation_data/repositories/fastapi_fastapi/tests/test_tutorial/test_query_params/test_tutorial001.py'.
Hint: make sure your test modules/packages have valid Python names.
Traceback:
../../../.pyenv/versions/3.11.9/lib/python3.11/importlib/__init__.py:126: in import_module
    return _bootstrap._gcd_import(name[level:], package, level)
           ^^^^^^^^^^^^^^^^^^^^^^^^^^^^^^^^^^^^^^^^^^^^^^^^^^^^
E   ModuleNotFoundError: No module named 'tests.test_tutorial'</error></testcase><testcase classname="" name="validation_data.repositories.fastapi_fastapi.tests.test_tutorial.test_query_params.test_tutorial002" time="0.000"><error message="collection failure">ImportError while importing test module '/home/dee/workspace/AI/Repo-Scanner/validation_data/repositories/fastapi_fastapi/tests/test_tutorial/test_query_params/test_tutorial002.py'.
Hint: make sure your test modules/packages have valid Python names.
Traceback:
../../../.pyenv/versions/3.11.9/lib/python3.11/importlib/__init__.py:126: in import_module
    return _bootstrap._gcd_import(name[level:], package, level)
           ^^^^^^^^^^^^^^^^^^^^^^^^^^^^^^^^^^^^^^^^^^^^^^^^^^^^
E   ModuleNotFoundError: No module named 'tests.test_tutorial'</error></testcase><testcase classname="" name="validation_data.repositories.fastapi_fastapi.tests.test_tutorial.test_query_params.test_tutorial003" time="0.000"><error message="collection failure">ImportError while importing test module '/home/dee/workspace/AI/Repo-Scanner/validation_data/repositories/fastapi_fastapi/tests/test_tutorial/test_query_params/test_tutorial003.py'.
Hint: make sure your test modules/packages have valid Python names.
Traceback:
../../../.pyenv/versions/3.11.9/lib/python3.11/importlib/__init__.py:126: in import_module
    return _bootstrap._gcd_import(name[level:], package, level)
           ^^^^^^^^^^^^^^^^^^^^^^^^^^^^^^^^^^^^^^^^^^^^^^^^^^^^
E   ModuleNotFoundError: No module named 'tests.test_tutorial'</error></testcase><testcase classname="" name="validation_data.repositories.fastapi_fastapi.tests.test_tutorial.test_query_params.test_tutorial004" time="0.000"><error message="collection failure">ImportError while importing test module '/home/dee/workspace/AI/Repo-Scanner/validation_data/repositories/fastapi_fastapi/tests/test_tutorial/test_query_params/test_tutorial004.py'.
Hint: make sure your test modules/packages have valid Python names.
Traceback:
../../../.pyenv/versions/3.11.9/lib/python3.11/importlib/__init__.py:126: in import_module
    return _bootstrap._gcd_import(name[level:], package, level)
           ^^^^^^^^^^^^^^^^^^^^^^^^^^^^^^^^^^^^^^^^^^^^^^^^^^^^
E   ModuleNotFoundError: No module named 'tests.test_tutorial'</error></testcase><testcase classname="" name="validation_data.repositories.fastapi_fastapi.tests.test_tutorial.test_query_params.test_tutorial005" time="0.000"><error message="collection failure">ImportError while importing test module '/home/dee/workspace/AI/Repo-Scanner/validation_data/repositories/fastapi_fastapi/tests/test_tutorial/test_query_params/test_tutorial005.py'.
Hint: make sure your test modules/packages have valid Python names.
Traceback:
../../../.pyenv/versions/3.11.9/lib/python3.11/importlib/__init__.py:126: in import_module
    return _bootstrap._gcd_import(name[level:], package, level)
           ^^^^^^^^^^^^^^^^^^^^^^^^^^^^^^^^^^^^^^^^^^^^^^^^^^^^
E   ModuleNotFoundError: No module named 'tests.test_tutorial'</error></testcase><testcase classname="" name="validation_data.repositories.fastapi_fastapi.tests.test_tutorial.test_query_params.test_tutorial006" time="0.000"><error message="collection failure">ImportError while importing test module '/home/dee/workspace/AI/Repo-Scanner/validation_data/repositories/fastapi_fastapi/tests/test_tutorial/test_query_params/test_tutorial006.py'.
Hint: make sure your test modules/packages have valid Python names.
Traceback:
../../../.pyenv/versions/3.11.9/lib/python3.11/importlib/__init__.py:126: in import_module
    return _bootstrap._gcd_import(name[level:], package, level)
           ^^^^^^^^^^^^^^^^^^^^^^^^^^^^^^^^^^^^^^^^^^^^^^^^^^^^
E   ModuleNotFoundError: No module named 'tests.test_tutorial'</error></testcase><testcase classname="" name="validation_data.repositories.fastapi_fastapi.tests.test_tutorial.test_query_params_str_validations.test_tutorial001" time="0.000"><error message="collection failure">ImportError while importing test module '/home/dee/workspace/AI/Repo-Scanner/validation_data/repositories/fastapi_fastapi/tests/test_tutorial/test_query_params_str_validations/test_tutorial001.py'.
Hint: make sure your test modules/packages have valid Python names.
Traceback:
../../../.pyenv/versions/3.11.9/lib/python3.11/importlib/__init__.py:126: in import_module
    return _bootstrap._gcd_import(name[level:], package, level)
           ^^^^^^^^^^^^^^^^^^^^^^^^^^^^^^^^^^^^^^^^^^^^^^^^^^^^
E   ModuleNotFoundError: No module named 'tests.test_tutorial'</error></testcase><testcase classname="" name="validation_data.repositories.fastapi_fastapi.tests.test_tutorial.test_query_params_str_validations.test_tutorial002" time="0.000"><error message="collection failure">ImportError while importing test module '/home/dee/workspace/AI/Repo-Scanner/validation_data/repositories/fastapi_fastapi/tests/test_tutorial/test_query_params_str_validations/test_tutorial002.py'.
Hint: make sure your test modules/packages have valid Python names.
Traceback:
../../../.pyenv/versions/3.11.9/lib/python3.11/importlib/__init__.py:126: in import_module
    return _bootstrap._gcd_import(name[level:], package, level)
           ^^^^^^^^^^^^^^^^^^^^^^^^^^^^^^^^^^^^^^^^^^^^^^^^^^^^
E   ModuleNotFoundError: No module named 'tests.test_tutorial'</error></testcase><testcase classname="" name="validation_data.repositories.fastapi_fastapi.tests.test_tutorial.test_query_params_str_validations.test_tutorial003" time="0.000"><error message="collection failure">ImportError while importing test module '/home/dee/workspace/AI/Repo-Scanner/validation_data/repositories/fastapi_fastapi/tests/test_tutorial/test_query_params_str_validations/test_tutorial003.py'.
Hint: make sure your test modules/packages have valid Python names.
Traceback:
../../../.pyenv/versions/3.11.9/lib/python3.11/importlib/__init__.py:126: in import_module
    return _bootstrap._gcd_import(name[level:], package, level)
           ^^^^^^^^^^^^^^^^^^^^^^^^^^^^^^^^^^^^^^^^^^^^^^^^^^^^
E   ModuleNotFoundError: No module named 'tests.test_tutorial'</error></testcase><testcase classname="" name="validation_data.repositories.fastapi_fastapi.tests.test_tutorial.test_query_params_str_validations.test_tutorial004" time="0.000"><error message="collection failure">ImportError while importing test module '/home/dee/workspace/AI/Repo-Scanner/validation_data/repositories/fastapi_fastapi/tests/test_tutorial/test_query_params_str_validations/test_tutorial004.py'.
Hint: make sure your test modules/packages have valid Python names.
Traceback:
../../../.pyenv/versions/3.11.9/lib/python3.11/importlib/__init__.py:126: in import_module
    return _bootstrap._gcd_import(name[level:], package, level)
           ^^^^^^^^^^^^^^^^^^^^^^^^^^^^^^^^^^^^^^^^^^^^^^^^^^^^
E   ModuleNotFoundError: No module named 'tests.test_tutorial'</error></testcase><testcase classname="" name="validation_data.repositories.fastapi_fastapi.tests.test_tutorial.test_query_params_str_validations.test_tutorial005" time="0.000"><error message="collection failure">ImportError while importing test module '/home/dee/workspace/AI/Repo-Scanner/validation_data/repositories/fastapi_fastapi/tests/test_tutorial/test_query_params_str_validations/test_tutorial005.py'.
Hint: make sure your test modules/packages have valid Python names.
Traceback:
../../../.pyenv/versions/3.11.9/lib/python3.11/importlib/__init__.py:126: in import_module
    return _bootstrap._gcd_import(name[level:], package, level)
           ^^^^^^^^^^^^^^^^^^^^^^^^^^^^^^^^^^^^^^^^^^^^^^^^^^^^
E   ModuleNotFoundError: No module named 'tests.test_tutorial'</error></testcase><testcase classname="" name="validation_data.repositories.fastapi_fastapi.tests.test_tutorial.test_query_params_str_validations.test_tutorial006" time="0.000"><error message="collection failure">ImportError while importing test module '/home/dee/workspace/AI/Repo-Scanner/validation_data/repositories/fastapi_fastapi/tests/test_tutorial/test_query_params_str_validations/test_tutorial006.py'.
Hint: make sure your test modules/packages have valid Python names.
Traceback:
../../../.pyenv/versions/3.11.9/lib/python3.11/importlib/__init__.py:126: in import_module
    return _bootstrap._gcd_import(name[level:], package, level)
           ^^^^^^^^^^^^^^^^^^^^^^^^^^^^^^^^^^^^^^^^^^^^^^^^^^^^
E   ModuleNotFoundError: No module named 'tests.test_tutorial'</error></testcase><testcase classname="" name="validation_data.repositories.fastapi_fastapi.tests.test_tutorial.test_query_params_str_validations.test_tutorial006c" time="0.000"><error message="collection failure">ImportError while importing test module '/home/dee/workspace/AI/Repo-Scanner/validation_data/repositories/fastapi_fastapi/tests/test_tutorial/test_query_params_str_validations/test_tutorial006c.py'.
Hint: make sure your test modules/packages have valid Python names.
Traceback:
../../../.pyenv/versions/3.11.9/lib/python3.11/importlib/__init__.py:126: in import_module
    return _bootstrap._gcd_import(name[level:], package, level)
           ^^^^^^^^^^^^^^^^^^^^^^^^^^^^^^^^^^^^^^^^^^^^^^^^^^^^
E   ModuleNotFoundError: No module named 'tests.test_tutorial'</error></testcase><testcase classname="" name="validation_data.repositories.fastapi_fastapi.tests.test_tutorial.test_query_params_str_validations.test_tutorial007" time="0.000"><error message="collection failure">ImportError while importing test module '/home/dee/workspace/AI/Repo-Scanner/validation_data/repositories/fastapi_fastapi/tests/test_tutorial/test_query_params_str_validations/test_tutorial007.py'.
Hint: make sure your test modules/packages have valid Python names.
Traceback:
../../../.pyenv/versions/3.11.9/lib/python3.11/importlib/__init__.py:126: in import_module
    return _bootstrap._gcd_import(name[level:], package, level)
           ^^^^^^^^^^^^^^^^^^^^^^^^^^^^^^^^^^^^^^^^^^^^^^^^^^^^
E   ModuleNotFoundError: No module named 'tests.test_tutorial'</error></testcase><testcase classname="" name="validation_data.repositories.fastapi_fastapi.tests.test_tutorial.test_query_params_str_validations.test_tutorial008" time="0.000"><error message="collection failure">ImportError while importing test module '/home/dee/workspace/AI/Repo-Scanner/validation_data/repositories/fastapi_fastapi/tests/test_tutorial/test_query_params_str_validations/test_tutorial008.py'.
Hint: make sure your test modules/packages have valid Python names.
Traceback:
../../../.pyenv/versions/3.11.9/lib/python3.11/importlib/__init__.py:126: in import_module
    return _bootstrap._gcd_import(name[level:], package, level)
           ^^^^^^^^^^^^^^^^^^^^^^^^^^^^^^^^^^^^^^^^^^^^^^^^^^^^
E   ModuleNotFoundError: No module named 'tests.test_tutorial'</error></testcase><testcase classname="" name="validation_data.repositories.fastapi_fastapi.tests.test_tutorial.test_query_params_str_validations.test_tutorial009" time="0.000"><error message="collection failure">ImportError while importing test module '/home/dee/workspace/AI/Repo-Scanner/validation_data/repositories/fastapi_fastapi/tests/test_tutorial/test_query_params_str_validations/test_tutorial009.py'.
Hint: make sure your test modules/packages have valid Python names.
Traceback:
../../../.pyenv/versions/3.11.9/lib/python3.11/importlib/__init__.py:126: in import_module
    return _bootstrap._gcd_import(name[level:], package, level)
           ^^^^^^^^^^^^^^^^^^^^^^^^^^^^^^^^^^^^^^^^^^^^^^^^^^^^
E   ModuleNotFoundError: No module named 'tests.test_tutorial'</error></testcase><testcase classname="" name="validation_data.repositories.fastapi_fastapi.tests.test_tutorial.test_query_params_str_validations.test_tutorial010" time="0.000"><error message="collection failure">ImportError while importing test module '/home/dee/workspace/AI/Repo-Scanner/validation_data/repositories/fastapi_fastapi/tests/test_tutorial/test_query_params_str_validations/test_tutorial010.py'.
Hint: make sure your test modules/packages have valid Python names.
Traceback:
../../../.pyenv/versions/3.11.9/lib/python3.11/importlib/__init__.py:126: in import_module
    return _bootstrap._gcd_import(name[level:], package, level)
           ^^^^^^^^^^^^^^^^^^^^^^^^^^^^^^^^^^^^^^^^^^^^^^^^^^^^
E   ModuleNotFoundError: No module named 'tests.test_tutorial'</error></testcase><testcase classname="" name="validation_data.repositories.fastapi_fastapi.tests.test_tutorial.test_query_params_str_validations.test_tutorial011" time="0.000"><error message="collection failure">ImportError while importing test module '/home/dee/workspace/AI/Repo-Scanner/validation_data/repositories/fastapi_fastapi/tests/test_tutorial/test_query_params_str_validations/test_tutorial011.py'.
Hint: make sure your test modules/packages have valid Python names.
Traceback:
../../../.pyenv/versions/3.11.9/lib/python3.11/importlib/__init__.py:126: in import_module
    return _bootstrap._gcd_import(name[level:], package, level)
           ^^^^^^^^^^^^^^^^^^^^^^^^^^^^^^^^^^^^^^^^^^^^^^^^^^^^
E   ModuleNotFoundError: No module named 'tests.test_tutorial'</error></testcase><testcase classname="" name="validation_data.repositories.fastapi_fastapi.tests.test_tutorial.test_query_params_str_validations.test_tutorial012" time="0.000"><error message="collection failure">ImportError while importing test module '/home/dee/workspace/AI/Repo-Scanner/validation_data/repositories/fastapi_fastapi/tests/test_tutorial/test_query_params_str_validations/test_tutorial012.py'.
Hint: make sure your test modules/packages have valid Python names.
Traceback:
../../../.pyenv/versions/3.11.9/lib/python3.11/importlib/__init__.py:126: in import_module
    return _bootstrap._gcd_import(name[level:], package, level)
           ^^^^^^^^^^^^^^^^^^^^^^^^^^^^^^^^^^^^^^^^^^^^^^^^^^^^
E   ModuleNotFoundError: No module named 'tests.test_tutorial'</error></testcase><testcase classname="" name="validation_data.repositories.fastapi_fastapi.tests.test_tutorial.test_query_params_str_validations.test_tutorial013" time="0.000"><error message="collection failure">ImportError while importing test module '/home/dee/workspace/AI/Repo-Scanner/validation_data/repositories/fastapi_fastapi/tests/test_tutorial/test_query_params_str_validations/test_tutorial013.py'.
Hint: make sure your test modules/packages have valid Python names.
Traceback:
../../../.pyenv/versions/3.11.9/lib/python3.11/importlib/__init__.py:126: in import_module
    return _bootstrap._gcd_import(name[level:], package, level)
           ^^^^^^^^^^^^^^^^^^^^^^^^^^^^^^^^^^^^^^^^^^^^^^^^^^^^
E   ModuleNotFoundError: No module named 'tests.test_tutorial'</error></testcase><testcase classname="" name="validation_data.repositories.fastapi_fastapi.tests.test_tutorial.test_query_params_str_validations.test_tutorial014" time="0.000"><error message="collection failure">ImportError while importing test module '/home/dee/workspace/AI/Repo-Scanner/validation_data/repositories/fastapi_fastapi/tests/test_tutorial/test_query_params_str_validations/test_tutorial014.py'.
Hint: make sure your test modules/packages have valid Python names.
Traceback:
../../../.pyenv/versions/3.11.9/lib/python3.11/importlib/__init__.py:126: in import_module
    return _bootstrap._gcd_import(name[level:], package, level)
           ^^^^^^^^^^^^^^^^^^^^^^^^^^^^^^^^^^^^^^^^^^^^^^^^^^^^
E   ModuleNotFoundError: No module named 'tests.test_tutorial'</error></testcase><testcase classname="" name="validation_data.repositories.fastapi_fastapi.tests.test_tutorial.test_query_params_str_validations.test_tutorial015" time="0.000"><error message="collection failure">ImportError while importing test module '/home/dee/workspace/AI/Repo-Scanner/validation_data/repositories/fastapi_fastapi/tests/test_tutorial/test_query_params_str_validations/test_tutorial015.py'.
Hint: make sure your test modules/packages have valid Python names.
Traceback:
../../../.pyenv/versions/3.11.9/lib/python3.11/importlib/__init__.py:126: in import_module
    return _bootstrap._gcd_import(name[level:], package, level)
           ^^^^^^^^^^^^^^^^^^^^^^^^^^^^^^^^^^^^^^^^^^^^^^^^^^^^
E   ModuleNotFoundError: No module named 'tests.test_tutorial'</error></testcase><testcase classname="" name="validation_data.repositories.fastapi_fastapi.tests.test_tutorial.test_request_files.test_tutorial001" time="0.000"><error message="collection failure">ImportError while importing test module '/home/dee/workspace/AI/Repo-Scanner/validation_data/repositories/fastapi_fastapi/tests/test_tutorial/test_request_files/test_tutorial001.py'.
Hint: make sure your test modules/packages have valid Python names.
Traceback:
../../../.pyenv/versions/3.11.9/lib/python3.11/importlib/__init__.py:126: in import_module
    return _bootstrap._gcd_import(name[level:], package, level)
           ^^^^^^^^^^^^^^^^^^^^^^^^^^^^^^^^^^^^^^^^^^^^^^^^^^^^
E   ModuleNotFoundError: No module named 'tests.test_tutorial'</error></testcase><testcase classname="" name="validation_data.repositories.fastapi_fastapi.tests.test_tutorial.test_request_files.test_tutorial001_02" time="0.000"><error message="collection failure">ImportError while importing test module '/home/dee/workspace/AI/Repo-Scanner/validation_data/repositories/fastapi_fastapi/tests/test_tutorial/test_request_files/test_tutorial001_02.py'.
Hint: make sure your test modules/packages have valid Python names.
Traceback:
../../../.pyenv/versions/3.11.9/lib/python3.11/importlib/__init__.py:126: in import_module
    return _bootstrap._gcd_import(name[level:], package, level)
           ^^^^^^^^^^^^^^^^^^^^^^^^^^^^^^^^^^^^^^^^^^^^^^^^^^^^
E   ModuleNotFoundError: No module named 'tests.test_tutorial'</error></testcase><testcase classname="" name="validation_data.repositories.fastapi_fastapi.tests.test_tutorial.test_request_files.test_tutorial001_03" time="0.000"><error message="collection failure">ImportError while importing test module '/home/dee/workspace/AI/Repo-Scanner/validation_data/repositories/fastapi_fastapi/tests/test_tutorial/test_request_files/test_tutorial001_03.py'.
Hint: make sure your test modules/packages have valid Python names.
Traceback:
../../../.pyenv/versions/3.11.9/lib/python3.11/importlib/__init__.py:126: in import_module
    return _bootstrap._gcd_import(name[level:], package, level)
           ^^^^^^^^^^^^^^^^^^^^^^^^^^^^^^^^^^^^^^^^^^^^^^^^^^^^
E   ModuleNotFoundError: No module named 'tests.test_tutorial'</error></testcase><testcase classname="" name="validation_data.repositories.fastapi_fastapi.tests.test_tutorial.test_request_files.test_tutorial002" time="0.000"><error message="collection failure">ImportError while importing test module '/home/dee/workspace/AI/Repo-Scanner/validation_data/repositories/fastapi_fastapi/tests/test_tutorial/test_request_files/test_tutorial002.py'.
Hint: make sure your test modules/packages have valid Python names.
Traceback:
../../../.pyenv/versions/3.11.9/lib/python3.11/importlib/__init__.py:126: in import_module
    return _bootstrap._gcd_import(name[level:], package, level)
           ^^^^^^^^^^^^^^^^^^^^^^^^^^^^^^^^^^^^^^^^^^^^^^^^^^^^
E   ModuleNotFoundError: No module named 'tests.test_tutorial'</error></testcase><testcase classname="" name="validation_data.repositories.fastapi_fastapi.tests.test_tutorial.test_request_files.test_tutorial003" time="0.000"><error message="collection failure">ImportError while importing test module '/home/dee/workspace/AI/Repo-Scanner/validation_data/repositories/fastapi_fastapi/tests/test_tutorial/test_request_files/test_tutorial003.py'.
Hint: make sure your test modules/packages have valid Python names.
Traceback:
../../../.pyenv/versions/3.11.9/lib/python3.11/importlib/__init__.py:126: in import_module
    return _bootstrap._gcd_import(name[level:], package, level)
           ^^^^^^^^^^^^^^^^^^^^^^^^^^^^^^^^^^^^^^^^^^^^^^^^^^^^
E   ModuleNotFoundError: No module named 'tests.test_tutorial'</error></testcase><testcase classname="" name="validation_data.repositories.fastapi_fastapi.tests.test_tutorial.test_request_form_models.test_tutorial001" time="0.000"><error message="collection failure">ImportError while importing test module '/home/dee/workspace/AI/Repo-Scanner/validation_data/repositories/fastapi_fastapi/tests/test_tutorial/test_request_form_models/test_tutorial001.py'.
Hint: make sure your test modules/packages have valid Python names.
Traceback:
../../../.pyenv/versions/3.11.9/lib/python3.11/importlib/__init__.py:126: in import_module
    return _bootstrap._gcd_import(name[level:], package, level)
           ^^^^^^^^^^^^^^^^^^^^^^^^^^^^^^^^^^^^^^^^^^^^^^^^^^^^
E   ModuleNotFoundError: No module named 'tests.test_tutorial'</error></testcase><testcase classname="" name="validation_data.repositories.fastapi_fastapi.tests.test_tutorial.test_request_form_models.test_tutorial002" time="0.000"><error message="collection failure">ImportError while importing test module '/home/dee/workspace/AI/Repo-Scanner/validation_data/repositories/fastapi_fastapi/tests/test_tutorial/test_request_form_models/test_tutorial002.py'.
Hint: make sure your test modules/packages have valid Python names.
Traceback:
../../../.pyenv/versions/3.11.9/lib/python3.11/importlib/__init__.py:126: in import_module
    return _bootstrap._gcd_import(name[level:], package, level)
           ^^^^^^^^^^^^^^^^^^^^^^^^^^^^^^^^^^^^^^^^^^^^^^^^^^^^
E   ModuleNotFoundError: No module named 'tests.test_tutorial'</error></testcase><testcase classname="" name="validation_data.repositories.fastapi_fastapi.tests.test_tutorial.test_request_forms.test_tutorial001" time="0.000"><error message="collection failure">ImportError while importing test module '/home/dee/workspace/AI/Repo-Scanner/validation_data/repositories/fastapi_fastapi/tests/test_tutorial/test_request_forms/test_tutorial001.py'.
Hint: make sure your test modules/packages have valid Python names.
Traceback:
../../../.pyenv/versions/3.11.9/lib/python3.11/importlib/__init__.py:126: in import_module
    return _bootstrap._gcd_import(name[level:], package, level)
           ^^^^^^^^^^^^^^^^^^^^^^^^^^^^^^^^^^^^^^^^^^^^^^^^^^^^
E   ModuleNotFoundError: No module named 'tests.test_tutorial'</error></testcase><testcase classname="" name="validation_data.repositories.fastapi_fastapi.tests.test_tutorial.test_request_forms_and_files.test_tutorial001" time="0.000"><error message="collection failure">ImportError while importing test module '/home/dee/workspace/AI/Repo-Scanner/validation_data/repositories/fastapi_fastapi/tests/test_tutorial/test_request_forms_and_files/test_tutorial001.py'.
Hint: make sure your test modules/packages have valid Python names.
Traceback:
../../../.pyenv/versions/3.11.9/lib/python3.11/importlib/__init__.py:126: in import_module
    return _bootstrap._gcd_import(name[level:], package, level)
           ^^^^^^^^^^^^^^^^^^^^^^^^^^^^^^^^^^^^^^^^^^^^^^^^^^^^
E   ModuleNotFoundError: No module named 'tests.test_tutorial'</error></testcase><testcase classname="" name="validation_data.repositories.fastapi_fastapi.tests.test_tutorial.test_response_change_status_code.test_tutorial001" time="0.000"><error message="collection failure">ImportError while importing test module '/home/dee/workspace/AI/Repo-Scanner/validation_data/repositories/fastapi_fastapi/tests/test_tutorial/test_response_change_status_code/test_tutorial001.py'.
Hint: make sure your test modules/packages have valid Python names.
Traceback:
../../../.pyenv/versions/3.11.9/lib/python3.11/importlib/__init__.py:126: in import_module
    return _bootstrap._gcd_import(name[level:], package, level)
           ^^^^^^^^^^^^^^^^^^^^^^^^^^^^^^^^^^^^^^^^^^^^^^^^^^^^
E   ModuleNotFoundError: No module named 'tests.test_tutorial'</error></testcase><testcase classname="" name="validation_data.repositories.fastapi_fastapi.tests.test_tutorial.test_response_cookies.test_tutorial001" time="0.000"><error message="collection failure">ImportError while importing test module '/home/dee/workspace/AI/Repo-Scanner/validation_data/repositories/fastapi_fastapi/tests/test_tutorial/test_response_cookies/test_tutorial001.py'.
Hint: make sure your test modules/packages have valid Python names.
Traceback:
../../../.pyenv/versions/3.11.9/lib/python3.11/importlib/__init__.py:126: in import_module
    return _bootstrap._gcd_import(name[level:], package, level)
           ^^^^^^^^^^^^^^^^^^^^^^^^^^^^^^^^^^^^^^^^^^^^^^^^^^^^
E   ModuleNotFoundError: No module named 'tests.test_tutorial'</error></testcase><testcase classname="" name="validation_data.repositories.fastapi_fastapi.tests.test_tutorial.test_response_cookies.test_tutorial002" time="0.000"><error message="collection failure">ImportError while importing test module '/home/dee/workspace/AI/Repo-Scanner/validation_data/repositories/fastapi_fastapi/tests/test_tutorial/test_response_cookies/test_tutorial002.py'.
Hint: make sure your test modules/packages have valid Python names.
Traceback:
../../../.pyenv/versions/3.11.9/lib/python3.11/importlib/__init__.py:126: in import_module
    return _bootstrap._gcd_import(name[level:], package, level)
           ^^^^^^^^^^^^^^^^^^^^^^^^^^^^^^^^^^^^^^^^^^^^^^^^^^^^
E   ModuleNotFoundError: No module named 'tests.test_tutorial'</error></testcase><testcase classname="" name="validation_data.repositories.fastapi_fastapi.tests.test_tutorial.test_response_directly.test_tutorial001" time="0.000"><error message="collection failure">ImportError while importing test module '/home/dee/workspace/AI/Repo-Scanner/validation_data/repositories/fastapi_fastapi/tests/test_tutorial/test_response_directly/test_tutorial001.py'.
Hint: make sure your test modules/packages have valid Python names.
Traceback:
../../../.pyenv/versions/3.11.9/lib/python3.11/importlib/__init__.py:126: in import_module
    return _bootstrap._gcd_import(name[level:], package, level)
           ^^^^^^^^^^^^^^^^^^^^^^^^^^^^^^^^^^^^^^^^^^^^^^^^^^^^
E   ModuleNotFoundError: No module named 'tests.test_tutorial'</error></testcase><testcase classname="" name="validation_data.repositories.fastapi_fastapi.tests.test_tutorial.test_response_directly.test_tutorial002" time="0.000"><error message="collection failure">ImportError while importing test module '/home/dee/workspace/AI/Repo-Scanner/validation_data/repositories/fastapi_fastapi/tests/test_tutorial/test_response_directly/test_tutorial002.py'.
Hint: make sure your test modules/packages have valid Python names.
Traceback:
../../../.pyenv/versions/3.11.9/lib/python3.11/importlib/__init__.py:126: in import_module
    return _bootstrap._gcd_import(name[level:], package, level)
           ^^^^^^^^^^^^^^^^^^^^^^^^^^^^^^^^^^^^^^^^^^^^^^^^^^^^
E   ModuleNotFoundError: No module named 'tests.test_tutorial'</error></testcase><testcase classname="" name="validation_data.repositories.fastapi_fastapi.tests.test_tutorial.test_response_headers.test_tutorial001" time="0.000"><error message="collection failure">ImportError while importing test module '/home/dee/workspace/AI/Repo-Scanner/validation_data/repositories/fastapi_fastapi/tests/test_tutorial/test_response_headers/test_tutorial001.py'.
Hint: make sure your test modules/packages have valid Python names.
Traceback:
../../../.pyenv/versions/3.11.9/lib/python3.11/importlib/__init__.py:126: in import_module
    return _bootstrap._gcd_import(name[level:], package, level)
           ^^^^^^^^^^^^^^^^^^^^^^^^^^^^^^^^^^^^^^^^^^^^^^^^^^^^
E   ModuleNotFoundError: No module named 'tests.test_tutorial'</error></testcase><testcase classname="" name="validation_data.repositories.fastapi_fastapi.tests.test_tutorial.test_response_headers.test_tutorial002" time="0.000"><error message="collection failure">ImportError while importing test module '/home/dee/workspace/AI/Repo-Scanner/validation_data/repositories/fastapi_fastapi/tests/test_tutorial/test_response_headers/test_tutorial002.py'.
Hint: make sure your test modules/packages have valid Python names.
Traceback:
../../../.pyenv/versions/3.11.9/lib/python3.11/importlib/__init__.py:126: in import_module
    return _bootstrap._gcd_import(name[level:], package, level)
           ^^^^^^^^^^^^^^^^^^^^^^^^^^^^^^^^^^^^^^^^^^^^^^^^^^^^
E   ModuleNotFoundError: No module named 'tests.test_tutorial'</error></testcase><testcase classname="" name="validation_data.repositories.fastapi_fastapi.tests.test_tutorial.test_response_model.test_tutorial001_tutorial001_01" time="0.000"><error message="collection failure">ImportError while importing test module '/home/dee/workspace/AI/Repo-Scanner/validation_data/repositories/fastapi_fastapi/tests/test_tutorial/test_response_model/test_tutorial001_tutorial001_01.py'.
Hint: make sure your test modules/packages have valid Python names.
Traceback:
../../../.pyenv/versions/3.11.9/lib/python3.11/importlib/__init__.py:126: in import_module
    return _bootstrap._gcd_import(name[level:], package, level)
           ^^^^^^^^^^^^^^^^^^^^^^^^^^^^^^^^^^^^^^^^^^^^^^^^^^^^
E   ModuleNotFoundError: No module named 'tests.test_tutorial'</error></testcase><testcase classname="" name="validation_data.repositories.fastapi_fastapi.tests.test_tutorial.test_response_model.test_tutorial002" time="0.000"><error message="collection failure">ImportError while importing test module '/home/dee/workspace/AI/Repo-Scanner/validation_data/repositories/fastapi_fastapi/tests/test_tutorial/test_response_model/test_tutorial002.py'.
Hint: make sure your test modules/packages have valid Python names.
Traceback:
../../../.pyenv/versions/3.11.9/lib/python3.11/importlib/__init__.py:126: in import_module
    return _bootstrap._gcd_import(name[level:], package, level)
           ^^^^^^^^^^^^^^^^^^^^^^^^^^^^^^^^^^^^^^^^^^^^^^^^^^^^
E   ModuleNotFoundError: No module named 'tests.test_tutorial'</error></testcase><testcase classname="" name="validation_data.repositories.fastapi_fastapi.tests.test_tutorial.test_response_model.test_tutorial003" time="0.000"><error message="collection failure">ImportError while importing test module '/home/dee/workspace/AI/Repo-Scanner/validation_data/repositories/fastapi_fastapi/tests/test_tutorial/test_response_model/test_tutorial003.py'.
Hint: make sure your test modules/packages have valid Python names.
Traceback:
../../../.pyenv/versions/3.11.9/lib/python3.11/importlib/__init__.py:126: in import_module
    return _bootstrap._gcd_import(name[level:], package, level)
           ^^^^^^^^^^^^^^^^^^^^^^^^^^^^^^^^^^^^^^^^^^^^^^^^^^^^
E   ModuleNotFoundError: No module named 'tests.test_tutorial'</error></testcase><testcase classname="" name="validation_data.repositories.fastapi_fastapi.tests.test_tutorial.test_response_model.test_tutorial003_01" time="0.000"><error message="collection failure">ImportError while importing test module '/home/dee/workspace/AI/Repo-Scanner/validation_data/repositories/fastapi_fastapi/tests/test_tutorial/test_response_model/test_tutorial003_01.py'.
Hint: make sure your test modules/packages have valid Python names.
Traceback:
../../../.pyenv/versions/3.11.9/lib/python3.11/importlib/__init__.py:126: in import_module
    return _bootstrap._gcd_import(name[level:], package, level)
           ^^^^^^^^^^^^^^^^^^^^^^^^^^^^^^^^^^^^^^^^^^^^^^^^^^^^
E   ModuleNotFoundError: No module named 'tests.test_tutorial'</error></testcase><testcase classname="" name="validation_data.repositories.fastapi_fastapi.tests.test_tutorial.test_response_model.test_tutorial003_02" time="0.000"><error message="collection failure">ImportError while importing test module '/home/dee/workspace/AI/Repo-Scanner/validation_data/repositories/fastapi_fastapi/tests/test_tutorial/test_response_model/test_tutorial003_02.py'.
Hint: make sure your test modules/packages have valid Python names.
Traceback:
../../../.pyenv/versions/3.11.9/lib/python3.11/importlib/__init__.py:126: in import_module
    return _bootstrap._gcd_import(name[level:], package, level)
           ^^^^^^^^^^^^^^^^^^^^^^^^^^^^^^^^^^^^^^^^^^^^^^^^^^^^
E   ModuleNotFoundError: No module named 'tests.test_tutorial'</error></testcase><testcase classname="" name="validation_data.repositories.fastapi_fastapi.tests.test_tutorial.test_response_model.test_tutorial003_03" time="0.000"><error message="collection failure">ImportError while importing test module '/home/dee/workspace/AI/Repo-Scanner/validation_data/repositories/fastapi_fastapi/tests/test_tutorial/test_response_model/test_tutorial003_03.py'.
Hint: make sure your test modules/packages have valid Python names.
Traceback:
../../../.pyenv/versions/3.11.9/lib/python3.11/importlib/__init__.py:126: in import_module
    return _bootstrap._gcd_import(name[level:], package, level)
           ^^^^^^^^^^^^^^^^^^^^^^^^^^^^^^^^^^^^^^^^^^^^^^^^^^^^
E   ModuleNotFoundError: No module named 'tests.test_tutorial'</error></testcase><testcase classname="" name="validation_data.repositories.fastapi_fastapi.tests.test_tutorial.test_response_model.test_tutorial003_04" time="0.000"><error message="collection failure">ImportError while importing test module '/home/dee/workspace/AI/Repo-Scanner/validation_data/repositories/fastapi_fastapi/tests/test_tutorial/test_response_model/test_tutorial003_04.py'.
Hint: make sure your test modules/packages have valid Python names.
Traceback:
../../../.pyenv/versions/3.11.9/lib/python3.11/importlib/__init__.py:126: in import_module
    return _bootstrap._gcd_import(name[level:], package, level)
           ^^^^^^^^^^^^^^^^^^^^^^^^^^^^^^^^^^^^^^^^^^^^^^^^^^^^
E   ModuleNotFoundError: No module named 'tests.test_tutorial'</error></testcase><testcase classname="" name="validation_data.repositories.fastapi_fastapi.tests.test_tutorial.test_response_model.test_tutorial003_05" time="0.000"><error message="collection failure">ImportError while importing test module '/home/dee/workspace/AI/Repo-Scanner/validation_data/repositories/fastapi_fastapi/tests/test_tutorial/test_response_model/test_tutorial003_05.py'.
Hint: make sure your test modules/packages have valid Python names.
Traceback:
../../../.pyenv/versions/3.11.9/lib/python3.11/importlib/__init__.py:126: in import_module
    return _bootstrap._gcd_import(name[level:], package, level)
           ^^^^^^^^^^^^^^^^^^^^^^^^^^^^^^^^^^^^^^^^^^^^^^^^^^^^
E   ModuleNotFoundError: No module named 'tests.test_tutorial'</error></testcase><testcase classname="" name="validation_data.repositories.fastapi_fastapi.tests.test_tutorial.test_response_model.test_tutorial004" time="0.000"><error message="collection failure">ImportError while importing test module '/home/dee/workspace/AI/Repo-Scanner/validation_data/repositories/fastapi_fastapi/tests/test_tutorial/test_response_model/test_tutorial004.py'.
Hint: make sure your test modules/packages have valid Python names.
Traceback:
../../../.pyenv/versions/3.11.9/lib/python3.11/importlib/__init__.py:126: in import_module
    return _bootstrap._gcd_import(name[level:], package, level)
           ^^^^^^^^^^^^^^^^^^^^^^^^^^^^^^^^^^^^^^^^^^^^^^^^^^^^
E   ModuleNotFoundError: No module named 'tests.test_tutorial'</error></testcase><testcase classname="" name="validation_data.repositories.fastapi_fastapi.tests.test_tutorial.test_response_model.test_tutorial005" time="0.000"><error message="collection failure">ImportError while importing test module '/home/dee/workspace/AI/Repo-Scanner/validation_data/repositories/fastapi_fastapi/tests/test_tutorial/test_response_model/test_tutorial005.py'.
Hint: make sure your test modules/packages have valid Python names.
Traceback:
../../../.pyenv/versions/3.11.9/lib/python3.11/importlib/__init__.py:126: in import_module
    return _bootstrap._gcd_import(name[level:], package, level)
           ^^^^^^^^^^^^^^^^^^^^^^^^^^^^^^^^^^^^^^^^^^^^^^^^^^^^
E   ModuleNotFoundError: No module named 'tests.test_tutorial'</error></testcase><testcase classname="" name="validation_data.repositories.fastapi_fastapi.tests.test_tutorial.test_response_model.test_tutorial006" time="0.000"><error message="collection failure">ImportError while importing test module '/home/dee/workspace/AI/Repo-Scanner/validation_data/repositories/fastapi_fastapi/tests/test_tutorial/test_response_model/test_tutorial006.py'.
Hint: make sure your test modules/packages have valid Python names.
Traceback:
../../../.pyenv/versions/3.11.9/lib/python3.11/importlib/__init__.py:126: in import_module
    return _bootstrap._gcd_import(name[level:], package, level)
           ^^^^^^^^^^^^^^^^^^^^^^^^^^^^^^^^^^^^^^^^^^^^^^^^^^^^
E   ModuleNotFoundError: No module named 'tests.test_tutorial'</error></testcase><testcase classname="" name="validation_data.repositories.fastapi_fastapi.tests.test_tutorial.test_response_status_code.test_tutorial001_tutorial002" time="0.000"><error message="collection failure">ImportError while importing test module '/home/dee/workspace/AI/Repo-Scanner/validation_data/repositories/fastapi_fastapi/tests/test_tutorial/test_response_status_code/test_tutorial001_tutorial002.py'.
Hint: make sure your test modules/packages have valid Python names.
Traceback:
../../../.pyenv/versions/3.11.9/lib/python3.11/importlib/__init__.py:126: in import_module
    return _bootstrap._gcd_import(name[level:], package, level)
           ^^^^^^^^^^^^^^^^^^^^^^^^^^^^^^^^^^^^^^^^^^^^^^^^^^^^
E   ModuleNotFoundError: No module named 'tests.test_tutorial'</error></testcase><testcase classname="" name="validation_data.repositories.fastapi_fastapi.tests.test_tutorial.test_schema_extra_example.test_tutorial001" time="0.000"><error message="collection failure">ImportError while importing test module '/home/dee/workspace/AI/Repo-Scanner/validation_data/repositories/fastapi_fastapi/tests/test_tutorial/test_schema_extra_example/test_tutorial001.py'.
Hint: make sure your test modules/packages have valid Python names.
Traceback:
../../../.pyenv/versions/3.11.9/lib/python3.11/importlib/__init__.py:126: in import_module
    return _bootstrap._gcd_import(name[level:], package, level)
           ^^^^^^^^^^^^^^^^^^^^^^^^^^^^^^^^^^^^^^^^^^^^^^^^^^^^
E   ModuleNotFoundError: No module named 'tests.test_tutorial'</error></testcase><testcase classname="" name="validation_data.repositories.fastapi_fastapi.tests.test_tutorial.test_schema_extra_example.test_tutorial002" time="0.000"><error message="collection failure">ImportError while importing test module '/home/dee/workspace/AI/Repo-Scanner/validation_data/repositories/fastapi_fastapi/tests/test_tutorial/test_schema_extra_example/test_tutorial002.py'.
Hint: make sure your test modules/packages have valid Python names.
Traceback:
../../../.pyenv/versions/3.11.9/lib/python3.11/importlib/__init__.py:126: in import_module
    return _bootstrap._gcd_import(name[level:], package, level)
           ^^^^^^^^^^^^^^^^^^^^^^^^^^^^^^^^^^^^^^^^^^^^^^^^^^^^
E   ModuleNotFoundError: No module named 'tests.test_tutorial'</error></testcase><testcase classname="" name="validation_data.repositories.fastapi_fastapi.tests.test_tutorial.test_schema_extra_example.test_tutorial003" time="0.000"><error message="collection failure">ImportError while importing test module '/home/dee/workspace/AI/Repo-Scanner/validation_data/repositories/fastapi_fastapi/tests/test_tutorial/test_schema_extra_example/test_tutorial003.py'.
Hint: make sure your test modules/packages have valid Python names.
Traceback:
../../../.pyenv/versions/3.11.9/lib/python3.11/importlib/__init__.py:126: in import_module
    return _bootstrap._gcd_import(name[level:], package, level)
           ^^^^^^^^^^^^^^^^^^^^^^^^^^^^^^^^^^^^^^^^^^^^^^^^^^^^
E   ModuleNotFoundError: No module named 'tests.test_tutorial'</error></testcase><testcase classname="" name="validation_data.repositories.fastapi_fastapi.tests.test_tutorial.test_schema_extra_example.test_tutorial004" time="0.000"><error message="collection failure">ImportError while importing test module '/home/dee/workspace/AI/Repo-Scanner/validation_data/repositories/fastapi_fastapi/tests/test_tutorial/test_schema_extra_example/test_tutorial004.py'.
Hint: make sure your test modules/packages have valid Python names.
Traceback:
../../../.pyenv/versions/3.11.9/lib/python3.11/importlib/__init__.py:126: in import_module
    return _bootstrap._gcd_import(name[level:], package, level)
           ^^^^^^^^^^^^^^^^^^^^^^^^^^^^^^^^^^^^^^^^^^^^^^^^^^^^
E   ModuleNotFoundError: No module named 'tests.test_tutorial'</error></testcase><testcase classname="" name="validation_data.repositories.fastapi_fastapi.tests.test_tutorial.test_schema_extra_example.test_tutorial005" time="0.000"><error message="collection failure">ImportError while importing test module '/home/dee/workspace/AI/Repo-Scanner/validation_data/repositories/fastapi_fastapi/tests/test_tutorial/test_schema_extra_example/test_tutorial005.py'.
Hint: make sure your test modules/packages have valid Python names.
Traceback:
../../../.pyenv/versions/3.11.9/lib/python3.11/importlib/__init__.py:126: in import_module
    return _bootstrap._gcd_import(name[level:], package, level)
           ^^^^^^^^^^^^^^^^^^^^^^^^^^^^^^^^^^^^^^^^^^^^^^^^^^^^
E   ModuleNotFoundError: No module named 'tests.test_tutorial'</error></testcase><testcase classname="" name="validation_data.repositories.fastapi_fastapi.tests.test_tutorial.test_security.test_tutorial001" time="0.000"><error message="collection failure">ImportError while importing test module '/home/dee/workspace/AI/Repo-Scanner/validation_data/repositories/fastapi_fastapi/tests/test_tutorial/test_security/test_tutorial001.py'.
Hint: make sure your test modules/packages have valid Python names.
Traceback:
../../../.pyenv/versions/3.11.9/lib/python3.11/importlib/__init__.py:126: in import_module
    return _bootstrap._gcd_import(name[level:], package, level)
           ^^^^^^^^^^^^^^^^^^^^^^^^^^^^^^^^^^^^^^^^^^^^^^^^^^^^
E   ModuleNotFoundError: No module named 'tests.test_tutorial'</error></testcase><testcase classname="" name="validation_data.repositories.fastapi_fastapi.tests.test_tutorial.test_security.test_tutorial002" time="0.000"><error message="collection failure">ImportError while importing test module '/home/dee/workspace/AI/Repo-Scanner/validation_data/repositories/fastapi_fastapi/tests/test_tutorial/test_security/test_tutorial002.py'.
Hint: make sure your test modules/packages have valid Python names.
Traceback:
../../../.pyenv/versions/3.11.9/lib/python3.11/importlib/__init__.py:126: in import_module
    return _bootstrap._gcd_import(name[level:], package, level)
           ^^^^^^^^^^^^^^^^^^^^^^^^^^^^^^^^^^^^^^^^^^^^^^^^^^^^
E   ModuleNotFoundError: No module named 'tests.test_tutorial'</error></testcase><testcase classname="" name="validation_data.repositories.fastapi_fastapi.tests.test_tutorial.test_security.test_tutorial003" time="0.000"><error message="collection failure">ImportError while importing test module '/home/dee/workspace/AI/Repo-Scanner/validation_data/repositories/fastapi_fastapi/tests/test_tutorial/test_security/test_tutorial003.py'.
Hint: make sure your test modules/packages have valid Python names.
Traceback:
../../../.pyenv/versions/3.11.9/lib/python3.11/importlib/__init__.py:126: in import_module
    return _bootstrap._gcd_import(name[level:], package, level)
           ^^^^^^^^^^^^^^^^^^^^^^^^^^^^^^^^^^^^^^^^^^^^^^^^^^^^
E   ModuleNotFoundError: No module named 'tests.test_tutorial'</error></testcase><testcase classname="" name="validation_data.repositories.fastapi_fastapi.tests.test_tutorial.test_security.test_tutorial004" time="0.000"><error message="collection failure">ImportError while importing test module '/home/dee/workspace/AI/Repo-Scanner/validation_data/repositories/fastapi_fastapi/tests/test_tutorial/test_security/test_tutorial004.py'.
Hint: make sure your test modules/packages have valid Python names.
Traceback:
../../../.pyenv/versions/3.11.9/lib/python3.11/importlib/__init__.py:126: in import_module
    return _bootstrap._gcd_import(name[level:], package, level)
           ^^^^^^^^^^^^^^^^^^^^^^^^^^^^^^^^^^^^^^^^^^^^^^^^^^^^
E   ModuleNotFoundError: No module named 'tests.test_tutorial'</error></testcase><testcase classname="" name="validation_data.repositories.fastapi_fastapi.tests.test_tutorial.test_security.test_tutorial005" time="0.000"><error message="collection failure">ImportError while importing test module '/home/dee/workspace/AI/Repo-Scanner/validation_data/repositories/fastapi_fastapi/tests/test_tutorial/test_security/test_tutorial005.py'.
Hint: make sure your test modules/packages have valid Python names.
Traceback:
../../../.pyenv/versions/3.11.9/lib/python3.11/importlib/__init__.py:126: in import_module
    return _bootstrap._gcd_import(name[level:], package, level)
           ^^^^^^^^^^^^^^^^^^^^^^^^^^^^^^^^^^^^^^^^^^^^^^^^^^^^
E   ModuleNotFoundError: No module named 'tests.test_tutorial'</error></testcase><testcase classname="" name="validation_data.repositories.fastapi_fastapi.tests.test_tutorial.test_security.test_tutorial006" time="0.000"><error message="collection failure">ImportError while importing test module '/home/dee/workspace/AI/Repo-Scanner/validation_data/repositories/fastapi_fastapi/tests/test_tutorial/test_security/test_tutorial006.py'.
Hint: make sure your test modules/packages have valid Python names.
Traceback:
../../../.pyenv/versions/3.11.9/lib/python3.11/importlib/__init__.py:126: in import_module
    return _bootstrap._gcd_import(name[level:], package, level)
           ^^^^^^^^^^^^^^^^^^^^^^^^^^^^^^^^^^^^^^^^^^^^^^^^^^^^
E   ModuleNotFoundError: No module named 'tests.test_tutorial'</error></testcase><testcase classname="" name="validation_data.repositories.fastapi_fastapi.tests.test_tutorial.test_security.test_tutorial007" time="0.000"><error message="collection failure">ImportError while importing test module '/home/dee/workspace/AI/Repo-Scanner/validation_data/repositories/fastapi_fastapi/tests/test_tutorial/test_security/test_tutorial007.py'.
Hint: make sure your test modules/packages have valid Python names.
Traceback:
../../../.pyenv/versions/3.11.9/lib/python3.11/importlib/__init__.py:126: in import_module
    return _bootstrap._gcd_import(name[level:], package, level)
           ^^^^^^^^^^^^^^^^^^^^^^^^^^^^^^^^^^^^^^^^^^^^^^^^^^^^
E   ModuleNotFoundError: No module named 'tests.test_tutorial'</error></testcase><testcase classname="" name="validation_data.repositories.fastapi_fastapi.tests.test_tutorial.test_separate_openapi_schemas.test_tutorial001" time="0.000"><error message="collection failure">ImportError while importing test module '/home/dee/workspace/AI/Repo-Scanner/validation_data/repositories/fastapi_fastapi/tests/test_tutorial/test_separate_openapi_schemas/test_tutorial001.py'.
Hint: make sure your test modules/packages have valid Python names.
Traceback:
../../../.pyenv/versions/3.11.9/lib/python3.11/importlib/__init__.py:126: in import_module
    return _bootstrap._gcd_import(name[level:], package, level)
           ^^^^^^^^^^^^^^^^^^^^^^^^^^^^^^^^^^^^^^^^^^^^^^^^^^^^
E   ModuleNotFoundError: No module named 'tests.test_tutorial'</error></testcase><testcase classname="" name="validation_data.repositories.fastapi_fastapi.tests.test_tutorial.test_separate_openapi_schemas.test_tutorial002" time="0.000"><error message="collection failure">ImportError while importing test module '/home/dee/workspace/AI/Repo-Scanner/validation_data/repositories/fastapi_fastapi/tests/test_tutorial/test_separate_openapi_schemas/test_tutorial002.py'.
Hint: make sure your test modules/packages have valid Python names.
Traceback:
../../../.pyenv/versions/3.11.9/lib/python3.11/importlib/__init__.py:126: in import_module
    return _bootstrap._gcd_import(name[level:], package, level)
           ^^^^^^^^^^^^^^^^^^^^^^^^^^^^^^^^^^^^^^^^^^^^^^^^^^^^
E   ModuleNotFoundError: No module named 'tests.test_tutorial'</error></testcase><testcase classname="" name="validation_data.repositories.fastapi_fastapi.tests.test_tutorial.test_settings.test_app01" time="0.000"><error message="collection failure">ImportError while importing test module '/home/dee/workspace/AI/Repo-Scanner/validation_data/repositories/fastapi_fastapi/tests/test_tutorial/test_settings/test_app01.py'.
Hint: make sure your test modules/packages have valid Python names.
Traceback:
../../../.pyenv/versions/3.11.9/lib/python3.11/importlib/__init__.py:126: in import_module
    return _bootstrap._gcd_import(name[level:], package, level)
           ^^^^^^^^^^^^^^^^^^^^^^^^^^^^^^^^^^^^^^^^^^^^^^^^^^^^
E   ModuleNotFoundError: No module named 'tests.test_tutorial'</error></testcase><testcase classname="" name="validation_data.repositories.fastapi_fastapi.tests.test_tutorial.test_settings.test_app02" time="0.000"><error message="collection failure">ImportError while importing test module '/home/dee/workspace/AI/Repo-Scanner/validation_data/repositories/fastapi_fastapi/tests/test_tutorial/test_settings/test_app02.py'.
Hint: make sure your test modules/packages have valid Python names.
Traceback:
../../../.pyenv/versions/3.11.9/lib/python3.11/importlib/__init__.py:126: in import_module
    return _bootstrap._gcd_import(name[level:], package, level)
           ^^^^^^^^^^^^^^^^^^^^^^^^^^^^^^^^^^^^^^^^^^^^^^^^^^^^
E   ModuleNotFoundError: No module named 'tests.test_tutorial'</error></testcase><testcase classname="" name="validation_data.repositories.fastapi_fastapi.tests.test_tutorial.test_settings.test_app03" time="0.000"><error message="collection failure">ImportError while importing test module '/home/dee/workspace/AI/Repo-Scanner/validation_data/repositories/fastapi_fastapi/tests/test_tutorial/test_settings/test_app03.py'.
Hint: make sure your test modules/packages have valid Python names.
Traceback:
../../../.pyenv/versions/3.11.9/lib/python3.11/importlib/__init__.py:126: in import_module
    return _bootstrap._gcd_import(name[level:], package, level)
           ^^^^^^^^^^^^^^^^^^^^^^^^^^^^^^^^^^^^^^^^^^^^^^^^^^^^
E   ModuleNotFoundError: No module named 'tests.test_tutorial'</error></testcase><testcase classname="" name="validation_data.repositories.fastapi_fastapi.tests.test_tutorial.test_settings.test_tutorial001" time="0.000"><error message="collection failure">ImportError while importing test module '/home/dee/workspace/AI/Repo-Scanner/validation_data/repositories/fastapi_fastapi/tests/test_tutorial/test_settings/test_tutorial001.py'.
Hint: make sure your test modules/packages have valid Python names.
Traceback:
../../../.pyenv/versions/3.11.9/lib/python3.11/importlib/__init__.py:126: in import_module
    return _bootstrap._gcd_import(name[level:], package, level)
           ^^^^^^^^^^^^^^^^^^^^^^^^^^^^^^^^^^^^^^^^^^^^^^^^^^^^
E   ModuleNotFoundError: No module named 'tests.test_tutorial'</error></testcase><testcase classname="" name="validation_data.repositories.fastapi_fastapi.tests.test_tutorial.test_sql_databases.test_tutorial001" time="0.000"><error message="collection failure">ImportError while importing test module '/home/dee/workspace/AI/Repo-Scanner/validation_data/repositories/fastapi_fastapi/tests/test_tutorial/test_sql_databases/test_tutorial001.py'.
Hint: make sure your test modules/packages have valid Python names.
Traceback:
../../../.pyenv/versions/3.11.9/lib/python3.11/importlib/__init__.py:126: in import_module
    return _bootstrap._gcd_import(name[level:], package, level)
           ^^^^^^^^^^^^^^^^^^^^^^^^^^^^^^^^^^^^^^^^^^^^^^^^^^^^
E   ModuleNotFoundError: No module named 'tests.test_tutorial'</error></testcase><testcase classname="" name="validation_data.repositories.fastapi_fastapi.tests.test_tutorial.test_sql_databases.test_tutorial002" time="0.000"><error message="collection failure">ImportError while importing test module '/home/dee/workspace/AI/Repo-Scanner/validation_data/repositories/fastapi_fastapi/tests/test_tutorial/test_sql_databases/test_tutorial002.py'.
Hint: make sure your test modules/packages have valid Python names.
Traceback:
../../../.pyenv/versions/3.11.9/lib/python3.11/importlib/__init__.py:126: in import_module
    return _bootstrap._gcd_import(name[level:], package, level)
           ^^^^^^^^^^^^^^^^^^^^^^^^^^^^^^^^^^^^^^^^^^^^^^^^^^^^
E   ModuleNotFoundError: No module named 'tests.test_tutorial'</error></testcase><testcase classname="" name="validation_data.repositories.fastapi_fastapi.tests.test_tutorial.test_static_files.test_tutorial001" time="0.000"><error message="collection failure">ImportError while importing test module '/home/dee/workspace/AI/Repo-Scanner/validation_data/repositories/fastapi_fastapi/tests/test_tutorial/test_static_files/test_tutorial001.py'.
Hint: make sure your test modules/packages have valid Python names.
Traceback:
../../../.pyenv/versions/3.11.9/lib/python3.11/importlib/__init__.py:126: in import_module
    return _bootstrap._gcd_import(name[level:], package, level)
           ^^^^^^^^^^^^^^^^^^^^^^^^^^^^^^^^^^^^^^^^^^^^^^^^^^^^
E   ModuleNotFoundError: No module named 'tests.test_tutorial'</error></testcase><testcase classname="" name="validation_data.repositories.fastapi_fastapi.tests.test_tutorial.test_sub_applications.test_tutorial001" time="0.000"><error message="collection failure">ImportError while importing test module '/home/dee/workspace/AI/Repo-Scanner/validation_data/repositories/fastapi_fastapi/tests/test_tutorial/test_sub_applications/test_tutorial001.py'.
Hint: make sure your test modules/packages have valid Python names.
Traceback:
../../../.pyenv/versions/3.11.9/lib/python3.11/importlib/__init__.py:126: in import_module
    return _bootstrap._gcd_import(name[level:], package, level)
           ^^^^^^^^^^^^^^^^^^^^^^^^^^^^^^^^^^^^^^^^^^^^^^^^^^^^
E   ModuleNotFoundError: No module named 'tests.test_tutorial'</error></testcase><testcase classname="" name="validation_data.repositories.fastapi_fastapi.tests.test_tutorial.test_templates.test_tutorial001" time="0.000"><error message="collection failure">ImportError while importing test module '/home/dee/workspace/AI/Repo-Scanner/validation_data/repositories/fastapi_fastapi/tests/test_tutorial/test_templates/test_tutorial001.py'.
Hint: make sure your test modules/packages have valid Python names.
Traceback:
../../../.pyenv/versions/3.11.9/lib/python3.11/importlib/__init__.py:126: in import_module
    return _bootstrap._gcd_import(name[level:], package, level)
           ^^^^^^^^^^^^^^^^^^^^^^^^^^^^^^^^^^^^^^^^^^^^^^^^^^^^
E   ModuleNotFoundError: No module named 'tests.test_tutorial'</error></testcase><testcase classname="" name="validation_data.repositories.fastapi_fastapi.tests.test_tutorial.test_testing.test_main_a" time="0.000"><error message="collection failure">ImportError while importing test module '/home/dee/workspace/AI/Repo-Scanner/validation_data/repositories/fastapi_fastapi/tests/test_tutorial/test_testing/test_main_a.py'.
Hint: make sure your test modules/packages have valid Python names.
Traceback:
../../../.pyenv/versions/3.11.9/lib/python3.11/importlib/__init__.py:126: in import_module
    return _bootstrap._gcd_import(name[level:], package, level)
           ^^^^^^^^^^^^^^^^^^^^^^^^^^^^^^^^^^^^^^^^^^^^^^^^^^^^
E   ModuleNotFoundError: No module named 'tests.test_tutorial'</error></testcase><testcase classname="" name="validation_data.repositories.fastapi_fastapi.tests.test_tutorial.test_testing.test_main_b" time="0.000"><error message="collection failure">ImportError while importing test module '/home/dee/workspace/AI/Repo-Scanner/validation_data/repositories/fastapi_fastapi/tests/test_tutorial/test_testing/test_main_b.py'.
Hint: make sure your test modules/packages have valid Python names.
Traceback:
../../../.pyenv/versions/3.11.9/lib/python3.11/importlib/__init__.py:126: in import_module
    return _bootstrap._gcd_import(name[level:], package, level)
           ^^^^^^^^^^^^^^^^^^^^^^^^^^^^^^^^^^^^^^^^^^^^^^^^^^^^
E   ModuleNotFoundError: No module named 'tests.test_tutorial'</error></testcase><testcase classname="" name="validation_data.repositories.fastapi_fastapi.tests.test_tutorial.test_testing.test_tutorial001" time="0.000"><error message="collection failure">ImportError while importing test module '/home/dee/workspace/AI/Repo-Scanner/validation_data/repositories/fastapi_fastapi/tests/test_tutorial/test_testing/test_tutorial001.py'.
Hint: make sure your test modules/packages have valid Python names.
Traceback:
../../../.pyenv/versions/3.11.9/lib/python3.11/importlib/__init__.py:126: in import_module
    return _bootstrap._gcd_import(name[level:], package, level)
           ^^^^^^^^^^^^^^^^^^^^^^^^^^^^^^^^^^^^^^^^^^^^^^^^^^^^
E   ModuleNotFoundError: No module named 'tests.test_tutorial'</error></testcase><testcase classname="" name="validation_data.repositories.fastapi_fastapi.tests.test_tutorial.test_testing.test_tutorial002" time="0.000"><error message="collection failure">ImportError while importing test module '/home/dee/workspace/AI/Repo-Scanner/validation_data/repositories/fastapi_fastapi/tests/test_tutorial/test_testing/test_tutorial002.py'.
Hint: make sure your test modules/packages have valid Python names.
Traceback:
../../../.pyenv/versions/3.11.9/lib/python3.11/importlib/__init__.py:126: in import_module
    return _bootstrap._gcd_import(name[level:], package, level)
           ^^^^^^^^^^^^^^^^^^^^^^^^^^^^^^^^^^^^^^^^^^^^^^^^^^^^
E   ModuleNotFoundError: No module named 'tests.test_tutorial'</error></testcase><testcase classname="" name="validation_data.repositories.fastapi_fastapi.tests.test_tutorial.test_testing.test_tutorial003" time="0.000"><error message="collection failure">ImportError while importing test module '/home/dee/workspace/AI/Repo-Scanner/validation_data/repositories/fastapi_fastapi/tests/test_tutorial/test_testing/test_tutorial003.py'.
Hint: make sure your test modules/packages have valid Python names.
Traceback:
../../../.pyenv/versions/3.11.9/lib/python3.11/importlib/__init__.py:126: in import_module
    return _bootstrap._gcd_import(name[level:], package, level)
           ^^^^^^^^^^^^^^^^^^^^^^^^^^^^^^^^^^^^^^^^^^^^^^^^^^^^
E   ModuleNotFoundError: No module named 'tests.test_tutorial'</error></testcase><testcase classname="" name="validation_data.repositories.fastapi_fastapi.tests.test_tutorial.test_testing.test_tutorial004" time="0.000"><error message="collection failure">ImportError while importing test module '/home/dee/workspace/AI/Repo-Scanner/validation_data/repositories/fastapi_fastapi/tests/test_tutorial/test_testing/test_tutorial004.py'.
Hint: make sure your test modules/packages have valid Python names.
Traceback:
../../../.pyenv/versions/3.11.9/lib/python3.11/importlib/__init__.py:126: in import_module
    return _bootstrap._gcd_import(name[level:], package, level)
           ^^^^^^^^^^^^^^^^^^^^^^^^^^^^^^^^^^^^^^^^^^^^^^^^^^^^
E   ModuleNotFoundError: No module named 'tests.test_tutorial'</error></testcase><testcase classname="" name="validation_data.repositories.fastapi_fastapi.tests.test_tutorial.test_testing_dependencies.test_tutorial001" time="0.000"><error message="collection failure">ImportError while importing test module '/home/dee/workspace/AI/Repo-Scanner/validation_data/repositories/fastapi_fastapi/tests/test_tutorial/test_testing_dependencies/test_tutorial001.py'.
Hint: make sure your test modules/packages have valid Python names.
Traceback:
../../../.pyenv/versions/3.11.9/lib/python3.11/importlib/__init__.py:126: in import_module
    return _bootstrap._gcd_import(name[level:], package, level)
           ^^^^^^^^^^^^^^^^^^^^^^^^^^^^^^^^^^^^^^^^^^^^^^^^^^^^
E   ModuleNotFoundError: No module named 'tests.test_tutorial'</error></testcase><testcase classname="" name="validation_data.repositories.fastapi_fastapi.tests.test_tutorial.test_using_request_directly.test_tutorial001" time="0.000"><error message="collection failure">ImportError while importing test module '/home/dee/workspace/AI/Repo-Scanner/validation_data/repositories/fastapi_fastapi/tests/test_tutorial/test_using_request_directly/test_tutorial001.py'.
Hint: make sure your test modules/packages have valid Python names.
Traceback:
../../../.pyenv/versions/3.11.9/lib/python3.11/importlib/__init__.py:126: in import_module
    return _bootstrap._gcd_import(name[level:], package, level)
           ^^^^^^^^^^^^^^^^^^^^^^^^^^^^^^^^^^^^^^^^^^^^^^^^^^^^
E   ModuleNotFoundError: No module named 'tests.test_tutorial'</error></testcase><testcase classname="" name="validation_data.repositories.fastapi_fastapi.tests.test_tutorial.test_websockets.test_tutorial001" time="0.000"><error message="collection failure">ImportError while importing test module '/home/dee/workspace/AI/Repo-Scanner/validation_data/repositories/fastapi_fastapi/tests/test_tutorial/test_websockets/test_tutorial001.py'.
Hint: make sure your test modules/packages have valid Python names.
Traceback:
../../../.pyenv/versions/3.11.9/lib/python3.11/importlib/__init__.py:126: in import_module
    return _bootstrap._gcd_import(name[level:], package, level)
           ^^^^^^^^^^^^^^^^^^^^^^^^^^^^^^^^^^^^^^^^^^^^^^^^^^^^
E   ModuleNotFoundError: No module named 'tests.test_tutorial'</error></testcase><testcase classname="" name="validation_data.repositories.fastapi_fastapi.tests.test_tutorial.test_websockets.test_tutorial002" time="0.000"><error message="collection failure">ImportError while importing test module '/home/dee/workspace/AI/Repo-Scanner/validation_data/repositories/fastapi_fastapi/tests/test_tutorial/test_websockets/test_tutorial002.py'.
Hint: make sure your test modules/packages have valid Python names.
Traceback:
../../../.pyenv/versions/3.11.9/lib/python3.11/importlib/__init__.py:126: in import_module
    return _bootstrap._gcd_import(name[level:], package, level)
           ^^^^^^^^^^^^^^^^^^^^^^^^^^^^^^^^^^^^^^^^^^^^^^^^^^^^
E   ModuleNotFoundError: No module named 'tests.test_tutorial'</error></testcase><testcase classname="" name="validation_data.repositories.fastapi_fastapi.tests.test_tutorial.test_websockets.test_tutorial003" time="0.000"><error message="collection failure">ImportError while importing test module '/home/dee/workspace/AI/Repo-Scanner/validation_data/repositories/fastapi_fastapi/tests/test_tutorial/test_websockets/test_tutorial003.py'.
Hint: make sure your test modules/packages have valid Python names.
Traceback:
../../../.pyenv/versions/3.11.9/lib/python3.11/importlib/__init__.py:126: in import_module
    return _bootstrap._gcd_import(name[level:], package, level)
           ^^^^^^^^^^^^^^^^^^^^^^^^^^^^^^^^^^^^^^^^^^^^^^^^^^^^
E   ModuleNotFoundError: No module named 'tests.test_tutorial'</error></testcase><testcase classname="" name="validation_data.repositories.fastapi_fastapi.tests.test_tutorial.test_wsgi.test_tutorial001" time="0.000"><error message="collection failure">ImportError while importing test module '/home/dee/workspace/AI/Repo-Scanner/validation_data/repositories/fastapi_fastapi/tests/test_tutorial/test_wsgi/test_tutorial001.py'.
Hint: make sure your test modules/packages have valid Python names.
Traceback:
../../../.pyenv/versions/3.11.9/lib/python3.11/importlib/__init__.py:126: in import_module
    return _bootstrap._gcd_import(name[level:], package, level)
           ^^^^^^^^^^^^^^^^^^^^^^^^^^^^^^^^^^^^^^^^^^^^^^^^^^^^
E   ModuleNotFoundError: No module named 'tests.test_tutorial'</error></testcase><testcase classname="" name="validation_data.repositories.fastapi_fastapi.tests.test_typing_python39" time="0.000"><error message="collection failure">ImportError while importing test module '/home/dee/workspace/AI/Repo-Scanner/validation_data/repositories/fastapi_fastapi/tests/test_typing_python39.py'.
Hint: make sure your test modules/packages have valid Python names.
Traceback:
../../../.pyenv/versions/3.11.9/lib/python3.11/importlib/__init__.py:126: in import_module
    return _bootstrap._gcd_import(name[level:], package, level)
           ^^^^^^^^^^^^^^^^^^^^^^^^^^^^^^^^^^^^^^^^^^^^^^^^^^^^
E   ModuleNotFoundError: No module named 'tests.test_typing_python39'</error></testcase><testcase classname="" name="validation_data.repositories.fastapi_fastapi.tests.test_union_body" time="0.000"><error message="collection failure">ImportError while importing test module '/home/dee/workspace/AI/Repo-Scanner/validation_data/repositories/fastapi_fastapi/tests/test_union_body.py'.
Hint: make sure your test modules/packages have valid Python names.
Traceback:
../../../.pyenv/versions/3.11.9/lib/python3.11/importlib/__init__.py:126: in import_module
    return _bootstrap._gcd_import(name[level:], package, level)
           ^^^^^^^^^^^^^^^^^^^^^^^^^^^^^^^^^^^^^^^^^^^^^^^^^^^^
E   ModuleNotFoundError: No module named 'tests.test_union_body'</error></testcase><testcase classname="" name="validation_data.repositories.fastapi_fastapi.tests.test_union_body_discriminator" time="0.000"><error message="collection failure">ImportError while importing test module '/home/dee/workspace/AI/Repo-Scanner/validation_data/repositories/fastapi_fastapi/tests/test_union_body_discriminator.py'.
Hint: make sure your test modules/packages have valid Python names.
Traceback:
../../../.pyenv/versions/3.11.9/lib/python3.11/importlib/__init__.py:126: in import_module
    return _bootstrap._gcd_import(name[level:], package, level)
           ^^^^^^^^^^^^^^^^^^^^^^^^^^^^^^^^^^^^^^^^^^^^^^^^^^^^
E   ModuleNotFoundError: No module named 'tests.test_union_body_discriminator'</error></testcase><testcase classname="" name="validation_data.repositories.fastapi_fastapi.tests.test_union_body_discriminator_annotated" time="0.000"><error message="collection failure">ImportError while importing test module '/home/dee/workspace/AI/Repo-Scanner/validation_data/repositories/fastapi_fastapi/tests/test_union_body_discriminator_annotated.py'.
Hint: make sure your test modules/packages have valid Python names.
Traceback:
../../../.pyenv/versions/3.11.9/lib/python3.11/importlib/__init__.py:126: in import_module
    return _bootstrap._gcd_import(name[level:], package, level)
           ^^^^^^^^^^^^^^^^^^^^^^^^^^^^^^^^^^^^^^^^^^^^^^^^^^^^
E   ModuleNotFoundError: No module named 'tests.test_union_body_discriminator_annotated'</error></testcase><testcase classname="" name="validation_data.repositories.fastapi_fastapi.tests.test_union_forms" time="0.000"><error message="collection failure">ImportError while importing test module '/home/dee/workspace/AI/Repo-Scanner/validation_data/repositories/fastapi_fastapi/tests/test_union_forms.py'.
Hint: make sure your test modules/packages have valid Python names.
Traceback:
../../../.pyenv/versions/3.11.9/lib/python3.11/importlib/__init__.py:126: in import_module
    return _bootstrap._gcd_import(name[level:], package, level)
           ^^^^^^^^^^^^^^^^^^^^^^^^^^^^^^^^^^^^^^^^^^^^^^^^^^^^
E   ModuleNotFoundError: No module named 'tests.test_union_forms'</error></testcase><testcase classname="" name="validation_data.repositories.fastapi_fastapi.tests.test_union_inherited_body" time="0.000"><error message="collection failure">ImportError while importing test module '/home/dee/workspace/AI/Repo-Scanner/validation_data/repositories/fastapi_fastapi/tests/test_union_inherited_body.py'.
Hint: make sure your test modules/packages have valid Python names.
Traceback:
../../../.pyenv/versions/3.11.9/lib/python3.11/importlib/__init__.py:126: in import_module
    return _bootstrap._gcd_import(name[level:], package, level)
           ^^^^^^^^^^^^^^^^^^^^^^^^^^^^^^^^^^^^^^^^^^^^^^^^^^^^
E   ModuleNotFoundError: No module named 'tests.test_union_inherited_body'</error></testcase><testcase classname="" name="validation_data.repositories.fastapi_fastapi.tests.test_validate_response" time="0.000"><error message="collection failure">ImportError while importing test module '/home/dee/workspace/AI/Repo-Scanner/validation_data/repositories/fastapi_fastapi/tests/test_validate_response.py'.
Hint: make sure your test modules/packages have valid Python names.
Traceback:
../../../.pyenv/versions/3.11.9/lib/python3.11/importlib/__init__.py:126: in import_module
    return _bootstrap._gcd_import(name[level:], package, level)
           ^^^^^^^^^^^^^^^^^^^^^^^^^^^^^^^^^^^^^^^^^^^^^^^^^^^^
E   ModuleNotFoundError: No module named 'tests.test_validate_response'</error></testcase><testcase classname="" name="validation_data.repositories.fastapi_fastapi.tests.test_validate_response_dataclass" time="0.000"><error message="collection failure">ImportError while importing test module '/home/dee/workspace/AI/Repo-Scanner/validation_data/repositories/fastapi_fastapi/tests/test_validate_response_dataclass.py'.
Hint: make sure your test modules/packages have valid Python names.
Traceback:
../../../.pyenv/versions/3.11.9/lib/python3.11/importlib/__init__.py:126: in import_module
    return _bootstrap._gcd_import(name[level:], package, level)
           ^^^^^^^^^^^^^^^^^^^^^^^^^^^^^^^^^^^^^^^^^^^^^^^^^^^^
E   ModuleNotFoundError: No module named 'tests.test_validate_response_dataclass'</error></testcase><testcase classname="" name="validation_data.repositories.fastapi_fastapi.tests.test_validate_response_recursive.test_validate_response_recursive" time="0.000"><error message="collection failure">ImportError while importing test module '/home/dee/workspace/AI/Repo-Scanner/validation_data/repositories/fastapi_fastapi/tests/test_validate_response_recursive/test_validate_response_recursive.py'.
Hint: make sure your test modules/packages have valid Python names.
Traceback:
../../../.pyenv/versions/3.11.9/lib/python3.11/importlib/__init__.py:126: in import_module
    return _bootstrap._gcd_import(name[level:], package, level)
           ^^^^^^^^^^^^^^^^^^^^^^^^^^^^^^^^^^^^^^^^^^^^^^^^^^^^
E   ModuleNotFoundError: No module named 'tests.test_validate_response_recursive'</error></testcase><testcase classname="" name="validation_data.repositories.fastapi_fastapi.tests.test_validation_error_context" time="0.000"><error message="collection failure">ImportError while importing test module '/home/dee/workspace/AI/Repo-Scanner/validation_data/repositories/fastapi_fastapi/tests/test_validation_error_context.py'.
Hint: make sure your test modules/packages have valid Python names.
Traceback:
../../../.pyenv/versions/3.11.9/lib/python3.11/importlib/__init__.py:126: in import_module
    return _bootstrap._gcd_import(name[level:], package, level)
           ^^^^^^^^^^^^^^^^^^^^^^^^^^^^^^^^^^^^^^^^^^^^^^^^^^^^
E   ModuleNotFoundError: No module named 'tests.test_validation_error_context'</error></testcase><testcase classname="" name="validation_data.repositories.fastapi_fastapi.tests.test_webhooks_security" time="0.000"><error message="collection failure">ImportError while importing test module '/home/dee/workspace/AI/Repo-Scanner/validation_data/repositories/fastapi_fastapi/tests/test_webhooks_security.py'.
Hint: make sure your test modules/packages have valid Python names.
Traceback:
../../../.pyenv/versions/3.11.9/lib/python3.11/importlib/__init__.py:126: in import_module
    return _bootstrap._gcd_import(name[level:], package, level)
           ^^^^^^^^^^^^^^^^^^^^^^^^^^^^^^^^^^^^^^^^^^^^^^^^^^^^
E   ModuleNotFoundError: No module named 'tests.test_webhooks_security'</error></testcase><testcase classname="" name="validation_data.repositories.fastapi_fastapi.tests.test_wrapped_method_forward_reference" time="0.000"><error message="collection failure">ImportError while importing test module '/home/dee/workspace/AI/Repo-Scanner/validation_data/repositories/fastapi_fastapi/tests/test_wrapped_method_forward_reference.py'.
Hint: make sure your test modules/packages have valid Python names.
Traceback:
../../../.pyenv/versions/3.11.9/lib/python3.11/importlib/__init__.py:126: in import_module
    return _bootstrap._gcd_import(name[level:], package, level)
           ^^^^^^^^^^^^^^^^^^^^^^^^^^^^^^^^^^^^^^^^^^^^^^^^^^^^
E   ModuleNotFoundError: No module named 'tests.test_wrapped_method_forward_reference'</error></testcase><testcase classname="" name="validation_data.repositories.fastapi_fastapi.tests.test_ws_dependencies" time="0.000"><error message="collection failure">ImportError while importing test module '/home/dee/workspace/AI/Repo-Scanner/validation_data/repositories/fastapi_fastapi/tests/test_ws_dependencies.py'.
Hint: make sure your test modules/packages have valid Python names.
Traceback:
../../../.pyenv/versions/3.11.9/lib/python3.11/importlib/__init__.py:126: in import_module
    return _bootstrap._gcd_import(name[level:], package, level)
           ^^^^^^^^^^^^^^^^^^^^^^^^^^^^^^^^^^^^^^^^^^^^^^^^^^^^
E   ModuleNotFoundError: No module named 'tests.test_ws_dependencies'</error></testcase><testcase classname="" name="validation_data.repositories.fastapi_fastapi.tests.test_ws_router" time="0.000"><error message="collection failure">ImportError while importing test module '/home/dee/workspace/AI/Repo-Scanner/validation_data/repositories/fastapi_fastapi/tests/test_ws_router.py'.
Hint: make sure your test modules/packages have valid Python names.
Traceback:
../../../.pyenv/versions/3.11.9/lib/python3.11/importlib/__init__.py:126: in import_module
    return _bootstrap._gcd_import(name[level:], package, level)
           ^^^^^^^^^^^^^^^^^^^^^^^^^^^^^^^^^^^^^^^^^^^^^^^^^^^^
E   ModuleNotFoundError: No module named 'tests.test_ws_router'</error></testcase><testcase classname="" name="validation_data.repositories.google_googletest.googlemock.test.gmock_leak_test" time="0.000"><error message="collection failure">ImportError while importing test module '/home/dee/workspace/AI/Repo-Scanner/validation_data/repositories/google_googletest/googlemock/test/gmock_leak_test.py'.
Hint: make sure your test modules/packages have valid Python names.
Traceback:
../../../.pyenv/versions/3.11.9/lib/python3.11/importlib/__init__.py:126: in import_module
    return _bootstrap._gcd_import(name[level:], package, level)
           ^^^^^^^^^^^^^^^^^^^^^^^^^^^^^^^^^^^^^^^^^^^^^^^^^^^^
validation_data/repositories/google_googletest/googlemock/test/gmock_leak_test.py:34: in &lt;module&gt;
    from googlemock.test import gmock_test_utils
E   ModuleNotFoundError: No module named 'googlemock'</error></testcase><testcase classname="" name="validation_data.repositories.google_googletest.googlemock.test.gmock_output_test" time="0.000"><error message="collection failure">ImportError while importing test module '/home/dee/workspace/AI/Repo-Scanner/validation_data/repositories/google_googletest/googlemock/test/gmock_output_test.py'.
Hint: make sure your test modules/packages have valid Python names.
Traceback:
../../../.pyenv/versions/3.11.9/lib/python3.11/importlib/__init__.py:126: in import_module
    return _bootstrap._gcd_import(name[level:], package, level)
           ^^^^^^^^^^^^^^^^^^^^^^^^^^^^^^^^^^^^^^^^^^^^^^^^^^^^
validation_data/repositories/google_googletest/googlemock/test/gmock_output_test.py:46: in &lt;module&gt;
    from googlemock.test import gmock_test_utils
E   ModuleNotFoundError: No module named 'googlemock'</error></testcase><testcase classname="" name="validation_data.repositories.google_googletest.googletest.test.gtest_help_test" time="0.000"><error message="collection failure">ImportError while importing test module '/home/dee/workspace/AI/Repo-Scanner/validation_data/repositories/google_googletest/googletest/test/gtest_help_test.py'.
Hint: make sure your test modules/packages have valid Python names.
Traceback:
../../../.pyenv/versions/3.11.9/lib/python3.11/importlib/__init__.py:126: in import_module
    return _bootstrap._gcd_import(name[level:], package, level)
           ^^^^^^^^^^^^^^^^^^^^^^^^^^^^^^^^^^^^^^^^^^^^^^^^^^^^
validation_data/repositories/google_googletest/googletest/test/gtest_help_test.py:43: in &lt;module&gt;
    from googletest.test import gtest_test_utils
E   ModuleNotFoundError: No module named 'googletest'</error></testcase><testcase classname="" name="validation_data.repositories.google_googletest.googletest.test.gtest_skip_check_output_test" time="0.000"><error message="collection failure">ImportError while importing test module '/home/dee/workspace/AI/Repo-Scanner/validation_data/repositories/google_googletest/googletest/test/gtest_skip_check_output_test.py'.
Hint: make sure your test modules/packages have valid Python names.
Traceback:
../../../.pyenv/versions/3.11.9/lib/python3.11/importlib/__init__.py:126: in import_module
    return _bootstrap._gcd_import(name[level:], package, level)
           ^^^^^^^^^^^^^^^^^^^^^^^^^^^^^^^^^^^^^^^^^^^^^^^^^^^^
validation_data/repositories/google_googletest/googletest/test/gtest_skip_check_output_test.py:38: in &lt;module&gt;
    from googletest.test import gtest_test_utils
E   ModuleNotFoundError: No module named 'googletest'</error></testcase><testcase classname="" name="validation_data.repositories.google_googletest.googletest.test.gtest_skip_environment_check_output_test" time="0.000"><error message="collection failure">ImportError while importing test module '/home/dee/workspace/AI/Repo-Scanner/validation_data/repositories/google_googletest/googletest/test/gtest_skip_environment_check_output_test.py'.
Hint: make sure your test modules/packages have valid Python names.
Traceback:
../../../.pyenv/versions/3.11.9/lib/python3.11/importlib/__init__.py:126: in import_module
    return _bootstrap._gcd_import(name[level:], package, level)
           ^^^^^^^^^^^^^^^^^^^^^^^^^^^^^^^^^^^^^^^^^^^^^^^^^^^^
validation_data/repositories/google_googletest/googletest/test/gtest_skip_environment_check_output_test.py:36: in &lt;module&gt;
    from googletest.test import gtest_test_utils
E   ModuleNotFoundError: No module named 'googletest'</error></testcase><testcase classname="" name="validation_data.repositories.google_googletest.googletest.test.gtest_testbridge_test" time="0.000"><error message="collection failure">ImportError while importing test module '/home/dee/workspace/AI/Repo-Scanner/validation_data/repositories/google_googletest/googletest/test/gtest_testbridge_test.py'.
Hint: make sure your test modules/packages have valid Python names.
Traceback:
../../../.pyenv/versions/3.11.9/lib/python3.11/importlib/__init__.py:126: in import_module
    return _bootstrap._gcd_import(name[level:], package, level)
           ^^^^^^^^^^^^^^^^^^^^^^^^^^^^^^^^^^^^^^^^^^^^^^^^^^^^
validation_data/repositories/google_googletest/googletest/test/gtest_testbridge_test.py:34: in &lt;module&gt;
    from googletest.test import gtest_test_utils
E   ModuleNotFoundError: No module named 'googletest'</error></testcase><testcase classname="" name="validation_data.repositories.google_googletest.googletest.test.gtest_xml_outfiles_test" time="0.000"><error message="collection failure">ImportError while importing test module '/home/dee/workspace/AI/Repo-Scanner/validation_data/repositories/google_googletest/googletest/test/gtest_xml_outfiles_test.py'.
Hint: make sure your test modules/packages have valid Python names.
Traceback:
../../../.pyenv/versions/3.11.9/lib/python3.11/importlib/__init__.py:126: in import_module
    return _bootstrap._gcd_import(name[level:], package, level)
           ^^^^^^^^^^^^^^^^^^^^^^^^^^^^^^^^^^^^^^^^^^^^^^^^^^^^
validation_data/repositories/google_googletest/googletest/test/gtest_xml_outfiles_test.py:36: in &lt;module&gt;
    from googletest.test import gtest_test_utils
E   ModuleNotFoundError: No module named 'googletest'</error></testcase><testcase classname="" name="validation_data.repositories.jupyter_notebook.tests" time="0.000"><error message="collection failure">../../../.pyenv/versions/3.11.9/lib/python3.11/importlib/__init__.py:126: in import_module
    return _bootstrap._gcd_import(name[level:], package, level)
           ^^^^^^^^^^^^^^^^^^^^^^^^^^^^^^^^^^^^^^^^^^^^^^^^^^^^
&lt;frozen importlib._bootstrap&gt;:1204: in _gcd_import
    ???
&lt;frozen importlib._bootstrap&gt;:1176: in _find_and_load
    ???
&lt;frozen importlib._bootstrap&gt;:1147: in _find_and_load_unlocked
    ???
&lt;frozen importlib._bootstrap&gt;:690: in _load_unlocked
    ???
../../../.pyenv/versions/3.11.9/lib/python3.11/site-packages/_pytest/assertion/rewrite.py:197: in exec_module
    exec(co, module.__dict__)
validation_data/repositories/jupyter_notebook/tests/conftest.py:16: in &lt;module&gt;
    from notebook.app import JupyterNotebookApp
E   ModuleNotFoundError: No module named 'notebook'</error></testcase><testcase classname="pytest" name="internal" time="0.000"><error message="internal error">Traceback (most recent call last):
  File "/home/dee/.pyenv/versions/3.11.9/lib/python3.11/site-packages/_pytest/main.py", line 318, in wrap_session
    session.exitstatus = doit(config, session) or 0
                         ^^^^^^^^^^^^^^^^^^^^^
  File "/home/dee/.pyenv/versions/3.11.9/lib/python3.11/site-packages/_pytest/main.py", line 371, in _main
    config.hook.pytest_collection(session=session)
  File "/home/dee/.pyenv/versions/3.11.9/lib/python3.11/site-packages/pluggy/_hooks.py", line 512, in __call__
    return self._hookexec(self.name, self._hookimpls.copy(), kwargs, firstresult)
           ^^^^^^^^^^^^^^^^^^^^^^^^^^^^^^^^^^^^^^^^^^^^^^^^^^^^^^^^^^^^^^^^^^^^^^
  File "/home/dee/.pyenv/versions/3.11.9/lib/python3.11/site-packages/pluggy/_manager.py", line 120, in _hookexec
    return self._inner_hookexec(hook_name, methods, kwargs, firstresult)
           ^^^^^^^^^^^^^^^^^^^^^^^^^^^^^^^^^^^^^^^^^^^^^^^^^^^^^^^^^^^^^
  File "/home/dee/.pyenv/versions/3.11.9/lib/python3.11/site-packages/pluggy/_callers.py", line 167, in _multicall
    raise exception
  File "/home/dee/.pyenv/versions/3.11.9/lib/python3.11/site-packages/pluggy/_callers.py", line 139, in _multicall
    teardown.throw(exception)
  File "/home/dee/.pyenv/versions/3.11.9/lib/python3.11/site-packages/_pytest/logging.py", line 788, in pytest_collection
    return (yield)
            ^^^^^
  File "/home/dee/.pyenv/versions/3.11.9/lib/python3.11/site-packages/pluggy/_callers.py", line 139, in _multicall
    teardown.throw(exception)
  File "/home/dee/.pyenv/versions/3.11.9/lib/python3.11/site-packages/_pytest/warnings.py", line 98, in pytest_collection
    return (yield)
            ^^^^^
  File "/home/dee/.pyenv/versions/3.11.9/lib/python3.11/site-packages/pluggy/_callers.py", line 139, in _multicall
    teardown.throw(exception)
  File "/home/dee/.pyenv/versions/3.11.9/lib/python3.11/site-packages/_pytest/config/__init__.py", line 1372, in pytest_collection
    return (yield)
            ^^^^^
  File "/home/dee/.pyenv/versions/3.11.9/lib/python3.11/site-packages/pluggy/_callers.py", line 121, in _multicall
    res = hook_impl.function(*args)
          ^^^^^^^^^^^^^^^^^^^^^^^^^
  File "/home/dee/.pyenv/versions/3.11.9/lib/python3.11/site-packages/_pytest/main.py", line 382, in pytest_collection
    session.perform_collect()
  File "/home/dee/.pyenv/versions/3.11.9/lib/python3.11/site-packages/_pytest/main.py", line 857, in perform_collect
    self.items.extend(self.genitems(node))
  File "/home/dee/.pyenv/versions/3.11.9/lib/python3.11/site-packages/_pytest/main.py", line 1023, in genitems
    yield from self.genitems(subnode)
  File "/home/dee/.pyenv/versions/3.11.9/lib/python3.11/site-packages/_pytest/main.py", line 1023, in genitems
    yield from self.genitems(subnode)
  File "/home/dee/.pyenv/versions/3.11.9/lib/python3.11/site-packages/_pytest/main.py", line 1023, in genitems
    yield from self.genitems(subnode)
  [Previous line repeated 3 more times]
  File "/home/dee/.pyenv/versions/3.11.9/lib/python3.11/site-packages/_pytest/main.py", line 1020, in genitems
    rep, duplicate = self._collect_one_node(node, handle_dupes)
                     ^^^^^^^^^^^^^^^^^^^^^^^^^^^^^^^^^^^^^^^^^^
  File "/home/dee/.pyenv/versions/3.11.9/lib/python3.11/site-packages/_pytest/main.py", line 883, in _collect_one_node
    rep = collect_one_node(node)
          ^^^^^^^^^^^^^^^^^^^^^^
  File "/home/dee/.pyenv/versions/3.11.9/lib/python3.11/site-packages/_pytest/runner.py", line 576, in collect_one_node
    rep: CollectReport = ihook.pytest_make_collect_report(collector=collector)
                         ^^^^^^^^^^^^^^^^^^^^^^^^^^^^^^^^^^^^^^^^^^^^^^^^^^^^^
  File "/home/dee/.pyenv/versions/3.11.9/lib/python3.11/site-packages/pluggy/_hooks.py", line 512, in __call__
    return self._hookexec(self.name, self._hookimpls.copy(), kwargs, firstresult)
           ^^^^^^^^^^^^^^^^^^^^^^^^^^^^^^^^^^^^^^^^^^^^^^^^^^^^^^^^^^^^^^^^^^^^^^
  File "/home/dee/.pyenv/versions/3.11.9/lib/python3.11/site-packages/pluggy/_manager.py", line 120, in _hookexec
    return self._inner_hookexec(hook_name, methods, kwargs, firstresult)
           ^^^^^^^^^^^^^^^^^^^^^^^^^^^^^^^^^^^^^^^^^^^^^^^^^^^^^^^^^^^^^
  File "/home/dee/.pyenv/versions/3.11.9/lib/python3.11/site-packages/pluggy/_callers.py", line 167, in _multicall
    raise exception
  File "/home/dee/.pyenv/versions/3.11.9/lib/python3.11/site-packages/pluggy/_callers.py", line 139, in _multicall
    teardown.throw(exception)
  File "/home/dee/.pyenv/versions/3.11.9/lib/python3.11/site-packages/_pytest/capture.py", line 880, in pytest_make_collect_report
    rep = yield
          ^^^^^
  File "/home/dee/.pyenv/versions/3.11.9/lib/python3.11/site-packages/pluggy/_callers.py", line 121, in _multicall
    res = hook_impl.function(*args)
          ^^^^^^^^^^^^^^^^^^^^^^^^^
  File "/home/dee/.pyenv/versions/3.11.9/lib/python3.11/site-packages/_pytest/runner.py", line 400, in pytest_make_collect_report
    call = CallInfo.from_call(
           ^^^^^^^^^^^^^^^^^^^
  File "/home/dee/.pyenv/versions/3.11.9/lib/python3.11/site-packages/_pytest/runner.py", line 353, in from_call
    result: TResult | None = func()
                             ^^^^^^
  File "/home/dee/.pyenv/versions/3.11.9/lib/python3.11/site-packages/_pytest/runner.py", line 398, in collect
    return list(collector.collect())
                ^^^^^^^^^^^^^^^^^^^
  File "/home/dee/.pyenv/versions/3.11.9/lib/python3.11/site-packages/_pytest/python.py", line 563, in collect
    self._register_setup_module_fixture()
  File "/home/dee/.pyenv/versions/3.11.9/lib/python3.11/site-packages/_pytest/python.py", line 576, in _register_setup_module_fixture
    self.obj, ("setUpModule", "setup_module")
    ^^^^^^^^
  File "/home/dee/.pyenv/versions/3.11.9/lib/python3.11/site-packages/_pytest/python.py", line 289, in obj
    self._obj = obj = self._getobj()
                      ^^^^^^^^^^^^^^
  File "/home/dee/.pyenv/versions/3.11.9/lib/python3.11/site-packages/_pytest/python.py", line 560, in _getobj
    return importtestmodule(self.path, self.config)
           ^^^^^^^^^^^^^^^^^^^^^^^^^^^^^^^^^^^^^^^^
  File "/home/dee/.pyenv/versions/3.11.9/lib/python3.11/site-packages/_pytest/python.py", line 507, in importtestmodule
    mod = import_path(
          ^^^^^^^^^^^^
  File "/home/dee/.pyenv/versions/3.11.9/lib/python3.11/site-packages/_pytest/pathlib.py", line 587, in import_path
    importlib.import_module(module_name)
  File "/home/dee/.pyenv/versions/3.11.9/lib/python3.11/importlib/__init__.py", line 126, in import_module
    return _bootstrap._gcd_import(name[level:], package, level)
           ^^^^^^^^^^^^^^^^^^^^^^^^^^^^^^^^^^^^^^^^^^^^^^^^^^^^
  File "&lt;frozen importlib._bootstrap&gt;", line 1204, in _gcd_import
  File "&lt;frozen importlib._bootstrap&gt;", line 1176, in _find_and_load
  File "&lt;frozen importlib._bootstrap&gt;", line 1147, in _find_and_load_unlocked
  File "&lt;frozen importlib._bootstrap&gt;", line 690, in _load_unlocked
  File "/home/dee/.pyenv/versions/3.11.9/lib/python3.11/site-packages/_pytest/assertion/rewrite.py", line 197, in exec_module
    exec(co, module.__dict__)
  File "/home/dee/workspace/AI/Repo-Scanner/validation_data/repositories/kubernetes_kubernetes/hack/boilerplate/boilerplate_test.py", line 23, in &lt;module&gt;
    import boilerplate
  File "/home/dee/workspace/AI/Repo-Scanner/validation_data/repositories/kubernetes_kubernetes/hack/boilerplate/boilerplate.py", line 44, in &lt;module&gt;
    args = parser.parse_args()
           ^^^^^^^^^^^^^^^^^^^
  File "/home/dee/.pyenv/versions/3.11.9/lib/python3.11/argparse.py", line 1877, in parse_args
    self.error(msg % ' '.join(argv))
  File "/home/dee/.pyenv/versions/3.11.9/lib/python3.11/argparse.py", line 2640, in error
    self.exit(2, _('%(prog)s: error: %(message)s\n') % args)
  File "/home/dee/.pyenv/versions/3.11.9/lib/python3.11/argparse.py", line 2627, in exit
    _sys.exit(status)
SystemExit: 2</error></testcase></testsuite></testsuites>